Archive member included because of file (symbol)

c:/altera/13.0sp1/nios2eds/bin/gnu/h-i686-mingw32/bin/../lib/gcc/nios2-elf/4.1.2/../../../../nios2-elf/lib\libm.a(lib_a-w_sqrt.o)
                              obj/default//C/Users/delgado4/Documents/GitHub/cube_solver/Final_Project/cube_solver.o (sqrt)
c:/altera/13.0sp1/nios2eds/bin/gnu/h-i686-mingw32/bin/../lib/gcc/nios2-elf/4.1.2/../../../../nios2-elf/lib\libm.a(lib_a-e_sqrt.o)
                              c:/altera/13.0sp1/nios2eds/bin/gnu/h-i686-mingw32/bin/../lib/gcc/nios2-elf/4.1.2/../../../../nios2-elf/lib\libm.a(lib_a-w_sqrt.o) (__ieee754_sqrt)
c:/altera/13.0sp1/nios2eds/bin/gnu/h-i686-mingw32/bin/../lib/gcc/nios2-elf/4.1.2/../../../../nios2-elf/lib\libm.a(lib_a-s_isnand.o)
                              c:/altera/13.0sp1/nios2eds/bin/gnu/h-i686-mingw32/bin/../lib/gcc/nios2-elf/4.1.2/../../../../nios2-elf/lib\libm.a(lib_a-w_sqrt.o) (__isnand)
c:/altera/13.0sp1/nios2eds/bin/gnu/h-i686-mingw32/bin/../lib/gcc/nios2-elf/4.1.2/../../../../nios2-elf/lib\libm.a(lib_a-s_lib_ver.o)
                              c:/altera/13.0sp1/nios2eds/bin/gnu/h-i686-mingw32/bin/../lib/gcc/nios2-elf/4.1.2/../../../../nios2-elf/lib\libm.a(lib_a-w_sqrt.o) (__fdlib_version)
c:/altera/13.0sp1/nios2eds/bin/gnu/h-i686-mingw32/bin/../lib/gcc/nios2-elf/4.1.2/../../../../nios2-elf/lib\libm.a(lib_a-s_matherr.o)
                              c:/altera/13.0sp1/nios2eds/bin/gnu/h-i686-mingw32/bin/../lib/gcc/nios2-elf/4.1.2/../../../../nios2-elf/lib\libm.a(lib_a-w_sqrt.o) (matherr)
c:/altera/13.0sp1/nios2eds/bin/gnu/h-i686-mingw32/bin/../lib/gcc/nios2-elf/4.1.2\libgcc.a(_gt_sf.o)
                              obj/default//C/Users/delgado4/Documents/GitHub/cube_solver/Final_Project/cube_solver.o (__gtsf2)
c:/altera/13.0sp1/nios2eds/bin/gnu/h-i686-mingw32/bin/../lib/gcc/nios2-elf/4.1.2\libgcc.a(_si_to_sf.o)
                              obj/default//C/Users/delgado4/Documents/GitHub/cube_solver/Final_Project/cube_solver.o (__floatsisf)
c:/altera/13.0sp1/nios2eds/bin/gnu/h-i686-mingw32/bin/../lib/gcc/nios2-elf/4.1.2\libgcc.a(_addsub_df.o)
                              obj/default//C/Users/delgado4/Documents/GitHub/cube_solver/Final_Project/cube_solver.o (__subdf3)
c:/altera/13.0sp1/nios2eds/bin/gnu/h-i686-mingw32/bin/../lib/gcc/nios2-elf/4.1.2\libgcc.a(_mul_df.o)
                              obj/default//C/Users/delgado4/Documents/GitHub/cube_solver/Final_Project/cube_solver.o (__muldf3)
c:/altera/13.0sp1/nios2eds/bin/gnu/h-i686-mingw32/bin/../lib/gcc/nios2-elf/4.1.2\libgcc.a(_div_df.o)
                              obj/default//C/Users/delgado4/Documents/GitHub/cube_solver/Final_Project/cube_solver.o (__divdf3)
c:/altera/13.0sp1/nios2eds/bin/gnu/h-i686-mingw32/bin/../lib/gcc/nios2-elf/4.1.2\libgcc.a(_gt_df.o)
                              obj/default//C/Users/delgado4/Documents/GitHub/cube_solver/Final_Project/cube_solver.o (__gtdf2)
c:/altera/13.0sp1/nios2eds/bin/gnu/h-i686-mingw32/bin/../lib/gcc/nios2-elf/4.1.2\libgcc.a(_lt_df.o)
                              c:/altera/13.0sp1/nios2eds/bin/gnu/h-i686-mingw32/bin/../lib/gcc/nios2-elf/4.1.2/../../../../nios2-elf/lib\libm.a(lib_a-w_sqrt.o) (__ltdf2)
c:/altera/13.0sp1/nios2eds/bin/gnu/h-i686-mingw32/bin/../lib/gcc/nios2-elf/4.1.2\libgcc.a(_si_to_df.o)
                              obj/default//C/Users/delgado4/Documents/GitHub/cube_solver/Final_Project/cube_solver.o (__floatsidf)
c:/altera/13.0sp1/nios2eds/bin/gnu/h-i686-mingw32/bin/../lib/gcc/nios2-elf/4.1.2\libgcc.a(_df_to_si.o)
                              obj/default//C/Users/delgado4/Documents/GitHub/cube_solver/Final_Project/cube_solver.o (__fixdfsi)
c:/altera/13.0sp1/nios2eds/bin/gnu/h-i686-mingw32/bin/../lib/gcc/nios2-elf/4.1.2\libgcc.a(_thenan_df.o)
                              c:/altera/13.0sp1/nios2eds/bin/gnu/h-i686-mingw32/bin/../lib/gcc/nios2-elf/4.1.2\libgcc.a(_addsub_df.o) (__thenan_df)
c:/altera/13.0sp1/nios2eds/bin/gnu/h-i686-mingw32/bin/../lib/gcc/nios2-elf/4.1.2\libgcc.a(_muldi3.o)
                              c:/altera/13.0sp1/nios2eds/bin/gnu/h-i686-mingw32/bin/../lib/gcc/nios2-elf/4.1.2\libgcc.a(_mul_df.o) (__muldi3)
c:/altera/13.0sp1/nios2eds/bin/gnu/h-i686-mingw32/bin/../lib/gcc/nios2-elf/4.1.2\libgcc.a(_clzsi2.o)
                              c:/altera/13.0sp1/nios2eds/bin/gnu/h-i686-mingw32/bin/../lib/gcc/nios2-elf/4.1.2\libgcc.a(_si_to_sf.o) (__clzsi2)
c:/altera/13.0sp1/nios2eds/bin/gnu/h-i686-mingw32/bin/../lib/gcc/nios2-elf/4.1.2\libgcc.a(_pack_sf.o)
                              c:/altera/13.0sp1/nios2eds/bin/gnu/h-i686-mingw32/bin/../lib/gcc/nios2-elf/4.1.2\libgcc.a(_si_to_sf.o) (__pack_f)
c:/altera/13.0sp1/nios2eds/bin/gnu/h-i686-mingw32/bin/../lib/gcc/nios2-elf/4.1.2\libgcc.a(_unpack_sf.o)
                              c:/altera/13.0sp1/nios2eds/bin/gnu/h-i686-mingw32/bin/../lib/gcc/nios2-elf/4.1.2\libgcc.a(_gt_sf.o) (__unpack_f)
c:/altera/13.0sp1/nios2eds/bin/gnu/h-i686-mingw32/bin/../lib/gcc/nios2-elf/4.1.2\libgcc.a(_fpcmp_parts_sf.o)
[...]
Memory Configuration

Name             Origin             Length             Attributes
reset            0x00000000         0x00000020
SDRAM            0x00000020         0x07ffffe0
descriptor_memory 0x08200000         0x00001000
packet_memory    0x08201000         0x00001000
Flash_flash_data 0x0c000000         0x00800000
*default*        0x00000000         0xffffffff

Linker script and memory map

LOAD BSP//obj/HAL/src/crt0.o
LOAD obj/default//C/Users/delgado4/Documents/GitHub/cube_solver/Final_Project/cube_solver.o
LOAD obj/default//C/Users/delgado4/Documents/GitHub/cube_solver/Final_Project/ee109-lib/camera.o
LOAD obj/default//C/Users/delgado4/Documents/GitHub/cube_solver/Final_Project/ee109-lib/char_lcd.o
LOAD obj/default//C/Users/delgado4/Documents/GitHub/cube_solver/Final_Project/ee109-lib/lcd.o
LOAD obj/default//C/Users/delgado4/Documents/GitHub/cube_solver/Final_Project/ee109-lib/pushbuttons.o
LOAD obj/default//C/Users/delgado4/Documents/GitHub/cube_solver/Final_Project/ee109-lib/vga.o
LOAD obj/default//C/Users/delgado4/Documents/GitHub/cube_solver/Final_Project/system_globals.o
LOAD c:/altera/13.0sp1/nios2eds/bin/gnu/h-i686-mingw32/bin/../lib/gcc/nios2-elf/4.1.2/../../../../nios2-elf/lib\libstdc++.a
LOAD c:/altera/13.0sp1/nios2eds/bin/gnu/h-i686-mingw32/bin/../lib/gcc/nios2-elf/4.1.2/../../../../nios2-elf/lib\libm.a
LOAD c:/altera/13.0sp1/nios2eds/bin/gnu/h-i686-mingw32/bin/../lib/gcc/nios2-elf/4.1.2\libgcc.a
START GROUP
LOAD c:/altera/13.0sp1/nios2eds/bin/gnu/h-i686-mingw32/bin/../lib/gcc/nios2-elf/4.1.2/../../../../nios2-elf/lib\libc.a
LOAD c:/altera/13.0sp1/nios2eds/bin/gnu/h-i686-mingw32/bin/../lib/gcc/nios2-elf/4.1.2\libgcc.a
LOAD BSP/\libhal_bsp.a
END GROUP
LOAD c:/altera/13.0sp1/nios2eds/bin/gnu/h-i686-mingw32/bin/../lib/gcc/nios2-elf/4.1.2\libgcc.a
                0x00000000                __alt_mem_SDRAM = 0x0
                0x08200000                __alt_mem_descriptor_memory = 0x8200000
                0x08201000                __alt_mem_packet_memory = 0x8201000
                0x0c000000                __alt_mem_Flash_flash_data = 0xc000000

.entry          0x00000000       0x20
 *(.entry)
 .entry         0x00000000       0x20 BSP//obj/HAL/src/crt0.o
                0x00000000                __reset

.exceptions     0x00000020      0x148
                0x00000020                PROVIDE (__ram_exceptions_start, ABSOLUTE (.))
                0x00000020                . = ALIGN (0x20)
 *(.irq)
 *(.exceptions.entry.label)
 .exceptions.entry.label
                0x00000020        0x0 BSP/\libhal_bsp.a(alt_irq_entry.o)
                0x00000020                alt_irq_entry
 .exceptions.entry.label
                0x00000020        0x0 BSP/\libhal_bsp.a(alt_exception_entry.o)
                0x00000020                alt_exception
 *(.exceptions.entry.user)
 *(.exceptions.entry)
 .exceptions.entry
                0x00000020       0x54 BSP/\libhal_bsp.a(alt_exception_entry.o)
 *(.exceptions.irqtest.user)
 *(.exceptions.irqtest)
 .exceptions.irqtest
                0x00000074       0x10 BSP/\libhal_bsp.a(alt_irq_entry.o)
 *(.exceptions.irqhandler.user)
 *(.exceptions.irqhandler)
 .exceptions.irqhandler
                0x00000084        0x4 BSP/\libhal_bsp.a(alt_irq_entry.o)
 *(.exceptions.irqreturn.user)
 *(.exceptions.irqreturn)
 .exceptions.irqreturn
                0x00000088        0x4 BSP/\libhal_bsp.a(alt_irq_entry.o)
 *(.exceptions.notirq.label)
 .exceptions.notirq.label
                0x0000008c        0x0 BSP/\libhal_bsp.a(alt_irq_entry.o)
 *(.exceptions.notirq.user)
 *(.exceptions.notirq)
 .exceptions.notirq
                0x0000008c        0x8 BSP/\libhal_bsp.a(alt_exception_entry.o)
 *(.exceptions.soft.user)
 *(.exceptions.soft)
 *(.exceptions.unknown.user)
 *(.exceptions.unknown)
 .exceptions.unknown
                0x00000094        0x4 BSP/\libhal_bsp.a(alt_exception_entry.o)
 *(.exceptions.exit.label)
 .exceptions.exit.label
                0x00000098        0x0 BSP/\libhal_bsp.a(alt_irq_entry.o)
 .exceptions.exit.label
                0x00000098        0x0 BSP/\libhal_bsp.a(alt_exception_entry.o)
 *(.exceptions.exit.user)
 *(.exceptions.exit)
 .exceptions.exit
                0x00000098       0x54 BSP/\libhal_bsp.a(alt_exception_entry.o)
 *(.exceptions)
 .exceptions    0x000000ec       0x7c BSP/\libhal_bsp.a(alt_irq_handler.o)
                0x000000ec                alt_irq_handler
                0x00000168                PROVIDE (__ram_exceptions_end, ABSOLUTE (.))
                0x00000020                PROVIDE (__flash_exceptions_start, LOADADDR (.exceptions))

.text           0x00000168     0xfcb8
                0x00000168                PROVIDE (stext, ABSOLUTE (.))
 *(.interp)
 *(.hash)
 *(.dynsym)
 *(.dynstr)
 *(.gnu.version)
 *(.gnu.version_d)
 *(.gnu.version_r)
 *(.rel.init)
 *(.rela.init)
 *(.rel.text .rel.text.* .rel.gnu.linkonce.t.*)
 *(.rela.text .rela.text.* .rela.gnu.linkonce.t.*)
 *(.rel.fini)
 *(.rela.fini)
 *(.rel.rodata .rel.rodata.* .rel.gnu.linkonce.r.*)
 *(.rela.rodata .rela.rodata.* .rela.gnu.linkonce.r.*)
 *(.rel.data .rel.data.* .rel.gnu.linkonce.d.*)
 *(.rela.data .rela.data.* .rela.gnu.linkonce.d.*)
 *(.rel.tdata .rel.tdata.* .rel.gnu.linkonce.td.*)
 *(.rela.tdata .rela.tdata.* .rela.gnu.linkonce.td.*)
 *(.rel.tbss .rel.tbss.* .rel.gnu.linkonce.tb.*)
 *(.rela.tbss .rela.tbss.* .rela.gnu.linkonce.tb.*)
 *(.rel.ctors)
 *(.rela.ctors)
 *(.rel.dtors)
 *(.rela.dtors)
 *(.rel.got)
 *(.rela.got)
 *(.rel.sdata .rel.sdata.* .rel.gnu.linkonce.s.*)
 *(.rela.sdata .rela.sdata.* .rela.gnu.linkonce.s.*)
 *(.rel.sbss .rel.sbss.* .rel.gnu.linkonce.sb.*)
 *(.rela.sbss .rela.sbss.* .rela.gnu.linkonce.sb.*)
 *(.rel.sdata2 .rel.sdata2.* .rel.gnu.linkonce.s2.*)
 *(.rela.sdata2 .rela.sdata2.* .rela.gnu.linkonce.s2.*)
 *(.rel.sbss2 .rel.sbss2.* .rel.gnu.linkonce.sb2.*)
 *(.rela.sbss2 .rela.sbss2.* .rela.gnu.linkonce.sb2.*)
 *(.rel.bss .rel.bss.* .rel.gnu.linkonce.b.*)
 *(.rela.bss .rela.bss.* .rela.gnu.linkonce.b.*)
 *(.rel.plt)
 *(.rela.plt)
 *(.rel.dyn)
 *(.init)
 *(.plt)
 *(.text .stub .text.* .gnu.linkonce.t.*)
 .text          0x00000168       0x3c BSP//obj/HAL/src/crt0.o
                0x00000168                _start
 .text          0x000001a4     0x1e90 obj/default//C/Users/delgado4/Documents/GitHub/cube_solver/Final_Project/cube_solver.o
                0x000001a4                intToFPArray
                0x000001dc                fpShortToDoubleMatrix
                0x00000294                shortToPixel
                0x000002e0                trace
                0x0000030c                determinant
                0x00000380                computeScoresAndThreshold
                0x00000444                traceFP
                0x00000460                determinantAbsFP
                0x000004a8                computeScoresAndThresholdFP
                0x00000530                displayImage
                0x000005e8                displayImageFP
                0x00000640                displayColorImage
                0x000006b4                displayColorImageFP
                0x00000724                extractCornersFP
                0x000007f8                extractCorners
                0x000008d0                computePixelScoresFP
                0x00000a04                computePixelScores
                0x00000d04                convolutionFnFP
                0x00000e44                convolutionFn
                0x000010f4                setupHardware
                0x00001150                captureImageDataFP
                0x00001284                pushbuttons_isr
                0x000012e0                captureImageData
                0x00001424                exportToMatlabFP
                0x0000182c                exportToMatlab
                0x00001ba4                bwConversionFixedPoint
                0x00001cc0                main
                0x00001f38                bwConversion
 .text          0x00002034       0x78 obj/default//C/Users/delgado4/Documents/GitHub/cube_solver/Final_Project/ee109-lib/camera.o
                0x00002034                camera_set_front_buffer
                0x0000204c                camera_set_back_buffer
                0x00002058                camera_enable_dma
                0x0000208c                camera_swap_buffers
 .text          0x000020ac       0x84 obj/default//C/Users/delgado4/Documents/GitHub/cube_solver/Final_Project/ee109-lib/char_lcd.o
                0x000020ac                char_lcd_move_cursor
                0x000020d8                char_lcd_write
                0x00002100                char_lcd_cursor_off
                0x00002110                char_lcd_shift_left
                0x00002120                char_lcd_shift_right
 .text          0x00002130      0x110 obj/default//C/Users/delgado4/Documents/GitHub/cube_solver/Final_Project/ee109-lib/lcd.o
                0x00002130                lcd_enable_dma
                0x00002164                lcd_set_front_buffer
                0x0000217c                lcd_set_back_buffer
                0x00002188                lcd_swap_buffers
                0x000021a8                lcd_write
                0x000021e0                lcd_draw_rectangle
 .text          0x00002240       0x78 obj/default//C/Users/delgado4/Documents/GitHub/cube_solver/Final_Project/ee109-lib/pushbuttons.o
                0x00002240                pushbuttons_get_data
                0x0000224c                pushbuttons_set_interrupt_mask
                0x00002258                pushbuttons_get_interrupt_mask
                0x00002264                pushbuttons_get_edge_capture
                0x00002270                pushbuttons_clear_edge_capture
                0x00002280                pushbuttons_enable_interrupts
 .text          0x000022b8      0x110 obj/default//C/Users/delgado4/Documents/GitHub/cube_solver/Final_Project/ee109-lib/vga.o
                0x000022b8                vga_enable_dma
                0x000022ec                vga_set_front_buffer
                0x00002304                vga_set_back_buffer
                0x00002310                vga_swap_buffers
                0x00002330                vga_write
                0x00002368                vga_draw_rectangle
 .text          0x000023c8        0x0 obj/default//C/Users/delgado4/Documents/GitHub/cube_solver/Final_Project/system_globals.o
 .text          0x000023c8      0x130 c:/altera/13.0sp1/nios2eds/bin/gnu/h-i686-mingw32/bin/../lib/gcc/nios2-elf/4.1.2/../../../../nios2-elf/lib\libm.a(lib_a-w_sqrt.o)
                0x000023c8                sqrt
 .text          0x000024f8      0x2c8 c:/altera/13.0sp1/nios2eds/bin/gnu/h-i686-mingw32/bin/../lib/gcc/nios2-elf/4.1.2/../../../../nios2-elf/lib\libm.a(lib_a-e_sqrt.o)
                0x000024f8                __ieee754_sqrt
 .text          0x000027c0       0x30 c:/altera/13.0sp1/nios2eds/bin/gnu/h-i686-mingw32/bin/../lib/gcc/nios2-elf/4.1.2/../../../../nios2-elf/lib\libm.a(lib_a-s_isnand.o)
                0x000027c0                __isnand
 .text          0x000027f0        0x0 c:/altera/13.0sp1/nios2eds/bin/gnu/h-i686-mingw32/bin/../lib/gcc/nios2-elf/4.1.2/../../../../nios2-elf/lib\libm.a(lib_a-s_lib_ver.o)
 .text          0x000027f0        0x8 c:/altera/13.0sp1/nios2eds/bin/gnu/h-i686-mingw32/bin/../lib/gcc/nios2-elf/4.1.2/../../../../nios2-elf/lib\libm.a(lib_a-s_matherr.o)
                0x000027f0                matherr
 .text          0x000027f8       0x78 c:/altera/13.0sp1/nios2eds/bin/gnu/h-i686-mingw32/bin/../lib/gcc/nios2-elf/4.1.2\libgcc.a(_gt_sf.o)
                0x000027f8                __gtsf2
 .text          0x00002870       0x98 c:/altera/13.0sp1/nios2eds/bin/gnu/h-i686-mingw32/bin/../lib/gcc/nios2-elf/4.1.2\libgcc.a(_si_to_sf.o)
                0x00002870                __floatsisf
 .text          0x00002908      0x504 c:/altera/13.0sp1/nios2eds/bin/gnu/h-i686-mingw32/bin/../lib/gcc/nios2-elf/4.1.2\libgcc.a(_addsub_df.o)
                0x00002d18                __subdf3
                0x00002d98                __adddf3
 .text          0x00002e0c      0x3c4 c:/altera/13.0sp1/nios2eds/bin/gnu/h-i686-mingw32/bin/../lib/gcc/nios2-elf/4.1.2\libgcc.a(_mul_df.o)
                0x00002e0c                __muldf3
 .text          0x000031d0      0x258 c:/altera/13.0sp1/nios2eds/bin/gnu/h-i686-mingw32/bin/../lib/gcc/nios2-elf/4.1.2\libgcc.a(_div_df.o)
                0x000031d0                __divdf3
 .text          0x00003428       0x88 c:/altera/13.0sp1/nios2eds/bin/gnu/h-i686-mingw32/bin/../lib/gcc/nios2-elf/4.1.2\libgcc.a(_gt_df.o)
                0x00003428                __gtdf2
 .text          0x000034b0       0x88 c:/altera/13.0sp1/nios2eds/bin/gnu/h-i686-mingw32/bin/../lib/gcc/nios2-elf/4.1.2\libgcc.a(_lt_df.o)
                0x000034b0                __ltdf2
 .text          0x00003538       0xf8 c:/altera/13.0sp1/nios2eds/bin/gnu/h-i686-mingw32/bin/../lib/gcc/nios2-elf/4.1.2\libgcc.a(_si_to_df.o)
                0x00003538                __floatsidf
 .text          0x00003630       0xd8 c:/altera/13.0sp1/nios2eds/bin/gnu/h-i686-mingw32/bin/../lib/gcc/nios2-elf/4.1.2\libgcc.a(_df_to_si.o)
                0x00003630                __fixdfsi
 .text          0x00003708        0x0 c:/altera/13.0sp1/nios2eds/bin/gnu/h-i686-mingw32/bin/../lib/gcc/nios2-elf/4.1.2\libgcc.a(_thenan_df.o)
 .text          0x00003708       0x98 c:/altera/13.0sp1/nios2eds/bin/gnu/h-i686-mingw32/bin/../lib/gcc/nios2-elf/4.1.2\libgcc.a(_muldi3.o)
                0x00003708                __muldi3
 .text          0x000037a0       0x80 c:/altera/13.0sp1/nios2eds/bin/gnu/h-i686-mingw32/bin/../lib/gcc/nios2-elf/4.1.2\libgcc.a(_clzsi2.o)
                0x000037a0                __clzsi2
 .text          0x00003820      0x160 c:/altera/13.0sp1/nios2eds/bin/gnu/h-i686-mingw32/bin/../lib/gcc/nios2-elf/4.1.2\libgcc.a(_pack_sf.o)
                0x00003820                __pack_f
 .text          0x00003980       0xc8 c:/altera/13.0sp1/nios2eds/bin/gnu/h-i686-mingw32/bin/../lib/gcc/nios2-elf/4.1.2\libgcc.a(_unpack_sf.o)
                0x00003980                __unpack_f
 .text          0x00003a48       0xa8 c:/altera/13.0sp1/nios2eds/bin/gnu/h-i686-mingw32/bin/../lib/gcc/nios2-elf/4.1.2\libgcc.a(_fpcmp_parts_sf.o)
                0x00003a48                __fpcmp_parts_f
 .text          0x00003af0      0x314 c:/altera/13.0sp1/nios2eds/bin/gnu/h-i686-mingw32/bin/../lib/gcc/nios2-elf/4.1.2\libgcc.a(_pack_df.o)
                0x00003af0                __pack_d
 .text          0x00003e04      0x138 c:/altera/13.0sp1/nios2eds/bin/gnu/h-i686-mingw32/bin/../lib/gcc/nios2-elf/4.1.2\libgcc.a(_unpack_df.o)
                0x00003e04                __unpack_d
 .text          0x00003f3c       0xc8 c:/altera/13.0sp1/nios2eds/bin/gnu/h-i686-mingw32/bin/../lib/gcc/nios2-elf/4.1.2\libgcc.a(_fpcmp_parts_df.o)
                0x00003f3c                __fpcmp_parts_d
 .text          0x00004004        0x0 c:/altera/13.0sp1/nios2eds/bin/gnu/h-i686-mingw32/bin/../lib/gcc/nios2-elf/4.1.2\libgcc.a(_clz.o)
 .text          0x00004004       0x1c c:/altera/13.0sp1/nios2eds/bin/gnu/h-i686-mingw32/bin/../lib/gcc/nios2-elf/4.1.2/../../../../nios2-elf/lib\libc.a(lib_a-difftime.o)
                0x00004004                difftime
 .text          0x00004020       0x10 c:/altera/13.0sp1/nios2eds/bin/gnu/h-i686-mingw32/bin/../lib/gcc/nios2-elf/4.1.2/../../../../nios2-elf/lib\libc.a(lib_a-errno.o)
                0x00004020                __errno
 .text          0x00004030      0x124 c:/altera/13.0sp1/nios2eds/bin/gnu/h-i686-mingw32/bin/../lib/gcc/nios2-elf/4.1.2/../../../../nios2-elf/lib\libc.a(lib_a-fclose.o)
                0x00004030                _fclose_r
                0x00004140                fclose
 .text          0x00004154      0x230 c:/altera/13.0sp1/nios2eds/bin/gnu/h-i686-mingw32/bin/../lib/gcc/nios2-elf/4.1.2/../../../../nios2-elf/lib\libc.a(lib_a-fflush.o)
                0x00004154                _fflush_r
                0x00004350                fflush
 .text          0x00004384      0x2c0 c:/altera/13.0sp1/nios2eds/bin/gnu/h-i686-mingw32/bin/../lib/gcc/nios2-elf/4.1.2/../../../../nios2-elf/lib\libc.a(lib_a-findfp.o)
                0x000043dc                __sfp_lock_acquire
                0x000043e0                __sfp_lock_release
                0x000043e4                __sinit_lock_acquire
                0x000043e8                __sinit_lock_release
                0x000043ec                __sinit
                0x000044a0                __fp_unlock_all
                0x000044b8                __fp_lock_all
                0x000044d0                _cleanup_r
                0x000044dc                _cleanup
                0x000044ec                __sfmoreglue
                0x00004554                __sfp
 .text          0x00004644      0x110 c:/altera/13.0sp1/nios2eds/bin/gnu/h-i686-mingw32/bin/../lib/gcc/nios2-elf/4.1.2/../../../../nios2-elf/lib\libc.a(lib_a-fopen.o)
                0x00004644                _fopen_r
                0x00004738                fopen
 .text          0x00004754       0x60 c:/altera/13.0sp1/nios2eds/bin/gnu/h-i686-mingw32/bin/../lib/gcc/nios2-elf/4.1.2/../../../../nios2-elf/lib\libc.a(lib_a-fprintf.o)
                0x00004754                fprintf
                0x00004780                _fprintf_r
 .text          0x000047b4       0xbc c:/altera/13.0sp1/nios2eds/bin/gnu/h-i686-mingw32/bin/../lib/gcc/nios2-elf/4.1.2/../../../../nios2-elf/lib\libc.a(lib_a-fputc.o)
                0x000047b4                fputc
                0x00004818                _fputc_r
 .text          0x00004870      0x440 c:/altera/13.0sp1/nios2eds/bin/gnu/h-i686-mingw32/bin/../lib/gcc/nios2-elf/4.1.2/../../../../nios2-elf/lib\libc.a(lib_a-freer.o)
                0x00004870                _malloc_trim_r
                0x0000499c                _free_r
 .text          0x00004cb0      0x460 c:/altera/13.0sp1/nios2eds/bin/gnu/h-i686-mingw32/bin/../lib/gcc/nios2-elf/4.1.2/../../../../nios2-elf/lib\libc.a(lib_a-fseek.o)
                0x00004cb0                _fseek_r
                0x000050ec                fseek
 .text          0x00005110       0x74 c:/altera/13.0sp1/nios2eds/bin/gnu/h-i686-mingw32/bin/../lib/gcc/nios2-elf/4.1.2/../../../../nios2-elf/lib\libc.a(lib_a-fstatr.o)
                0x00005110                _fstat_r
 .text          0x00005184      0x180 c:/altera/13.0sp1/nios2eds/bin/gnu/h-i686-mingw32/bin/../lib/gcc/nios2-elf/4.1.2/../../../../nios2-elf/lib\libc.a(lib_a-fwalk.o)
                0x00005184                _fwalk_reent
                0x0000524c                _fwalk
 .text          0x00005304       0xdc c:/altera/13.0sp1/nios2eds/bin/gnu/h-i686-mingw32/bin/../lib/gcc/nios2-elf/4.1.2/../../../../nios2-elf/lib\libc.a(lib_a-fwrite.o)
                0x00005304                _fwrite_r
                0x000053a0                fwrite
 .text          0x000053e0        0x0 c:/altera/13.0sp1/nios2eds/bin/gnu/h-i686-mingw32/bin/../lib/gcc/nios2-elf/4.1.2/../../../../nios2-elf/lib\libc.a(lib_a-impure.o)
 .text          0x000053e0        0x0 c:/altera/13.0sp1/nios2eds/bin/gnu/h-i686-mingw32/bin/../lib/gcc/nios2-elf/4.1.2/../../../../nios2-elf/lib\libc.a(lib_a-int_errno.o)
 .text          0x000053e0      0x194 c:/altera/13.0sp1/nios2eds/bin/gnu/h-i686-mingw32/bin/../lib/gcc/nios2-elf/4.1.2/../../../../nios2-elf/lib\libc.a(lib_a-makebuf.o)
                0x000053e0                __smakebuf_r
 .text          0x00005574      0x740 c:/altera/13.0sp1/nios2eds/bin/gnu/h-i686-mingw32/bin/../lib/gcc/nios2-elf/4.1.2/../../../../nios2-elf/lib\libc.a(lib_a-mallocr.o)
                0x00005574                _malloc_r
 .text          0x00005cb4       0xa0 c:/altera/13.0sp1/nios2eds/bin/gnu/h-i686-mingw32/bin/../lib/gcc/nios2-elf/4.1.2/../../../../nios2-elf/lib\libc.a(lib_a-memcpy.o)
                0x00005cb4                memcpy
 .text          0x00005d54       0x98 c:/altera/13.0sp1/nios2eds/bin/gnu/h-i686-mingw32/bin/../lib/gcc/nios2-elf/4.1.2/../../../../nios2-elf/lib\libc.a(lib_a-memset.o)
                0x00005d54                memset
 .text          0x00005dec       0x78 c:/altera/13.0sp1/nios2eds/bin/gnu/h-i686-mingw32/bin/../lib/gcc/nios2-elf/4.1.2/../../../../nios2-elf/lib\libc.a(lib_a-openr.o)
                0x00005dec                _open_r
 .text          0x00005e64       0x78 c:/altera/13.0sp1/nios2eds/bin/gnu/h-i686-mingw32/bin/../lib/gcc/nios2-elf/4.1.2/../../../../nios2-elf/lib\libc.a(lib_a-printf.o)
                0x00005e64                printf
                0x00005ea8                _printf_r
 .text          0x00005edc      0x1ec c:/altera/13.0sp1/nios2eds/bin/gnu/h-i686-mingw32/bin/../lib/gcc/nios2-elf/4.1.2/../../../../nios2-elf/lib\libc.a(lib_a-putc.o)
                0x00005edc                putc
                0x00005fe0                _putc_r
 .text          0x000060c8       0xb4 c:/altera/13.0sp1/nios2eds/bin/gnu/h-i686-mingw32/bin/../lib/gcc/nios2-elf/4.1.2/../../../../nios2-elf/lib\libc.a(lib_a-puts.o)
                0x000060c8                _puts_r
                0x00006168                puts
 .text          0x0000617c      0x1e0 c:/altera/13.0sp1/nios2eds/bin/gnu/h-i686-mingw32/bin/../lib/gcc/nios2-elf/4.1.2/../../../../nios2-elf/lib\libc.a(lib_a-refill.o)
                0x0000617c                __srefill_r
 .text          0x0000635c       0x70 c:/altera/13.0sp1/nios2eds/bin/gnu/h-i686-mingw32/bin/../lib/gcc/nios2-elf/4.1.2/../../../../nios2-elf/lib\libc.a(lib_a-sbrkr.o)
                0x0000635c                _sbrk_r
 .text          0x000063cc      0x14c c:/altera/13.0sp1/nios2eds/bin/gnu/h-i686-mingw32/bin/../lib/gcc/nios2-elf/4.1.2/../../../../nios2-elf/lib\libc.a(lib_a-stdio.o)
                0x000063cc                __sclose
                0x000063d4                __sseek
                0x0000643c                __swrite
                0x000064b8                __sread
 .text          0x00006518       0x74 c:/altera/13.0sp1/nios2eds/bin/gnu/h-i686-mingw32/bin/../lib/gcc/nios2-elf/4.1.2/../../../../nios2-elf/lib\libc.a(lib_a-strlen.o)
                0x00006518                strlen
 .text          0x0000658c       0x5c c:/altera/13.0sp1/nios2eds/bin/gnu/h-i686-mingw32/bin/../lib/gcc/nios2-elf/4.1.2/../../../../nios2-elf/lib\libc.a(lib_a-time.o)
                0x0000658c                time
 .text          0x000065e8     0x1f28 c:/altera/13.0sp1/nios2eds/bin/gnu/h-i686-mingw32/bin/../lib/gcc/nios2-elf/4.1.2/../../../../nios2-elf/lib\libc.a(lib_a-vfprintf.o)
                0x00006640                ___vfprintf_internal_r
                0x000084ec                __vfprintf_internal
 .text          0x00008510      0x14c c:/altera/13.0sp1/nios2eds/bin/gnu/h-i686-mingw32/bin/../lib/gcc/nios2-elf/4.1.2/../../../../nios2-elf/lib\libc.a(lib_a-wbuf.o)
                0x00008510                __swbuf_r
                0x00008640                __swbuf
 .text          0x0000865c       0x78 c:/altera/13.0sp1/nios2eds/bin/gnu/h-i686-mingw32/bin/../lib/gcc/nios2-elf/4.1.2/../../../../nios2-elf/lib\libc.a(lib_a-writer.o)
                0x0000865c                _write_r
 .text          0x000086d4      0x13c c:/altera/13.0sp1/nios2eds/bin/gnu/h-i686-mingw32/bin/../lib/gcc/nios2-elf/4.1.2/../../../../nios2-elf/lib\libc.a(lib_a-wsetup.o)
                0x000086d4                __swsetup_r
 .text          0x00008810       0x70 c:/altera/13.0sp1/nios2eds/bin/gnu/h-i686-mingw32/bin/../lib/gcc/nios2-elf/4.1.2/../../../../nios2-elf/lib\libc.a(lib_a-closer.o)
                0x00008810                _close_r
 .text          0x00008880     0x17cc c:/altera/13.0sp1/nios2eds/bin/gnu/h-i686-mingw32/bin/../lib/gcc/nios2-elf/4.1.2/../../../../nios2-elf/lib\libc.a(lib_a-dtoa.o)
                0x00008a98                _dtoa_r
 .text          0x0000a04c       0xa0 c:/altera/13.0sp1/nios2eds/bin/gnu/h-i686-mingw32/bin/../lib/gcc/nios2-elf/4.1.2/../../../../nios2-elf/lib\libc.a(lib_a-flags.o)
                0x0000a04c                __sflags
 .text          0x0000a0ec      0x49c c:/altera/13.0sp1/nios2eds/bin/gnu/h-i686-mingw32/bin/../lib/gcc/nios2-elf/4.1.2/../../../../nios2-elf/lib\libc.a(lib_a-fvwrite.o)
                0x0000a0ec                __sfvwrite_r
 .text          0x0000a588       0x74 c:/altera/13.0sp1/nios2eds/bin/gnu/h-i686-mingw32/bin/../lib/gcc/nios2-elf/4.1.2/../../../../nios2-elf/lib\libc.a(lib_a-gettimeofdayr.o)
                0x0000a588                _gettimeofday_r
 .text          0x0000a5fc       0x70 c:/altera/13.0sp1/nios2eds/bin/gnu/h-i686-mingw32/bin/../lib/gcc/nios2-elf/4.1.2/../../../../nios2-elf/lib\libc.a(lib_a-isattyr.o)
                0x0000a5fc                _isatty_r
 .text          0x0000a66c       0xc4 c:/altera/13.0sp1/nios2eds/bin/gnu/h-i686-mingw32/bin/../lib/gcc/nios2-elf/4.1.2/../../../../nios2-elf/lib\libc.a(lib_a-locale.o)
                0x0000a66c                __locale_charset
                0x0000a674                _localeconv_r
                0x0000a680                localeconv
                0x0000a690                _setlocale_r
                0x0000a714                setlocale
 .text          0x0000a730       0x78 c:/altera/13.0sp1/nios2eds/bin/gnu/h-i686-mingw32/bin/../lib/gcc/nios2-elf/4.1.2/../../../../nios2-elf/lib\libc.a(lib_a-lseekr.o)
                0x0000a730                _lseek_r
 .text          0x0000a7a8       0xe4 c:/altera/13.0sp1/nios2eds/bin/gnu/h-i686-mingw32/bin/../lib/gcc/nios2-elf/4.1.2/../../../../nios2-elf/lib\libc.a(lib_a-memchr.o)
                0x0000a7a8                memchr
 .text          0x0000a88c       0xe0 c:/altera/13.0sp1/nios2eds/bin/gnu/h-i686-mingw32/bin/../lib/gcc/nios2-elf/4.1.2/../../../../nios2-elf/lib\libc.a(lib_a-memmove.o)
                0x0000a88c                memmove
 .text          0x0000a96c      0xff4 c:/altera/13.0sp1/nios2eds/bin/gnu/h-i686-mingw32/bin/../lib/gcc/nios2-elf/4.1.2/../../../../nios2-elf/lib\libc.a(lib_a-mprec.o)
                0x0000a96c                _Bfree
                0x0000a994                __hi0bits
                0x0000aa04                __lo0bits
                0x0000aac8                __mcmp
                0x0000ab28                __ulp
                0x0000aba8                __b2d
                0x0000acc8                __ratio
                0x0000ad78                _mprec_log10
                0x0000ae0c                __copybits
                0x0000ae64                __any_on
                0x0000aeec                _Balloc
                0x0000afa8                __d2b
                0x0000b124                __mdiff
                0x0000b2b0                __lshift
                0x0000b3fc                __multiply
                0x0000b5e4                __i2b
                0x0000b620                __multadd
                0x0000b720                __pow5mult
                0x0000b840                __s2b
 .text          0x0000b960       0x78 c:/altera/13.0sp1/nios2eds/bin/gnu/h-i686-mingw32/bin/../lib/gcc/nios2-elf/4.1.2/../../../../nios2-elf/lib\libc.a(lib_a-readr.o)
                0x0000b960                _read_r
 .text          0x0000b9d8      0x5f4 c:/altera/13.0sp1/nios2eds/bin/gnu/h-i686-mingw32/bin/../lib/gcc/nios2-elf/4.1.2/../../../../nios2-elf/lib\libc.a(lib_a-reallocr.o)
                0x0000b9d8                _realloc_r
 .text          0x0000bfcc       0x40 c:/altera/13.0sp1/nios2eds/bin/gnu/h-i686-mingw32/bin/../lib/gcc/nios2-elf/4.1.2/../../../../nios2-elf/lib\libc.a(lib_a-s_isinfd.o)
                0x0000bfcc                __isinfd
 .text          0x0000c00c       0xbc c:/altera/13.0sp1/nios2eds/bin/gnu/h-i686-mingw32/bin/../lib/gcc/nios2-elf/4.1.2/../../../../nios2-elf/lib\libc.a(lib_a-strcmp.o)
                0x0000c00c                strcmp
 .text          0x0000c0c8       0xb4 c:/altera/13.0sp1/nios2eds/bin/gnu/h-i686-mingw32/bin/../lib/gcc/nios2-elf/4.1.2/../../../../nios2-elf/lib\libc.a(lib_a-callocr.o)
                0x0000c0c8                _calloc_r
 .text          0x0000c17c      0x5dc c:/altera/13.0sp1/nios2eds/bin/gnu/h-i686-mingw32/bin/../lib/gcc/nios2-elf/4.1.2\libgcc.a(_udivdi3.o)
                0x0000c17c                __udivdi3
 .text          0x0000c758      0x5b0 c:/altera/13.0sp1/nios2eds/bin/gnu/h-i686-mingw32/bin/../lib/gcc/nios2-elf/4.1.2\libgcc.a(_umoddi3.o)
                0x0000c758                __umoddi3
 .text          0x0000cd08       0x88 c:/altera/13.0sp1/nios2eds/bin/gnu/h-i686-mingw32/bin/../lib/gcc/nios2-elf/4.1.2\libgcc.a(_eq_df.o)
                0x0000cd08                __eqdf2
 .text          0x0000cd90       0x88 c:/altera/13.0sp1/nios2eds/bin/gnu/h-i686-mingw32/bin/../lib/gcc/nios2-elf/4.1.2\libgcc.a(_ne_df.o)
                0x0000cd90                __nedf2
 .text          0x0000ce18       0x88 c:/altera/13.0sp1/nios2eds/bin/gnu/h-i686-mingw32/bin/../lib/gcc/nios2-elf/4.1.2\libgcc.a(_ge_df.o)
                0x0000ce18                __gedf2
 .text          0x0000cea0      0x194 c:/altera/13.0sp1/nios2eds/bin/gnu/h-i686-mingw32/bin/../lib/gcc/nios2-elf/4.1.2\libgcc.a(_usi_to_df.o)
                0x0000cea0                __floatunsidf
 .text          0x0000d034      0x14c c:/altera/13.0sp1/nios2eds/bin/gnu/h-i686-mingw32/bin/../lib/gcc/nios2-elf/4.1.2\libgcc.a(lib2-divmod.o)
                0x0000d0b0                __divsi3
                0x0000d110                __modsi3
                0x0000d170                __udivsi3
                0x0000d178                __umodsi3
 .text          0x0000d180       0xdc BSP/\libhal_bsp.a(alt_close.o)
                0x0000d180                close
 .text          0x0000d25c        0x8 BSP/\libhal_bsp.a(alt_dev.o)
 .text          0x0000d264        0x0 BSP/\libhal_bsp.a(alt_errno.o)
 .text          0x0000d264       0x80 BSP/\libhal_bsp.a(alt_fstat.o)
                0x0000d264                fstat
 .text          0x0000d2e4      0x160 BSP/\libhal_bsp.a(alt_gettod.o)
                0x0000d2e4                gettimeofday
 .text          0x0000d444       0xbc BSP/\libhal_bsp.a(alt_irq_register.o)
                0x0000d444                alt_irq_register
 .text          0x0000d500        0x0 BSP/\libhal_bsp.a(alt_irq_vars.o)
 .text          0x0000d500       0x84 BSP/\libhal_bsp.a(alt_isatty.o)
                0x0000d500                isatty
 .text          0x0000d584       0xc4 BSP/\libhal_bsp.a(alt_load.o)
                0x0000d584                alt_load
 .text          0x0000d648       0x98 BSP/\libhal_bsp.a(alt_lseek.o)
                0x0000d648                lseek
 .text          0x0000d6e0       0x50 BSP/\libhal_bsp.a(alt_main.o)
                0x0000d6e0                alt_main
 .text          0x0000d730        0x8 BSP/\libhal_bsp.a(alt_malloc_lock.o)
                0x0000d730                __malloc_lock
                0x0000d734                __malloc_unlock
 .text          0x0000d738      0x17c BSP/\libhal_bsp.a(alt_open.o)
                0x0000d738                open
 .text          0x0000d8b4       0xf8 BSP/\libhal_bsp.a(alt_read.o)
                0x0000d8b4                read
 .text          0x0000d9ac       0x24 BSP/\libhal_bsp.a(alt_release_fd.o)
                0x0000d9ac                alt_release_fd
 .text          0x0000d9d0       0x50 BSP/\libhal_bsp.a(alt_sbrk.o)
                0x0000d9d0                sbrk
 .text          0x0000da20       0xe0 BSP/\libhal_bsp.a(alt_tick.o)
                0x0000da20                alt_alarm_stop
                0x0000da54                alt_tick
 .text          0x0000db00       0xf4 BSP/\libhal_bsp.a(alt_write.o)
                0x0000db00                write
 .text          0x0000dbf4      0x2f0 BSP/\libhal_bsp.a(alt_sys_init.o)
                0x0000dbf4                alt_irq_init
                0x0000dc14                alt_sys_init
 .text          0x0000dee4       0x98 BSP/\libhal_bsp.a(altera_avalon_jtag_uart_fd.o)
                0x0000dee4                altera_avalon_jtag_uart_ioctl_fd
                0x0000df04                altera_avalon_jtag_uart_close_fd
                0x0000df2c                altera_avalon_jtag_uart_write_fd
                0x0000df54                altera_avalon_jtag_uart_read_fd
 .text          0x0000df7c      0x238 BSP/\libhal_bsp.a(altera_avalon_jtag_uart_init.o)
                0x0000df7c                altera_avalon_jtag_uart_close
                0x0000e008                altera_avalon_jtag_uart_init
 .text          0x0000e1b4       0x74 BSP/\libhal_bsp.a(altera_avalon_jtag_uart_ioctl.o)
                0x0000e1b4                altera_avalon_jtag_uart_ioctl
 .text          0x0000e228      0x168 BSP/\libhal_bsp.a(altera_avalon_jtag_uart_read.o)
                0x0000e228                altera_avalon_jtag_uart_read
 .text          0x0000e390      0x17c BSP/\libhal_bsp.a(altera_avalon_jtag_uart_write.o)
                0x0000e390                altera_avalon_jtag_uart_write
 .text          0x0000e50c      0x630 BSP/\libhal_bsp.a(altera_avalon_sgdma.o)
                0x0000e50c                alt_avalon_sgdma_register_callback
                0x0000e51c                alt_avalon_sgdma_init
                0x0000e59c                alt_avalon_sgdma_disable_desc_poll
                0x0000e5bc                alt_avalon_sgdma_enable_desc_poll
                0x0000e5ec                alt_avalon_sgdma_stop
                0x0000e608                alt_avalon_sgdma_start
                0x0000e620                alt_avalon_sgdma_do_sync_transfer
                0x0000e6b4                alt_avalon_sgdma_do_async_transfer
                0x0000e7b8                alt_avalon_sgdma_construct_descriptor_burst
                0x0000e8e4                alt_avalon_sgdma_construct_descriptor
                0x0000e92c                alt_avalon_sgdma_construct_mem_to_stream_desc_burst
                0x0000e97c                alt_avalon_sgdma_construct_mem_to_stream_desc
                0x0000e9bc                alt_avalon_sgdma_construct_stream_to_mem_desc_burst
                0x0000ea08                alt_avalon_sgdma_construct_stream_to_mem_desc
                0x0000ea30                alt_avalon_sgdma_construct_mem_to_mem_desc_burst
                0x0000ea78                alt_avalon_sgdma_construct_mem_to_mem_desc
                0x0000eab0                alt_avalon_sgdma_open
                0x0000eb0c                alt_avalon_sgdma_check_descriptor_status
 .text          0x0000eb3c       0x80 BSP/\libhal_bsp.a(altera_avalon_timer_sc.o)
                0x0000eb3c                alt_avalon_timer_sc_init
 .text          0x0000ebbc      0x30c BSP/\libhal_bsp.a(altera_up_avalon_character_lcd.o)
                0x0000ebbc                get_DDRAM_addr
                0x0000ebd8                alt_up_character_lcd_string
                0x0000ec24                alt_up_character_lcd_write
                0x0000ec50                alt_up_character_lcd_write_fd
                0x0000ec70                alt_up_character_lcd_init
                0x0000ec80                alt_up_character_lcd_send_cmd
                0x0000ec90                alt_up_character_lcd_cursor_blink_on
                0x0000ecac                alt_up_character_lcd_cursor_off
                0x0000ecc8                alt_up_character_lcd_erase_pos
                0x0000ed34                alt_up_character_lcd_shift_display
                0x0000edc4                alt_up_character_lcd_shift_cursor
                0x0000ee54                alt_up_character_lcd_set_cursor_pos
                0x0000eea8                alt_up_character_lcd_open_dev
 .text          0x0000eec8      0x1e0 BSP/\libhal_bsp.a(altera_up_avalon_irda.o)
                0x0000eec8                alt_up_irda_check_parity
                0x0000eed4                alt_up_irda_open_dev
                0x0000eef4                alt_up_irda_read_data
                0x0000ef40                alt_up_irda_read_fd
                0x0000efc0                alt_up_irda_get_available_space_in_write_FIFO
                0x0000efd0                alt_up_irda_write_data
                0x0000efe8                alt_up_irda_write_fd
                0x0000f064                alt_up_irda_disable_read_interrupt
                0x0000f080                alt_up_irda_enable_read_interrupt
                0x0000f098                alt_up_irda_get_used_space_in_read_FIFO
 .text          0x0000f0a8      0x388 BSP/\libhal_bsp.a(altera_up_avalon_ps2.o)
                0x0000f0a8                read_RI_bit
                0x0000f0b4                read_RE_bit
                0x0000f0bc                read_CE_bit
                0x0000f0c8                read_num_bytes_available
                0x0000f0d0                read_data_valid
                0x0000f0dc                read_data_byte
                0x0000f0e4                alt_up_ps2_open_dev
                0x0000f104                alt_up_ps2_clear_fifo
                0x0000f134                alt_up_ps2_read_data_byte
                0x0000f18c                alt_up_ps2_read_data_byte_timeout
                0x0000f20c                alt_up_ps2_read_fd
                0x0000f234                alt_up_ps2_wait_for_ack
                0x0000f290                alt_up_ps2_write_data_byte
                0x0000f2d0                alt_up_ps2_write_fd
                0x0000f340                alt_up_ps2_write_data_byte_with_ack
                0x0000f374                alt_up_ps2_init
                0x0000f3fc                alt_up_ps2_disable_read_interrupt
                0x0000f418                alt_up_ps2_enable_read_interrupt
 .text          0x0000f430      0x1d4 BSP/\libhal_bsp.a(altera_up_avalon_rs232.o)
                0x0000f430                alt_up_rs232_check_parity
                0x0000f43c                alt_up_rs232_open_dev
                0x0000f45c                alt_up_rs232_read_data
                0x0000f4a8                alt_up_rs232_read_fd
                0x0000f528                alt_up_rs232_get_available_space_in_write_FIFO
                0x0000f538                alt_up_rs232_write_data
                0x0000f550                alt_up_rs232_write_fd
                0x0000f5c0                alt_up_rs232_disable_read_interrupt
                0x0000f5dc                alt_up_rs232_enable_read_interrupt
                0x0000f5f4                alt_up_rs232_get_used_space_in_read_FIFO
 .text          0x0000f604      0x178 BSP/\libhal_bsp.a(altera_up_avalon_video_character_buffer_with_dma.o)
                0x0000f604                alt_up_char_buffer_string
                0x0000f68c                alt_up_char_buffer_draw
                0x0000f6e4                alt_up_char_buffer_clear
                0x0000f70c                alt_up_char_buffer_open_dev
                0x0000f72c                alt_up_char_buffer_init
 .text          0x0000f77c       0x94 BSP/\libhal_bsp.a(alt_alarm_start.o)
                0x0000f77c                alt_alarm_start
 .text          0x0000f810        0x4 BSP/\libhal_bsp.a(alt_dcache_flush_all.o)
                0x0000f810                alt_dcache_flush_all
 .text          0x0000f814       0x70 BSP/\libhal_bsp.a(alt_dev_llist_insert.o)
                0x0000f814                alt_dev_llist_insert
 .text          0x0000f884       0x70 BSP/\libhal_bsp.a(alt_find_dev.o)
                0x0000f884                alt_find_dev
 .text          0x0000f8f4       0xbc BSP/\libhal_bsp.a(alt_find_file.o)
                0x0000f8f4                alt_find_file
 .text          0x0000f9b0       0x6c BSP/\libhal_bsp.a(alt_get_fd.o)
                0x0000f9b0                alt_get_fd
 .text          0x0000fa1c       0x20 BSP/\libhal_bsp.a(alt_icache_flush_all.o)
                0x0000fa1c                alt_icache_flush_all
 .text          0x0000fa3c       0xfc BSP/\libhal_bsp.a(alt_io_redirect.o)
                0x0000faa0                alt_io_redirect
 .text          0x0000fb38        0x0 BSP/\libhal_bsp.a(alt_irq_entry.o)
 .text          0x0000fb38        0x0 BSP/\libhal_bsp.a(alt_irq_handler.o)
 .text          0x0000fb38       0x28 BSP/\libhal_bsp.a(alt_remap_uncached.o)
                0x0000fb38                alt_remap_uncached
 .text          0x0000fb60        0x8 BSP/\libhal_bsp.a(altera_nios2_qsys_irq.o)
                0x0000fb60                altera_nios2_qsys_irq_init
 .text          0x0000fb68        0x4 BSP/\libhal_bsp.a(alt_dcache_flush.o)
                0x0000fb68                alt_dcache_flush
 .text          0x0000fb6c        0x0 BSP/\libhal_bsp.a(alt_exception_entry.o)
 .text          0x0000fb6c       0x3c BSP/\libhal_bsp.a(alt_icache_flush.o)
                0x0000fb6c                alt_icache_flush
 .text          0x0000fba8       0x38 c:/altera/13.0sp1/nios2eds/bin/gnu/h-i686-mingw32/bin/../lib/gcc/nios2-elf/4.1.2/../../../../nios2-elf/lib\libc.a(lib_a-exit.o)
                0x0000fba8                exit
 .text          0x0000fbe0       0x74 c:/altera/13.0sp1/nios2eds/bin/gnu/h-i686-mingw32/bin/../lib/gcc/nios2-elf/4.1.2/../../../../nios2-elf/lib\libc.a(lib_a-memcmp.o)
                0x0000fbe0                memcmp
 .text          0x0000fc54      0x1b4 c:/altera/13.0sp1/nios2eds/bin/gnu/h-i686-mingw32/bin/../lib/gcc/nios2-elf/4.1.2/../../../../nios2-elf/lib\libc.a(lib_a-__call_atexit.o)
                0x0000fc58                __call_exitprocs
 .text          0x0000fe08       0x14 BSP/\libhal_bsp.a(alt_exit.o)
                0x0000fe08                _exit
 *(.gnu.warning.*)
 *(.fini)
                0x0000fe1c                PROVIDE (__etext, ABSOLUTE (.))
                0x0000fe1c                PROVIDE (_etext, ABSOLUTE (.))
                0x0000fe1c                PROVIDE (etext, ABSOLUTE (.))
 *(.eh_frame_hdr)
                0x0000fe1c                . = ALIGN (0x4)
                0x0000fe1c                PROVIDE (__preinit_array_start, ABSOLUTE (.))
 *(.preinit_array)
                0x0000fe1c                PROVIDE (__preinit_array_end, ABSOLUTE (.))
                0x0000fe1c                PROVIDE (__init_array_start, ABSOLUTE (.))
 *(.init_array)
                0x0000fe1c                PROVIDE (__init_array_end, ABSOLUTE (.))
                0x0000fe1c                PROVIDE (__fini_array_start, ABSOLUTE (.))
 *(.fini_array)
                0x0000fe1c                PROVIDE (__fini_array_end, ABSOLUTE (.))
 *(.eh_frame)
 *(.gcc_except_table)
 *(.dynamic)
                0x0000fe1c                PROVIDE (__CTOR_LIST__, ABSOLUTE (.))
 *(.ctors)
 *(SORT(.ctors.*))
 .ctors.65535   0x0000fe1c        0x4 c:/altera/13.0sp1/nios2eds/bin/gnu/h-i686-mingw32/bin/../lib/gcc/nios2-elf/4.1.2/../../../../nios2-elf/lib\libc.a(lib_a-__call_atexit.o)
                0x0000fe20                PROVIDE (__CTOR_END__, ABSOLUTE (.))
                0x0000fe20                PROVIDE (__DTOR_LIST__, ABSOLUTE (.))
 *(.dtors)
 *(SORT(.dtors.*))
                0x0000fe20                PROVIDE (__DTOR_END__, ABSOLUTE (.))
 *(.jcr)
                0x0000fe20                . = ALIGN (0x4)

.rodata         0x0000fe20      0x720
                0x0000fe20                PROVIDE (__ram_rodata_start, ABSOLUTE (.))
                0x0000fe20                . = ALIGN (0x4)
 *(.rodata .rodata.* .gnu.linkonce.r.*)
 .rodata.str1.4
                0x0000fe20      0x229 obj/default//C/Users/delgado4/Documents/GitHub/cube_solver/Final_Project/cube_solver.o
                                0x230 (size before relaxing)
 *fill*         0x00010049        0x3 00
 .rodata        0x0001004c       0x10 obj/default//C/Users/delgado4/Documents/GitHub/cube_solver/Final_Project/cube_solver.o
 .rodata.str1.4
                0x0001005c        0x5 c:/altera/13.0sp1/nios2eds/bin/gnu/h-i686-mingw32/bin/../lib/gcc/nios2-elf/4.1.2/../../../../nios2-elf/lib\libm.a(lib_a-w_sqrt.o)
                                  0x8 (size before relaxing)
 *fill*         0x00010061        0x3 00
 .rodata        0x00010064       0x14 c:/altera/13.0sp1/nios2eds/bin/gnu/h-i686-mingw32/bin/../lib/gcc/nios2-elf/4.1.2\libgcc.a(_thenan_df.o)
                0x00010064                __thenan_df
 .rodata        0x00010078      0x100 c:/altera/13.0sp1/nios2eds/bin/gnu/h-i686-mingw32/bin/../lib/gcc/nios2-elf/4.1.2\libgcc.a(_clz.o)
                0x00010078                __clz_tab
 .rodata.str1.4
                0x00000000        0x4 c:/altera/13.0sp1/nios2eds/bin/gnu/h-i686-mingw32/bin/../lib/gcc/nios2-elf/4.1.2/../../../../nios2-elf/lib\libc.a(lib_a-impure.o)
 .rodata.str1.4
                0x00000000        0x5 c:/altera/13.0sp1/nios2eds/bin/gnu/h-i686-mingw32/bin/../lib/gcc/nios2-elf/4.1.2/../../../../nios2-elf/lib\libc.a(lib_a-puts.o)
                                  0x4 (size before relaxing)
 .rodata.str1.4
                0x00010178       0x5e c:/altera/13.0sp1/nios2eds/bin/gnu/h-i686-mingw32/bin/../lib/gcc/nios2-elf/4.1.2/../../../../nios2-elf/lib\libc.a(lib_a-vfprintf.o)
                                 0x60 (size before relaxing)
 .rodata        0x000101d6       0x20 c:/altera/13.0sp1/nios2eds/bin/gnu/h-i686-mingw32/bin/../lib/gcc/nios2-elf/4.1.2/../../../../nios2-elf/lib\libc.a(lib_a-vfprintf.o)
 *fill*         0x000101f6        0x2 00
 .rodata.str1.4
                0x000101f8       0x10 c:/altera/13.0sp1/nios2eds/bin/gnu/h-i686-mingw32/bin/../lib/gcc/nios2-elf/4.1.2/../../../../nios2-elf/lib\libc.a(lib_a-dtoa.o)
                                 0x14 (size before relaxing)
 .rodata.str1.4
                0x00010208        0xf c:/altera/13.0sp1/nios2eds/bin/gnu/h-i686-mingw32/bin/../lib/gcc/nios2-elf/4.1.2/../../../../nios2-elf/lib\libc.a(lib_a-locale.o)
                                 0x18 (size before relaxing)
 *fill*         0x00010217        0x1 00
 .rodata        0x00010218       0x30 c:/altera/13.0sp1/nios2eds/bin/gnu/h-i686-mingw32/bin/../lib/gcc/nios2-elf/4.1.2/../../../../nios2-elf/lib\libc.a(lib_a-locale.o)
 .rodata        0x00010248      0x124 c:/altera/13.0sp1/nios2eds/bin/gnu/h-i686-mingw32/bin/../lib/gcc/nios2-elf/4.1.2/../../../../nios2-elf/lib\libc.a(lib_a-mprec.o)
                0x00010248                __mprec_tens
                0x00010310                __mprec_bigtens
                0x00010338                __mprec_tinytens
 .rodata.str1.4
                0x0001036c        0xa BSP/\libhal_bsp.a(alt_dev.o)
                                  0xc (size before relaxing)
 *fill*         0x00010376        0x2 00
 .rodata.str1.4
                0x00010378        0xf BSP/\libhal_bsp.a(alt_main.o)
                                 0x10 (size before relaxing)
 *fill*         0x00010387        0x1 00
 .rodata.str1.4
                0x00010388      0x1b5 BSP/\libhal_bsp.a(alt_sys_init.o)
                                0x1c8 (size before relaxing)
 .rodata.str1.4
                0x00000000      0x1b8 BSP/\libhal_bsp.a(altera_up_avalon_video_character_buffer_with_dma.o)
                                 0x1c (size before relaxing)
 *(.rodata1)
                0x00010540                . = ALIGN (0x4)
 *fill*         0x0001053d        0x3 00
                0x00010540                PROVIDE (__ram_rodata_end, ABSOLUTE (.))
                0x0000fe20                PROVIDE (__flash_rodata_start, LOADADDR (.rodata))

.rwdata         0x00010540     0x1f28 load address 0x00012468
                0x00010540                PROVIDE (__ram_rwdata_start, ABSOLUTE (.))
                0x00010540                . = ALIGN (0x4)
 *(.got.plt)
 *(.got)
 *(.data1)
 *(.data .data.* .gnu.linkonce.d.*)
 .data          0x00010540        0x0 BSP//obj/HAL/src/crt0.o
 .data          0x00010540       0x48 obj/default//C/Users/delgado4/Documents/GitHub/cube_solver/Final_Project/cube_solver.o
                0x00010540                SOBEL_ARRAY_X
                0x00010564                SOBEL_ARRAY_Y
 .data          0x00010588        0x0 obj/default//C/Users/delgado4/Documents/GitHub/cube_solver/Final_Project/ee109-lib/camera.o
 .data          0x00010588        0x0 obj/default//C/Users/delgado4/Documents/GitHub/cube_solver/Final_Project/ee109-lib/char_lcd.o
 .data          0x00010588        0x0 obj/default//C/Users/delgado4/Documents/GitHub/cube_solver/Final_Project/ee109-lib/lcd.o
 .data          0x00010588        0x0 obj/default//C/Users/delgado4/Documents/GitHub/cube_solver/Final_Project/ee109-lib/pushbuttons.o
 .data          0x00010588        0x0 obj/default//C/Users/delgado4/Documents/GitHub/cube_solver/Final_Project/ee109-lib/vga.o
 .data          0x00010588        0x0 obj/default//C/Users/delgado4/Documents/GitHub/cube_solver/Final_Project/system_globals.o
 .data          0x00010588        0x0 c:/altera/13.0sp1/nios2eds/bin/gnu/h-i686-mingw32/bin/../lib/gcc/nios2-elf/4.1.2/../../../../nios2-elf/lib\libm.a(lib_a-w_sqrt.o)
 .data          0x00010588        0x0 c:/altera/13.0sp1/nios2eds/bin/gnu/h-i686-mingw32/bin/../lib/gcc/nios2-elf/4.1.2/../../../../nios2-elf/lib\libm.a(lib_a-e_sqrt.o)
 .data          0x00010588        0x0 c:/altera/13.0sp1/nios2eds/bin/gnu/h-i686-mingw32/bin/../lib/gcc/nios2-elf/4.1.2/../../../../nios2-elf/lib\libm.a(lib_a-s_isnand.o)
 .data          0x00010588        0x0 c:/altera/13.0sp1/nios2eds/bin/gnu/h-i686-mingw32/bin/../lib/gcc/nios2-elf/4.1.2/../../../../nios2-elf/lib\libm.a(lib_a-s_lib_ver.o)
 .data          0x00010588        0x0 c:/altera/13.0sp1/nios2eds/bin/gnu/h-i686-mingw32/bin/../lib/gcc/nios2-elf/4.1.2/../../../../nios2-elf/lib\libm.a(lib_a-s_matherr.o)
 .data          0x00010588        0x0 c:/altera/13.0sp1/nios2eds/bin/gnu/h-i686-mingw32/bin/../lib/gcc/nios2-elf/4.1.2\libgcc.a(_gt_sf.o)
 .data          0x00010588        0x0 c:/altera/13.0sp1/nios2eds/bin/gnu/h-i686-mingw32/bin/../lib/gcc/nios2-elf/4.1.2\libgcc.a(_si_to_sf.o)
 .data          0x00010588        0x0 c:/altera/13.0sp1/nios2eds/bin/gnu/h-i686-mingw32/bin/../lib/gcc/nios2-elf/4.1.2\libgcc.a(_addsub_df.o)
 .data          0x00010588        0x0 c:/altera/13.0sp1/nios2eds/bin/gnu/h-i686-mingw32/bin/../lib/gcc/nios2-elf/4.1.2\libgcc.a(_mul_df.o)
 .data          0x00010588        0x0 c:/altera/13.0sp1/nios2eds/bin/gnu/h-i686-mingw32/bin/../lib/gcc/nios2-elf/4.1.2\libgcc.a(_div_df.o)
 .data          0x00010588        0x0 c:/altera/13.0sp1/nios2eds/bin/gnu/h-i686-mingw32/bin/../lib/gcc/nios2-elf/4.1.2\libgcc.a(_gt_df.o)
 .data          0x00010588        0x0 c:/altera/13.0sp1/nios2eds/bin/gnu/h-i686-mingw32/bin/../lib/gcc/nios2-elf/4.1.2\libgcc.a(_lt_df.o)
 .data          0x00010588        0x0 c:/altera/13.0sp1/nios2eds/bin/gnu/h-i686-mingw32/bin/../lib/gcc/nios2-elf/4.1.2\libgcc.a(_si_to_df.o)
 .data          0x00010588        0x0 c:/altera/13.0sp1/nios2eds/bin/gnu/h-i686-mingw32/bin/../lib/gcc/nios2-elf/4.1.2\libgcc.a(_df_to_si.o)
 .data          0x00010588        0x0 c:/altera/13.0sp1/nios2eds/bin/gnu/h-i686-mingw32/bin/../lib/gcc/nios2-elf/4.1.2\libgcc.a(_thenan_df.o)
 .data          0x00010588        0x0 c:/altera/13.0sp1/nios2eds/bin/gnu/h-i686-mingw32/bin/../lib/gcc/nios2-elf/4.1.2\libgcc.a(_muldi3.o)
 .data          0x00010588        0x0 c:/altera/13.0sp1/nios2eds/bin/gnu/h-i686-mingw32/bin/../lib/gcc/nios2-elf/4.1.2\libgcc.a(_clzsi2.o)
 .data          0x00010588        0x0 c:/altera/13.0sp1/nios2eds/bin/gnu/h-i686-mingw32/bin/../lib/gcc/nios2-elf/4.1.2\libgcc.a(_pack_sf.o)
 .data          0x00010588        0x0 c:/altera/13.0sp1/nios2eds/bin/gnu/h-i686-mingw32/bin/../lib/gcc/nios2-elf/4.1.2\libgcc.a(_unpack_sf.o)
 .data          0x00010588        0x0 c:/altera/13.0sp1/nios2eds/bin/gnu/h-i686-mingw32/bin/../lib/gcc/nios2-elf/4.1.2\libgcc.a(_fpcmp_parts_sf.o)
 .data          0x00010588        0x0 c:/altera/13.0sp1/nios2eds/bin/gnu/h-i686-mingw32/bin/../lib/gcc/nios2-elf/4.1.2\libgcc.a(_pack_df.o)
 .data          0x00010588        0x0 c:/altera/13.0sp1/nios2eds/bin/gnu/h-i686-mingw32/bin/../lib/gcc/nios2-elf/4.1.2\libgcc.a(_unpack_df.o)
 .data          0x00010588        0x0 c:/altera/13.0sp1/nios2eds/bin/gnu/h-i686-mingw32/bin/../lib/gcc/nios2-elf/4.1.2\libgcc.a(_fpcmp_parts_df.o)
 .data          0x00010588        0x0 c:/altera/13.0sp1/nios2eds/bin/gnu/h-i686-mingw32/bin/../lib/gcc/nios2-elf/4.1.2\libgcc.a(_clz.o)
 .data          0x00010588        0x0 c:/altera/13.0sp1/nios2eds/bin/gnu/h-i686-mingw32/bin/../lib/gcc/nios2-elf/4.1.2/../../../../nios2-elf/lib\libc.a(lib_a-difftime.o)
 .data          0x00010588        0x0 c:/altera/13.0sp1/nios2eds/bin/gnu/h-i686-mingw32/bin/../lib/gcc/nios2-elf/4.1.2/../../../../nios2-elf/lib\libc.a(lib_a-errno.o)
 .data          0x00010588        0x0 c:/altera/13.0sp1/nios2eds/bin/gnu/h-i686-mingw32/bin/../lib/gcc/nios2-elf/4.1.2/../../../../nios2-elf/lib\libc.a(lib_a-fclose.o)
 .data          0x00010588        0x0 c:/altera/13.0sp1/nios2eds/bin/gnu/h-i686-mingw32/bin/../lib/gcc/nios2-elf/4.1.2/../../../../nios2-elf/lib\libc.a(lib_a-fflush.o)
 .data          0x00010588        0x0 c:/altera/13.0sp1/nios2eds/bin/gnu/h-i686-mingw32/bin/../lib/gcc/nios2-elf/4.1.2/../../../../nios2-elf/lib\libc.a(lib_a-findfp.o)
 .data          0x00010588        0x0 c:/altera/13.0sp1/nios2eds/bin/gnu/h-i686-mingw32/bin/../lib/gcc/nios2-elf/4.1.2/../../../../nios2-elf/lib\libc.a(lib_a-fopen.o)
 .data          0x00010588        0x0 c:/altera/13.0sp1/nios2eds/bin/gnu/h-i686-mingw32/bin/../lib/gcc/nios2-elf/4.1.2/../../../../nios2-elf/lib\libc.a(lib_a-fprintf.o)
 .data          0x00010588        0x0 c:/altera/13.0sp1/nios2eds/bin/gnu/h-i686-mingw32/bin/../lib/gcc/nios2-elf/4.1.2/../../../../nios2-elf/lib\libc.a(lib_a-fputc.o)
 .data          0x00010588        0x0 c:/altera/13.0sp1/nios2eds/bin/gnu/h-i686-mingw32/bin/../lib/gcc/nios2-elf/4.1.2/../../../../nios2-elf/lib\libc.a(lib_a-freer.o)
 .data          0x00010588        0x0 c:/altera/13.0sp1/nios2eds/bin/gnu/h-i686-mingw32/bin/../lib/gcc/nios2-elf/4.1.2/../../../../nios2-elf/lib\libc.a(lib_a-fseek.o)
 .data          0x00010588        0x0 c:/altera/13.0sp1/nios2eds/bin/gnu/h-i686-mingw32/bin/../lib/gcc/nios2-elf/4.1.2/../../../../nios2-elf/lib\libc.a(lib_a-fstatr.o)
 .data          0x00010588        0x0 c:/altera/13.0sp1/nios2eds/bin/gnu/h-i686-mingw32/bin/../lib/gcc/nios2-elf/4.1.2/../../../../nios2-elf/lib\libc.a(lib_a-fwalk.o)
 .data          0x00010588        0x0 c:/altera/13.0sp1/nios2eds/bin/gnu/h-i686-mingw32/bin/../lib/gcc/nios2-elf/4.1.2/../../../../nios2-elf/lib\libc.a(lib_a-fwrite.o)
 .data          0x00010588      0x400 c:/altera/13.0sp1/nios2eds/bin/gnu/h-i686-mingw32/bin/../lib/gcc/nios2-elf/4.1.2/../../../../nios2-elf/lib\libc.a(lib_a-impure.o)
 .data          0x00010988        0x0 c:/altera/13.0sp1/nios2eds/bin/gnu/h-i686-mingw32/bin/../lib/gcc/nios2-elf/4.1.2/../../../../nios2-elf/lib\libc.a(lib_a-int_errno.o)
 .data          0x00010988        0x0 c:/altera/13.0sp1/nios2eds/bin/gnu/h-i686-mingw32/bin/../lib/gcc/nios2-elf/4.1.2/../../../../nios2-elf/lib\libc.a(lib_a-makebuf.o)
 .data          0x00010988      0x408 c:/altera/13.0sp1/nios2eds/bin/gnu/h-i686-mingw32/bin/../lib/gcc/nios2-elf/4.1.2/../../../../nios2-elf/lib\libc.a(lib_a-mallocr.o)
                0x00010988                __malloc_av_
 .data          0x00010d90        0x0 c:/altera/13.0sp1/nios2eds/bin/gnu/h-i686-mingw32/bin/../lib/gcc/nios2-elf/4.1.2/../../../../nios2-elf/lib\libc.a(lib_a-memcpy.o)
 .data          0x00010d90        0x0 c:/altera/13.0sp1/nios2eds/bin/gnu/h-i686-mingw32/bin/../lib/gcc/nios2-elf/4.1.2/../../../../nios2-elf/lib\libc.a(lib_a-memset.o)
 .data          0x00010d90        0x0 c:/altera/13.0sp1/nios2eds/bin/gnu/h-i686-mingw32/bin/../lib/gcc/nios2-elf/4.1.2/../../../../nios2-elf/lib\libc.a(lib_a-openr.o)
 .data          0x00010d90        0x0 c:/altera/13.0sp1/nios2eds/bin/gnu/h-i686-mingw32/bin/../lib/gcc/nios2-elf/4.1.2/../../../../nios2-elf/lib\libc.a(lib_a-printf.o)
 .data          0x00010d90        0x0 c:/altera/13.0sp1/nios2eds/bin/gnu/h-i686-mingw32/bin/../lib/gcc/nios2-elf/4.1.2/../../../../nios2-elf/lib\libc.a(lib_a-putc.o)
 .data          0x00010d90        0x0 c:/altera/13.0sp1/nios2eds/bin/gnu/h-i686-mingw32/bin/../lib/gcc/nios2-elf/4.1.2/../../../../nios2-elf/lib\libc.a(lib_a-puts.o)
 .data          0x00010d90        0x0 c:/altera/13.0sp1/nios2eds/bin/gnu/h-i686-mingw32/bin/../lib/gcc/nios2-elf/4.1.2/../../../../nios2-elf/lib\libc.a(lib_a-refill.o)
 .data          0x00010d90        0x0 c:/altera/13.0sp1/nios2eds/bin/gnu/h-i686-mingw32/bin/../lib/gcc/nios2-elf/4.1.2/../../../../nios2-elf/lib\libc.a(lib_a-sbrkr.o)
 .data          0x00010d90        0x0 c:/altera/13.0sp1/nios2eds/bin/gnu/h-i686-mingw32/bin/../lib/gcc/nios2-elf/4.1.2/../../../../nios2-elf/lib\libc.a(lib_a-stdio.o)
 .data          0x00010d90        0x0 c:/altera/13.0sp1/nios2eds/bin/gnu/h-i686-mingw32/bin/../lib/gcc/nios2-elf/4.1.2/../../../../nios2-elf/lib\libc.a(lib_a-strlen.o)
 .data          0x00010d90        0x0 c:/altera/13.0sp1/nios2eds/bin/gnu/h-i686-mingw32/bin/../lib/gcc/nios2-elf/4.1.2/../../../../nios2-elf/lib\libc.a(lib_a-time.o)
 .data          0x00010d90        0x0 c:/altera/13.0sp1/nios2eds/bin/gnu/h-i686-mingw32/bin/../lib/gcc/nios2-elf/4.1.2/../../../../nios2-elf/lib\libc.a(lib_a-vfprintf.o)
 .data          0x00010d90        0x0 c:/altera/13.0sp1/nios2eds/bin/gnu/h-i686-mingw32/bin/../lib/gcc/nios2-elf/4.1.2/../../../../nios2-elf/lib\libc.a(lib_a-wbuf.o)
 .data          0x00010d90        0x0 c:/altera/13.0sp1/nios2eds/bin/gnu/h-i686-mingw32/bin/../lib/gcc/nios2-elf/4.1.2/../../../../nios2-elf/lib\libc.a(lib_a-writer.o)
 .data          0x00010d90        0x0 c:/altera/13.0sp1/nios2eds/bin/gnu/h-i686-mingw32/bin/../lib/gcc/nios2-elf/4.1.2/../../../../nios2-elf/lib\libc.a(lib_a-wsetup.o)
 .data          0x00010d90        0x0 c:/altera/13.0sp1/nios2eds/bin/gnu/h-i686-mingw32/bin/../lib/gcc/nios2-elf/4.1.2/../../../../nios2-elf/lib\libc.a(lib_a-closer.o)
 .data          0x00010d90        0x0 c:/altera/13.0sp1/nios2eds/bin/gnu/h-i686-mingw32/bin/../lib/gcc/nios2-elf/4.1.2/../../../../nios2-elf/lib\libc.a(lib_a-dtoa.o)
 .data          0x00010d90        0x0 c:/altera/13.0sp1/nios2eds/bin/gnu/h-i686-mingw32/bin/../lib/gcc/nios2-elf/4.1.2/../../../../nios2-elf/lib\libc.a(lib_a-flags.o)
 .data          0x00010d90        0x0 c:/altera/13.0sp1/nios2eds/bin/gnu/h-i686-mingw32/bin/../lib/gcc/nios2-elf/4.1.2/../../../../nios2-elf/lib\libc.a(lib_a-fvwrite.o)
 .data          0x00010d90        0x0 c:/altera/13.0sp1/nios2eds/bin/gnu/h-i686-mingw32/bin/../lib/gcc/nios2-elf/4.1.2/../../../../nios2-elf/lib\libc.a(lib_a-gettimeofdayr.o)
 .data          0x00010d90        0x0 c:/altera/13.0sp1/nios2eds/bin/gnu/h-i686-mingw32/bin/../lib/gcc/nios2-elf/4.1.2/../../../../nios2-elf/lib\libc.a(lib_a-isattyr.o)
 .data          0x00010d90        0xc c:/altera/13.0sp1/nios2eds/bin/gnu/h-i686-mingw32/bin/../lib/gcc/nios2-elf/4.1.2/../../../../nios2-elf/lib\libc.a(lib_a-locale.o)
                0x00010d90                __lc_ctype
 .data          0x00010d9c        0x0 c:/altera/13.0sp1/nios2eds/bin/gnu/h-i686-mingw32/bin/../lib/gcc/nios2-elf/4.1.2/../../../../nios2-elf/lib\libc.a(lib_a-lseekr.o)
 .data          0x00010d9c        0x0 c:/altera/13.0sp1/nios2eds/bin/gnu/h-i686-mingw32/bin/../lib/gcc/nios2-elf/4.1.2/../../../../nios2-elf/lib\libc.a(lib_a-memchr.o)
 .data          0x00010d9c        0x0 c:/altera/13.0sp1/nios2eds/bin/gnu/h-i686-mingw32/bin/../lib/gcc/nios2-elf/4.1.2/../../../../nios2-elf/lib\libc.a(lib_a-memmove.o)
 .data          0x00010d9c        0x0 c:/altera/13.0sp1/nios2eds/bin/gnu/h-i686-mingw32/bin/../lib/gcc/nios2-elf/4.1.2/../../../../nios2-elf/lib\libc.a(lib_a-mprec.o)
 .data          0x00010d9c        0x0 c:/altera/13.0sp1/nios2eds/bin/gnu/h-i686-mingw32/bin/../lib/gcc/nios2-elf/4.1.2/../../../../nios2-elf/lib\libc.a(lib_a-readr.o)
 .data          0x00010d9c        0x0 c:/altera/13.0sp1/nios2eds/bin/gnu/h-i686-mingw32/bin/../lib/gcc/nios2-elf/4.1.2/../../../../nios2-elf/lib\libc.a(lib_a-reallocr.o)
 .data          0x00010d9c        0x0 c:/altera/13.0sp1/nios2eds/bin/gnu/h-i686-mingw32/bin/../lib/gcc/nios2-elf/4.1.2/../../../../nios2-elf/lib\libc.a(lib_a-s_isinfd.o)
 .data          0x00010d9c        0x0 c:/altera/13.0sp1/nios2eds/bin/gnu/h-i686-mingw32/bin/../lib/gcc/nios2-elf/4.1.2/../../../../nios2-elf/lib\libc.a(lib_a-strcmp.o)
 .data          0x00010d9c        0x0 c:/altera/13.0sp1/nios2eds/bin/gnu/h-i686-mingw32/bin/../lib/gcc/nios2-elf/4.1.2/../../../../nios2-elf/lib\libc.a(lib_a-callocr.o)
 .data          0x00010d9c        0x0 c:/altera/13.0sp1/nios2eds/bin/gnu/h-i686-mingw32/bin/../lib/gcc/nios2-elf/4.1.2\libgcc.a(_udivdi3.o)
 .data          0x00010d9c        0x0 c:/altera/13.0sp1/nios2eds/bin/gnu/h-i686-mingw32/bin/../lib/gcc/nios2-elf/4.1.2\libgcc.a(_umoddi3.o)
 .data          0x00010d9c        0x0 c:/altera/13.0sp1/nios2eds/bin/gnu/h-i686-mingw32/bin/../lib/gcc/nios2-elf/4.1.2\libgcc.a(_eq_df.o)
 .data          0x00010d9c        0x0 c:/altera/13.0sp1/nios2eds/bin/gnu/h-i686-mingw32/bin/../lib/gcc/nios2-elf/4.1.2\libgcc.a(_ne_df.o)
 .data          0x00010d9c        0x0 c:/altera/13.0sp1/nios2eds/bin/gnu/h-i686-mingw32/bin/../lib/gcc/nios2-elf/4.1.2\libgcc.a(_ge_df.o)
 .data          0x00010d9c        0x0 c:/altera/13.0sp1/nios2eds/bin/gnu/h-i686-mingw32/bin/../lib/gcc/nios2-elf/4.1.2\libgcc.a(_usi_to_df.o)
 .data          0x00010d9c        0x0 c:/altera/13.0sp1/nios2eds/bin/gnu/h-i686-mingw32/bin/../lib/gcc/nios2-elf/4.1.2\libgcc.a(lib2-divmod.o)
 .data          0x00010d9c        0x0 BSP/\libhal_bsp.a(alt_close.o)
 .data          0x00010d9c      0x1a8 BSP/\libhal_bsp.a(alt_dev.o)
                0x00010d9c                alt_dev_null
                0x00010dc4                alt_fd_list
 .data          0x00010f44        0x0 BSP/\libhal_bsp.a(alt_errno.o)
 .data          0x00010f44        0x0 BSP/\libhal_bsp.a(alt_fstat.o)
 .data          0x00010f44        0x0 BSP/\libhal_bsp.a(alt_gettod.o)
 .data          0x00010f44        0x0 BSP/\libhal_bsp.a(alt_irq_register.o)
 .data          0x00010f44        0x0 BSP/\libhal_bsp.a(alt_irq_vars.o)
 .data          0x00010f44        0x0 BSP/\libhal_bsp.a(alt_isatty.o)
 .data          0x00010f44        0x0 BSP/\libhal_bsp.a(alt_load.o)
 .data          0x00010f44        0x0 BSP/\libhal_bsp.a(alt_lseek.o)
 .data          0x00010f44        0x0 BSP/\libhal_bsp.a(alt_main.o)
 .data          0x00010f44        0x0 BSP/\libhal_bsp.a(alt_malloc_lock.o)
 .data          0x00010f44        0x0 BSP/\libhal_bsp.a(alt_open.o)
 .data          0x00010f44        0x0 BSP/\libhal_bsp.a(alt_read.o)
 .data          0x00010f44        0x0 BSP/\libhal_bsp.a(alt_release_fd.o)
 .data          0x00010f44        0x0 BSP/\libhal_bsp.a(alt_sbrk.o)
 .data          0x00010f44        0x0 BSP/\libhal_bsp.a(alt_tick.o)
 .data          0x00010f44        0x0 BSP/\libhal_bsp.a(alt_write.o)
 .data          0x00010f44     0x1494 BSP/\libhal_bsp.a(alt_sys_init.o)
 .data          0x000123d8        0x0 BSP/\libhal_bsp.a(altera_avalon_jtag_uart_fd.o)
 .data          0x000123d8        0x0 BSP/\libhal_bsp.a(altera_avalon_jtag_uart_init.o)
 .data          0x000123d8        0x0 BSP/\libhal_bsp.a(altera_avalon_jtag_uart_ioctl.o)
 .data          0x000123d8        0x0 BSP/\libhal_bsp.a(altera_avalon_jtag_uart_read.o)
 .data          0x000123d8        0x0 BSP/\libhal_bsp.a(altera_avalon_jtag_uart_write.o)
 .data          0x000123d8        0x0 BSP/\libhal_bsp.a(altera_avalon_sgdma.o)
 .data          0x000123d8        0x0 BSP/\libhal_bsp.a(altera_avalon_timer_sc.o)
 .data          0x000123d8        0x0 BSP/\libhal_bsp.a(altera_up_avalon_character_lcd.o)
 .data          0x000123d8        0x0 BSP/\libhal_bsp.a(altera_up_avalon_irda.o)
 .data          0x000123d8        0x0 BSP/\libhal_bsp.a(altera_up_avalon_ps2.o)
 .data          0x000123d8        0x0 BSP/\libhal_bsp.a(altera_up_avalon_rs232.o)
 .data          0x000123d8        0x0 BSP/\libhal_bsp.a(altera_up_avalon_video_character_buffer_with_dma.o)
 .data          0x000123d8        0x0 BSP/\libhal_bsp.a(alt_alarm_start.o)
 .data          0x000123d8        0x0 BSP/\libhal_bsp.a(alt_dcache_flush_all.o)
 .data          0x000123d8        0x0 BSP/\libhal_bsp.a(alt_dev_llist_insert.o)
 .data          0x000123d8        0x0 BSP/\libhal_bsp.a(alt_find_dev.o)
 .data          0x000123d8        0x0 BSP/\libhal_bsp.a(alt_find_file.o)
 .data          0x000123d8        0x0 BSP/\libhal_bsp.a(alt_get_fd.o)
 .data          0x000123d8        0x0 BSP/\libhal_bsp.a(alt_icache_flush_all.o)
 .data          0x000123d8        0x0 BSP/\libhal_bsp.a(alt_io_redirect.o)
 .data          0x000123d8        0x0 BSP/\libhal_bsp.a(alt_irq_entry.o)
 .data          0x000123d8        0x0 BSP/\libhal_bsp.a(alt_irq_handler.o)
 .data          0x000123d8        0x0 BSP/\libhal_bsp.a(alt_remap_uncached.o)
 .data          0x000123d8        0x0 BSP/\libhal_bsp.a(altera_nios2_qsys_irq.o)
 .data          0x000123d8        0x0 BSP/\libhal_bsp.a(alt_dcache_flush.o)
 .data          0x000123d8        0x0 BSP/\libhal_bsp.a(alt_exception_entry.o)
 .data          0x000123d8        0x0 BSP/\libhal_bsp.a(alt_icache_flush.o)
 .data          0x000123d8        0x0 c:/altera/13.0sp1/nios2eds/bin/gnu/h-i686-mingw32/bin/../lib/gcc/nios2-elf/4.1.2/../../../../nios2-elf/lib\libc.a(lib_a-exit.o)
 .data          0x000123d8        0x0 c:/altera/13.0sp1/nios2eds/bin/gnu/h-i686-mingw32/bin/../lib/gcc/nios2-elf/4.1.2/../../../../nios2-elf/lib\libc.a(lib_a-memcmp.o)
 .data          0x000123d8        0x0 c:/altera/13.0sp1/nios2eds/bin/gnu/h-i686-mingw32/bin/../lib/gcc/nios2-elf/4.1.2/../../../../nios2-elf/lib\libc.a(lib_a-__call_atexit.o)
 .data          0x000123d8        0x0 BSP/\libhal_bsp.a(alt_exit.o)
                0x0001a3d8                _gp = ABSOLUTE ((. + 0x8000))
                0x0001a3d8                PROVIDE (gp, _gp)
 *(.rwdata .rwdata.*)
 *(.sdata .sdata.* .gnu.linkonce.s.*)
 .sdata         0x000123d8        0x4 obj/default//C/Users/delgado4/Documents/GitHub/cube_solver/Final_Project/cube_solver.o
                0x000123d8                imagePtr
 .sdata         0x000123dc        0xc obj/default//C/Users/delgado4/Documents/GitHub/cube_solver/Final_Project/ee109-lib/camera.o
 .sdata         0x000123e8        0x8 obj/default//C/Users/delgado4/Documents/GitHub/cube_solver/Final_Project/ee109-lib/char_lcd.o
                0x000123e8                instruction_ptr
                0x000123ec                data_ptr
 .sdata         0x000123f0       0x10 obj/default//C/Users/delgado4/Documents/GitHub/cube_solver/Final_Project/ee109-lib/lcd.o
 .sdata         0x00012400        0xc obj/default//C/Users/delgado4/Documents/GitHub/cube_solver/Final_Project/ee109-lib/pushbuttons.o
 .sdata         0x0001240c       0x10 obj/default//C/Users/delgado4/Documents/GitHub/cube_solver/Final_Project/ee109-lib/vga.o
 .sdata         0x0001241c        0x4 c:/altera/13.0sp1/nios2eds/bin/gnu/h-i686-mingw32/bin/../lib/gcc/nios2-elf/4.1.2/../../../../nios2-elf/lib\libm.a(lib_a-s_lib_ver.o)
                0x0001241c                __fdlib_version
 .sdata         0x00012420        0x8 c:/altera/13.0sp1/nios2eds/bin/gnu/h-i686-mingw32/bin/../lib/gcc/nios2-elf/4.1.2/../../../../nios2-elf/lib\libc.a(lib_a-impure.o)
                0x00012420                _impure_ptr
                0x00012424                _global_impure_ptr
 .sdata         0x00012428        0x8 c:/altera/13.0sp1/nios2eds/bin/gnu/h-i686-mingw32/bin/../lib/gcc/nios2-elf/4.1.2/../../../../nios2-elf/lib\libc.a(lib_a-mallocr.o)
                0x00012428                __malloc_trim_threshold
                0x0001242c                __malloc_sbrk_base
 .sdata         0x00012430        0x8 c:/altera/13.0sp1/nios2eds/bin/gnu/h-i686-mingw32/bin/../lib/gcc/nios2-elf/4.1.2/../../../../nios2-elf/lib\libc.a(lib_a-locale.o)
                0x00012430                __mb_cur_max
 .sdata         0x00012438       0x14 BSP/\libhal_bsp.a(alt_dev.o)
                0x00012438                alt_fs_list
                0x00012440                alt_dev_list
                0x00012448                alt_max_fd
 .sdata         0x0001244c        0x4 BSP/\libhal_bsp.a(alt_errno.o)
                0x0001244c                alt_errno
 .sdata         0x00012450        0x4 BSP/\libhal_bsp.a(alt_irq_vars.o)
                0x00012450                alt_priority_mask
 .sdata         0x00012454        0x4 BSP/\libhal_bsp.a(alt_sbrk.o)
 .sdata         0x00012458        0x8 BSP/\libhal_bsp.a(alt_tick.o)
                0x00012458                alt_alarm_list
 .sdata         0x00012460        0x8 BSP/\libhal_bsp.a(altera_avalon_sgdma.o)
                0x00012460                alt_sgdma_list
 *(.sdata2 .sdata2.* .gnu.linkonce.s2.*)
                0x00012468                . = ALIGN (0x4)
                0x00012468                _edata = ABSOLUTE (.)
                0x00012468                PROVIDE (edata, ABSOLUTE (.))
                0x00012468                PROVIDE (__ram_rwdata_end, ABSOLUTE (.))
                0x00012468                PROVIDE (__flash_rwdata_start, LOADADDR (.rwdata))

.bss            0x00014390    0xc04f4
                0x00014390                __bss_start = ABSOLUTE (.)
                0x00014390                PROVIDE (__sbss_start, ABSOLUTE (.))
                0x00014390                PROVIDE (___sbss_start, ABSOLUTE (.))
 *(.dynsbss)
 *(.sbss .sbss.* .gnu.linkonce.sb.*)
 .sbss          0x00014390        0x4 obj/default//C/Users/delgado4/Documents/GitHub/cube_solver/Final_Project/cube_solver.o
                0x00014390                imageCaptured
 .sbss          0x00014394        0x4 c:/altera/13.0sp1/nios2eds/bin/gnu/h-i686-mingw32/bin/../lib/gcc/nios2-elf/4.1.2/../../../../nios2-elf/lib\libc.a(lib_a-int_errno.o)
                0x00014394                errno
 .sbss          0x00014398        0xc c:/altera/13.0sp1/nios2eds/bin/gnu/h-i686-mingw32/bin/../lib/gcc/nios2-elf/4.1.2/../../../../nios2-elf/lib\libc.a(lib_a-mallocr.o)
                0x00014398                __malloc_top_pad
                0x0001439c                __malloc_max_sbrked_mem
                0x000143a0                __malloc_max_total_mem
 .sbss          0x000143a4        0xc c:/altera/13.0sp1/nios2eds/bin/gnu/h-i686-mingw32/bin/../lib/gcc/nios2-elf/4.1.2/../../../../nios2-elf/lib\libc.a(lib_a-locale.o)
                0x000143a4                __nlocale_changed
                0x000143a8                __mlocale_changed
                0x000143ac                _PathLocale
 .sbss          0x000143b0       0x10 BSP/\libhal_bsp.a(alt_gettod.o)
                0x000143b0                alt_timezone
                0x000143b8                alt_resettime
 .sbss          0x000143c0        0x4 BSP/\libhal_bsp.a(alt_irq_vars.o)
                0x000143c0                alt_irq_active
 .sbss          0x000143c4        0xc BSP/\libhal_bsp.a(alt_main.o)
                0x000143c4                alt_argc
                0x000143c8                alt_argv
                0x000143cc                alt_envp
 .sbss          0x000143d0        0x8 BSP/\libhal_bsp.a(alt_tick.o)
                0x000143d0                _alt_tick_rate
                0x000143d4                _alt_nticks
 *(.sbss2 .sbss2.* .gnu.linkonce.sb2.*)
 *(.scommon)
                0x000143d8                PROVIDE (__sbss_end, ABSOLUTE (.))
                0x000143d8                PROVIDE (___sbss_end, ABSOLUTE (.))
 *(.dynbss)
 *(.bss .bss.* .gnu.linkonce.b.*)
 .bss           0x000143d8        0x0 BSP//obj/HAL/src/crt0.o
 .bss           0x000143d8        0x0 obj/default//C/Users/delgado4/Documents/GitHub/cube_solver/Final_Project/cube_solver.o
 .bss           0x000143d8        0x0 obj/default//C/Users/delgado4/Documents/GitHub/cube_solver/Final_Project/ee109-lib/camera.o
 .bss           0x000143d8        0x0 obj/default//C/Users/delgado4/Documents/GitHub/cube_solver/Final_Project/ee109-lib/char_lcd.o
 .bss           0x000143d8        0x0 obj/default//C/Users/delgado4/Documents/GitHub/cube_solver/Final_Project/ee109-lib/lcd.o
 .bss           0x000143d8        0x0 obj/default//C/Users/delgado4/Documents/GitHub/cube_solver/Final_Project/ee109-lib/pushbuttons.o
 .bss           0x000143d8        0x0 obj/default//C/Users/delgado4/Documents/GitHub/cube_solver/Final_Project/ee109-lib/vga.o
 .bss           0x000143d8        0x0 obj/default//C/Users/delgado4/Documents/GitHub/cube_solver/Final_Project/system_globals.o
 .bss           0x000143d8        0x0 c:/altera/13.0sp1/nios2eds/bin/gnu/h-i686-mingw32/bin/../lib/gcc/nios2-elf/4.1.2/../../../../nios2-elf/lib\libm.a(lib_a-w_sqrt.o)
 .bss           0x000143d8        0x0 c:/altera/13.0sp1/nios2eds/bin/gnu/h-i686-mingw32/bin/../lib/gcc/nios2-elf/4.1.2/../../../../nios2-elf/lib\libm.a(lib_a-e_sqrt.o)
 .bss           0x000143d8        0x0 c:/altera/13.0sp1/nios2eds/bin/gnu/h-i686-mingw32/bin/../lib/gcc/nios2-elf/4.1.2/../../../../nios2-elf/lib\libm.a(lib_a-s_isnand.o)
 .bss           0x000143d8        0x0 c:/altera/13.0sp1/nios2eds/bin/gnu/h-i686-mingw32/bin/../lib/gcc/nios2-elf/4.1.2/../../../../nios2-elf/lib\libm.a(lib_a-s_lib_ver.o)
 .bss           0x000143d8        0x0 c:/altera/13.0sp1/nios2eds/bin/gnu/h-i686-mingw32/bin/../lib/gcc/nios2-elf/4.1.2/../../../../nios2-elf/lib\libm.a(lib_a-s_matherr.o)
 .bss           0x000143d8        0x0 c:/altera/13.0sp1/nios2eds/bin/gnu/h-i686-mingw32/bin/../lib/gcc/nios2-elf/4.1.2\libgcc.a(_gt_sf.o)
 .bss           0x000143d8        0x0 c:/altera/13.0sp1/nios2eds/bin/gnu/h-i686-mingw32/bin/../lib/gcc/nios2-elf/4.1.2\libgcc.a(_si_to_sf.o)
 .bss           0x000143d8        0x0 c:/altera/13.0sp1/nios2eds/bin/gnu/h-i686-mingw32/bin/../lib/gcc/nios2-elf/4.1.2\libgcc.a(_addsub_df.o)
 .bss           0x000143d8        0x0 c:/altera/13.0sp1/nios2eds/bin/gnu/h-i686-mingw32/bin/../lib/gcc/nios2-elf/4.1.2\libgcc.a(_mul_df.o)
 .bss           0x000143d8        0x0 c:/altera/13.0sp1/nios2eds/bin/gnu/h-i686-mingw32/bin/../lib/gcc/nios2-elf/4.1.2\libgcc.a(_div_df.o)
 .bss           0x000143d8        0x0 c:/altera/13.0sp1/nios2eds/bin/gnu/h-i686-mingw32/bin/../lib/gcc/nios2-elf/4.1.2\libgcc.a(_gt_df.o)
 .bss           0x000143d8        0x0 c:/altera/13.0sp1/nios2eds/bin/gnu/h-i686-mingw32/bin/../lib/gcc/nios2-elf/4.1.2\libgcc.a(_lt_df.o)
 .bss           0x000143d8        0x0 c:/altera/13.0sp1/nios2eds/bin/gnu/h-i686-mingw32/bin/../lib/gcc/nios2-elf/4.1.2\libgcc.a(_si_to_df.o)
 .bss           0x000143d8        0x0 c:/altera/13.0sp1/nios2eds/bin/gnu/h-i686-mingw32/bin/../lib/gcc/nios2-elf/4.1.2\libgcc.a(_df_to_si.o)
 .bss           0x000143d8        0x0 c:/altera/13.0sp1/nios2eds/bin/gnu/h-i686-mingw32/bin/../lib/gcc/nios2-elf/4.1.2\libgcc.a(_thenan_df.o)
 .bss           0x000143d8        0x0 c:/altera/13.0sp1/nios2eds/bin/gnu/h-i686-mingw32/bin/../lib/gcc/nios2-elf/4.1.2\libgcc.a(_muldi3.o)
 .bss           0x000143d8        0x0 c:/altera/13.0sp1/nios2eds/bin/gnu/h-i686-mingw32/bin/../lib/gcc/nios2-elf/4.1.2\libgcc.a(_clzsi2.o)
 .bss           0x000143d8        0x0 c:/altera/13.0sp1/nios2eds/bin/gnu/h-i686-mingw32/bin/../lib/gcc/nios2-elf/4.1.2\libgcc.a(_pack_sf.o)
 .bss           0x000143d8        0x0 c:/altera/13.0sp1/nios2eds/bin/gnu/h-i686-mingw32/bin/../lib/gcc/nios2-elf/4.1.2\libgcc.a(_unpack_sf.o)
 .bss           0x000143d8        0x0 c:/altera/13.0sp1/nios2eds/bin/gnu/h-i686-mingw32/bin/../lib/gcc/nios2-elf/4.1.2\libgcc.a(_fpcmp_parts_sf.o)
 .bss           0x000143d8        0x0 c:/altera/13.0sp1/nios2eds/bin/gnu/h-i686-mingw32/bin/../lib/gcc/nios2-elf/4.1.2\libgcc.a(_pack_df.o)
 .bss           0x000143d8        0x0 c:/altera/13.0sp1/nios2eds/bin/gnu/h-i686-mingw32/bin/../lib/gcc/nios2-elf/4.1.2\libgcc.a(_unpack_df.o)
 .bss           0x000143d8        0x0 c:/altera/13.0sp1/nios2eds/bin/gnu/h-i686-mingw32/bin/../lib/gcc/nios2-elf/4.1.2\libgcc.a(_fpcmp_parts_df.o)
 .bss           0x000143d8        0x0 c:/altera/13.0sp1/nios2eds/bin/gnu/h-i686-mingw32/bin/../lib/gcc/nios2-elf/4.1.2\libgcc.a(_clz.o)
 .bss           0x000143d8        0x0 c:/altera/13.0sp1/nios2eds/bin/gnu/h-i686-mingw32/bin/../lib/gcc/nios2-elf/4.1.2/../../../../nios2-elf/lib\libc.a(lib_a-difftime.o)
 .bss           0x000143d8        0x0 c:/altera/13.0sp1/nios2eds/bin/gnu/h-i686-mingw32/bin/../lib/gcc/nios2-elf/4.1.2/../../../../nios2-elf/lib\libc.a(lib_a-errno.o)
 .bss           0x000143d8        0x0 c:/altera/13.0sp1/nios2eds/bin/gnu/h-i686-mingw32/bin/../lib/gcc/nios2-elf/4.1.2/../../../../nios2-elf/lib\libc.a(lib_a-fclose.o)
 .bss           0x000143d8        0x0 c:/altera/13.0sp1/nios2eds/bin/gnu/h-i686-mingw32/bin/../lib/gcc/nios2-elf/4.1.2/../../../../nios2-elf/lib\libc.a(lib_a-fflush.o)
 .bss           0x000143d8        0x0 c:/altera/13.0sp1/nios2eds/bin/gnu/h-i686-mingw32/bin/../lib/gcc/nios2-elf/4.1.2/../../../../nios2-elf/lib\libc.a(lib_a-findfp.o)
 .bss           0x000143d8        0x0 c:/altera/13.0sp1/nios2eds/bin/gnu/h-i686-mingw32/bin/../lib/gcc/nios2-elf/4.1.2/../../../../nios2-elf/lib\libc.a(lib_a-fopen.o)
 .bss           0x000143d8        0x0 c:/altera/13.0sp1/nios2eds/bin/gnu/h-i686-mingw32/bin/../lib/gcc/nios2-elf/4.1.2/../../../../nios2-elf/lib\libc.a(lib_a-fprintf.o)
 .bss           0x000143d8        0x0 c:/altera/13.0sp1/nios2eds/bin/gnu/h-i686-mingw32/bin/../lib/gcc/nios2-elf/4.1.2/../../../../nios2-elf/lib\libc.a(lib_a-fputc.o)
 .bss           0x000143d8        0x0 c:/altera/13.0sp1/nios2eds/bin/gnu/h-i686-mingw32/bin/../lib/gcc/nios2-elf/4.1.2/../../../../nios2-elf/lib\libc.a(lib_a-freer.o)
 .bss           0x000143d8        0x0 c:/altera/13.0sp1/nios2eds/bin/gnu/h-i686-mingw32/bin/../lib/gcc/nios2-elf/4.1.2/../../../../nios2-elf/lib\libc.a(lib_a-fseek.o)
 .bss           0x000143d8        0x0 c:/altera/13.0sp1/nios2eds/bin/gnu/h-i686-mingw32/bin/../lib/gcc/nios2-elf/4.1.2/../../../../nios2-elf/lib\libc.a(lib_a-fstatr.o)
 .bss           0x000143d8        0x0 c:/altera/13.0sp1/nios2eds/bin/gnu/h-i686-mingw32/bin/../lib/gcc/nios2-elf/4.1.2/../../../../nios2-elf/lib\libc.a(lib_a-fwalk.o)
 .bss           0x000143d8        0x0 c:/altera/13.0sp1/nios2eds/bin/gnu/h-i686-mingw32/bin/../lib/gcc/nios2-elf/4.1.2/../../../../nios2-elf/lib\libc.a(lib_a-fwrite.o)
 .bss           0x000143d8        0x0 c:/altera/13.0sp1/nios2eds/bin/gnu/h-i686-mingw32/bin/../lib/gcc/nios2-elf/4.1.2/../../../../nios2-elf/lib\libc.a(lib_a-impure.o)
 .bss           0x000143d8        0x0 c:/altera/13.0sp1/nios2eds/bin/gnu/h-i686-mingw32/bin/../lib/gcc/nios2-elf/4.1.2/../../../../nios2-elf/lib\libc.a(lib_a-int_errno.o)
 .bss           0x000143d8        0x0 c:/altera/13.0sp1/nios2eds/bin/gnu/h-i686-mingw32/bin/../lib/gcc/nios2-elf/4.1.2/../../../../nios2-elf/lib\libc.a(lib_a-makebuf.o)
 .bss           0x000143d8       0x28 c:/altera/13.0sp1/nios2eds/bin/gnu/h-i686-mingw32/bin/../lib/gcc/nios2-elf/4.1.2/../../../../nios2-elf/lib\libc.a(lib_a-mallocr.o)
                0x000143d8                __malloc_current_mallinfo
 .bss           0x00014400        0x0 c:/altera/13.0sp1/nios2eds/bin/gnu/h-i686-mingw32/bin/../lib/gcc/nios2-elf/4.1.2/../../../../nios2-elf/lib\libc.a(lib_a-memcpy.o)
 .bss           0x00014400        0x0 c:/altera/13.0sp1/nios2eds/bin/gnu/h-i686-mingw32/bin/../lib/gcc/nios2-elf/4.1.2/../../../../nios2-elf/lib\libc.a(lib_a-memset.o)
 .bss           0x00014400        0x0 c:/altera/13.0sp1/nios2eds/bin/gnu/h-i686-mingw32/bin/../lib/gcc/nios2-elf/4.1.2/../../../../nios2-elf/lib\libc.a(lib_a-openr.o)
 .bss           0x00014400        0x0 c:/altera/13.0sp1/nios2eds/bin/gnu/h-i686-mingw32/bin/../lib/gcc/nios2-elf/4.1.2/../../../../nios2-elf/lib\libc.a(lib_a-printf.o)
 .bss           0x00014400        0x0 c:/altera/13.0sp1/nios2eds/bin/gnu/h-i686-mingw32/bin/../lib/gcc/nios2-elf/4.1.2/../../../../nios2-elf/lib\libc.a(lib_a-putc.o)
 .bss           0x00014400        0x0 c:/altera/13.0sp1/nios2eds/bin/gnu/h-i686-mingw32/bin/../lib/gcc/nios2-elf/4.1.2/../../../../nios2-elf/lib\libc.a(lib_a-puts.o)
 .bss           0x00014400        0x0 c:/altera/13.0sp1/nios2eds/bin/gnu/h-i686-mingw32/bin/../lib/gcc/nios2-elf/4.1.2/../../../../nios2-elf/lib\libc.a(lib_a-refill.o)
 .bss           0x00014400        0x0 c:/altera/13.0sp1/nios2eds/bin/gnu/h-i686-mingw32/bin/../lib/gcc/nios2-elf/4.1.2/../../../../nios2-elf/lib\libc.a(lib_a-sbrkr.o)
 .bss           0x00014400        0x0 c:/altera/13.0sp1/nios2eds/bin/gnu/h-i686-mingw32/bin/../lib/gcc/nios2-elf/4.1.2/../../../../nios2-elf/lib\libc.a(lib_a-stdio.o)
 .bss           0x00014400        0x0 c:/altera/13.0sp1/nios2eds/bin/gnu/h-i686-mingw32/bin/../lib/gcc/nios2-elf/4.1.2/../../../../nios2-elf/lib\libc.a(lib_a-strlen.o)
 .bss           0x00014400        0x0 c:/altera/13.0sp1/nios2eds/bin/gnu/h-i686-mingw32/bin/../lib/gcc/nios2-elf/4.1.2/../../../../nios2-elf/lib\libc.a(lib_a-time.o)
 .bss           0x00014400        0x0 c:/altera/13.0sp1/nios2eds/bin/gnu/h-i686-mingw32/bin/../lib/gcc/nios2-elf/4.1.2/../../../../nios2-elf/lib\libc.a(lib_a-vfprintf.o)
 .bss           0x00014400        0x0 c:/altera/13.0sp1/nios2eds/bin/gnu/h-i686-mingw32/bin/../lib/gcc/nios2-elf/4.1.2/../../../../nios2-elf/lib\libc.a(lib_a-wbuf.o)
 .bss           0x00014400        0x0 c:/altera/13.0sp1/nios2eds/bin/gnu/h-i686-mingw32/bin/../lib/gcc/nios2-elf/4.1.2/../../../../nios2-elf/lib\libc.a(lib_a-writer.o)
 .bss           0x00014400        0x0 c:/altera/13.0sp1/nios2eds/bin/gnu/h-i686-mingw32/bin/../lib/gcc/nios2-elf/4.1.2/../../../../nios2-elf/lib\libc.a(lib_a-wsetup.o)
 .bss           0x00014400        0x0 c:/altera/13.0sp1/nios2eds/bin/gnu/h-i686-mingw32/bin/../lib/gcc/nios2-elf/4.1.2/../../../../nios2-elf/lib\libc.a(lib_a-closer.o)
 .bss           0x00014400        0x0 c:/altera/13.0sp1/nios2eds/bin/gnu/h-i686-mingw32/bin/../lib/gcc/nios2-elf/4.1.2/../../../../nios2-elf/lib\libc.a(lib_a-dtoa.o)
 .bss           0x00014400        0x0 c:/altera/13.0sp1/nios2eds/bin/gnu/h-i686-mingw32/bin/../lib/gcc/nios2-elf/4.1.2/../../../../nios2-elf/lib\libc.a(lib_a-flags.o)
 .bss           0x00014400        0x0 c:/altera/13.0sp1/nios2eds/bin/gnu/h-i686-mingw32/bin/../lib/gcc/nios2-elf/4.1.2/../../../../nios2-elf/lib\libc.a(lib_a-fvwrite.o)
 .bss           0x00014400        0x0 c:/altera/13.0sp1/nios2eds/bin/gnu/h-i686-mingw32/bin/../lib/gcc/nios2-elf/4.1.2/../../../../nios2-elf/lib\libc.a(lib_a-gettimeofdayr.o)
 .bss           0x00014400        0x0 c:/altera/13.0sp1/nios2eds/bin/gnu/h-i686-mingw32/bin/../lib/gcc/nios2-elf/4.1.2/../../../../nios2-elf/lib\libc.a(lib_a-isattyr.o)
 .bss           0x00014400        0x0 c:/altera/13.0sp1/nios2eds/bin/gnu/h-i686-mingw32/bin/../lib/gcc/nios2-elf/4.1.2/../../../../nios2-elf/lib\libc.a(lib_a-locale.o)
 .bss           0x00014400        0x0 c:/altera/13.0sp1/nios2eds/bin/gnu/h-i686-mingw32/bin/../lib/gcc/nios2-elf/4.1.2/../../../../nios2-elf/lib\libc.a(lib_a-lseekr.o)
 .bss           0x00014400        0x0 c:/altera/13.0sp1/nios2eds/bin/gnu/h-i686-mingw32/bin/../lib/gcc/nios2-elf/4.1.2/../../../../nios2-elf/lib\libc.a(lib_a-memchr.o)
 .bss           0x00014400        0x0 c:/altera/13.0sp1/nios2eds/bin/gnu/h-i686-mingw32/bin/../lib/gcc/nios2-elf/4.1.2/../../../../nios2-elf/lib\libc.a(lib_a-memmove.o)
 .bss           0x00014400        0x0 c:/altera/13.0sp1/nios2eds/bin/gnu/h-i686-mingw32/bin/../lib/gcc/nios2-elf/4.1.2/../../../../nios2-elf/lib\libc.a(lib_a-mprec.o)
 .bss           0x00014400        0x0 c:/altera/13.0sp1/nios2eds/bin/gnu/h-i686-mingw32/bin/../lib/gcc/nios2-elf/4.1.2/../../../../nios2-elf/lib\libc.a(lib_a-readr.o)
 .bss           0x00014400        0x0 c:/altera/13.0sp1/nios2eds/bin/gnu/h-i686-mingw32/bin/../lib/gcc/nios2-elf/4.1.2/../../../../nios2-elf/lib\libc.a(lib_a-reallocr.o)
 .bss           0x00014400        0x0 c:/altera/13.0sp1/nios2eds/bin/gnu/h-i686-mingw32/bin/../lib/gcc/nios2-elf/4.1.2/../../../../nios2-elf/lib\libc.a(lib_a-s_isinfd.o)
 .bss           0x00014400        0x0 c:/altera/13.0sp1/nios2eds/bin/gnu/h-i686-mingw32/bin/../lib/gcc/nios2-elf/4.1.2/../../../../nios2-elf/lib\libc.a(lib_a-strcmp.o)
 .bss           0x00014400        0x0 c:/altera/13.0sp1/nios2eds/bin/gnu/h-i686-mingw32/bin/../lib/gcc/nios2-elf/4.1.2/../../../../nios2-elf/lib\libc.a(lib_a-callocr.o)
 .bss           0x00014400        0x0 c:/altera/13.0sp1/nios2eds/bin/gnu/h-i686-mingw32/bin/../lib/gcc/nios2-elf/4.1.2\libgcc.a(_udivdi3.o)
 .bss           0x00014400        0x0 c:/altera/13.0sp1/nios2eds/bin/gnu/h-i686-mingw32/bin/../lib/gcc/nios2-elf/4.1.2\libgcc.a(_umoddi3.o)
 .bss           0x00014400        0x0 c:/altera/13.0sp1/nios2eds/bin/gnu/h-i686-mingw32/bin/../lib/gcc/nios2-elf/4.1.2\libgcc.a(_eq_df.o)
 .bss           0x00014400        0x0 c:/altera/13.0sp1/nios2eds/bin/gnu/h-i686-mingw32/bin/../lib/gcc/nios2-elf/4.1.2\libgcc.a(_ne_df.o)
 .bss           0x00014400        0x0 c:/altera/13.0sp1/nios2eds/bin/gnu/h-i686-mingw32/bin/../lib/gcc/nios2-elf/4.1.2\libgcc.a(_ge_df.o)
 .bss           0x00014400        0x0 c:/altera/13.0sp1/nios2eds/bin/gnu/h-i686-mingw32/bin/../lib/gcc/nios2-elf/4.1.2\libgcc.a(_usi_to_df.o)
 .bss           0x00014400        0x0 c:/altera/13.0sp1/nios2eds/bin/gnu/h-i686-mingw32/bin/../lib/gcc/nios2-elf/4.1.2\libgcc.a(lib2-divmod.o)
 .bss           0x00014400        0x0 BSP/\libhal_bsp.a(alt_close.o)
 .bss           0x00014400        0x0 BSP/\libhal_bsp.a(alt_dev.o)
 .bss           0x00014400        0x0 BSP/\libhal_bsp.a(alt_errno.o)
 .bss           0x00014400        0x0 BSP/\libhal_bsp.a(alt_fstat.o)
 .bss           0x00014400        0x0 BSP/\libhal_bsp.a(alt_gettod.o)
 .bss           0x00014400        0x0 BSP/\libhal_bsp.a(alt_irq_register.o)
 .bss           0x00014400        0x0 BSP/\libhal_bsp.a(alt_irq_vars.o)
 .bss           0x00014400        0x0 BSP/\libhal_bsp.a(alt_isatty.o)
 .bss           0x00014400        0x0 BSP/\libhal_bsp.a(alt_load.o)
 .bss           0x00014400        0x0 BSP/\libhal_bsp.a(alt_lseek.o)
 .bss           0x00014400        0x0 BSP/\libhal_bsp.a(alt_main.o)
 .bss           0x00014400        0x0 BSP/\libhal_bsp.a(alt_malloc_lock.o)
 .bss           0x00014400        0x0 BSP/\libhal_bsp.a(alt_open.o)
 .bss           0x00014400        0x0 BSP/\libhal_bsp.a(alt_read.o)
 .bss           0x00014400        0x0 BSP/\libhal_bsp.a(alt_release_fd.o)
 .bss           0x00014400        0x0 BSP/\libhal_bsp.a(alt_sbrk.o)
 .bss           0x00014400        0x0 BSP/\libhal_bsp.a(alt_tick.o)
 .bss           0x00014400        0x0 BSP/\libhal_bsp.a(alt_write.o)
 .bss           0x00014400        0x0 BSP/\libhal_bsp.a(alt_sys_init.o)
 .bss           0x00014400        0x0 BSP/\libhal_bsp.a(altera_avalon_jtag_uart_fd.o)
 .bss           0x00014400        0x0 BSP/\libhal_bsp.a(altera_avalon_jtag_uart_init.o)
 .bss           0x00014400        0x0 BSP/\libhal_bsp.a(altera_avalon_jtag_uart_ioctl.o)
 .bss           0x00014400        0x0 BSP/\libhal_bsp.a(altera_avalon_jtag_uart_read.o)
 .bss           0x00014400        0x0 BSP/\libhal_bsp.a(altera_avalon_jtag_uart_write.o)
 .bss           0x00014400        0x0 BSP/\libhal_bsp.a(altera_avalon_sgdma.o)
 .bss           0x00014400        0x0 BSP/\libhal_bsp.a(altera_avalon_timer_sc.o)
 .bss           0x00014400        0x0 BSP/\libhal_bsp.a(altera_up_avalon_character_lcd.o)
 .bss           0x00014400        0x0 BSP/\libhal_bsp.a(altera_up_avalon_irda.o)
 .bss           0x00014400        0x0 BSP/\libhal_bsp.a(altera_up_avalon_ps2.o)
 .bss           0x00014400        0x0 BSP/\libhal_bsp.a(altera_up_avalon_rs232.o)
 .bss           0x00014400        0x0 BSP/\libhal_bsp.a(altera_up_avalon_video_character_buffer_with_dma.o)
 .bss           0x00014400        0x0 BSP/\libhal_bsp.a(alt_alarm_start.o)
 .bss           0x00014400        0x0 BSP/\libhal_bsp.a(alt_dcache_flush_all.o)
 .bss           0x00014400        0x0 BSP/\libhal_bsp.a(alt_dev_llist_insert.o)
 .bss           0x00014400        0x0 BSP/\libhal_bsp.a(alt_find_dev.o)
 .bss           0x00014400        0x0 BSP/\libhal_bsp.a(alt_find_file.o)
 .bss           0x00014400        0x0 BSP/\libhal_bsp.a(alt_get_fd.o)
 .bss           0x00014400        0x0 BSP/\libhal_bsp.a(alt_icache_flush_all.o)
 .bss           0x00014400        0x0 BSP/\libhal_bsp.a(alt_io_redirect.o)
 .bss           0x00014400        0x0 BSP/\libhal_bsp.a(alt_irq_entry.o)
 .bss           0x00014400        0x0 BSP/\libhal_bsp.a(alt_irq_handler.o)
 .bss           0x00014400        0x0 BSP/\libhal_bsp.a(alt_remap_uncached.o)
 .bss           0x00014400        0x0 BSP/\libhal_bsp.a(altera_nios2_qsys_irq.o)
 .bss           0x00014400        0x0 BSP/\libhal_bsp.a(alt_dcache_flush.o)
 .bss           0x00014400        0x0 BSP/\libhal_bsp.a(alt_exception_entry.o)
 .bss           0x00014400        0x0 BSP/\libhal_bsp.a(alt_icache_flush.o)
 .bss           0x00014400        0x0 c:/altera/13.0sp1/nios2eds/bin/gnu/h-i686-mingw32/bin/../lib/gcc/nios2-elf/4.1.2/../../../../nios2-elf/lib\libc.a(lib_a-exit.o)
 .bss           0x00014400        0x0 c:/altera/13.0sp1/nios2eds/bin/gnu/h-i686-mingw32/bin/../lib/gcc/nios2-elf/4.1.2/../../../../nios2-elf/lib\libc.a(lib_a-memcmp.o)
 .bss           0x00014400        0x0 c:/altera/13.0sp1/nios2eds/bin/gnu/h-i686-mingw32/bin/../lib/gcc/nios2-elf/4.1.2/../../../../nios2-elf/lib\libc.a(lib_a-__call_atexit.o)
 .bss           0x00014400        0x0 BSP/\libhal_bsp.a(alt_exit.o)
 *(COMMON)
 COMMON         0x00014400    0xc0382 obj/default//C/Users/delgado4/Documents/GitHub/cube_solver/Final_Project/cube_solver.o
                0x00014400                capturedImage
                0x000d4400                pixelData
 *fill*         0x000d4782        0x2 00
 COMMON         0x000d4784      0x100 BSP/\libhal_bsp.a(alt_irq_handler.o)
                0x000d4784                alt_irq
                0x000d4884                . = ALIGN (0x4)
                0x000d4884                __bss_end = ABSOLUTE (.)

.SDRAM          0x000d4884        0x0
                0x000d4884                PROVIDE (_alt_partition_SDRAM_start, ABSOLUTE (.))
 *(.SDRAM. SDRAM.*)
                0x000d4884                . = ALIGN (0x4)
                0x000d4884                PROVIDE (_alt_partition_SDRAM_end, ABSOLUTE (.))
                0x000d4884                _end = ABSOLUTE (.)
                0x000d4884                end = ABSOLUTE (.)
                0x000d4884                __alt_stack_base = ABSOLUTE (.)
                0x000d4884                PROVIDE (_alt_partition_SDRAM_load_addr, LOADADDR (.SDRAM))

.descriptor_memory
                0x08200000        0x0 load address 0x000d4884
                0x08200000                PROVIDE (_alt_partition_descriptor_memory_start, ABSOLUTE (.))
 *(.descriptor_memory. descriptor_memory.*)
                0x08200000                . = ALIGN (0x4)
                0x08200000                PROVIDE (_alt_partition_descriptor_memory_end, ABSOLUTE (.))
                0x000d4884                PROVIDE (_alt_partition_descriptor_memory_load_addr, LOADADDR (.descriptor_memory))

.packet_memory  0x08201000        0x0 load address 0x000d4884
                0x08201000                PROVIDE (_alt_partition_packet_memory_start, ABSOLUTE (.))
 *(.packet_memory. packet_memory.*)
                0x08201000                . = ALIGN (0x4)
                0x08201000                PROVIDE (_alt_partition_packet_memory_end, ABSOLUTE (.))
                0x000d4884                PROVIDE (_alt_partition_packet_memory_load_addr, LOADADDR (.packet_memory))

.Flash_flash_data
                0x0c000000        0x0 load address 0x000d4884
                0x0c000000                PROVIDE (_alt_partition_Flash_flash_data_start, ABSOLUTE (.))
 *(.Flash_flash_data. Flash_flash_data.*)
                0x0c000000                . = ALIGN (0x4)
                0x0c000000                PROVIDE (_alt_partition_Flash_flash_data_end, ABSOLUTE (.))
                0x000d4884                PROVIDE (_alt_partition_Flash_flash_data_load_addr, LOADADDR (.Flash_flash_data))

.stab
 *(.stab)

.stabstr
 *(.stabstr)

.stab.excl
 *(.stab.excl)

.stab.exclstr
 *(.stab.exclstr)

.stab.index
 *(.stab.index)

.stab.indexstr
 *(.stab.indexstr)

.comment        0x00000000       0x26
 *(.comment)
 .comment       0x00000000       0x26 obj/default//C/Users/delgado4/Documents/GitHub/cube_solver/Final_Project/cube_solver.o
                                 0x27 (size before relaxing)
 .comment       0x00000000       0x27 obj/default//C/Users/delgado4/Documents/GitHub/cube_solver/Final_Project/ee109-lib/camera.o
 .comment       0x00000000       0x27 obj/default//C/Users/delgado4/Documents/GitHub/cube_solver/Final_Project/ee109-lib/char_lcd.o
 .comment       0x00000000       0x27 obj/default//C/Users/delgado4/Documents/GitHub/cube_solver/Final_Project/ee109-lib/lcd.o
 .comment       0x00000000       0x27 obj/default//C/Users/delgado4/Documents/GitHub/cube_solver/Final_Project/ee109-lib/pushbuttons.o
 .comment       0x00000000       0x27 obj/default//C/Users/delgado4/Documents/GitHub/cube_solver/Final_Project/ee109-lib/vga.o
 .comment       0x00000000       0x27 obj/default//C/Users/delgado4/Documents/GitHub/cube_solver/Final_Project/system_globals.o
 .comment       0x00000000       0x27 c:/altera/13.0sp1/nios2eds/bin/gnu/h-i686-mingw32/bin/../lib/gcc/nios2-elf/4.1.2/../../../../nios2-elf/lib\libm.a(lib_a-w_sqrt.o)
 .comment       0x00000000       0x27 c:/altera/13.0sp1/nios2eds/bin/gnu/h-i686-mingw32/bin/../lib/gcc/nios2-elf/4.1.2/../../../../nios2-elf/lib\libm.a(lib_a-e_sqrt.o)
 .comment       0x00000000       0x27 c:/altera/13.0sp1/nios2eds/bin/gnu/h-i686-mingw32/bin/../lib/gcc/nios2-elf/4.1.2/../../../../nios2-elf/lib\libm.a(lib_a-s_isnand.o)
 .comment       0x00000000       0x27 c:/altera/13.0sp1/nios2eds/bin/gnu/h-i686-mingw32/bin/../lib/gcc/nios2-elf/4.1.2/../../../../nios2-elf/lib\libm.a(lib_a-s_lib_ver.o)
 .comment       0x00000000       0x27 c:/altera/13.0sp1/nios2eds/bin/gnu/h-i686-mingw32/bin/../lib/gcc/nios2-elf/4.1.2/../../../../nios2-elf/lib\libm.a(lib_a-s_matherr.o)
 .comment       0x00000000       0x27 c:/altera/13.0sp1/nios2eds/bin/gnu/h-i686-mingw32/bin/../lib/gcc/nios2-elf/4.1.2\libgcc.a(_gt_sf.o)
 .comment       0x00000000       0x27 c:/altera/13.0sp1/nios2eds/bin/gnu/h-i686-mingw32/bin/../lib/gcc/nios2-elf/4.1.2\libgcc.a(_si_to_sf.o)
 .comment       0x00000000       0x27 c:/altera/13.0sp1/nios2eds/bin/gnu/h-i686-mingw32/bin/../lib/gcc/nios2-elf/4.1.2\libgcc.a(_addsub_df.o)
 .comment       0x00000000       0x27 c:/altera/13.0sp1/nios2eds/bin/gnu/h-i686-mingw32/bin/../lib/gcc/nios2-elf/4.1.2\libgcc.a(_mul_df.o)
 .comment       0x00000000       0x27 c:/altera/13.0sp1/nios2eds/bin/gnu/h-i686-mingw32/bin/../lib/gcc/nios2-elf/4.1.2\libgcc.a(_div_df.o)
 .comment       0x00000000       0x27 c:/altera/13.0sp1/nios2eds/bin/gnu/h-i686-mingw32/bin/../lib/gcc/nios2-elf/4.1.2\libgcc.a(_gt_df.o)
 .comment       0x00000000       0x27 c:/altera/13.0sp1/nios2eds/bin/gnu/h-i686-mingw32/bin/../lib/gcc/nios2-elf/4.1.2\libgcc.a(_lt_df.o)
 .comment       0x00000000       0x27 c:/altera/13.0sp1/nios2eds/bin/gnu/h-i686-mingw32/bin/../lib/gcc/nios2-elf/4.1.2\libgcc.a(_si_to_df.o)
 .comment       0x00000000       0x27 c:/altera/13.0sp1/nios2eds/bin/gnu/h-i686-mingw32/bin/../lib/gcc/nios2-elf/4.1.2\libgcc.a(_df_to_si.o)