Archive member included because of file (symbol)

c:/altera/13.0sp1/nios2eds/bin/gnu/h-i686-mingw32/bin/../lib/gcc/nios2-elf/4.1.2/../../../../nios2-elf/lib\libm.a(lib_a-w_sqrt.o)
                              obj/default//C/Users/delgado4/Documents/GitHub/cube_solver/Final_Project/cube_solver.o (sqrt)
c:/altera/13.0sp1/nios2eds/bin/gnu/h-i686-mingw32/bin/../lib/gcc/nios2-elf/4.1.2/../../../../nios2-elf/lib\libm.a(lib_a-e_sqrt.o)
                              c:/altera/13.0sp1/nios2eds/bin/gnu/h-i686-mingw32/bin/../lib/gcc/nios2-elf/4.1.2/../../../../nios2-elf/lib\libm.a(lib_a-w_sqrt.o) (__ieee754_sqrt)
c:/altera/13.0sp1/nios2eds/bin/gnu/h-i686-mingw32/bin/../lib/gcc/nios2-elf/4.1.2/../../../../nios2-elf/lib\libm.a(lib_a-s_isnand.o)
                              c:/altera/13.0sp1/nios2eds/bin/gnu/h-i686-mingw32/bin/../lib/gcc/nios2-elf/4.1.2/../../../../nios2-elf/lib\libm.a(lib_a-w_sqrt.o) (__isnand)
c:/altera/13.0sp1/nios2eds/bin/gnu/h-i686-mingw32/bin/../lib/gcc/nios2-elf/4.1.2/../../../../nios2-elf/lib\libm.a(lib_a-s_lib_ver.o)
                              c:/altera/13.0sp1/nios2eds/bin/gnu/h-i686-mingw32/bin/../lib/gcc/nios2-elf/4.1.2/../../../../nios2-elf/lib\libm.a(lib_a-w_sqrt.o) (__fdlib_version)
c:/altera/13.0sp1/nios2eds/bin/gnu/h-i686-mingw32/bin/../lib/gcc/nios2-elf/4.1.2/../../../../nios2-elf/lib\libm.a(lib_a-s_matherr.o)
                              c:/altera/13.0sp1/nios2eds/bin/gnu/h-i686-mingw32/bin/../lib/gcc/nios2-elf/4.1.2/../../../../nios2-elf/lib\libm.a(lib_a-w_sqrt.o) (matherr)
c:/altera/13.0sp1/nios2eds/bin/gnu/h-i686-mingw32/bin/../lib/gcc/nios2-elf/4.1.2\libgcc.a(_addsub_df.o)
                              obj/default//C/Users/delgado4/Documents/GitHub/cube_solver/Final_Project/cube_solver.o (__subdf3)
c:/altera/13.0sp1/nios2eds/bin/gnu/h-i686-mingw32/bin/../lib/gcc/nios2-elf/4.1.2\libgcc.a(_mul_df.o)
                              obj/default//C/Users/delgado4/Documents/GitHub/cube_solver/Final_Project/cube_solver.o (__muldf3)
c:/altera/13.0sp1/nios2eds/bin/gnu/h-i686-mingw32/bin/../lib/gcc/nios2-elf/4.1.2\libgcc.a(_div_df.o)
                              obj/default//C/Users/delgado4/Documents/GitHub/cube_solver/Final_Project/cube_solver.o (__divdf3)
c:/altera/13.0sp1/nios2eds/bin/gnu/h-i686-mingw32/bin/../lib/gcc/nios2-elf/4.1.2\libgcc.a(_gt_df.o)
                              obj/default//C/Users/delgado4/Documents/GitHub/cube_solver/Final_Project/cube_solver.o (__gtdf2)
c:/altera/13.0sp1/nios2eds/bin/gnu/h-i686-mingw32/bin/../lib/gcc/nios2-elf/4.1.2\libgcc.a(_lt_df.o)
                              c:/altera/13.0sp1/nios2eds/bin/gnu/h-i686-mingw32/bin/../lib/gcc/nios2-elf/4.1.2/../../../../nios2-elf/lib\libm.a(lib_a-w_sqrt.o) (__ltdf2)
c:/altera/13.0sp1/nios2eds/bin/gnu/h-i686-mingw32/bin/../lib/gcc/nios2-elf/4.1.2\libgcc.a(_si_to_df.o)
                              obj/default//C/Users/delgado4/Documents/GitHub/cube_solver/Final_Project/cube_solver.o (__floatsidf)
c:/altera/13.0sp1/nios2eds/bin/gnu/h-i686-mingw32/bin/../lib/gcc/nios2-elf/4.1.2\libgcc.a(_df_to_si.o)
                              obj/default//C/Users/delgado4/Documents/GitHub/cube_solver/Final_Project/cube_solver.o (__fixdfsi)
c:/altera/13.0sp1/nios2eds/bin/gnu/h-i686-mingw32/bin/../lib/gcc/nios2-elf/4.1.2\libgcc.a(_thenan_df.o)
                              c:/altera/13.0sp1/nios2eds/bin/gnu/h-i686-mingw32/bin/../lib/gcc/nios2-elf/4.1.2\libgcc.a(_addsub_df.o) (__thenan_df)
c:/altera/13.0sp1/nios2eds/bin/gnu/h-i686-mingw32/bin/../lib/gcc/nios2-elf/4.1.2\libgcc.a(_muldi3.o)
                              c:/altera/13.0sp1/nios2eds/bin/gnu/h-i686-mingw32/bin/../lib/gcc/nios2-elf/4.1.2\libgcc.a(_mul_df.o) (__muldi3)
c:/altera/13.0sp1/nios2eds/bin/gnu/h-i686-mingw32/bin/../lib/gcc/nios2-elf/4.1.2\libgcc.a(_clzsi2.o)
                              c:/altera/13.0sp1/nios2eds/bin/gnu/h-i686-mingw32/bin/../lib/gcc/nios2-elf/4.1.2\libgcc.a(_si_to_df.o) (__clzsi2)
c:/altera/13.0sp1/nios2eds/bin/gnu/h-i686-mingw32/bin/../lib/gcc/nios2-elf/4.1.2\libgcc.a(_pack_df.o)
                              c:/altera/13.0sp1/nios2eds/bin/gnu/h-i686-mingw32/bin/../lib/gcc/nios2-elf/4.1.2\libgcc.a(_addsub_df.o) (__pack_d)
c:/altera/13.0sp1/nios2eds/bin/gnu/h-i686-mingw32/bin/../lib/gcc/nios2-elf/4.1.2\libgcc.a(_unpack_df.o)
                              c:/altera/13.0sp1/nios2eds/bin/gnu/h-i686-mingw32/bin/../lib/gcc/nios2-elf/4.1.2\libgcc.a(_addsub_df.o) (__unpack_d)
c:/altera/13.0sp1/nios2eds/bin/gnu/h-i686-mingw32/bin/../lib/gcc/nios2-elf/4.1.2\libgcc.a(_fpcmp_parts_df.o)
                              c:/altera/13.0sp1/nios2eds/bin/gnu/h-i686-mingw32/bin/../lib/gcc/nios2-elf/4.1.2\libgcc.a(_gt_df.o) (__fpcmp_parts_d)
c:/altera/13.0sp1/nios2eds/bin/gnu/h-i686-mingw32/bin/../lib/gcc/nios2-elf/4.1.2\libgcc.a(_clz.o)
                              c:/altera/13.0sp1/nios2eds/bin/gnu/h-i686-mingw32/bin/../lib/gcc/nios2-elf/4.1.2\libgcc.a(_clzsi2.o) (__clz_tab)
[...]
Memory Configuration

Name             Origin             Length             Attributes
reset            0x00000000         0x00000020
SDRAM            0x00000020         0x07ffffe0
descriptor_memory 0x08200000         0x00001000
packet_memory    0x08201000         0x00001000
Flash_flash_data 0x0c000000         0x00800000
*default*        0x00000000         0xffffffff

Linker script and memory map

LOAD BSP//obj/HAL/src/crt0.o
LOAD obj/default//C/Users/delgado4/Documents/GitHub/cube_solver/Final_Project/cube_solver.o
LOAD obj/default//C/Users/delgado4/Documents/GitHub/cube_solver/Final_Project/ee109-lib/camera.o
LOAD obj/default//C/Users/delgado4/Documents/GitHub/cube_solver/Final_Project/ee109-lib/char_lcd.o
LOAD obj/default//C/Users/delgado4/Documents/GitHub/cube_solver/Final_Project/ee109-lib/lcd.o
LOAD obj/default//C/Users/delgado4/Documents/GitHub/cube_solver/Final_Project/ee109-lib/pushbuttons.o
LOAD obj/default//C/Users/delgado4/Documents/GitHub/cube_solver/Final_Project/ee109-lib/vga.o
LOAD obj/default//C/Users/delgado4/Documents/GitHub/cube_solver/Final_Project/system_globals.o
LOAD c:/altera/13.0sp1/nios2eds/bin/gnu/h-i686-mingw32/bin/../lib/gcc/nios2-elf/4.1.2/../../../../nios2-elf/lib\libstdc++.a
LOAD c:/altera/13.0sp1/nios2eds/bin/gnu/h-i686-mingw32/bin/../lib/gcc/nios2-elf/4.1.2/../../../../nios2-elf/lib\libm.a
LOAD c:/altera/13.0sp1/nios2eds/bin/gnu/h-i686-mingw32/bin/../lib/gcc/nios2-elf/4.1.2\libgcc.a
START GROUP
LOAD c:/altera/13.0sp1/nios2eds/bin/gnu/h-i686-mingw32/bin/../lib/gcc/nios2-elf/4.1.2/../../../../nios2-elf/lib\libc.a
LOAD c:/altera/13.0sp1/nios2eds/bin/gnu/h-i686-mingw32/bin/../lib/gcc/nios2-elf/4.1.2\libgcc.a
LOAD BSP/\libhal_bsp.a
END GROUP
LOAD c:/altera/13.0sp1/nios2eds/bin/gnu/h-i686-mingw32/bin/../lib/gcc/nios2-elf/4.1.2\libgcc.a
                0x00000000                __alt_mem_SDRAM = 0x0
                0x08200000                __alt_mem_descriptor_memory = 0x8200000
                0x08201000                __alt_mem_packet_memory = 0x8201000
                0x0c000000                __alt_mem_Flash_flash_data = 0xc000000

.entry          0x00000000       0x20
 *(.entry)
 .entry         0x00000000       0x20 BSP//obj/HAL/src/crt0.o
                0x00000000                __reset

.exceptions     0x00000020      0x148
                0x00000020                PROVIDE (__ram_exceptions_start, ABSOLUTE (.))
                0x00000020                . = ALIGN (0x20)
 *(.irq)
 *(.exceptions.entry.label)
 .exceptions.entry.label
                0x00000020        0x0 BSP/\libhal_bsp.a(alt_irq_entry.o)
                0x00000020                alt_irq_entry
 .exceptions.entry.label
                0x00000020        0x0 BSP/\libhal_bsp.a(alt_exception_entry.o)
                0x00000020                alt_exception
 *(.exceptions.entry.user)
 *(.exceptions.entry)
 .exceptions.entry
                0x00000020       0x54 BSP/\libhal_bsp.a(alt_exception_entry.o)
 *(.exceptions.irqtest.user)
 *(.exceptions.irqtest)
 .exceptions.irqtest
                0x00000074       0x10 BSP/\libhal_bsp.a(alt_irq_entry.o)
 *(.exceptions.irqhandler.user)
 *(.exceptions.irqhandler)
 .exceptions.irqhandler
                0x00000084        0x4 BSP/\libhal_bsp.a(alt_irq_entry.o)
 *(.exceptions.irqreturn.user)
 *(.exceptions.irqreturn)
 .exceptions.irqreturn
                0x00000088        0x4 BSP/\libhal_bsp.a(alt_irq_entry.o)
 *(.exceptions.notirq.label)
 .exceptions.notirq.label
                0x0000008c        0x0 BSP/\libhal_bsp.a(alt_irq_entry.o)
 *(.exceptions.notirq.user)
 *(.exceptions.notirq)
 .exceptions.notirq
                0x0000008c        0x8 BSP/\libhal_bsp.a(alt_exception_entry.o)
 *(.exceptions.soft.user)
 *(.exceptions.soft)
 *(.exceptions.unknown.user)
 *(.exceptions.unknown)
 .exceptions.unknown
                0x00000094        0x4 BSP/\libhal_bsp.a(alt_exception_entry.o)
 *(.exceptions.exit.label)
 .exceptions.exit.label
                0x00000098        0x0 BSP/\libhal_bsp.a(alt_irq_entry.o)
 .exceptions.exit.label
                0x00000098        0x0 BSP/\libhal_bsp.a(alt_exception_entry.o)
 *(.exceptions.exit.user)
 *(.exceptions.exit)
 .exceptions.exit
                0x00000098       0x54 BSP/\libhal_bsp.a(alt_exception_entry.o)
 *(.exceptions)
 .exceptions    0x000000ec       0x7c BSP/\libhal_bsp.a(alt_irq_handler.o)
                0x000000ec                alt_irq_handler
                0x00000168                PROVIDE (__ram_exceptions_end, ABSOLUTE (.))
                0x00000020                PROVIDE (__flash_exceptions_start, LOADADDR (.exceptions))

.text           0x00000168     0xec4c
                0x00000168                PROVIDE (stext, ABSOLUTE (.))
 *(.interp)
 *(.hash)
 *(.dynsym)
 *(.dynstr)
 *(.gnu.version)
 *(.gnu.version_d)
 *(.gnu.version_r)
 *(.rel.init)
 *(.rela.init)
 *(.rel.text .rel.text.* .rel.gnu.linkonce.t.*)
 *(.rela.text .rela.text.* .rela.gnu.linkonce.t.*)
 *(.rel.fini)
 *(.rela.fini)
 *(.rel.rodata .rel.rodata.* .rel.gnu.linkonce.r.*)
 *(.rela.rodata .rela.rodata.* .rela.gnu.linkonce.r.*)
 *(.rel.data .rel.data.* .rel.gnu.linkonce.d.*)
 *(.rela.data .rela.data.* .rela.gnu.linkonce.d.*)
 *(.rel.tdata .rel.tdata.* .rel.gnu.linkonce.td.*)
 *(.rela.tdata .rela.tdata.* .rela.gnu.linkonce.td.*)
 *(.rel.tbss .rel.tbss.* .rel.gnu.linkonce.tb.*)
 *(.rela.tbss .rela.tbss.* .rela.gnu.linkonce.tb.*)
 *(.rel.ctors)
 *(.rela.ctors)
 *(.rel.dtors)
 *(.rela.dtors)
 *(.rel.got)
 *(.rela.got)
 *(.rel.sdata .rel.sdata.* .rel.gnu.linkonce.s.*)
 *(.rela.sdata .rela.sdata.* .rela.gnu.linkonce.s.*)
 *(.rel.sbss .rel.sbss.* .rel.gnu.linkonce.sb.*)
 *(.rela.sbss .rela.sbss.* .rela.gnu.linkonce.sb.*)
 *(.rel.sdata2 .rel.sdata2.* .rel.gnu.linkonce.s2.*)
 *(.rela.sdata2 .rela.sdata2.* .rela.gnu.linkonce.s2.*)
 *(.rel.sbss2 .rel.sbss2.* .rel.gnu.linkonce.sb2.*)
 *(.rela.sbss2 .rela.sbss2.* .rela.gnu.linkonce.sb2.*)
 *(.rel.bss .rel.bss.* .rel.gnu.linkonce.b.*)
 *(.rela.bss .rela.bss.* .rela.gnu.linkonce.b.*)
 *(.rel.plt)
 *(.rela.plt)
 *(.rel.dyn)
 *(.init)
 *(.plt)
 *(.text .stub .text.* .gnu.linkonce.t.*)
 .text          0x00000168       0x3c BSP//obj/HAL/src/crt0.o
                0x00000168                _start
 .text          0x000001a4     0x1204 obj/default//C/Users/delgado4/Documents/GitHub/cube_solver/Final_Project/cube_solver.o
                0x000001a4                shortToPixel
                0x000001ec                trace
                0x00000218                determinant
                0x0000028c                computeScoresAndThreshold
                0x00000350                displayImage
                0x00000408                displayColorImage
                0x0000047c                extractCorners
                0x00000554                computePixelScores
                0x00000854                convolutionFn
                0x00000b04                setupHardware
                0x00000b60                captureImageData
                0x00000ca4                pushbuttons_isr
                0x00000d00                exportToMatlab
                0x00001074                bwConversion
                0x00001170                main
 .text          0x000013a8       0x78 obj/default//C/Users/delgado4/Documents/GitHub/cube_solver/Final_Project/ee109-lib/camera.o
                0x000013a8                camera_set_front_buffer
                0x000013c0                camera_set_back_buffer
                0x000013cc                camera_enable_dma
                0x00001400                camera_swap_buffers
 .text          0x00001420       0x84 obj/default//C/Users/delgado4/Documents/GitHub/cube_solver/Final_Project/ee109-lib/char_lcd.o
                0x00001420                char_lcd_move_cursor
                0x0000144c                char_lcd_write
                0x00001474                char_lcd_cursor_off
                0x00001484                char_lcd_shift_left
                0x00001494                char_lcd_shift_right
 .text          0x000014a4      0x110 obj/default//C/Users/delgado4/Documents/GitHub/cube_solver/Final_Project/ee109-lib/lcd.o
                0x000014a4                lcd_enable_dma
                0x000014d8                lcd_set_front_buffer
                0x000014f0                lcd_set_back_buffer
                0x000014fc                lcd_swap_buffers
                0x0000151c                lcd_write
                0x00001554                lcd_draw_rectangle
 .text          0x000015b4       0x78 obj/default//C/Users/delgado4/Documents/GitHub/cube_solver/Final_Project/ee109-lib/pushbuttons.o
                0x000015b4                pushbuttons_get_data
                0x000015c0                pushbuttons_set_interrupt_mask
                0x000015cc                pushbuttons_get_interrupt_mask
                0x000015d8                pushbuttons_get_edge_capture
                0x000015e4                pushbuttons_clear_edge_capture
                0x000015f4                pushbuttons_enable_interrupts
 .text          0x0000162c      0x110 obj/default//C/Users/delgado4/Documents/GitHub/cube_solver/Final_Project/ee109-lib/vga.o
                0x0000162c                vga_enable_dma
                0x00001660                vga_set_front_buffer
                0x00001678                vga_set_back_buffer
                0x00001684                vga_swap_buffers
                0x000016a4                vga_write
                0x000016dc                vga_draw_rectangle
 .text          0x0000173c        0x0 obj/default//C/Users/delgado4/Documents/GitHub/cube_solver/Final_Project/system_globals.o
 .text          0x0000173c      0x130 c:/altera/13.0sp1/nios2eds/bin/gnu/h-i686-mingw32/bin/../lib/gcc/nios2-elf/4.1.2/../../../../nios2-elf/lib\libm.a(lib_a-w_sqrt.o)
                0x0000173c                sqrt
 .text          0x0000186c      0x2c8 c:/altera/13.0sp1/nios2eds/bin/gnu/h-i686-mingw32/bin/../lib/gcc/nios2-elf/4.1.2/../../../../nios2-elf/lib\libm.a(lib_a-e_sqrt.o)
                0x0000186c                __ieee754_sqrt
 .text          0x00001b34       0x30 c:/altera/13.0sp1/nios2eds/bin/gnu/h-i686-mingw32/bin/../lib/gcc/nios2-elf/4.1.2/../../../../nios2-elf/lib\libm.a(lib_a-s_isnand.o)
                0x00001b34                __isnand
 .text          0x00001b64        0x0 c:/altera/13.0sp1/nios2eds/bin/gnu/h-i686-mingw32/bin/../lib/gcc/nios2-elf/4.1.2/../../../../nios2-elf/lib\libm.a(lib_a-s_lib_ver.o)
 .text          0x00001b64        0x8 c:/altera/13.0sp1/nios2eds/bin/gnu/h-i686-mingw32/bin/../lib/gcc/nios2-elf/4.1.2/../../../../nios2-elf/lib\libm.a(lib_a-s_matherr.o)
                0x00001b64                matherr
 .text          0x00001b6c      0x504 c:/altera/13.0sp1/nios2eds/bin/gnu/h-i686-mingw32/bin/../lib/gcc/nios2-elf/4.1.2\libgcc.a(_addsub_df.o)
                0x00001f7c                __subdf3
                0x00001ffc                __adddf3
 .text          0x00002070      0x3c4 c:/altera/13.0sp1/nios2eds/bin/gnu/h-i686-mingw32/bin/../lib/gcc/nios2-elf/4.1.2\libgcc.a(_mul_df.o)
                0x00002070                __muldf3
 .text          0x00002434      0x258 c:/altera/13.0sp1/nios2eds/bin/gnu/h-i686-mingw32/bin/../lib/gcc/nios2-elf/4.1.2\libgcc.a(_div_df.o)
                0x00002434                __divdf3
 .text          0x0000268c       0x88 c:/altera/13.0sp1/nios2eds/bin/gnu/h-i686-mingw32/bin/../lib/gcc/nios2-elf/4.1.2\libgcc.a(_gt_df.o)
                0x0000268c                __gtdf2
 .text          0x00002714       0x88 c:/altera/13.0sp1/nios2eds/bin/gnu/h-i686-mingw32/bin/../lib/gcc/nios2-elf/4.1.2\libgcc.a(_lt_df.o)
                0x00002714                __ltdf2
 .text          0x0000279c       0xf8 c:/altera/13.0sp1/nios2eds/bin/gnu/h-i686-mingw32/bin/../lib/gcc/nios2-elf/4.1.2\libgcc.a(_si_to_df.o)
                0x0000279c                __floatsidf
 .text          0x00002894       0xd8 c:/altera/13.0sp1/nios2eds/bin/gnu/h-i686-mingw32/bin/../lib/gcc/nios2-elf/4.1.2\libgcc.a(_df_to_si.o)
                0x00002894                __fixdfsi
 .text          0x0000296c        0x0 c:/altera/13.0sp1/nios2eds/bin/gnu/h-i686-mingw32/bin/../lib/gcc/nios2-elf/4.1.2\libgcc.a(_thenan_df.o)
 .text          0x0000296c       0x98 c:/altera/13.0sp1/nios2eds/bin/gnu/h-i686-mingw32/bin/../lib/gcc/nios2-elf/4.1.2\libgcc.a(_muldi3.o)
                0x0000296c                __muldi3
 .text          0x00002a04       0x80 c:/altera/13.0sp1/nios2eds/bin/gnu/h-i686-mingw32/bin/../lib/gcc/nios2-elf/4.1.2\libgcc.a(_clzsi2.o)
                0x00002a04                __clzsi2
 .text          0x00002a84      0x314 c:/altera/13.0sp1/nios2eds/bin/gnu/h-i686-mingw32/bin/../lib/gcc/nios2-elf/4.1.2\libgcc.a(_pack_df.o)
                0x00002a84                __pack_d
 .text          0x00002d98      0x138 c:/altera/13.0sp1/nios2eds/bin/gnu/h-i686-mingw32/bin/../lib/gcc/nios2-elf/4.1.2\libgcc.a(_unpack_df.o)
                0x00002d98                __unpack_d
 .text          0x00002ed0       0xc8 c:/altera/13.0sp1/nios2eds/bin/gnu/h-i686-mingw32/bin/../lib/gcc/nios2-elf/4.1.2\libgcc.a(_fpcmp_parts_df.o)
                0x00002ed0                __fpcmp_parts_d
 .text          0x00002f98        0x0 c:/altera/13.0sp1/nios2eds/bin/gnu/h-i686-mingw32/bin/../lib/gcc/nios2-elf/4.1.2\libgcc.a(_clz.o)
 .text          0x00002f98       0x1c c:/altera/13.0sp1/nios2eds/bin/gnu/h-i686-mingw32/bin/../lib/gcc/nios2-elf/4.1.2/../../../../nios2-elf/lib\libc.a(lib_a-difftime.o)
                0x00002f98                difftime
 .text          0x00002fb4       0x10 c:/altera/13.0sp1/nios2eds/bin/gnu/h-i686-mingw32/bin/../lib/gcc/nios2-elf/4.1.2/../../../../nios2-elf/lib\libc.a(lib_a-errno.o)
                0x00002fb4                __errno
 .text          0x00002fc4      0x124 c:/altera/13.0sp1/nios2eds/bin/gnu/h-i686-mingw32/bin/../lib/gcc/nios2-elf/4.1.2/../../../../nios2-elf/lib\libc.a(lib_a-fclose.o)
                0x00002fc4                _fclose_r
                0x000030d4                fclose
 .text          0x000030e8      0x230 c:/altera/13.0sp1/nios2eds/bin/gnu/h-i686-mingw32/bin/../lib/gcc/nios2-elf/4.1.2/../../../../nios2-elf/lib\libc.a(lib_a-fflush.o)
                0x000030e8                _fflush_r
                0x000032e4                fflush
 .text          0x00003318      0x2c0 c:/altera/13.0sp1/nios2eds/bin/gnu/h-i686-mingw32/bin/../lib/gcc/nios2-elf/4.1.2/../../../../nios2-elf/lib\libc.a(lib_a-findfp.o)
                0x00003370                __sfp_lock_acquire
                0x00003374                __sfp_lock_release
                0x00003378                __sinit_lock_acquire
                0x0000337c                __sinit_lock_release
                0x00003380                __sinit
                0x00003434                __fp_unlock_all
                0x0000344c                __fp_lock_all
                0x00003464                _cleanup_r
                0x00003470                _cleanup
                0x00003480                __sfmoreglue
                0x000034e8                __sfp
 .text          0x000035d8      0x110 c:/altera/13.0sp1/nios2eds/bin/gnu/h-i686-mingw32/bin/../lib/gcc/nios2-elf/4.1.2/../../../../nios2-elf/lib\libc.a(lib_a-fopen.o)
                0x000035d8                _fopen_r
                0x000036cc                fopen
 .text          0x000036e8       0x60 c:/altera/13.0sp1/nios2eds/bin/gnu/h-i686-mingw32/bin/../lib/gcc/nios2-elf/4.1.2/../../../../nios2-elf/lib\libc.a(lib_a-fprintf.o)
                0x000036e8                fprintf
                0x00003714                _fprintf_r
 .text          0x00003748       0xbc c:/altera/13.0sp1/nios2eds/bin/gnu/h-i686-mingw32/bin/../lib/gcc/nios2-elf/4.1.2/../../../../nios2-elf/lib\libc.a(lib_a-fputc.o)
                0x00003748                fputc
                0x000037ac                _fputc_r
 .text          0x00003804      0x440 c:/altera/13.0sp1/nios2eds/bin/gnu/h-i686-mingw32/bin/../lib/gcc/nios2-elf/4.1.2/../../../../nios2-elf/lib\libc.a(lib_a-freer.o)
                0x00003804                _malloc_trim_r
                0x00003930                _free_r
 .text          0x00003c44      0x460 c:/altera/13.0sp1/nios2eds/bin/gnu/h-i686-mingw32/bin/../lib/gcc/nios2-elf/4.1.2/../../../../nios2-elf/lib\libc.a(lib_a-fseek.o)
                0x00003c44                _fseek_r
                0x00004080                fseek
 .text          0x000040a4       0x74 c:/altera/13.0sp1/nios2eds/bin/gnu/h-i686-mingw32/bin/../lib/gcc/nios2-elf/4.1.2/../../../../nios2-elf/lib\libc.a(lib_a-fstatr.o)
                0x000040a4                _fstat_r
 .text          0x00004118      0x180 c:/altera/13.0sp1/nios2eds/bin/gnu/h-i686-mingw32/bin/../lib/gcc/nios2-elf/4.1.2/../../../../nios2-elf/lib\libc.a(lib_a-fwalk.o)
                0x00004118                _fwalk_reent
                0x000041e0                _fwalk
 .text          0x00004298       0xdc c:/altera/13.0sp1/nios2eds/bin/gnu/h-i686-mingw32/bin/../lib/gcc/nios2-elf/4.1.2/../../../../nios2-elf/lib\libc.a(lib_a-fwrite.o)
                0x00004298                _fwrite_r
                0x00004334                fwrite
 .text          0x00004374        0x0 c:/altera/13.0sp1/nios2eds/bin/gnu/h-i686-mingw32/bin/../lib/gcc/nios2-elf/4.1.2/../../../../nios2-elf/lib\libc.a(lib_a-impure.o)
 .text          0x00004374        0x0 c:/altera/13.0sp1/nios2eds/bin/gnu/h-i686-mingw32/bin/../lib/gcc/nios2-elf/4.1.2/../../../../nios2-elf/lib\libc.a(lib_a-int_errno.o)
 .text          0x00004374      0x194 c:/altera/13.0sp1/nios2eds/bin/gnu/h-i686-mingw32/bin/../lib/gcc/nios2-elf/4.1.2/../../../../nios2-elf/lib\libc.a(lib_a-makebuf.o)
                0x00004374                __smakebuf_r
 .text          0x00004508      0x740 c:/altera/13.0sp1/nios2eds/bin/gnu/h-i686-mingw32/bin/../lib/gcc/nios2-elf/4.1.2/../../../../nios2-elf/lib\libc.a(lib_a-mallocr.o)
                0x00004508                _malloc_r
 .text          0x00004c48       0xa0 c:/altera/13.0sp1/nios2eds/bin/gnu/h-i686-mingw32/bin/../lib/gcc/nios2-elf/4.1.2/../../../../nios2-elf/lib\libc.a(lib_a-memcpy.o)
                0x00004c48                memcpy
 .text          0x00004ce8       0x98 c:/altera/13.0sp1/nios2eds/bin/gnu/h-i686-mingw32/bin/../lib/gcc/nios2-elf/4.1.2/../../../../nios2-elf/lib\libc.a(lib_a-memset.o)
                0x00004ce8                memset
 .text          0x00004d80       0x78 c:/altera/13.0sp1/nios2eds/bin/gnu/h-i686-mingw32/bin/../lib/gcc/nios2-elf/4.1.2/../../../../nios2-elf/lib\libc.a(lib_a-openr.o)
                0x00004d80                _open_r
 .text          0x00004df8       0x78 c:/altera/13.0sp1/nios2eds/bin/gnu/h-i686-mingw32/bin/../lib/gcc/nios2-elf/4.1.2/../../../../nios2-elf/lib\libc.a(lib_a-printf.o)
                0x00004df8                printf
                0x00004e3c                _printf_r
 .text          0x00004e70      0x1ec c:/altera/13.0sp1/nios2eds/bin/gnu/h-i686-mingw32/bin/../lib/gcc/nios2-elf/4.1.2/../../../../nios2-elf/lib\libc.a(lib_a-putc.o)
                0x00004e70                putc
                0x00004f74                _putc_r
 .text          0x0000505c       0xb4 c:/altera/13.0sp1/nios2eds/bin/gnu/h-i686-mingw32/bin/../lib/gcc/nios2-elf/4.1.2/../../../../nios2-elf/lib\libc.a(lib_a-puts.o)
                0x0000505c                _puts_r
                0x000050fc                puts
 .text          0x00005110      0x1e0 c:/altera/13.0sp1/nios2eds/bin/gnu/h-i686-mingw32/bin/../lib/gcc/nios2-elf/4.1.2/../../../../nios2-elf/lib\libc.a(lib_a-refill.o)
                0x00005110                __srefill_r
 .text          0x000052f0       0x70 c:/altera/13.0sp1/nios2eds/bin/gnu/h-i686-mingw32/bin/../lib/gcc/nios2-elf/4.1.2/../../../../nios2-elf/lib\libc.a(lib_a-sbrkr.o)
                0x000052f0                _sbrk_r
 .text          0x00005360      0x14c c:/altera/13.0sp1/nios2eds/bin/gnu/h-i686-mingw32/bin/../lib/gcc/nios2-elf/4.1.2/../../../../nios2-elf/lib\libc.a(lib_a-stdio.o)
                0x00005360                __sclose
                0x00005368                __sseek
                0x000053d0                __swrite
                0x0000544c                __sread
 .text          0x000054ac       0x74 c:/altera/13.0sp1/nios2eds/bin/gnu/h-i686-mingw32/bin/../lib/gcc/nios2-elf/4.1.2/../../../../nios2-elf/lib\libc.a(lib_a-strlen.o)
                0x000054ac                strlen
 .text          0x00005520       0x5c c:/altera/13.0sp1/nios2eds/bin/gnu/h-i686-mingw32/bin/../lib/gcc/nios2-elf/4.1.2/../../../../nios2-elf/lib\libc.a(lib_a-time.o)
                0x00005520                time
 .text          0x0000557c     0x1f28 c:/altera/13.0sp1/nios2eds/bin/gnu/h-i686-mingw32/bin/../lib/gcc/nios2-elf/4.1.2/../../../../nios2-elf/lib\libc.a(lib_a-vfprintf.o)
                0x000055d4                ___vfprintf_internal_r
                0x00007480                __vfprintf_internal
 .text          0x000074a4      0x14c c:/altera/13.0sp1/nios2eds/bin/gnu/h-i686-mingw32/bin/../lib/gcc/nios2-elf/4.1.2/../../../../nios2-elf/lib\libc.a(lib_a-wbuf.o)
                0x000074a4                __swbuf_r
                0x000075d4                __swbuf
 .text          0x000075f0       0x78 c:/altera/13.0sp1/nios2eds/bin/gnu/h-i686-mingw32/bin/../lib/gcc/nios2-elf/4.1.2/../../../../nios2-elf/lib\libc.a(lib_a-writer.o)
                0x000075f0                _write_r
 .text          0x00007668      0x13c c:/altera/13.0sp1/nios2eds/bin/gnu/h-i686-mingw32/bin/../lib/gcc/nios2-elf/4.1.2/../../../../nios2-elf/lib\libc.a(lib_a-wsetup.o)
                0x00007668                __swsetup_r
 .text          0x000077a4       0x70 c:/altera/13.0sp1/nios2eds/bin/gnu/h-i686-mingw32/bin/../lib/gcc/nios2-elf/4.1.2/../../../../nios2-elf/lib\libc.a(lib_a-closer.o)
                0x000077a4                _close_r
 .text          0x00007814     0x17cc c:/altera/13.0sp1/nios2eds/bin/gnu/h-i686-mingw32/bin/../lib/gcc/nios2-elf/4.1.2/../../../../nios2-elf/lib\libc.a(lib_a-dtoa.o)
                0x00007a2c                _dtoa_r
 .text          0x00008fe0       0xa0 c:/altera/13.0sp1/nios2eds/bin/gnu/h-i686-mingw32/bin/../lib/gcc/nios2-elf/4.1.2/../../../../nios2-elf/lib\libc.a(lib_a-flags.o)
                0x00008fe0                __sflags
 .text          0x00009080      0x49c c:/altera/13.0sp1/nios2eds/bin/gnu/h-i686-mingw32/bin/../lib/gcc/nios2-elf/4.1.2/../../../../nios2-elf/lib\libc.a(lib_a-fvwrite.o)
                0x00009080                __sfvwrite_r
 .text          0x0000951c       0x74 c:/altera/13.0sp1/nios2eds/bin/gnu/h-i686-mingw32/bin/../lib/gcc/nios2-elf/4.1.2/../../../../nios2-elf/lib\libc.a(lib_a-gettimeofdayr.o)
                0x0000951c                _gettimeofday_r
 .text          0x00009590       0x70 c:/altera/13.0sp1/nios2eds/bin/gnu/h-i686-mingw32/bin/../lib/gcc/nios2-elf/4.1.2/../../../../nios2-elf/lib\libc.a(lib_a-isattyr.o)
                0x00009590                _isatty_r
 .text          0x00009600       0xc4 c:/altera/13.0sp1/nios2eds/bin/gnu/h-i686-mingw32/bin/../lib/gcc/nios2-elf/4.1.2/../../../../nios2-elf/lib\libc.a(lib_a-locale.o)
                0x00009600                __locale_charset
                0x00009608                _localeconv_r
                0x00009614                localeconv
                0x00009624                _setlocale_r
                0x000096a8                setlocale
 .text          0x000096c4       0x78 c:/altera/13.0sp1/nios2eds/bin/gnu/h-i686-mingw32/bin/../lib/gcc/nios2-elf/4.1.2/../../../../nios2-elf/lib\libc.a(lib_a-lseekr.o)
                0x000096c4                _lseek_r
 .text          0x0000973c       0xe4 c:/altera/13.0sp1/nios2eds/bin/gnu/h-i686-mingw32/bin/../lib/gcc/nios2-elf/4.1.2/../../../../nios2-elf/lib\libc.a(lib_a-memchr.o)
                0x0000973c                memchr
 .text          0x00009820       0xe0 c:/altera/13.0sp1/nios2eds/bin/gnu/h-i686-mingw32/bin/../lib/gcc/nios2-elf/4.1.2/../../../../nios2-elf/lib\libc.a(lib_a-memmove.o)
                0x00009820                memmove
 .text          0x00009900      0xff4 c:/altera/13.0sp1/nios2eds/bin/gnu/h-i686-mingw32/bin/../lib/gcc/nios2-elf/4.1.2/../../../../nios2-elf/lib\libc.a(lib_a-mprec.o)
                0x00009900                _Bfree
                0x00009928                __hi0bits
                0x00009998                __lo0bits
                0x00009a5c                __mcmp
                0x00009abc                __ulp
                0x00009b3c                __b2d
                0x00009c5c                __ratio
                0x00009d0c                _mprec_log10
                0x00009da0                __copybits
                0x00009df8                __any_on
                0x00009e80                _Balloc
                0x00009f3c                __d2b
                0x0000a0b8                __mdiff
                0x0000a244                __lshift
                0x0000a390                __multiply
                0x0000a578                __i2b
                0x0000a5b4                __multadd
                0x0000a6b4                __pow5mult
                0x0000a7d4                __s2b
 .text          0x0000a8f4       0x78 c:/altera/13.0sp1/nios2eds/bin/gnu/h-i686-mingw32/bin/../lib/gcc/nios2-elf/4.1.2/../../../../nios2-elf/lib\libc.a(lib_a-readr.o)
                0x0000a8f4                _read_r
 .text          0x0000a96c      0x5f4 c:/altera/13.0sp1/nios2eds/bin/gnu/h-i686-mingw32/bin/../lib/gcc/nios2-elf/4.1.2/../../../../nios2-elf/lib\libc.a(lib_a-reallocr.o)
                0x0000a96c                _realloc_r
 .text          0x0000af60       0x40 c:/altera/13.0sp1/nios2eds/bin/gnu/h-i686-mingw32/bin/../lib/gcc/nios2-elf/4.1.2/../../../../nios2-elf/lib\libc.a(lib_a-s_isinfd.o)
                0x0000af60                __isinfd
 .text          0x0000afa0       0xbc c:/altera/13.0sp1/nios2eds/bin/gnu/h-i686-mingw32/bin/../lib/gcc/nios2-elf/4.1.2/../../../../nios2-elf/lib\libc.a(lib_a-strcmp.o)
                0x0000afa0                strcmp
 .text          0x0000b05c       0xb4 c:/altera/13.0sp1/nios2eds/bin/gnu/h-i686-mingw32/bin/../lib/gcc/nios2-elf/4.1.2/../../../../nios2-elf/lib\libc.a(lib_a-callocr.o)
                0x0000b05c                _calloc_r
 .text          0x0000b110      0x5dc c:/altera/13.0sp1/nios2eds/bin/gnu/h-i686-mingw32/bin/../lib/gcc/nios2-elf/4.1.2\libgcc.a(_udivdi3.o)
                0x0000b110                __udivdi3
 .text          0x0000b6ec      0x5b0 c:/altera/13.0sp1/nios2eds/bin/gnu/h-i686-mingw32/bin/../lib/gcc/nios2-elf/4.1.2\libgcc.a(_umoddi3.o)
                0x0000b6ec                __umoddi3
 .text          0x0000bc9c       0x88 c:/altera/13.0sp1/nios2eds/bin/gnu/h-i686-mingw32/bin/../lib/gcc/nios2-elf/4.1.2\libgcc.a(_eq_df.o)
                0x0000bc9c                __eqdf2
 .text          0x0000bd24       0x88 c:/altera/13.0sp1/nios2eds/bin/gnu/h-i686-mingw32/bin/../lib/gcc/nios2-elf/4.1.2\libgcc.a(_ne_df.o)
                0x0000bd24                __nedf2
 .text          0x0000bdac       0x88 c:/altera/13.0sp1/nios2eds/bin/gnu/h-i686-mingw32/bin/../lib/gcc/nios2-elf/4.1.2\libgcc.a(_ge_df.o)
                0x0000bdac                __gedf2
 .text          0x0000be34      0x194 c:/altera/13.0sp1/nios2eds/bin/gnu/h-i686-mingw32/bin/../lib/gcc/nios2-elf/4.1.2\libgcc.a(_usi_to_df.o)
                0x0000be34                __floatunsidf
 .text          0x0000bfc8      0x14c c:/altera/13.0sp1/nios2eds/bin/gnu/h-i686-mingw32/bin/../lib/gcc/nios2-elf/4.1.2\libgcc.a(lib2-divmod.o)
                0x0000c044                __divsi3
                0x0000c0a4                __modsi3
                0x0000c104                __udivsi3
                0x0000c10c                __umodsi3
 .text          0x0000c114       0xdc BSP/\libhal_bsp.a(alt_close.o)
                0x0000c114                close
 .text          0x0000c1f0        0x8 BSP/\libhal_bsp.a(alt_dev.o)
 .text          0x0000c1f8        0x0 BSP/\libhal_bsp.a(alt_errno.o)
 .text          0x0000c1f8       0x80 BSP/\libhal_bsp.a(alt_fstat.o)
                0x0000c1f8                fstat
 .text          0x0000c278      0x160 BSP/\libhal_bsp.a(alt_gettod.o)
                0x0000c278                gettimeofday
 .text          0x0000c3d8       0xbc BSP/\libhal_bsp.a(alt_irq_register.o)
                0x0000c3d8                alt_irq_register
 .text          0x0000c494        0x0 BSP/\libhal_bsp.a(alt_irq_vars.o)
 .text          0x0000c494       0x84 BSP/\libhal_bsp.a(alt_isatty.o)
                0x0000c494                isatty
 .text          0x0000c518       0xc4 BSP/\libhal_bsp.a(alt_load.o)
                0x0000c518                alt_load
 .text          0x0000c5dc       0x98 BSP/\libhal_bsp.a(alt_lseek.o)
                0x0000c5dc                lseek
 .text          0x0000c674       0x50 BSP/\libhal_bsp.a(alt_main.o)
                0x0000c674                alt_main
 .text          0x0000c6c4        0x8 BSP/\libhal_bsp.a(alt_malloc_lock.o)
                0x0000c6c4                __malloc_lock
                0x0000c6c8                __malloc_unlock
 .text          0x0000c6cc      0x17c BSP/\libhal_bsp.a(alt_open.o)
                0x0000c6cc                open
 .text          0x0000c848       0xf8 BSP/\libhal_bsp.a(alt_read.o)
                0x0000c848                read
 .text          0x0000c940       0x24 BSP/\libhal_bsp.a(alt_release_fd.o)
                0x0000c940                alt_release_fd
 .text          0x0000c964       0x50 BSP/\libhal_bsp.a(alt_sbrk.o)
                0x0000c964                sbrk
 .text          0x0000c9b4       0xe0 BSP/\libhal_bsp.a(alt_tick.o)
                0x0000c9b4                alt_alarm_stop
                0x0000c9e8                alt_tick
 .text          0x0000ca94       0xf4 BSP/\libhal_bsp.a(alt_write.o)
                0x0000ca94                write
 .text          0x0000cb88      0x2f0 BSP/\libhal_bsp.a(alt_sys_init.o)
                0x0000cb88                alt_irq_init
                0x0000cba8                alt_sys_init
 .text          0x0000ce78       0x98 BSP/\libhal_bsp.a(altera_avalon_jtag_uart_fd.o)
                0x0000ce78                altera_avalon_jtag_uart_ioctl_fd
                0x0000ce98                altera_avalon_jtag_uart_close_fd
                0x0000cec0                altera_avalon_jtag_uart_write_fd
                0x0000cee8                altera_avalon_jtag_uart_read_fd
 .text          0x0000cf10      0x238 BSP/\libhal_bsp.a(altera_avalon_jtag_uart_init.o)
                0x0000cf10                altera_avalon_jtag_uart_close
                0x0000cf9c                altera_avalon_jtag_uart_init
 .text          0x0000d148       0x74 BSP/\libhal_bsp.a(altera_avalon_jtag_uart_ioctl.o)
                0x0000d148                altera_avalon_jtag_uart_ioctl
 .text          0x0000d1bc      0x168 BSP/\libhal_bsp.a(altera_avalon_jtag_uart_read.o)
                0x0000d1bc                altera_avalon_jtag_uart_read
 .text          0x0000d324      0x17c BSP/\libhal_bsp.a(altera_avalon_jtag_uart_write.o)
                0x0000d324                altera_avalon_jtag_uart_write
 .text          0x0000d4a0      0x630 BSP/\libhal_bsp.a(altera_avalon_sgdma.o)
                0x0000d4a0                alt_avalon_sgdma_register_callback
                0x0000d4b0                alt_avalon_sgdma_init
                0x0000d530                alt_avalon_sgdma_disable_desc_poll
                0x0000d550                alt_avalon_sgdma_enable_desc_poll
                0x0000d580                alt_avalon_sgdma_stop
                0x0000d59c                alt_avalon_sgdma_start
                0x0000d5b4                alt_avalon_sgdma_do_sync_transfer
                0x0000d648                alt_avalon_sgdma_do_async_transfer
                0x0000d74c                alt_avalon_sgdma_construct_descriptor_burst
                0x0000d878                alt_avalon_sgdma_construct_descriptor
                0x0000d8c0                alt_avalon_sgdma_construct_mem_to_stream_desc_burst
                0x0000d910                alt_avalon_sgdma_construct_mem_to_stream_desc
                0x0000d950                alt_avalon_sgdma_construct_stream_to_mem_desc_burst
                0x0000d99c                alt_avalon_sgdma_construct_stream_to_mem_desc
                0x0000d9c4                alt_avalon_sgdma_construct_mem_to_mem_desc_burst
                0x0000da0c                alt_avalon_sgdma_construct_mem_to_mem_desc
                0x0000da44                alt_avalon_sgdma_open
                0x0000daa0                alt_avalon_sgdma_check_descriptor_status
 .text          0x0000dad0       0x80 BSP/\libhal_bsp.a(altera_avalon_timer_sc.o)
                0x0000dad0                alt_avalon_timer_sc_init
 .text          0x0000db50      0x30c BSP/\libhal_bsp.a(altera_up_avalon_character_lcd.o)
                0x0000db50                get_DDRAM_addr
                0x0000db6c                alt_up_character_lcd_string
                0x0000dbb8                alt_up_character_lcd_write
                0x0000dbe4                alt_up_character_lcd_write_fd
                0x0000dc04                alt_up_character_lcd_init
                0x0000dc14                alt_up_character_lcd_send_cmd
                0x0000dc24                alt_up_character_lcd_cursor_blink_on
                0x0000dc40                alt_up_character_lcd_cursor_off
                0x0000dc5c                alt_up_character_lcd_erase_pos
                0x0000dcc8                alt_up_character_lcd_shift_display
                0x0000dd58                alt_up_character_lcd_shift_cursor
                0x0000dde8                alt_up_character_lcd_set_cursor_pos
                0x0000de3c                alt_up_character_lcd_open_dev
 .text          0x0000de5c      0x1e0 BSP/\libhal_bsp.a(altera_up_avalon_irda.o)
                0x0000de5c                alt_up_irda_check_parity
                0x0000de68                alt_up_irda_open_dev
                0x0000de88                alt_up_irda_read_data
                0x0000ded4                alt_up_irda_read_fd
                0x0000df54                alt_up_irda_get_available_space_in_write_FIFO
                0x0000df64                alt_up_irda_write_data
                0x0000df7c                alt_up_irda_write_fd
                0x0000dff8                alt_up_irda_disable_read_interrupt
                0x0000e014                alt_up_irda_enable_read_interrupt
                0x0000e02c                alt_up_irda_get_used_space_in_read_FIFO
 .text          0x0000e03c      0x388 BSP/\libhal_bsp.a(altera_up_avalon_ps2.o)
                0x0000e03c                read_RI_bit
                0x0000e048                read_RE_bit
                0x0000e050                read_CE_bit
                0x0000e05c                read_num_bytes_available
                0x0000e064                read_data_valid
                0x0000e070                read_data_byte
                0x0000e078                alt_up_ps2_open_dev
                0x0000e098                alt_up_ps2_clear_fifo
                0x0000e0c8                alt_up_ps2_read_data_byte
                0x0000e120                alt_up_ps2_read_data_byte_timeout
                0x0000e1a0                alt_up_ps2_read_fd
                0x0000e1c8                alt_up_ps2_wait_for_ack
                0x0000e224                alt_up_ps2_write_data_byte
                0x0000e264                alt_up_ps2_write_fd
                0x0000e2d4                alt_up_ps2_write_data_byte_with_ack
                0x0000e308                alt_up_ps2_init
                0x0000e390                alt_up_ps2_disable_read_interrupt
                0x0000e3ac                alt_up_ps2_enable_read_interrupt
 .text          0x0000e3c4      0x1d4 BSP/\libhal_bsp.a(altera_up_avalon_rs232.o)
                0x0000e3c4                alt_up_rs232_check_parity
                0x0000e3d0                alt_up_rs232_open_dev
                0x0000e3f0                alt_up_rs232_read_data
                0x0000e43c                alt_up_rs232_read_fd
                0x0000e4bc                alt_up_rs232_get_available_space_in_write_FIFO
                0x0000e4cc                alt_up_rs232_write_data
                0x0000e4e4                alt_up_rs232_write_fd
                0x0000e554                alt_up_rs232_disable_read_interrupt
                0x0000e570                alt_up_rs232_enable_read_interrupt
                0x0000e588                alt_up_rs232_get_used_space_in_read_FIFO
 .text          0x0000e598      0x178 BSP/\libhal_bsp.a(altera_up_avalon_video_character_buffer_with_dma.o)
                0x0000e598                alt_up_char_buffer_string
                0x0000e620                alt_up_char_buffer_draw
                0x0000e678                alt_up_char_buffer_clear
                0x0000e6a0                alt_up_char_buffer_open_dev
                0x0000e6c0                alt_up_char_buffer_init
 .text          0x0000e710       0x94 BSP/\libhal_bsp.a(alt_alarm_start.o)
                0x0000e710                alt_alarm_start
 .text          0x0000e7a4        0x4 BSP/\libhal_bsp.a(alt_dcache_flush_all.o)
                0x0000e7a4                alt_dcache_flush_all
 .text          0x0000e7a8       0x70 BSP/\libhal_bsp.a(alt_dev_llist_insert.o)
                0x0000e7a8                alt_dev_llist_insert
 .text          0x0000e818       0x70 BSP/\libhal_bsp.a(alt_find_dev.o)
                0x0000e818                alt_find_dev
 .text          0x0000e888       0xbc BSP/\libhal_bsp.a(alt_find_file.o)
                0x0000e888                alt_find_file
 .text          0x0000e944       0x6c BSP/\libhal_bsp.a(alt_get_fd.o)
                0x0000e944                alt_get_fd
 .text          0x0000e9b0       0x20 BSP/\libhal_bsp.a(alt_icache_flush_all.o)
                0x0000e9b0                alt_icache_flush_all
 .text          0x0000e9d0       0xfc BSP/\libhal_bsp.a(alt_io_redirect.o)
                0x0000ea34                alt_io_redirect
 .text          0x0000eacc        0x0 BSP/\libhal_bsp.a(alt_irq_entry.o)
 .text          0x0000eacc        0x0 BSP/\libhal_bsp.a(alt_irq_handler.o)
 .text          0x0000eacc       0x28 BSP/\libhal_bsp.a(alt_remap_uncached.o)
                0x0000eacc                alt_remap_uncached
 .text          0x0000eaf4        0x8 BSP/\libhal_bsp.a(altera_nios2_qsys_irq.o)
                0x0000eaf4                altera_nios2_qsys_irq_init
 .text          0x0000eafc        0x4 BSP/\libhal_bsp.a(alt_dcache_flush.o)
                0x0000eafc                alt_dcache_flush
 .text          0x0000eb00        0x0 BSP/\libhal_bsp.a(alt_exception_entry.o)
 .text          0x0000eb00       0x3c BSP/\libhal_bsp.a(alt_icache_flush.o)
                0x0000eb00                alt_icache_flush
 .text          0x0000eb3c       0x38 c:/altera/13.0sp1/nios2eds/bin/gnu/h-i686-mingw32/bin/../lib/gcc/nios2-elf/4.1.2/../../../../nios2-elf/lib\libc.a(lib_a-exit.o)
                0x0000eb3c                exit
 .text          0x0000eb74       0x74 c:/altera/13.0sp1/nios2eds/bin/gnu/h-i686-mingw32/bin/../lib/gcc/nios2-elf/4.1.2/../../../../nios2-elf/lib\libc.a(lib_a-memcmp.o)
                0x0000eb74                memcmp
 .text          0x0000ebe8      0x1b4 c:/altera/13.0sp1/nios2eds/bin/gnu/h-i686-mingw32/bin/../lib/gcc/nios2-elf/4.1.2/../../../../nios2-elf/lib\libc.a(lib_a-__call_atexit.o)
                0x0000ebec                __call_exitprocs
 .text          0x0000ed9c       0x14 BSP/\libhal_bsp.a(alt_exit.o)
                0x0000ed9c                _exit
 *(.gnu.warning.*)
 *(.fini)
                0x0000edb0                PROVIDE (__etext, ABSOLUTE (.))
                0x0000edb0                PROVIDE (_etext, ABSOLUTE (.))
                0x0000edb0                PROVIDE (etext, ABSOLUTE (.))
 *(.eh_frame_hdr)
                0x0000edb0                . = ALIGN (0x4)
                0x0000edb0                PROVIDE (__preinit_array_start, ABSOLUTE (.))
 *(.preinit_array)
                0x0000edb0                PROVIDE (__preinit_array_end, ABSOLUTE (.))
                0x0000edb0                PROVIDE (__init_array_start, ABSOLUTE (.))
 *(.init_array)
                0x0000edb0                PROVIDE (__init_array_end, ABSOLUTE (.))
                0x0000edb0                PROVIDE (__fini_array_start, ABSOLUTE (.))
 *(.fini_array)
                0x0000edb0                PROVIDE (__fini_array_end, ABSOLUTE (.))
 *(.eh_frame)
 *(.gcc_except_table)
 *(.dynamic)
                0x0000edb0                PROVIDE (__CTOR_LIST__, ABSOLUTE (.))
 *(.ctors)
 *(SORT(.ctors.*))
 .ctors.65535   0x0000edb0        0x4 c:/altera/13.0sp1/nios2eds/bin/gnu/h-i686-mingw32/bin/../lib/gcc/nios2-elf/4.1.2/../../../../nios2-elf/lib\libc.a(lib_a-__call_atexit.o)
                0x0000edb4                PROVIDE (__CTOR_END__, ABSOLUTE (.))
                0x0000edb4                PROVIDE (__DTOR_LIST__, ABSOLUTE (.))
 *(.dtors)
 *(SORT(.dtors.*))
                0x0000edb4                PROVIDE (__DTOR_END__, ABSOLUTE (.))
 *(.jcr)
                0x0000edb4                . = ALIGN (0x4)

.rodata         0x0000edb4      0x700
                0x0000edb4                PROVIDE (__ram_rodata_start, ABSOLUTE (.))
                0x0000edb4                . = ALIGN (0x4)
 *(.rodata .rodata.* .gnu.linkonce.r.*)
 .rodata.str1.4
                0x0000edb4      0x20a obj/default//C/Users/delgado4/Documents/GitHub/cube_solver/Final_Project/cube_solver.o
                                0x210 (size before relaxing)
 *fill*         0x0000efbe        0x2 00
 .rodata        0x0000efc0       0x10 obj/default//C/Users/delgado4/Documents/GitHub/cube_solver/Final_Project/cube_solver.o
 .rodata.str1.4
                0x0000efd0        0x5 c:/altera/13.0sp1/nios2eds/bin/gnu/h-i686-mingw32/bin/../lib/gcc/nios2-elf/4.1.2/../../../../nios2-elf/lib\libm.a(lib_a-w_sqrt.o)
                                  0x8 (size before relaxing)
 *fill*         0x0000efd5        0x3 00
 .rodata        0x0000efd8       0x14 c:/altera/13.0sp1/nios2eds/bin/gnu/h-i686-mingw32/bin/../lib/gcc/nios2-elf/4.1.2\libgcc.a(_thenan_df.o)
                0x0000efd8                __thenan_df
 .rodata        0x0000efec      0x100 c:/altera/13.0sp1/nios2eds/bin/gnu/h-i686-mingw32/bin/../lib/gcc/nios2-elf/4.1.2\libgcc.a(_clz.o)
                0x0000efec                __clz_tab
 .rodata.str1.4
                0x00000000        0x4 c:/altera/13.0sp1/nios2eds/bin/gnu/h-i686-mingw32/bin/../lib/gcc/nios2-elf/4.1.2/../../../../nios2-elf/lib\libc.a(lib_a-impure.o)
 .rodata.str1.4
                0x00000000        0x5 c:/altera/13.0sp1/nios2eds/bin/gnu/h-i686-mingw32/bin/../lib/gcc/nios2-elf/4.1.2/../../../../nios2-elf/lib\libc.a(lib_a-puts.o)
                                  0x4 (size before relaxing)
 .rodata.str1.4
                0x0000f0ec       0x5e c:/altera/13.0sp1/nios2eds/bin/gnu/h-i686-mingw32/bin/../lib/gcc/nios2-elf/4.1.2/../../../../nios2-elf/lib\libc.a(lib_a-vfprintf.o)
                                 0x60 (size before relaxing)
 .rodata        0x0000f14a       0x20 c:/altera/13.0sp1/nios2eds/bin/gnu/h-i686-mingw32/bin/../lib/gcc/nios2-elf/4.1.2/../../../../nios2-elf/lib\libc.a(lib_a-vfprintf.o)
 *fill*         0x0000f16a        0x2 00
 .rodata.str1.4
                0x0000f16c       0x10 c:/altera/13.0sp1/nios2eds/bin/gnu/h-i686-mingw32/bin/../lib/gcc/nios2-elf/4.1.2/../../../../nios2-elf/lib\libc.a(lib_a-dtoa.o)
                                 0x14 (size before relaxing)
 .rodata.str1.4
                0x0000f17c        0xf c:/altera/13.0sp1/nios2eds/bin/gnu/h-i686-mingw32/bin/../lib/gcc/nios2-elf/4.1.2/../../../../nios2-elf/lib\libc.a(lib_a-locale.o)
                                 0x18 (size before relaxing)
 *fill*         0x0000f18b        0x1 00
 .rodata        0x0000f18c       0x30 c:/altera/13.0sp1/nios2eds/bin/gnu/h-i686-mingw32/bin/../lib/gcc/nios2-elf/4.1.2/../../../../nios2-elf/lib\libc.a(lib_a-locale.o)
 .rodata        0x0000f1bc      0x124 c:/altera/13.0sp1/nios2eds/bin/gnu/h-i686-mingw32/bin/../lib/gcc/nios2-elf/4.1.2/../../../../nios2-elf/lib\libc.a(lib_a-mprec.o)
                0x0000f1bc                __mprec_tens
                0x0000f284                __mprec_bigtens
                0x0000f2ac                __mprec_tinytens
 .rodata.str1.4
                0x0000f2e0        0xa BSP/\libhal_bsp.a(alt_dev.o)
                                  0xc (size before relaxing)
 *fill*         0x0000f2ea        0x2 00
 .rodata.str1.4
                0x0000f2ec        0xf BSP/\libhal_bsp.a(alt_main.o)
                                 0x10 (size before relaxing)
 *fill*         0x0000f2fb        0x1 00
 .rodata.str1.4
                0x0000f2fc      0x1b5 BSP/\libhal_bsp.a(alt_sys_init.o)
                                0x1c8 (size before relaxing)
 .rodata.str1.4
                0x00000000      0x1b8 BSP/\libhal_bsp.a(altera_up_avalon_video_character_buffer_with_dma.o)
                                 0x1c (size before relaxing)
 *(.rodata1)
                0x0000f4b4                . = ALIGN (0x4)
 *fill*         0x0000f4b1        0x3 00
                0x0000f4b4                PROVIDE (__ram_rodata_end, ABSOLUTE (.))
                0x0000edb4                PROVIDE (__flash_rodata_start, LOADADDR (.rodata))

.rwdata         0x0000f4b4     0x1f28 load address 0x000113dc
                0x0000f4b4                PROVIDE (__ram_rwdata_start, ABSOLUTE (.))
                0x0000f4b4                . = ALIGN (0x4)
 *(.got.plt)
 *(.got)
 *(.data1)
 *(.data .data.* .gnu.linkonce.d.*)
 .data          0x0000f4b4        0x0 BSP//obj/HAL/src/crt0.o
 .data          0x0000f4b4       0x48 obj/default//C/Users/delgado4/Documents/GitHub/cube_solver/Final_Project/cube_solver.o
                0x0000f4b4                SOBEL_ARRAY_X
                0x0000f4d8                SOBEL_ARRAY_Y
 .data          0x0000f4fc        0x0 obj/default//C/Users/delgado4/Documents/GitHub/cube_solver/Final_Project/ee109-lib/camera.o
 .data          0x0000f4fc        0x0 obj/default//C/Users/delgado4/Documents/GitHub/cube_solver/Final_Project/ee109-lib/char_lcd.o
 .data          0x0000f4fc        0x0 obj/default//C/Users/delgado4/Documents/GitHub/cube_solver/Final_Project/ee109-lib/lcd.o
 .data          0x0000f4fc        0x0 obj/default//C/Users/delgado4/Documents/GitHub/cube_solver/Final_Project/ee109-lib/pushbuttons.o
 .data          0x0000f4fc        0x0 obj/default//C/Users/delgado4/Documents/GitHub/cube_solver/Final_Project/ee109-lib/vga.o
 .data          0x0000f4fc        0x0 obj/default//C/Users/delgado4/Documents/GitHub/cube_solver/Final_Project/system_globals.o
 .data          0x0000f4fc        0x0 c:/altera/13.0sp1/nios2eds/bin/gnu/h-i686-mingw32/bin/../lib/gcc/nios2-elf/4.1.2/../../../../nios2-elf/lib\libm.a(lib_a-w_sqrt.o)
 .data          0x0000f4fc        0x0 c:/altera/13.0sp1/nios2eds/bin/gnu/h-i686-mingw32/bin/../lib/gcc/nios2-elf/4.1.2/../../../../nios2-elf/lib\libm.a(lib_a-e_sqrt.o)
 .data          0x0000f4fc        0x0 c:/altera/13.0sp1/nios2eds/bin/gnu/h-i686-mingw32/bin/../lib/gcc/nios2-elf/4.1.2/../../../../nios2-elf/lib\libm.a(lib_a-s_isnand.o)
 .data          0x0000f4fc        0x0 c:/altera/13.0sp1/nios2eds/bin/gnu/h-i686-mingw32/bin/../lib/gcc/nios2-elf/4.1.2/../../../../nios2-elf/lib\libm.a(lib_a-s_lib_ver.o)
 .data          0x0000f4fc        0x0 c:/altera/13.0sp1/nios2eds/bin/gnu/h-i686-mingw32/bin/../lib/gcc/nios2-elf/4.1.2/../../../../nios2-elf/lib\libm.a(lib_a-s_matherr.o)
 .data          0x0000f4fc        0x0 c:/altera/13.0sp1/nios2eds/bin/gnu/h-i686-mingw32/bin/../lib/gcc/nios2-elf/4.1.2\libgcc.a(_addsub_df.o)
 .data          0x0000f4fc        0x0 c:/altera/13.0sp1/nios2eds/bin/gnu/h-i686-mingw32/bin/../lib/gcc/nios2-elf/4.1.2\libgcc.a(_mul_df.o)
 .data          0x0000f4fc        0x0 c:/altera/13.0sp1/nios2eds/bin/gnu/h-i686-mingw32/bin/../lib/gcc/nios2-elf/4.1.2\libgcc.a(_div_df.o)
 .data          0x0000f4fc        0x0 c:/altera/13.0sp1/nios2eds/bin/gnu/h-i686-mingw32/bin/../lib/gcc/nios2-elf/4.1.2\libgcc.a(_gt_df.o)
 .data          0x0000f4fc        0x0 c:/altera/13.0sp1/nios2eds/bin/gnu/h-i686-mingw32/bin/../lib/gcc/nios2-elf/4.1.2\libgcc.a(_lt_df.o)
 .data          0x0000f4fc        0x0 c:/altera/13.0sp1/nios2eds/bin/gnu/h-i686-mingw32/bin/../lib/gcc/nios2-elf/4.1.2\libgcc.a(_si_to_df.o)
 .data          0x0000f4fc        0x0 c:/altera/13.0sp1/nios2eds/bin/gnu/h-i686-mingw32/bin/../lib/gcc/nios2-elf/4.1.2\libgcc.a(_df_to_si.o)
 .data          0x0000f4fc        0x0 c:/altera/13.0sp1/nios2eds/bin/gnu/h-i686-mingw32/bin/../lib/gcc/nios2-elf/4.1.2\libgcc.a(_thenan_df.o)
 .data          0x0000f4fc        0x0 c:/altera/13.0sp1/nios2eds/bin/gnu/h-i686-mingw32/bin/../lib/gcc/nios2-elf/4.1.2\libgcc.a(_muldi3.o)
 .data          0x0000f4fc        0x0 c:/altera/13.0sp1/nios2eds/bin/gnu/h-i686-mingw32/bin/../lib/gcc/nios2-elf/4.1.2\libgcc.a(_clzsi2.o)
 .data          0x0000f4fc        0x0 c:/altera/13.0sp1/nios2eds/bin/gnu/h-i686-mingw32/bin/../lib/gcc/nios2-elf/4.1.2\libgcc.a(_pack_df.o)
 .data          0x0000f4fc        0x0 c:/altera/13.0sp1/nios2eds/bin/gnu/h-i686-mingw32/bin/../lib/gcc/nios2-elf/4.1.2\libgcc.a(_unpack_df.o)
 .data          0x0000f4fc        0x0 c:/altera/13.0sp1/nios2eds/bin/gnu/h-i686-mingw32/bin/../lib/gcc/nios2-elf/4.1.2\libgcc.a(_fpcmp_parts_df.o)
 .data          0x0000f4fc        0x0 c:/altera/13.0sp1/nios2eds/bin/gnu/h-i686-mingw32/bin/../lib/gcc/nios2-elf/4.1.2\libgcc.a(_clz.o)
 .data          0x0000f4fc        0x0 c:/altera/13.0sp1/nios2eds/bin/gnu/h-i686-mingw32/bin/../lib/gcc/nios2-elf/4.1.2/../../../../nios2-elf/lib\libc.a(lib_a-difftime.o)
 .data          0x0000f4fc        0x0 c:/altera/13.0sp1/nios2eds/bin/gnu/h-i686-mingw32/bin/../lib/gcc/nios2-elf/4.1.2/../../../../nios2-elf/lib\libc.a(lib_a-errno.o)
 .data          0x0000f4fc        0x0 c:/altera/13.0sp1/nios2eds/bin/gnu/h-i686-mingw32/bin/../lib/gcc/nios2-elf/4.1.2/../../../../nios2-elf/lib\libc.a(lib_a-fclose.o)
 .data          0x0000f4fc        0x0 c:/altera/13.0sp1/nios2eds/bin/gnu/h-i686-mingw32/bin/../lib/gcc/nios2-elf/4.1.2/../../../../nios2-elf/lib\libc.a(lib_a-fflush.o)
 .data          0x0000f4fc        0x0 c:/altera/13.0sp1/nios2eds/bin/gnu/h-i686-mingw32/bin/../lib/gcc/nios2-elf/4.1.2/../../../../nios2-elf/lib\libc.a(lib_a-findfp.o)
 .data          0x0000f4fc        0x0 c:/altera/13.0sp1/nios2eds/bin/gnu/h-i686-mingw32/bin/../lib/gcc/nios2-elf/4.1.2/../../../../nios2-elf/lib\libc.a(lib_a-fopen.o)
 .data          0x0000f4fc        0x0 c:/altera/13.0sp1/nios2eds/bin/gnu/h-i686-mingw32/bin/../lib/gcc/nios2-elf/4.1.2/../../../../nios2-elf/lib\libc.a(lib_a-fprintf.o)
 .data          0x0000f4fc        0x0 c:/altera/13.0sp1/nios2eds/bin/gnu/h-i686-mingw32/bin/../lib/gcc/nios2-elf/4.1.2/../../../../nios2-elf/lib\libc.a(lib_a-fputc.o)
 .data          0x0000f4fc        0x0 c:/altera/13.0sp1/nios2eds/bin/gnu/h-i686-mingw32/bin/../lib/gcc/nios2-elf/4.1.2/../../../../nios2-elf/lib\libc.a(lib_a-freer.o)
 .data          0x0000f4fc        0x0 c:/altera/13.0sp1/nios2eds/bin/gnu/h-i686-mingw32/bin/../lib/gcc/nios2-elf/4.1.2/../../../../nios2-elf/lib\libc.a(lib_a-fseek.o)
 .data          0x0000f4fc        0x0 c:/altera/13.0sp1/nios2eds/bin/gnu/h-i686-mingw32/bin/../lib/gcc/nios2-elf/4.1.2/../../../../nios2-elf/lib\libc.a(lib_a-fstatr.o)
 .data          0x0000f4fc        0x0 c:/altera/13.0sp1/nios2eds/bin/gnu/h-i686-mingw32/bin/../lib/gcc/nios2-elf/4.1.2/../../../../nios2-elf/lib\libc.a(lib_a-fwalk.o)
 .data          0x0000f4fc        0x0 c:/altera/13.0sp1/nios2eds/bin/gnu/h-i686-mingw32/bin/../lib/gcc/nios2-elf/4.1.2/../../../../nios2-elf/lib\libc.a(lib_a-fwrite.o)
 .data          0x0000f4fc      0x400 c:/altera/13.0sp1/nios2eds/bin/gnu/h-i686-mingw32/bin/../lib/gcc/nios2-elf/4.1.2/../../../../nios2-elf/lib\libc.a(lib_a-impure.o)
 .data          0x0000f8fc        0x0 c:/altera/13.0sp1/nios2eds/bin/gnu/h-i686-mingw32/bin/../lib/gcc/nios2-elf/4.1.2/../../../../nios2-elf/lib\libc.a(lib_a-int_errno.o)
 .data          0x0000f8fc        0x0 c:/altera/13.0sp1/nios2eds/bin/gnu/h-i686-mingw32/bin/../lib/gcc/nios2-elf/4.1.2/../../../../nios2-elf/lib\libc.a(lib_a-makebuf.o)
 .data          0x0000f8fc      0x408 c:/altera/13.0sp1/nios2eds/bin/gnu/h-i686-mingw32/bin/../lib/gcc/nios2-elf/4.1.2/../../../../nios2-elf/lib\libc.a(lib_a-mallocr.o)
                0x0000f8fc                __malloc_av_
 .data          0x0000fd04        0x0 c:/altera/13.0sp1/nios2eds/bin/gnu/h-i686-mingw32/bin/../lib/gcc/nios2-elf/4.1.2/../../../../nios2-elf/lib\libc.a(lib_a-memcpy.o)
 .data          0x0000fd04        0x0 c:/altera/13.0sp1/nios2eds/bin/gnu/h-i686-mingw32/bin/../lib/gcc/nios2-elf/4.1.2/../../../../nios2-elf/lib\libc.a(lib_a-memset.o)
 .data          0x0000fd04        0x0 c:/altera/13.0sp1/nios2eds/bin/gnu/h-i686-mingw32/bin/../lib/gcc/nios2-elf/4.1.2/../../../../nios2-elf/lib\libc.a(lib_a-openr.o)
 .data          0x0000fd04        0x0 c:/altera/13.0sp1/nios2eds/bin/gnu/h-i686-mingw32/bin/../lib/gcc/nios2-elf/4.1.2/../../../../nios2-elf/lib\libc.a(lib_a-printf.o)
 .data          0x0000fd04        0x0 c:/altera/13.0sp1/nios2eds/bin/gnu/h-i686-mingw32/bin/../lib/gcc/nios2-elf/4.1.2/../../../../nios2-elf/lib\libc.a(lib_a-putc.o)
 .data          0x0000fd04        0x0 c:/altera/13.0sp1/nios2eds/bin/gnu/h-i686-mingw32/bin/../lib/gcc/nios2-elf/4.1.2/../../../../nios2-elf/lib\libc.a(lib_a-puts.o)
 .data          0x0000fd04        0x0 c:/altera/13.0sp1/nios2eds/bin/gnu/h-i686-mingw32/bin/../lib/gcc/nios2-elf/4.1.2/../../../../nios2-elf/lib\libc.a(lib_a-refill.o)
 .data          0x0000fd04        0x0 c:/altera/13.0sp1/nios2eds/bin/gnu/h-i686-mingw32/bin/../lib/gcc/nios2-elf/4.1.2/../../../../nios2-elf/lib\libc.a(lib_a-sbrkr.o)
 .data          0x0000fd04        0x0 c:/altera/13.0sp1/nios2eds/bin/gnu/h-i686-mingw32/bin/../lib/gcc/nios2-elf/4.1.2/../../../../nios2-elf/lib\libc.a(lib_a-stdio.o)
 .data          0x0000fd04        0x0 c:/altera/13.0sp1/nios2eds/bin/gnu/h-i686-mingw32/bin/../lib/gcc/nios2-elf/4.1.2/../../../../nios2-elf/lib\libc.a(lib_a-strlen.o)
 .data          0x0000fd04        0x0 c:/altera/13.0sp1/nios2eds/bin/gnu/h-i686-mingw32/bin/../lib/gcc/nios2-elf/4.1.2/../../../../nios2-elf/lib\libc.a(lib_a-time.o)
 .data          0x0000fd04        0x0 c:/altera/13.0sp1/nios2eds/bin/gnu/h-i686-mingw32/bin/../lib/gcc/nios2-elf/4.1.2/../../../../nios2-elf/lib\libc.a(lib_a-vfprintf.o)
 .data          0x0000fd04        0x0 c:/altera/13.0sp1/nios2eds/bin/gnu/h-i686-mingw32/bin/../lib/gcc/nios2-elf/4.1.2/../../../../nios2-elf/lib\libc.a(lib_a-wbuf.o)
 .data          0x0000fd04        0x0 c:/altera/13.0sp1/nios2eds/bin/gnu/h-i686-mingw32/bin/../lib/gcc/nios2-elf/4.1.2/../../../../nios2-elf/lib\libc.a(lib_a-writer.o)
 .data          0x0000fd04        0x0 c:/altera/13.0sp1/nios2eds/bin/gnu/h-i686-mingw32/bin/../lib/gcc/nios2-elf/4.1.2/../../../../nios2-elf/lib\libc.a(lib_a-wsetup.o)
 .data          0x0000fd04        0x0 c:/altera/13.0sp1/nios2eds/bin/gnu/h-i686-mingw32/bin/../lib/gcc/nios2-elf/4.1.2/../../../../nios2-elf/lib\libc.a(lib_a-closer.o)
 .data          0x0000fd04        0x0 c:/altera/13.0sp1/nios2eds/bin/gnu/h-i686-mingw32/bin/../lib/gcc/nios2-elf/4.1.2/../../../../nios2-elf/lib\libc.a(lib_a-dtoa.o)
 .data          0x0000fd04        0x0 c:/altera/13.0sp1/nios2eds/bin/gnu/h-i686-mingw32/bin/../lib/gcc/nios2-elf/4.1.2/../../../../nios2-elf/lib\libc.a(lib_a-flags.o)
 .data          0x0000fd04        0x0 c:/altera/13.0sp1/nios2eds/bin/gnu/h-i686-mingw32/bin/../lib/gcc/nios2-elf/4.1.2/../../../../nios2-elf/lib\libc.a(lib_a-fvwrite.o)
 .data          0x0000fd04        0x0 c:/altera/13.0sp1/nios2eds/bin/gnu/h-i686-mingw32/bin/../lib/gcc/nios2-elf/4.1.2/../../../../nios2-elf/lib\libc.a(lib_a-gettimeofdayr.o)
 .data          0x0000fd04        0x0 c:/altera/13.0sp1/nios2eds/bin/gnu/h-i686-mingw32/bin/../lib/gcc/nios2-elf/4.1.2/../../../../nios2-elf/lib\libc.a(lib_a-isattyr.o)
 .data          0x0000fd04        0xc c:/altera/13.0sp1/nios2eds/bin/gnu/h-i686-mingw32/bin/../lib/gcc/nios2-elf/4.1.2/../../../../nios2-elf/lib\libc.a(lib_a-locale.o)
                0x0000fd04                __lc_ctype
 .data          0x0000fd10        0x0 c:/altera/13.0sp1/nios2eds/bin/gnu/h-i686-mingw32/bin/../lib/gcc/nios2-elf/4.1.2/../../../../nios2-elf/lib\libc.a(lib_a-lseekr.o)
 .data          0x0000fd10        0x0 c:/altera/13.0sp1/nios2eds/bin/gnu/h-i686-mingw32/bin/../lib/gcc/nios2-elf/4.1.2/../../../../nios2-elf/lib\libc.a(lib_a-memchr.o)
 .data          0x0000fd10        0x0 c:/altera/13.0sp1/nios2eds/bin/gnu/h-i686-mingw32/bin/../lib/gcc/nios2-elf/4.1.2/../../../../nios2-elf/lib\libc.a(lib_a-memmove.o)
 .data          0x0000fd10        0x0 c:/altera/13.0sp1/nios2eds/bin/gnu/h-i686-mingw32/bin/../lib/gcc/nios2-elf/4.1.2/../../../../nios2-elf/lib\libc.a(lib_a-mprec.o)
 .data          0x0000fd10        0x0 c:/altera/13.0sp1/nios2eds/bin/gnu/h-i686-mingw32/bin/../lib/gcc/nios2-elf/4.1.2/../../../../nios2-elf/lib\libc.a(lib_a-readr.o)
 .data          0x0000fd10        0x0 c:/altera/13.0sp1/nios2eds/bin/gnu/h-i686-mingw32/bin/../lib/gcc/nios2-elf/4.1.2/../../../../nios2-elf/lib\libc.a(lib_a-reallocr.o)
 .data          0x0000fd10        0x0 c:/altera/13.0sp1/nios2eds/bin/gnu/h-i686-mingw32/bin/../lib/gcc/nios2-elf/4.1.2/../../../../nios2-elf/lib\libc.a(lib_a-s_isinfd.o)
 .data          0x0000fd10        0x0 c:/altera/13.0sp1/nios2eds/bin/gnu/h-i686-mingw32/bin/../lib/gcc/nios2-elf/4.1.2/../../../../nios2-elf/lib\libc.a(lib_a-strcmp.o)
 .data          0x0000fd10        0x0 c:/altera/13.0sp1/nios2eds/bin/gnu/h-i686-mingw32/bin/../lib/gcc/nios2-elf/4.1.2/../../../../nios2-elf/lib\libc.a(lib_a-callocr.o)
 .data          0x0000fd10        0x0 c:/altera/13.0sp1/nios2eds/bin/gnu/h-i686-mingw32/bin/../lib/gcc/nios2-elf/4.1.2\libgcc.a(_udivdi3.o)
 .data          0x0000fd10        0x0 c:/altera/13.0sp1/nios2eds/bin/gnu/h-i686-mingw32/bin/../lib/gcc/nios2-elf/4.1.2\libgcc.a(_umoddi3.o)
 .data          0x0000fd10        0x0 c:/altera/13.0sp1/nios2eds/bin/gnu/h-i686-mingw32/bin/../lib/gcc/nios2-elf/4.1.2\libgcc.a(_eq_df.o)
 .data          0x0000fd10        0x0 c:/altera/13.0sp1/nios2eds/bin/gnu/h-i686-mingw32/bin/../lib/gcc/nios2-elf/4.1.2\libgcc.a(_ne_df.o)
 .data          0x0000fd10        0x0 c:/altera/13.0sp1/nios2eds/bin/gnu/h-i686-mingw32/bin/../lib/gcc/nios2-elf/4.1.2\libgcc.a(_ge_df.o)
 .data          0x0000fd10        0x0 c:/altera/13.0sp1/nios2eds/bin/gnu/h-i686-mingw32/bin/../lib/gcc/nios2-elf/4.1.2\libgcc.a(_usi_to_df.o)
 .data          0x0000fd10        0x0 c:/altera/13.0sp1/nios2eds/bin/gnu/h-i686-mingw32/bin/../lib/gcc/nios2-elf/4.1.2\libgcc.a(lib2-divmod.o)
 .data          0x0000fd10        0x0 BSP/\libhal_bsp.a(alt_close.o)
 .data          0x0000fd10      0x1a8 BSP/\libhal_bsp.a(alt_dev.o)
                0x0000fd10                alt_dev_null
                0x0000fd38                alt_fd_list
 .data          0x0000feb8        0x0 BSP/\libhal_bsp.a(alt_errno.o)
 .data          0x0000feb8        0x0 BSP/\libhal_bsp.a(alt_fstat.o)
 .data          0x0000feb8        0x0 BSP/\libhal_bsp.a(alt_gettod.o)
 .data          0x0000feb8        0x0 BSP/\libhal_bsp.a(alt_irq_register.o)
 .data          0x0000feb8        0x0 BSP/\libhal_bsp.a(alt_irq_vars.o)
 .data          0x0000feb8        0x0 BSP/\libhal_bsp.a(alt_isatty.o)
 .data          0x0000feb8        0x0 BSP/\libhal_bsp.a(alt_load.o)
 .data          0x0000feb8        0x0 BSP/\libhal_bsp.a(alt_lseek.o)
 .data          0x0000feb8        0x0 BSP/\libhal_bsp.a(alt_main.o)
 .data          0x0000feb8        0x0 BSP/\libhal_bsp.a(alt_malloc_lock.o)
 .data          0x0000feb8        0x0 BSP/\libhal_bsp.a(alt_open.o)
 .data          0x0000feb8        0x0 BSP/\libhal_bsp.a(alt_read.o)
 .data          0x0000feb8        0x0 BSP/\libhal_bsp.a(alt_release_fd.o)
 .data          0x0000feb8        0x0 BSP/\libhal_bsp.a(alt_sbrk.o)
 .data          0x0000feb8        0x0 BSP/\libhal_bsp.a(alt_tick.o)
 .data          0x0000feb8        0x0 BSP/\libhal_bsp.a(alt_write.o)
 .data          0x0000feb8     0x1494 BSP/\libhal_bsp.a(alt_sys_init.o)
 .data          0x0001134c        0x0 BSP/\libhal_bsp.a(altera_avalon_jtag_uart_fd.o)
 .data          0x0001134c        0x0 BSP/\libhal_bsp.a(altera_avalon_jtag_uart_init.o)
 .data          0x0001134c        0x0 BSP/\libhal_bsp.a(altera_avalon_jtag_uart_ioctl.o)
 .data          0x0001134c        0x0 BSP/\libhal_bsp.a(altera_avalon_jtag_uart_read.o)
 .data          0x0001134c        0x0 BSP/\libhal_bsp.a(altera_avalon_jtag_uart_write.o)
 .data          0x0001134c        0x0 BSP/\libhal_bsp.a(altera_avalon_sgdma.o)
 .data          0x0001134c        0x0 BSP/\libhal_bsp.a(altera_avalon_timer_sc.o)
 .data          0x0001134c        0x0 BSP/\libhal_bsp.a(altera_up_avalon_character_lcd.o)
 .data          0x0001134c        0x0 BSP/\libhal_bsp.a(altera_up_avalon_irda.o)
 .data          0x0001134c        0x0 BSP/\libhal_bsp.a(altera_up_avalon_ps2.o)
 .data          0x0001134c        0x0 BSP/\libhal_bsp.a(altera_up_avalon_rs232.o)
 .data          0x0001134c        0x0 BSP/\libhal_bsp.a(altera_up_avalon_video_character_buffer_with_dma.o)
 .data          0x0001134c        0x0 BSP/\libhal_bsp.a(alt_alarm_start.o)
 .data          0x0001134c        0x0 BSP/\libhal_bsp.a(alt_dcache_flush_all.o)
 .data          0x0001134c        0x0 BSP/\libhal_bsp.a(alt_dev_llist_insert.o)
 .data          0x0001134c        0x0 BSP/\libhal_bsp.a(alt_find_dev.o)
 .data          0x0001134c        0x0 BSP/\libhal_bsp.a(alt_find_file.o)
 .data          0x0001134c        0x0 BSP/\libhal_bsp.a(alt_get_fd.o)
 .data          0x0001134c        0x0 BSP/\libhal_bsp.a(alt_icache_flush_all.o)
 .data          0x0001134c        0x0 BSP/\libhal_bsp.a(alt_io_redirect.o)
 .data          0x0001134c        0x0 BSP/\libhal_bsp.a(alt_irq_entry.o)
 .data          0x0001134c        0x0 BSP/\libhal_bsp.a(alt_irq_handler.o)
 .data          0x0001134c        0x0 BSP/\libhal_bsp.a(alt_remap_uncached.o)
 .data          0x0001134c        0x0 BSP/\libhal_bsp.a(altera_nios2_qsys_irq.o)
 .data          0x0001134c        0x0 BSP/\libhal_bsp.a(alt_dcache_flush.o)
 .data          0x0001134c        0x0 BSP/\libhal_bsp.a(alt_exception_entry.o)
 .data          0x0001134c        0x0 BSP/\libhal_bsp.a(alt_icache_flush.o)
 .data          0x0001134c        0x0 c:/altera/13.0sp1/nios2eds/bin/gnu/h-i686-mingw32/bin/../lib/gcc/nios2-elf/4.1.2/../../../../nios2-elf/lib\libc.a(lib_a-exit.o)
 .data          0x0001134c        0x0 c:/altera/13.0sp1/nios2eds/bin/gnu/h-i686-mingw32/bin/../lib/gcc/nios2-elf/4.1.2/../../../../nios2-elf/lib\libc.a(lib_a-memcmp.o)
 .data          0x0001134c        0x0 c:/altera/13.0sp1/nios2eds/bin/gnu/h-i686-mingw32/bin/../lib/gcc/nios2-elf/4.1.2/../../../../nios2-elf/lib\libc.a(lib_a-__call_atexit.o)
 .data          0x0001134c        0x0 BSP/\libhal_bsp.a(alt_exit.o)
                0x0001934c                _gp = ABSOLUTE ((. + 0x8000))
                0x0001934c                PROVIDE (gp, _gp)
 *(.rwdata .rwdata.*)
 *(.sdata .sdata.* .gnu.linkonce.s.*)
 .sdata         0x0001134c        0x4 obj/default//C/Users/delgado4/Documents/GitHub/cube_solver/Final_Project/cube_solver.o
                0x0001134c                imagePtr
 .sdata         0x00011350        0xc obj/default//C/Users/delgado4/Documents/GitHub/cube_solver/Final_Project/ee109-lib/camera.o
 .sdata         0x0001135c        0x8 obj/default//C/Users/delgado4/Documents/GitHub/cube_solver/Final_Project/ee109-lib/char_lcd.o
                0x0001135c                instruction_ptr
                0x00011360                data_ptr
 .sdata         0x00011364       0x10 obj/default//C/Users/delgado4/Documents/GitHub/cube_solver/Final_Project/ee109-lib/lcd.o
 .sdata         0x00011374        0xc obj/default//C/Users/delgado4/Documents/GitHub/cube_solver/Final_Project/ee109-lib/pushbuttons.o
 .sdata         0x00011380       0x10 obj/default//C/Users/delgado4/Documents/GitHub/cube_solver/Final_Project/ee109-lib/vga.o
 .sdata         0x00011390        0x4 c:/altera/13.0sp1/nios2eds/bin/gnu/h-i686-mingw32/bin/../lib/gcc/nios2-elf/4.1.2/../../../../nios2-elf/lib\libm.a(lib_a-s_lib_ver.o)
                0x00011390                __fdlib_version
 .sdata         0x00011394        0x8 c:/altera/13.0sp1/nios2eds/bin/gnu/h-i686-mingw32/bin/../lib/gcc/nios2-elf/4.1.2/../../../../nios2-elf/lib\libc.a(lib_a-impure.o)
                0x00011394                _impure_ptr
                0x00011398                _global_impure_ptr
 .sdata         0x0001139c        0x8 c:/altera/13.0sp1/nios2eds/bin/gnu/h-i686-mingw32/bin/../lib/gcc/nios2-elf/4.1.2/../../../../nios2-elf/lib\libc.a(lib_a-mallocr.o)
                0x0001139c                __malloc_trim_threshold
                0x000113a0                __malloc_sbrk_base
 .sdata         0x000113a4        0x8 c:/altera/13.0sp1/nios2eds/bin/gnu/h-i686-mingw32/bin/../lib/gcc/nios2-elf/4.1.2/../../../../nios2-elf/lib\libc.a(lib_a-locale.o)
                0x000113a4                __mb_cur_max
 .sdata         0x000113ac       0x14 BSP/\libhal_bsp.a(alt_dev.o)
                0x000113ac                alt_fs_list
                0x000113b4                alt_dev_list
                0x000113bc                alt_max_fd
 .sdata         0x000113c0        0x4 BSP/\libhal_bsp.a(alt_errno.o)
                0x000113c0                alt_errno
 .sdata         0x000113c4        0x4 BSP/\libhal_bsp.a(alt_irq_vars.o)
                0x000113c4                alt_priority_mask
 .sdata         0x000113c8        0x4 BSP/\libhal_bsp.a(alt_sbrk.o)
 .sdata         0x000113cc        0x8 BSP/\libhal_bsp.a(alt_tick.o)
                0x000113cc                alt_alarm_list
 .sdata         0x000113d4        0x8 BSP/\libhal_bsp.a(altera_avalon_sgdma.o)
                0x000113d4                alt_sgdma_list
 *(.sdata2 .sdata2.* .gnu.linkonce.s2.*)
                0x000113dc                . = ALIGN (0x4)
                0x000113dc                _edata = ABSOLUTE (.)
                0x000113dc                PROVIDE (edata, ABSOLUTE (.))
                0x000113dc                PROVIDE (__ram_rwdata_end, ABSOLUTE (.))
                0x000113dc                PROVIDE (__flash_rwdata_start, LOADADDR (.rwdata))

.bss            0x00013304    0x46990
                0x00013304                __bss_start = ABSOLUTE (.)
                0x00013304                PROVIDE (__sbss_start, ABSOLUTE (.))
                0x00013304                PROVIDE (___sbss_start, ABSOLUTE (.))
 *(.dynsbss)
 *(.sbss .sbss.* .gnu.linkonce.sb.*)
 .sbss          0x00013304        0x4 obj/default//C/Users/delgado4/Documents/GitHub/cube_solver/Final_Project/cube_solver.o
                0x00013304                imageCaptured
 .sbss          0x00013308        0x4 c:/altera/13.0sp1/nios2eds/bin/gnu/h-i686-mingw32/bin/../lib/gcc/nios2-elf/4.1.2/../../../../nios2-elf/lib\libc.a(lib_a-int_errno.o)
                0x00013308                errno
 .sbss          0x0001330c        0xc c:/altera/13.0sp1/nios2eds/bin/gnu/h-i686-mingw32/bin/../lib/gcc/nios2-elf/4.1.2/../../../../nios2-elf/lib\libc.a(lib_a-mallocr.o)
                0x0001330c                __malloc_top_pad
                0x00013310                __malloc_max_sbrked_mem
                0x00013314                __malloc_max_total_mem
 .sbss          0x00013318        0xc c:/altera/13.0sp1/nios2eds/bin/gnu/h-i686-mingw32/bin/../lib/gcc/nios2-elf/4.1.2/../../../../nios2-elf/lib\libc.a(lib_a-locale.o)
                0x00013318                __nlocale_changed
                0x0001331c                __mlocale_changed
                0x00013320                _PathLocale
 .sbss          0x00013324       0x10 BSP/\libhal_bsp.a(alt_gettod.o)
                0x00013324                alt_timezone
                0x0001332c                alt_resettime
 .sbss          0x00013334        0x4 BSP/\libhal_bsp.a(alt_irq_vars.o)
                0x00013334                alt_irq_active
 .sbss          0x00013338        0xc BSP/\libhal_bsp.a(alt_main.o)
                0x00013338                alt_argc
                0x0001333c                alt_argv
                0x00013340                alt_envp
 .sbss          0x00013344        0x8 BSP/\libhal_bsp.a(alt_tick.o)
                0x00013344                _alt_tick_rate
                0x00013348                _alt_nticks
 *(.sbss2 .sbss2.* .gnu.linkonce.sb2.*)
 *(.scommon)
                0x0001334c                PROVIDE (__sbss_end, ABSOLUTE (.))
                0x0001334c                PROVIDE (___sbss_end, ABSOLUTE (.))
 *(.dynbss)
 *(.bss .bss.* .gnu.linkonce.b.*)
 .bss           0x0001334c        0x0 BSP//obj/HAL/src/crt0.o
 .bss           0x0001334c        0x0 obj/default//C/Users/delgado4/Documents/GitHub/cube_solver/Final_Project/cube_solver.o
 .bss           0x0001334c        0x0 obj/default//C/Users/delgado4/Documents/GitHub/cube_solver/Final_Project/ee109-lib/camera.o
 .bss           0x0001334c        0x0 obj/default//C/Users/delgado4/Documents/GitHub/cube_solver/Final_Project/ee109-lib/char_lcd.o
 .bss           0x0001334c        0x0 obj/default//C/Users/delgado4/Documents/GitHub/cube_solver/Final_Project/ee109-lib/lcd.o
 .bss           0x0001334c        0x0 obj/default//C/Users/delgado4/Documents/GitHub/cube_solver/Final_Project/ee109-lib/pushbuttons.o
 .bss           0x0001334c        0x0 obj/default//C/Users/delgado4/Documents/GitHub/cube_solver/Final_Project/ee109-lib/vga.o
 .bss           0x0001334c        0x0 obj/default//C/Users/delgado4/Documents/GitHub/cube_solver/Final_Project/system_globals.o
 .bss           0x0001334c        0x0 c:/altera/13.0sp1/nios2eds/bin/gnu/h-i686-mingw32/bin/../lib/gcc/nios2-elf/4.1.2/../../../../nios2-elf/lib\libm.a(lib_a-w_sqrt.o)
 .bss           0x0001334c        0x0 c:/altera/13.0sp1/nios2eds/bin/gnu/h-i686-mingw32/bin/../lib/gcc/nios2-elf/4.1.2/../../../../nios2-elf/lib\libm.a(lib_a-e_sqrt.o)
 .bss           0x0001334c        0x0 c:/altera/13.0sp1/nios2eds/bin/gnu/h-i686-mingw32/bin/../lib/gcc/nios2-elf/4.1.2/../../../../nios2-elf/lib\libm.a(lib_a-s_isnand.o)
 .bss           0x0001334c        0x0 c:/altera/13.0sp1/nios2eds/bin/gnu/h-i686-mingw32/bin/../lib/gcc/nios2-elf/4.1.2/../../../../nios2-elf/lib\libm.a(lib_a-s_lib_ver.o)
 .bss           0x0001334c        0x0 c:/altera/13.0sp1/nios2eds/bin/gnu/h-i686-mingw32/bin/../lib/gcc/nios2-elf/4.1.2/../../../../nios2-elf/lib\libm.a(lib_a-s_matherr.o)
 .bss           0x0001334c        0x0 c:/altera/13.0sp1/nios2eds/bin/gnu/h-i686-mingw32/bin/../lib/gcc/nios2-elf/4.1.2\libgcc.a(_addsub_df.o)
 .bss           0x0001334c        0x0 c:/altera/13.0sp1/nios2eds/bin/gnu/h-i686-mingw32/bin/../lib/gcc/nios2-elf/4.1.2\libgcc.a(_mul_df.o)
 .bss           0x0001334c        0x0 c:/altera/13.0sp1/nios2eds/bin/gnu/h-i686-mingw32/bin/../lib/gcc/nios2-elf/4.1.2\libgcc.a(_div_df.o)
 .bss           0x0001334c        0x0 c:/altera/13.0sp1/nios2eds/bin/gnu/h-i686-mingw32/bin/../lib/gcc/nios2-elf/4.1.2\libgcc.a(_gt_df.o)
 .bss           0x0001334c        0x0 c:/altera/13.0sp1/nios2eds/bin/gnu/h-i686-mingw32/bin/../lib/gcc/nios2-elf/4.1.2\libgcc.a(_lt_df.o)
 .bss           0x0001334c        0x0 c:/altera/13.0sp1/nios2eds/bin/gnu/h-i686-mingw32/bin/../lib/gcc/nios2-elf/4.1.2\libgcc.a(_si_to_df.o)
 .bss           0x0001334c        0x0 c:/altera/13.0sp1/nios2eds/bin/gnu/h-i686-mingw32/bin/../lib/gcc/nios2-elf/4.1.2\libgcc.a(_df_to_si.o)
 .bss           0x0001334c        0x0 c:/altera/13.0sp1/nios2eds/bin/gnu/h-i686-mingw32/bin/../lib/gcc/nios2-elf/4.1.2\libgcc.a(_thenan_df.o)
 .bss           0x0001334c        0x0 c:/altera/13.0sp1/nios2eds/bin/gnu/h-i686-mingw32/bin/../lib/gcc/nios2-elf/4.1.2\libgcc.a(_muldi3.o)
 .bss           0x0001334c        0x0 c:/altera/13.0sp1/nios2eds/bin/gnu/h-i686-mingw32/bin/../lib/gcc/nios2-elf/4.1.2\libgcc.a(_clzsi2.o)
 .bss           0x0001334c        0x0 c:/altera/13.0sp1/nios2eds/bin/gnu/h-i686-mingw32/bin/../lib/gcc/nios2-elf/4.1.2\libgcc.a(_pack_df.o)
 .bss           0x0001334c        0x0 c:/altera/13.0sp1/nios2eds/bin/gnu/h-i686-mingw32/bin/../lib/gcc/nios2-elf/4.1.2\libgcc.a(_unpack_df.o)
 .bss           0x0001334c        0x0 c:/altera/13.0sp1/nios2eds/bin/gnu/h-i686-mingw32/bin/../lib/gcc/nios2-elf/4.1.2\libgcc.a(_fpcmp_parts_df.o)
 .bss           0x0001334c        0x0 c:/altera/13.0sp1/nios2eds/bin/gnu/h-i686-mingw32/bin/../lib/gcc/nios2-elf/4.1.2\libgcc.a(_clz.o)
 .bss           0x0001334c        0x0 c:/altera/13.0sp1/nios2eds/bin/gnu/h-i686-mingw32/bin/../lib/gcc/nios2-elf/4.1.2/../../../../nios2-elf/lib\libc.a(lib_a-difftime.o)
 .bss           0x0001334c        0x0 c:/altera/13.0sp1/nios2eds/bin/gnu/h-i686-mingw32/bin/../lib/gcc/nios2-elf/4.1.2/../../../../nios2-elf/lib\libc.a(lib_a-errno.o)
 .bss           0x0001334c        0x0 c:/altera/13.0sp1/nios2eds/bin/gnu/h-i686-mingw32/bin/../lib/gcc/nios2-elf/4.1.2/../../../../nios2-elf/lib\libc.a(lib_a-fclose.o)
 .bss           0x0001334c        0x0 c:/altera/13.0sp1/nios2eds/bin/gnu/h-i686-mingw32/bin/../lib/gcc/nios2-elf/4.1.2/../../../../nios2-elf/lib\libc.a(lib_a-fflush.o)
 .bss           0x0001334c        0x0 c:/altera/13.0sp1/nios2eds/bin/gnu/h-i686-mingw32/bin/../lib/gcc/nios2-elf/4.1.2/../../../../nios2-elf/lib\libc.a(lib_a-findfp.o)
 .bss           0x0001334c        0x0 c:/altera/13.0sp1/nios2eds/bin/gnu/h-i686-mingw32/bin/../lib/gcc/nios2-elf/4.1.2/../../../../nios2-elf/lib\libc.a(lib_a-fopen.o)
 .bss           0x0001334c        0x0 c:/altera/13.0sp1/nios2eds/bin/gnu/h-i686-mingw32/bin/../lib/gcc/nios2-elf/4.1.2/../../../../nios2-elf/lib\libc.a(lib_a-fprintf.o)
 .bss           0x0001334c        0x0 c:/altera/13.0sp1/nios2eds/bin/gnu/h-i686-mingw32/bin/../lib/gcc/nios2-elf/4.1.2/../../../../nios2-elf/lib\libc.a(lib_a-fputc.o)
 .bss           0x0001334c        0x0 c:/altera/13.0sp1/nios2eds/bin/gnu/h-i686-mingw32/bin/../lib/gcc/nios2-elf/4.1.2/../../../../nios2-elf/lib\libc.a(lib_a-freer.o)
 .bss           0x0001334c        0x0 c:/altera/13.0sp1/nios2eds/bin/gnu/h-i686-mingw32/bin/../lib/gcc/nios2-elf/4.1.2/../../../../nios2-elf/lib\libc.a(lib_a-fseek.o)
 .bss           0x0001334c        0x0 c:/altera/13.0sp1/nios2eds/bin/gnu/h-i686-mingw32/bin/../lib/gcc/nios2-elf/4.1.2/../../../../nios2-elf/lib\libc.a(lib_a-fstatr.o)
 .bss           0x0001334c        0x0 c:/altera/13.0sp1/nios2eds/bin/gnu/h-i686-mingw32/bin/../lib/gcc/nios2-elf/4.1.2/../../../../nios2-elf/lib\libc.a(lib_a-fwalk.o)
 .bss           0x0001334c        0x0 c:/altera/13.0sp1/nios2eds/bin/gnu/h-i686-mingw32/bin/../lib/gcc/nios2-elf/4.1.2/../../../../nios2-elf/lib\libc.a(lib_a-fwrite.o)
 .bss           0x0001334c        0x0 c:/altera/13.0sp1/nios2eds/bin/gnu/h-i686-mingw32/bin/../lib/gcc/nios2-elf/4.1.2/../../../../nios2-elf/lib\libc.a(lib_a-impure.o)
 .bss           0x0001334c        0x0 c:/altera/13.0sp1/nios2eds/bin/gnu/h-i686-mingw32/bin/../lib/gcc/nios2-elf/4.1.2/../../../../nios2-elf/lib\libc.a(lib_a-int_errno.o)
 .bss           0x0001334c        0x0 c:/altera/13.0sp1/nios2eds/bin/gnu/h-i686-mingw32/bin/../lib/gcc/nios2-elf/4.1.2/../../../../nios2-elf/lib\libc.a(lib_a-makebuf.o)
 .bss           0x0001334c       0x28 c:/altera/13.0sp1/nios2eds/bin/gnu/h-i686-mingw32/bin/../lib/gcc/nios2-elf/4.1.2/../../../../nios2-elf/lib\libc.a(lib_a-mallocr.o)
                0x0001334c                __malloc_current_mallinfo
 .bss           0x00013374        0x0 c:/altera/13.0sp1/nios2eds/bin/gnu/h-i686-mingw32/bin/../lib/gcc/nios2-elf/4.1.2/../../../../nios2-elf/lib\libc.a(lib_a-memcpy.o)
 .bss           0x00013374        0x0 c:/altera/13.0sp1/nios2eds/bin/gnu/h-i686-mingw32/bin/../lib/gcc/nios2-elf/4.1.2/../../../../nios2-elf/lib\libc.a(lib_a-memset.o)
 .bss           0x00013374        0x0 c:/altera/13.0sp1/nios2eds/bin/gnu/h-i686-mingw32/bin/../lib/gcc/nios2-elf/4.1.2/../../../../nios2-elf/lib\libc.a(lib_a-openr.o)
 .bss           0x00013374        0x0 c:/altera/13.0sp1/nios2eds/bin/gnu/h-i686-mingw32/bin/../lib/gcc/nios2-elf/4.1.2/../../../../nios2-elf/lib\libc.a(lib_a-printf.o)
 .bss           0x00013374        0x0 c:/altera/13.0sp1/nios2eds/bin/gnu/h-i686-mingw32/bin/../lib/gcc/nios2-elf/4.1.2/../../../../nios2-elf/lib\libc.a(lib_a-putc.o)
 .bss           0x00013374        0x0 c:/altera/13.0sp1/nios2eds/bin/gnu/h-i686-mingw32/bin/../lib/gcc/nios2-elf/4.1.2/../../../../nios2-elf/lib\libc.a(lib_a-puts.o)
 .bss           0x00013374        0x0 c:/altera/13.0sp1/nios2eds/bin/gnu/h-i686-mingw32/bin/../lib/gcc/nios2-elf/4.1.2/../../../../nios2-elf/lib\libc.a(lib_a-refill.o)
 .bss           0x00013374        0x0 c:/altera/13.0sp1/nios2eds/bin/gnu/h-i686-mingw32/bin/../lib/gcc/nios2-elf/4.1.2/../../../../nios2-elf/lib\libc.a(lib_a-sbrkr.o)
 .bss           0x00013374        0x0 c:/altera/13.0sp1/nios2eds/bin/gnu/h-i686-mingw32/bin/../lib/gcc/nios2-elf/4.1.2/../../../../nios2-elf/lib\libc.a(lib_a-stdio.o)
 .bss           0x00013374        0x0 c:/altera/13.0sp1/nios2eds/bin/gnu/h-i686-mingw32/bin/../lib/gcc/nios2-elf/4.1.2/../../../../nios2-elf/lib\libc.a(lib_a-strlen.o)
 .bss           0x00013374        0x0 c:/altera/13.0sp1/nios2eds/bin/gnu/h-i686-mingw32/bin/../lib/gcc/nios2-elf/4.1.2/../../../../nios2-elf/lib\libc.a(lib_a-time.o)
 .bss           0x00013374        0x0 c:/altera/13.0sp1/nios2eds/bin/gnu/h-i686-mingw32/bin/../lib/gcc/nios2-elf/4.1.2/../../../../nios2-elf/lib\libc.a(lib_a-vfprintf.o)
 .bss           0x00013374        0x0 c:/altera/13.0sp1/nios2eds/bin/gnu/h-i686-mingw32/bin/../lib/gcc/nios2-elf/4.1.2/../../../../nios2-elf/lib\libc.a(lib_a-wbuf.o)
 .bss           0x00013374        0x0 c:/altera/13.0sp1/nios2eds/bin/gnu/h-i686-mingw32/bin/../lib/gcc/nios2-elf/4.1.2/../../../../nios2-elf/lib\libc.a(lib_a-writer.o)
 .bss           0x00013374        0x0 c:/altera/13.0sp1/nios2eds/bin/gnu/h-i686-mingw32/bin/../lib/gcc/nios2-elf/4.1.2/../../../../nios2-elf/lib\libc.a(lib_a-wsetup.o)
 .bss           0x00013374        0x0 c:/altera/13.0sp1/nios2eds/bin/gnu/h-i686-mingw32/bin/../lib/gcc/nios2-elf/4.1.2/../../../../nios2-elf/lib\libc.a(lib_a-closer.o)
 .bss           0x00013374        0x0 c:/altera/13.0sp1/nios2eds/bin/gnu/h-i686-mingw32/bin/../lib/gcc/nios2-elf/4.1.2/../../../../nios2-elf/lib\libc.a(lib_a-dtoa.o)
 .bss           0x00013374        0x0 c:/altera/13.0sp1/nios2eds/bin/gnu/h-i686-mingw32/bin/../lib/gcc/nios2-elf/4.1.2/../../../../nios2-elf/lib\libc.a(lib_a-flags.o)
 .bss           0x00013374        0x0 c:/altera/13.0sp1/nios2eds/bin/gnu/h-i686-mingw32/bin/../lib/gcc/nios2-elf/4.1.2/../../../../nios2-elf/lib\libc.a(lib_a-fvwrite.o)
 .bss           0x00013374        0x0 c:/altera/13.0sp1/nios2eds/bin/gnu/h-i686-mingw32/bin/../lib/gcc/nios2-elf/4.1.2/../../../../nios2-elf/lib\libc.a(lib_a-gettimeofdayr.o)
 .bss           0x00013374        0x0 c:/altera/13.0sp1/nios2eds/bin/gnu/h-i686-mingw32/bin/../lib/gcc/nios2-elf/4.1.2/../../../../nios2-elf/lib\libc.a(lib_a-isattyr.o)
 .bss           0x00013374        0x0 c:/altera/13.0sp1/nios2eds/bin/gnu/h-i686-mingw32/bin/../lib/gcc/nios2-elf/4.1.2/../../../../nios2-elf/lib\libc.a(lib_a-locale.o)
 .bss           0x00013374        0x0 c:/altera/13.0sp1/nios2eds/bin/gnu/h-i686-mingw32/bin/../lib/gcc/nios2-elf/4.1.2/../../../../nios2-elf/lib\libc.a(lib_a-lseekr.o)
 .bss           0x00013374        0x0 c:/altera/13.0sp1/nios2eds/bin/gnu/h-i686-mingw32/bin/../lib/gcc/nios2-elf/4.1.2/../../../../nios2-elf/lib\libc.a(lib_a-memchr.o)
 .bss           0x00013374        0x0 c:/altera/13.0sp1/nios2eds/bin/gnu/h-i686-mingw32/bin/../lib/gcc/nios2-elf/4.1.2/../../../../nios2-elf/lib\libc.a(lib_a-memmove.o)
 .bss           0x00013374        0x0 c:/altera/13.0sp1/nios2eds/bin/gnu/h-i686-mingw32/bin/../lib/gcc/nios2-elf/4.1.2/../../../../nios2-elf/lib\libc.a(lib_a-mprec.o)
 .bss           0x00013374        0x0 c:/altera/13.0sp1/nios2eds/bin/gnu/h-i686-mingw32/bin/../lib/gcc/nios2-elf/4.1.2/../../../../nios2-elf/lib\libc.a(lib_a-readr.o)
 .bss           0x00013374        0x0 c:/altera/13.0sp1/nios2eds/bin/gnu/h-i686-mingw32/bin/../lib/gcc/nios2-elf/4.1.2/../../../../nios2-elf/lib\libc.a(lib_a-reallocr.o)
 .bss           0x00013374        0x0 c:/altera/13.0sp1/nios2eds/bin/gnu/h-i686-mingw32/bin/../lib/gcc/nios2-elf/4.1.2/../../../../nios2-elf/lib\libc.a(lib_a-s_isinfd.o)
 .bss           0x00013374        0x0 c:/altera/13.0sp1/nios2eds/bin/gnu/h-i686-mingw32/bin/../lib/gcc/nios2-elf/4.1.2/../../../../nios2-elf/lib\libc.a(lib_a-strcmp.o)
 .bss           0x00013374        0x0 c:/altera/13.0sp1/nios2eds/bin/gnu/h-i686-mingw32/bin/../lib/gcc/nios2-elf/4.1.2/../../../../nios2-elf/lib\libc.a(lib_a-callocr.o)
 .bss           0x00013374        0x0 c:/altera/13.0sp1/nios2eds/bin/gnu/h-i686-mingw32/bin/../lib/gcc/nios2-elf/4.1.2\libgcc.a(_udivdi3.o)
 .bss           0x00013374        0x0 c:/altera/13.0sp1/nios2eds/bin/gnu/h-i686-mingw32/bin/../lib/gcc/nios2-elf/4.1.2\libgcc.a(_umoddi3.o)
 .bss           0x00013374        0x0 c:/altera/13.0sp1/nios2eds/bin/gnu/h-i686-mingw32/bin/../lib/gcc/nios2-elf/4.1.2\libgcc.a(_eq_df.o)
 .bss           0x00013374        0x0 c:/altera/13.0sp1/nios2eds/bin/gnu/h-i686-mingw32/bin/../lib/gcc/nios2-elf/4.1.2\libgcc.a(_ne_df.o)
 .bss           0x00013374        0x0 c:/altera/13.0sp1/nios2eds/bin/gnu/h-i686-mingw32/bin/../lib/gcc/nios2-elf/4.1.2\libgcc.a(_ge_df.o)
 .bss           0x00013374        0x0 c:/altera/13.0sp1/nios2eds/bin/gnu/h-i686-mingw32/bin/../lib/gcc/nios2-elf/4.1.2\libgcc.a(_usi_to_df.o)
 .bss           0x00013374        0x0 c:/altera/13.0sp1/nios2eds/bin/gnu/h-i686-mingw32/bin/../lib/gcc/nios2-elf/4.1.2\libgcc.a(lib2-divmod.o)
 .bss           0x00013374        0x0 BSP/\libhal_bsp.a(alt_close.o)
 .bss           0x00013374        0x0 BSP/\libhal_bsp.a(alt_dev.o)
 .bss           0x00013374        0x0 BSP/\libhal_bsp.a(alt_errno.o)
 .bss           0x00013374        0x0 BSP/\libhal_bsp.a(alt_fstat.o)
 .bss           0x00013374        0x0 BSP/\libhal_bsp.a(alt_gettod.o)
 .bss           0x00013374        0x0 BSP/\libhal_bsp.a(alt_irq_register.o)
 .bss           0x00013374        0x0 BSP/\libhal_bsp.a(alt_irq_vars.o)
 .bss           0x00013374        0x0 BSP/\libhal_bsp.a(alt_isatty.o)
 .bss           0x00013374        0x0 BSP/\libhal_bsp.a(alt_load.o)
 .bss           0x00013374        0x0 BSP/\libhal_bsp.a(alt_lseek.o)
 .bss           0x00013374        0x0 BSP/\libhal_bsp.a(alt_main.o)
 .bss           0x00013374        0x0 BSP/\libhal_bsp.a(alt_malloc_lock.o)
 .bss           0x00013374        0x0 BSP/\libhal_bsp.a(alt_open.o)
 .bss           0x00013374        0x0 BSP/\libhal_bsp.a(alt_read.o)
 .bss           0x00013374        0x0 BSP/\libhal_bsp.a(alt_release_fd.o)
 .bss           0x00013374        0x0 BSP/\libhal_bsp.a(alt_sbrk.o)
 .bss           0x00013374        0x0 BSP/\libhal_bsp.a(alt_tick.o)
 .bss           0x00013374        0x0 BSP/\libhal_bsp.a(alt_write.o)
 .bss           0x00013374        0x0 BSP/\libhal_bsp.a(alt_sys_init.o)
 .bss           0x00013374        0x0 BSP/\libhal_bsp.a(altera_avalon_jtag_uart_fd.o)
 .bss           0x00013374        0x0 BSP/\libhal_bsp.a(altera_avalon_jtag_uart_init.o)
 .bss           0x00013374        0x0 BSP/\libhal_bsp.a(altera_avalon_jtag_uart_ioctl.o)
 .bss           0x00013374        0x0 BSP/\libhal_bsp.a(altera_avalon_jtag_uart_read.o)
 .bss           0x00013374        0x0 BSP/\libhal_bsp.a(altera_avalon_jtag_uart_write.o)
 .bss           0x00013374        0x0 BSP/\libhal_bsp.a(altera_avalon_sgdma.o)
 .bss           0x00013374        0x0 BSP/\libhal_bsp.a(altera_avalon_timer_sc.o)
 .bss           0x00013374        0x0 BSP/\libhal_bsp.a(altera_up_avalon_character_lcd.o)
 .bss           0x00013374        0x0 BSP/\libhal_bsp.a(altera_up_avalon_irda.o)
 .bss           0x00013374        0x0 BSP/\libhal_bsp.a(altera_up_avalon_ps2.o)
 .bss           0x00013374        0x0 BSP/\libhal_bsp.a(altera_up_avalon_rs232.o)
 .bss           0x00013374        0x0 BSP/\libhal_bsp.a(altera_up_avalon_video_character_buffer_with_dma.o)
 .bss           0x00013374        0x0 BSP/\libhal_bsp.a(alt_alarm_start.o)
 .bss           0x00013374        0x0 BSP/\libhal_bsp.a(alt_dcache_flush_all.o)
 .bss           0x00013374        0x0 BSP/\libhal_bsp.a(alt_dev_llist_insert.o)
 .bss           0x00013374        0x0 BSP/\libhal_bsp.a(alt_find_dev.o)
 .bss           0x00013374        0x0 BSP/\libhal_bsp.a(alt_find_file.o)
 .bss           0x00013374        0x0 BSP/\libhal_bsp.a(alt_get_fd.o)
 .bss           0x00013374        0x0 BSP/\libhal_bsp.a(alt_icache_flush_all.o)
 .bss           0x00013374        0x0 BSP/\libhal_bsp.a(alt_io_redirect.o)
 .bss           0x00013374        0x0 BSP/\libhal_bsp.a(alt_irq_entry.o)
 .bss           0x00013374        0x0 BSP/\libhal_bsp.a(alt_irq_handler.o)
 .bss           0x00013374        0x0 BSP/\libhal_bsp.a(alt_remap_uncached.o)
 .bss           0x00013374        0x0 BSP/\libhal_bsp.a(altera_nios2_qsys_irq.o)
 .bss           0x00013374        0x0 BSP/\libhal_bsp.a(alt_dcache_flush.o)
 .bss           0x00013374        0x0 BSP/\libhal_bsp.a(alt_exception_entry.o)
 .bss           0x00013374        0x0 BSP/\libhal_bsp.a(alt_icache_flush.o)
 .bss           0x00013374        0x0 c:/altera/13.0sp1/nios2eds/bin/gnu/h-i686-mingw32/bin/../lib/gcc/nios2-elf/4.1.2/../../../../nios2-elf/lib\libc.a(lib_a-exit.o)
 .bss           0x00013374        0x0 c:/altera/13.0sp1/nios2eds/bin/gnu/h-i686-mingw32/bin/../lib/gcc/nios2-elf/4.1.2/../../../../nios2-elf/lib\libc.a(lib_a-memcmp.o)
 .bss           0x00013374        0x0 c:/altera/13.0sp1/nios2eds/bin/gnu/h-i686-mingw32/bin/../lib/gcc/nios2-elf/4.1.2/../../../../nios2-elf/lib\libc.a(lib_a-__call_atexit.o)
 .bss           0x00013374        0x0 BSP/\libhal_bsp.a(alt_exit.o)
 *(COMMON)
 COMMON         0x00013374    0x46820 obj/default//C/Users/delgado4/Documents/GitHub/cube_solver/Final_Project/cube_solver.o
                0x00013374                capturedImage
                0x00059874                pixelData
 COMMON         0x00059b94      0x100 BSP/\libhal_bsp.a(alt_irq_handler.o)
                0x00059b94                alt_irq
                0x00059c94                . = ALIGN (0x4)
                0x00059c94                __bss_end = ABSOLUTE (.)

.SDRAM          0x00059c94        0x0
                0x00059c94                PROVIDE (_alt_partition_SDRAM_start, ABSOLUTE (.))
 *(.SDRAM. SDRAM.*)
                0x00059c94                . = ALIGN (0x4)
                0x00059c94                PROVIDE (_alt_partition_SDRAM_end, ABSOLUTE (.))
                0x00059c94                _end = ABSOLUTE (.)
                0x00059c94                end = ABSOLUTE (.)
                0x00059c94                __alt_stack_base = ABSOLUTE (.)
                0x00059c94                PROVIDE (_alt_partition_SDRAM_load_addr, LOADADDR (.SDRAM))

.descriptor_memory
                0x08200000        0x0 load address 0x00059c94
                0x08200000                PROVIDE (_alt_partition_descriptor_memory_start, ABSOLUTE (.))
 *(.descriptor_memory. descriptor_memory.*)
                0x08200000                . = ALIGN (0x4)
                0x08200000                PROVIDE (_alt_partition_descriptor_memory_end, ABSOLUTE (.))
                0x00059c94                PROVIDE (_alt_partition_descriptor_memory_load_addr, LOADADDR (.descriptor_memory))

.packet_memory  0x08201000        0x0 load address 0x00059c94
                0x08201000                PROVIDE (_alt_partition_packet_memory_start, ABSOLUTE (.))
 *(.packet_memory. packet_memory.*)
                0x08201000                . = ALIGN (0x4)
                0x08201000                PROVIDE (_alt_partition_packet_memory_end, ABSOLUTE (.))
                0x00059c94                PROVIDE (_alt_partition_packet_memory_load_addr, LOADADDR (.packet_memory))

.Flash_flash_data
                0x0c000000        0x0 load address 0x00059c94
                0x0c000000                PROVIDE (_alt_partition_Flash_flash_data_start, ABSOLUTE (.))
 *(.Flash_flash_data. Flash_flash_data.*)
                0x0c000000                . = ALIGN (0x4)
                0x0c000000                PROVIDE (_alt_partition_Flash_flash_data_end, ABSOLUTE (.))
                0x00059c94                PROVIDE (_alt_partition_Flash_flash_data_load_addr, LOADADDR (.Flash_flash_data))

.stab
 *(.stab)

.stabstr
 *(.stabstr)

.stab.excl
 *(.stab.excl)

.stab.exclstr
 *(.stab.exclstr)

.stab.index
 *(.stab.index)

.stab.indexstr
 *(.stab.indexstr)

.comment        0x00000000       0x26
 *(.comment)
 .comment       0x00000000       0x26 obj/default//C/Users/delgado4/Documents/GitHub/cube_solver/Final_Project/cube_solver.o
                                 0x27 (size before relaxing)
 .comment       0x00000000       0x27 obj/default//C/Users/delgado4/Documents/GitHub/cube_solver/Final_Project/ee109-lib/camera.o
 .comment       0x00000000       0x27 obj/default//C/Users/delgado4/Documents/GitHub/cube_solver/Final_Project/ee109-lib/char_lcd.o
 .comment       0x00000000       0x27 obj/default//C/Users/delgado4/Documents/GitHub/cube_solver/Final_Project/ee109-lib/lcd.o
 .comment       0x00000000       0x27 obj/default//C/Users/delgado4/Documents/GitHub/cube_solver/Final_Project/ee109-lib/pushbuttons.o
 .comment       0x00000000       0x27 obj/default//C/Users/delgado4/Documents/GitHub/cube_solver/Final_Project/ee109-lib/vga.o
 .comment       0x00000000       0x27 obj/default//C/Users/delgado4/Documents/GitHub/cube_solver/Final_Project/system_globals.o
 .comment       0x00000000       0x27 c:/altera/13.0sp1/nios2eds/bin/gnu/h-i686-mingw32/bin/../lib/gcc/nios2-elf/4.1.2/../../../../nios2-elf/lib\libm.a(lib_a-w_sqrt.o)
 .comment       0x00000000       0x27 c:/altera/13.0sp1/nios2eds/bin/gnu/h-i686-mingw32/bin/../lib/gcc/nios2-elf/4.1.2/../../../../nios2-elf/lib\libm.a(lib_a-e_sqrt.o)
 .comment       0x00000000       0x27 c:/altera/13.0sp1/nios2eds/bin/gnu/h-i686-mingw32/bin/../lib/gcc/nios2-elf/4.1.2/../../../../nios2-elf/lib\libm.a(lib_a-s_isnand.o)
 .comment       0x00000000       0x27 c:/altera/13.0sp1/nios2eds/bin/gnu/h-i686-mingw32/bin/../lib/gcc/nios2-elf/4.1.2/../../../../nios2-elf/lib\libm.a(lib_a-s_lib_ver.o)
 .comment       0x00000000       0x27 c:/altera/13.0sp1/nios2eds/bin/gnu/h-i686-mingw32/bin/../lib/gcc/nios2-elf/4.1.2/../../../../nios2-elf/lib\libm.a(lib_a-s_matherr.o)
 .comment       0x00000000       0x27 c:/altera/13.0sp1/nios2eds/bin/gnu/h-i686-mingw32/bin/../lib/gcc/nios2-elf/4.1.2\libgcc.a(_addsub_df.o)
 .comment       0x00000000       0x27 c:/altera/13.0sp1/nios2eds/bin/gnu/h-i686-mingw32/bin/../lib/gcc/nios2-elf/4.1.2\libgcc.a(_mul_df.o)
 .comment       0x00000000       0x27 c:/altera/13.0sp1/nios2eds/bin/gnu/h-i686-mingw32/bin/../lib/gcc/nios2-elf/4.1.2\libgcc.a(_div_df.o)
 .comment       0x00000000       0x27 c:/altera/13.0sp1/nios2eds/bin/gnu/h-i686-mingw32/bin/../lib/gcc/nios2-elf/4.1.2\libgcc.a(_gt_df.o)
 .comment       0x00000000       0x27 c:/altera/13.0sp1/nios2eds/bin/gnu/h-i686-mingw32/bin/../lib/gcc/nios2-elf/4.1.2\libgcc.a(_lt_df.o)
 .comment       0x00000000       0x27 c:/altera/13.0sp1/nios2eds/bin/gnu/h-i686-mingw32/bin/../lib/gcc/nios2-elf/4.1.2\libgcc.a(_si_to_df.o)
 .comment       0x00000000       0x27 c:/altera/13.0sp1/nios2eds/bin/gnu/h-i686-mingw32/bin/../lib/gcc/nios2-elf/4.1.2\libgcc.a(_df_to_si.o)
 .comment       0x00000000       0x27 c:/altera/13.0sp1/nios2eds/bin/gnu/h-i686-mingw32/bin/../lib/gcc/nios2-elf/4.1.2\libgcc.a(_thenan_df.o)
 .comment       0x00000000       0x27 c:/altera/13.0sp1/nios2eds/bin/gnu/h-i686-mingw32/bin/../lib/gcc/nios2-elf/4.1.2\libgcc.a(_muldi3.o)
 .comment       0x00000000       0x27 c:/altera/13.0sp1/nios2eds/bin/gnu/h-i686-mingw32/bin/../lib/gcc/nios2-elf/4.1.2\libgcc.a(_clzsi2.o)
 .comment       0x00000000       0x27 c:/altera/13.0sp1/nios2eds/bin/gnu/h-i686-mingw32/bin/../lib/gcc/nios2-elf/4.1.2\libgcc.a(_pack_df.o)
 .comment       0x00000000       0x27 c:/altera/13.0sp1/nios2eds/bin/gnu/h-i686-mingw32/bin/../lib/gcc/nios2-elf/4.1.2\libgcc.a(_unpack_df.o)
 .comment       0x00000000       0x27 c:/altera/13.0sp1/nios2eds/bin/gnu/h-i686-mingw32/bin/../lib/gcc/nios2-elf/4.1.2\libgcc.a(_fpcmp_parts_df.o)
 .comment       0x00000000       0x27 c:/altera/13.0sp1/nios2eds/bin/gnu/h-i686-mingw32/bin/../lib/gcc/nios2-elf/4.1.2\libgcc.a(_clz.o)
 .comment       0x00000000       0x27 c:/altera/13.0sp1/nios2eds/bin/gnu/h-i686-mingw32/bin/../lib/gcc/nios2-elf/4.1.2/../../../../nios2-elf/lib\libc.a(lib_a-difftime.o)
 .comment       0x00000000       0x27 c:/altera/13.0sp1/nios2eds/bin/gnu/h-i686-mingw32/bin/../lib/gcc/nios2-elf/4.1.2/../../../../nios2-elf/lib\libc.a(lib_a-errno.o)
 .comment       0x00000000       0x27 c:/altera/13.0sp1/nios2eds/bin/gnu/h-i686-mingw32/bin/../lib/gcc/nios2-elf/4.1.2/../../../../nios2-elf/lib\libc.a(lib_a-fclose.o)
 .comment       0x00000000       0x27 c:/altera/13.0sp1/nios2eds/bin/gnu/h-i686-mingw32/bin/../lib/gcc/nios2-elf/4.1.2/../../../../nios2-elf/lib\libc.a(lib_a-fflush.o)
 .comment       0x00000000       0x27 c:/altera/13.0sp1/nios2eds/bin/gnu/h-i686-mingw32/bin/../lib/gcc/nios2-elf/4.1.2/../../../../nios2-elf/lib\libc.a(lib_a-findfp.o)
 .comment       0x00000000       0x27 c:/altera/13.0sp1/nios2eds/bin/gnu/h-i686-mingw32/bin/../lib/gcc/nios2-elf/4.1.2/../../../../nios2-elf/lib\libc.a(lib_a-fopen.o)
 .comment       0x00000000       0x27 c:/altera/13.0sp1/nios2eds/bin/gnu/h-i686-mingw32/bin/../lib/gcc/nios2-elf/4.1.2/../../../../nios2-elf/lib\libc.a(lib_a-fprintf.o)
 .comment       0x00000000       0x27 c:/altera/13.0sp1/nios2eds/bin/gnu/h-i686-mingw32/bin/../lib/gcc/nios2-elf/4.1.2/../../../../nios2-elf/lib\libc.a(lib_a-fputc.o)
 .comment       0x00000000       0x27 c:/altera/13.0sp1/nios2eds/bin/gnu/h-i686-mingw32/bin/../lib/gcc/nios2-elf/4.1.2/../../../../nios2-elf/lib\libc.a(lib_a-freer.o)
 .comment       0x00000000       0x27 c:/altera/13.0sp1/nios2eds/bin/gnu/h-i686-mingw32/bin/../lib/gcc/nios2-elf/4.1.2/../../../../nios2-elf/lib\libc.a(lib_a-fseek.o)
 .comment       0x00000000       0x27 c:/altera/13.0sp1/nios2eds/bin/gnu/h-i686-mingw32/bin/../lib/gcc/nios2-elf/4.1.2/../../../../nios2-elf/lib\libc.a(lib_a-fstatr.o)
 .comment       0x00000000       0x27 c:/altera/13.0sp1/nios2eds/bin/gnu/h-i686-mingw32/bin/../lib/gcc/nios2-elf/4.1.2/../../../../nios2-elf/lib\libc.a(lib_a-fwalk.o)
 .comment       0x00000000       0x27 c:/altera/13.0sp1/nios2eds/bin/gnu/h-i686-mingw32/bin/../lib/gcc/nios2-elf/4.1.2/../../../../nios2-elf/lib\libc.a(lib_a-fwrite.o)
 .comment       0x00000000       0x27 c:/altera/13.0sp1/nios2eds/bin/gnu/h-i686-mingw32/bin/../lib/gcc/nios2-elf/4.1.2/../../../../nios2-elf/lib\libc.a(lib_a-impure.o)
 .comment       0x00000000       0x27 c:/altera/13.0sp1/nios2eds/bin/gnu/h-i686-mingw32/bin/../lib/gcc/nios2-elf/4.1.2/../../../../nios2-elf/lib\libc.a(lib_a-int_errno.o)