Archive member included because of file (symbol)

c:/altera/13.0sp1/nios2eds/bin/gnu/h-i686-mingw32/bin/../lib/gcc/nios2-elf/4.1.2/../../../../nios2-elf/lib\libm.a(lib_a-w_sqrt.o)
                              obj/default//C/Users/delgado4/Documents/GitHub/cube_solver/Final_Project/cube_solver.o (sqrt)
c:/altera/13.0sp1/nios2eds/bin/gnu/h-i686-mingw32/bin/../lib/gcc/nios2-elf/4.1.2/../../../../nios2-elf/lib\libm.a(lib_a-e_sqrt.o)
                              c:/altera/13.0sp1/nios2eds/bin/gnu/h-i686-mingw32/bin/../lib/gcc/nios2-elf/4.1.2/../../../../nios2-elf/lib\libm.a(lib_a-w_sqrt.o) (__ieee754_sqrt)
c:/altera/13.0sp1/nios2eds/bin/gnu/h-i686-mingw32/bin/../lib/gcc/nios2-elf/4.1.2/../../../../nios2-elf/lib\libm.a(lib_a-s_isnand.o)
                              c:/altera/13.0sp1/nios2eds/bin/gnu/h-i686-mingw32/bin/../lib/gcc/nios2-elf/4.1.2/../../../../nios2-elf/lib\libm.a(lib_a-w_sqrt.o) (__isnand)
c:/altera/13.0sp1/nios2eds/bin/gnu/h-i686-mingw32/bin/../lib/gcc/nios2-elf/4.1.2/../../../../nios2-elf/lib\libm.a(lib_a-s_lib_ver.o)
                              c:/altera/13.0sp1/nios2eds/bin/gnu/h-i686-mingw32/bin/../lib/gcc/nios2-elf/4.1.2/../../../../nios2-elf/lib\libm.a(lib_a-w_sqrt.o) (__fdlib_version)
c:/altera/13.0sp1/nios2eds/bin/gnu/h-i686-mingw32/bin/../lib/gcc/nios2-elf/4.1.2/../../../../nios2-elf/lib\libm.a(lib_a-s_matherr.o)
                              c:/altera/13.0sp1/nios2eds/bin/gnu/h-i686-mingw32/bin/../lib/gcc/nios2-elf/4.1.2/../../../../nios2-elf/lib\libm.a(lib_a-w_sqrt.o) (matherr)
c:/altera/13.0sp1/nios2eds/bin/gnu/h-i686-mingw32/bin/../lib/gcc/nios2-elf/4.1.2\libgcc.a(_addsub_df.o)
                              obj/default//C/Users/delgado4/Documents/GitHub/cube_solver/Final_Project/cube_solver.o (__subdf3)
c:/altera/13.0sp1/nios2eds/bin/gnu/h-i686-mingw32/bin/../lib/gcc/nios2-elf/4.1.2\libgcc.a(_mul_df.o)
                              obj/default//C/Users/delgado4/Documents/GitHub/cube_solver/Final_Project/cube_solver.o (__muldf3)
c:/altera/13.0sp1/nios2eds/bin/gnu/h-i686-mingw32/bin/../lib/gcc/nios2-elf/4.1.2\libgcc.a(_div_df.o)
                              obj/default//C/Users/delgado4/Documents/GitHub/cube_solver/Final_Project/cube_solver.o (__divdf3)
c:/altera/13.0sp1/nios2eds/bin/gnu/h-i686-mingw32/bin/../lib/gcc/nios2-elf/4.1.2\libgcc.a(_gt_df.o)
                              obj/default//C/Users/delgado4/Documents/GitHub/cube_solver/Final_Project/cube_solver.o (__gtdf2)
c:/altera/13.0sp1/nios2eds/bin/gnu/h-i686-mingw32/bin/../lib/gcc/nios2-elf/4.1.2\libgcc.a(_lt_df.o)
                              c:/altera/13.0sp1/nios2eds/bin/gnu/h-i686-mingw32/bin/../lib/gcc/nios2-elf/4.1.2/../../../../nios2-elf/lib\libm.a(lib_a-w_sqrt.o) (__ltdf2)
c:/altera/13.0sp1/nios2eds/bin/gnu/h-i686-mingw32/bin/../lib/gcc/nios2-elf/4.1.2\libgcc.a(_si_to_df.o)
                              obj/default//C/Users/delgado4/Documents/GitHub/cube_solver/Final_Project/cube_solver.o (__floatsidf)
c:/altera/13.0sp1/nios2eds/bin/gnu/h-i686-mingw32/bin/../lib/gcc/nios2-elf/4.1.2\libgcc.a(_thenan_df.o)
                              c:/altera/13.0sp1/nios2eds/bin/gnu/h-i686-mingw32/bin/../lib/gcc/nios2-elf/4.1.2\libgcc.a(_addsub_df.o) (__thenan_df)
c:/altera/13.0sp1/nios2eds/bin/gnu/h-i686-mingw32/bin/../lib/gcc/nios2-elf/4.1.2\libgcc.a(_muldi3.o)
                              c:/altera/13.0sp1/nios2eds/bin/gnu/h-i686-mingw32/bin/../lib/gcc/nios2-elf/4.1.2\libgcc.a(_mul_df.o) (__muldi3)
c:/altera/13.0sp1/nios2eds/bin/gnu/h-i686-mingw32/bin/../lib/gcc/nios2-elf/4.1.2\libgcc.a(_clzsi2.o)
                              c:/altera/13.0sp1/nios2eds/bin/gnu/h-i686-mingw32/bin/../lib/gcc/nios2-elf/4.1.2\libgcc.a(_si_to_df.o) (__clzsi2)
c:/altera/13.0sp1/nios2eds/bin/gnu/h-i686-mingw32/bin/../lib/gcc/nios2-elf/4.1.2\libgcc.a(_pack_df.o)
                              c:/altera/13.0sp1/nios2eds/bin/gnu/h-i686-mingw32/bin/../lib/gcc/nios2-elf/4.1.2\libgcc.a(_addsub_df.o) (__pack_d)
c:/altera/13.0sp1/nios2eds/bin/gnu/h-i686-mingw32/bin/../lib/gcc/nios2-elf/4.1.2\libgcc.a(_unpack_df.o)
                              c:/altera/13.0sp1/nios2eds/bin/gnu/h-i686-mingw32/bin/../lib/gcc/nios2-elf/4.1.2\libgcc.a(_addsub_df.o) (__unpack_d)
c:/altera/13.0sp1/nios2eds/bin/gnu/h-i686-mingw32/bin/../lib/gcc/nios2-elf/4.1.2\libgcc.a(_fpcmp_parts_df.o)
                              c:/altera/13.0sp1/nios2eds/bin/gnu/h-i686-mingw32/bin/../lib/gcc/nios2-elf/4.1.2\libgcc.a(_gt_df.o) (__fpcmp_parts_d)
c:/altera/13.0sp1/nios2eds/bin/gnu/h-i686-mingw32/bin/../lib/gcc/nios2-elf/4.1.2\libgcc.a(_clz.o)
                              c:/altera/13.0sp1/nios2eds/bin/gnu/h-i686-mingw32/bin/../lib/gcc/nios2-elf/4.1.2\libgcc.a(_clzsi2.o) (__clz_tab)
c:/altera/13.0sp1/nios2eds/bin/gnu/h-i686-mingw32/bin/../lib/gcc/nios2-elf/4.1.2/../../../../nios2-elf/lib\libc.a(lib_a-errno.o)
                              c:/altera/13.0sp1/nios2eds/bin/gnu/h-i686-mingw32/bin/../lib/gcc/nios2-elf/4.1.2/../../../../nios2-elf/lib\libm.a(lib_a-w_sqrt.o) (__errno)
[...]
Memory Configuration

Name             Origin             Length             Attributes
reset            0x00000000         0x00000020
SDRAM            0x00000020         0x07ffffe0
descriptor_memory 0x08200000         0x00001000
packet_memory    0x08201000         0x00001000
Flash_flash_data 0x0c000000         0x00800000
*default*        0x00000000         0xffffffff

Linker script and memory map

LOAD BSP//obj/HAL/src/crt0.o
LOAD obj/default//C/Users/delgado4/Documents/GitHub/cube_solver/Final_Project/cube_solver.o
LOAD obj/default//C/Users/delgado4/Documents/GitHub/cube_solver/Final_Project/ee109-lib/camera.o
LOAD obj/default//C/Users/delgado4/Documents/GitHub/cube_solver/Final_Project/ee109-lib/char_lcd.o
LOAD obj/default//C/Users/delgado4/Documents/GitHub/cube_solver/Final_Project/ee109-lib/lcd.o
LOAD obj/default//C/Users/delgado4/Documents/GitHub/cube_solver/Final_Project/ee109-lib/pushbuttons.o
LOAD obj/default//C/Users/delgado4/Documents/GitHub/cube_solver/Final_Project/system_globals.o
LOAD obj/default//C/Users/delgado4/Documents/GitHub/cube_solver/Final_Project/test_image.o
LOAD c:/altera/13.0sp1/nios2eds/bin/gnu/h-i686-mingw32/bin/../lib/gcc/nios2-elf/4.1.2/../../../../nios2-elf/lib\libstdc++.a
LOAD c:/altera/13.0sp1/nios2eds/bin/gnu/h-i686-mingw32/bin/../lib/gcc/nios2-elf/4.1.2/../../../../nios2-elf/lib\libm.a
LOAD c:/altera/13.0sp1/nios2eds/bin/gnu/h-i686-mingw32/bin/../lib/gcc/nios2-elf/4.1.2\libgcc.a
START GROUP
LOAD c:/altera/13.0sp1/nios2eds/bin/gnu/h-i686-mingw32/bin/../lib/gcc/nios2-elf/4.1.2/../../../../nios2-elf/lib\libc.a
LOAD c:/altera/13.0sp1/nios2eds/bin/gnu/h-i686-mingw32/bin/../lib/gcc/nios2-elf/4.1.2\libgcc.a
LOAD BSP/\libhal_bsp.a
END GROUP
LOAD c:/altera/13.0sp1/nios2eds/bin/gnu/h-i686-mingw32/bin/../lib/gcc/nios2-elf/4.1.2\libgcc.a
                0x00000000                __alt_mem_SDRAM = 0x0
                0x08200000                __alt_mem_descriptor_memory = 0x8200000
                0x08201000                __alt_mem_packet_memory = 0x8201000
                0x0c000000                __alt_mem_Flash_flash_data = 0xc000000

.entry          0x00000000       0x20
 *(.entry)
 .entry         0x00000000       0x20 BSP//obj/HAL/src/crt0.o
                0x00000000                __reset

.exceptions     0x00000020      0x148
                0x00000020                PROVIDE (__ram_exceptions_start, ABSOLUTE (.))
                0x00000020                . = ALIGN (0x20)
 *(.irq)
 *(.exceptions.entry.label)
 .exceptions.entry.label
                0x00000020        0x0 BSP/\libhal_bsp.a(alt_irq_entry.o)
                0x00000020                alt_irq_entry
 .exceptions.entry.label
                0x00000020        0x0 BSP/\libhal_bsp.a(alt_exception_entry.o)
                0x00000020                alt_exception
 *(.exceptions.entry.user)
 *(.exceptions.entry)
 .exceptions.entry
                0x00000020       0x54 BSP/\libhal_bsp.a(alt_exception_entry.o)
 *(.exceptions.irqtest.user)
 *(.exceptions.irqtest)
 .exceptions.irqtest
                0x00000074       0x10 BSP/\libhal_bsp.a(alt_irq_entry.o)
 *(.exceptions.irqhandler.user)
 *(.exceptions.irqhandler)
 .exceptions.irqhandler
                0x00000084        0x4 BSP/\libhal_bsp.a(alt_irq_entry.o)
 *(.exceptions.irqreturn.user)
 *(.exceptions.irqreturn)
 .exceptions.irqreturn
                0x00000088        0x4 BSP/\libhal_bsp.a(alt_irq_entry.o)
 *(.exceptions.notirq.label)
 .exceptions.notirq.label
                0x0000008c        0x0 BSP/\libhal_bsp.a(alt_irq_entry.o)
 *(.exceptions.notirq.user)
 *(.exceptions.notirq)
 .exceptions.notirq
                0x0000008c        0x8 BSP/\libhal_bsp.a(alt_exception_entry.o)
 *(.exceptions.soft.user)
 *(.exceptions.soft)
 *(.exceptions.unknown.user)
 *(.exceptions.unknown)
 .exceptions.unknown
                0x00000094        0x4 BSP/\libhal_bsp.a(alt_exception_entry.o)
 *(.exceptions.exit.label)
 .exceptions.exit.label
                0x00000098        0x0 BSP/\libhal_bsp.a(alt_irq_entry.o)
 .exceptions.exit.label
                0x00000098        0x0 BSP/\libhal_bsp.a(alt_exception_entry.o)
 *(.exceptions.exit.user)
 *(.exceptions.exit)
 .exceptions.exit
                0x00000098       0x54 BSP/\libhal_bsp.a(alt_exception_entry.o)
 *(.exceptions)
 .exceptions    0x000000ec       0x7c BSP/\libhal_bsp.a(alt_irq_handler.o)
                0x000000ec                alt_irq_handler
                0x00000168                PROVIDE (__ram_exceptions_end, ABSOLUTE (.))
                0x00000020                PROVIDE (__flash_exceptions_start, LOADADDR (.exceptions))

.text           0x00000168     0xe6e4
                0x00000168                PROVIDE (stext, ABSOLUTE (.))
 *(.interp)
 *(.hash)
 *(.dynsym)
 *(.dynstr)
 *(.gnu.version)
 *(.gnu.version_d)
 *(.gnu.version_r)
 *(.rel.init)
 *(.rela.init)
 *(.rel.text .rel.text.* .rel.gnu.linkonce.t.*)
 *(.rela.text .rela.text.* .rela.gnu.linkonce.t.*)
 *(.rel.fini)
 *(.rela.fini)
 *(.rel.rodata .rel.rodata.* .rel.gnu.linkonce.r.*)
 *(.rela.rodata .rela.rodata.* .rela.gnu.linkonce.r.*)
 *(.rel.data .rel.data.* .rel.gnu.linkonce.d.*)
 *(.rela.data .rela.data.* .rela.gnu.linkonce.d.*)
 *(.rel.tdata .rel.tdata.* .rel.gnu.linkonce.td.*)
 *(.rela.tdata .rela.tdata.* .rela.gnu.linkonce.td.*)
 *(.rel.tbss .rel.tbss.* .rel.gnu.linkonce.tb.*)
 *(.rela.tbss .rela.tbss.* .rela.gnu.linkonce.tb.*)
 *(.rel.ctors)
 *(.rela.ctors)
 *(.rel.dtors)
 *(.rela.dtors)
 *(.rel.got)
 *(.rela.got)
 *(.rel.sdata .rel.sdata.* .rel.gnu.linkonce.s.*)
 *(.rela.sdata .rela.sdata.* .rela.gnu.linkonce.s.*)
 *(.rel.sbss .rel.sbss.* .rel.gnu.linkonce.sb.*)
 *(.rela.sbss .rela.sbss.* .rela.gnu.linkonce.sb.*)
 *(.rel.sdata2 .rel.sdata2.* .rel.gnu.linkonce.s2.*)
 *(.rela.sdata2 .rela.sdata2.* .rela.gnu.linkonce.s2.*)
 *(.rel.sbss2 .rel.sbss2.* .rel.gnu.linkonce.sb2.*)
 *(.rela.sbss2 .rela.sbss2.* .rela.gnu.linkonce.sb2.*)
 *(.rel.bss .rel.bss.* .rel.gnu.linkonce.b.*)
 *(.rela.bss .rela.bss.* .rela.gnu.linkonce.b.*)
 *(.rel.plt)
 *(.rela.plt)
 *(.rel.dyn)
 *(.init)
 *(.plt)
 *(.text .stub .text.* .gnu.linkonce.t.*)
 .text          0x00000168       0x3c BSP//obj/HAL/src/crt0.o
                0x00000168                _start
 .text          0x000001a4      0xfd4 obj/default//C/Users/delgado4/Documents/GitHub/cube_solver/Final_Project/cube_solver.o
                0x000001a4                shortToPixel
                0x000001ec                trace
                0x00000218                determinant
                0x0000028c                computeScoresAndThreshold
                0x00000350                convolutionFn
                0x0000062c                setupHardware
                0x00000668                captureImageData
                0x000007a4                pushbuttons_isr
                0x000007f8                extractCorners
                0x000008f8                computePixelScores
                0x00000c10                exportToMatlab
                0x00000f84                bwConversion
                0x00001080                main
 .text          0x00001178       0x78 obj/default//C/Users/delgado4/Documents/GitHub/cube_solver/Final_Project/ee109-lib/camera.o
                0x00001178                camera_set_front_buffer
                0x00001190                camera_set_back_buffer
                0x0000119c                camera_enable_dma
                0x000011d0                camera_swap_buffers
 .text          0x000011f0       0x84 obj/default//C/Users/delgado4/Documents/GitHub/cube_solver/Final_Project/ee109-lib/char_lcd.o
                0x000011f0                char_lcd_move_cursor
                0x0000121c                char_lcd_write
                0x00001244                char_lcd_cursor_off
                0x00001254                char_lcd_shift_left
                0x00001264                char_lcd_shift_right
 .text          0x00001274      0x110 obj/default//C/Users/delgado4/Documents/GitHub/cube_solver/Final_Project/ee109-lib/lcd.o
                0x00001274                lcd_enable_dma
                0x000012a8                lcd_set_front_buffer
                0x000012c0                lcd_set_back_buffer
                0x000012cc                lcd_swap_buffers
                0x000012ec                lcd_write
                0x00001324                lcd_draw_rectangle
 .text          0x00001384       0x78 obj/default//C/Users/delgado4/Documents/GitHub/cube_solver/Final_Project/ee109-lib/pushbuttons.o
                0x00001384                pushbuttons_get_data
                0x00001390                pushbuttons_set_interrupt_mask
                0x0000139c                pushbuttons_get_interrupt_mask
                0x000013a8                pushbuttons_get_edge_capture
                0x000013b4                pushbuttons_clear_edge_capture
                0x000013c4                pushbuttons_enable_interrupts
 .text          0x000013fc        0x0 obj/default//C/Users/delgado4/Documents/GitHub/cube_solver/Final_Project/system_globals.o
 .text          0x000013fc        0x0 obj/default//C/Users/delgado4/Documents/GitHub/cube_solver/Final_Project/test_image.o
 .text          0x000013fc      0x130 c:/altera/13.0sp1/nios2eds/bin/gnu/h-i686-mingw32/bin/../lib/gcc/nios2-elf/4.1.2/../../../../nios2-elf/lib\libm.a(lib_a-w_sqrt.o)
                0x000013fc                sqrt
 .text          0x0000152c      0x2c8 c:/altera/13.0sp1/nios2eds/bin/gnu/h-i686-mingw32/bin/../lib/gcc/nios2-elf/4.1.2/../../../../nios2-elf/lib\libm.a(lib_a-e_sqrt.o)
                0x0000152c                __ieee754_sqrt
 .text          0x000017f4       0x30 c:/altera/13.0sp1/nios2eds/bin/gnu/h-i686-mingw32/bin/../lib/gcc/nios2-elf/4.1.2/../../../../nios2-elf/lib\libm.a(lib_a-s_isnand.o)
                0x000017f4                __isnand
 .text          0x00001824        0x0 c:/altera/13.0sp1/nios2eds/bin/gnu/h-i686-mingw32/bin/../lib/gcc/nios2-elf/4.1.2/../../../../nios2-elf/lib\libm.a(lib_a-s_lib_ver.o)
 .text          0x00001824        0x8 c:/altera/13.0sp1/nios2eds/bin/gnu/h-i686-mingw32/bin/../lib/gcc/nios2-elf/4.1.2/../../../../nios2-elf/lib\libm.a(lib_a-s_matherr.o)
                0x00001824                matherr
 .text          0x0000182c      0x504 c:/altera/13.0sp1/nios2eds/bin/gnu/h-i686-mingw32/bin/../lib/gcc/nios2-elf/4.1.2\libgcc.a(_addsub_df.o)
                0x00001c3c                __subdf3
                0x00001cbc                __adddf3
 .text          0x00001d30      0x3c4 c:/altera/13.0sp1/nios2eds/bin/gnu/h-i686-mingw32/bin/../lib/gcc/nios2-elf/4.1.2\libgcc.a(_mul_df.o)
                0x00001d30                __muldf3
 .text          0x000020f4      0x258 c:/altera/13.0sp1/nios2eds/bin/gnu/h-i686-mingw32/bin/../lib/gcc/nios2-elf/4.1.2\libgcc.a(_div_df.o)
                0x000020f4                __divdf3
 .text          0x0000234c       0x88 c:/altera/13.0sp1/nios2eds/bin/gnu/h-i686-mingw32/bin/../lib/gcc/nios2-elf/4.1.2\libgcc.a(_gt_df.o)
                0x0000234c                __gtdf2
 .text          0x000023d4       0x88 c:/altera/13.0sp1/nios2eds/bin/gnu/h-i686-mingw32/bin/../lib/gcc/nios2-elf/4.1.2\libgcc.a(_lt_df.o)
                0x000023d4                __ltdf2
 .text          0x0000245c       0xf8 c:/altera/13.0sp1/nios2eds/bin/gnu/h-i686-mingw32/bin/../lib/gcc/nios2-elf/4.1.2\libgcc.a(_si_to_df.o)
                0x0000245c                __floatsidf
 .text          0x00002554        0x0 c:/altera/13.0sp1/nios2eds/bin/gnu/h-i686-mingw32/bin/../lib/gcc/nios2-elf/4.1.2\libgcc.a(_thenan_df.o)
 .text          0x00002554       0x98 c:/altera/13.0sp1/nios2eds/bin/gnu/h-i686-mingw32/bin/../lib/gcc/nios2-elf/4.1.2\libgcc.a(_muldi3.o)
                0x00002554                __muldi3
 .text          0x000025ec       0x80 c:/altera/13.0sp1/nios2eds/bin/gnu/h-i686-mingw32/bin/../lib/gcc/nios2-elf/4.1.2\libgcc.a(_clzsi2.o)
                0x000025ec                __clzsi2
 .text          0x0000266c      0x314 c:/altera/13.0sp1/nios2eds/bin/gnu/h-i686-mingw32/bin/../lib/gcc/nios2-elf/4.1.2\libgcc.a(_pack_df.o)
                0x0000266c                __pack_d
 .text          0x00002980      0x138 c:/altera/13.0sp1/nios2eds/bin/gnu/h-i686-mingw32/bin/../lib/gcc/nios2-elf/4.1.2\libgcc.a(_unpack_df.o)
                0x00002980                __unpack_d
 .text          0x00002ab8       0xc8 c:/altera/13.0sp1/nios2eds/bin/gnu/h-i686-mingw32/bin/../lib/gcc/nios2-elf/4.1.2\libgcc.a(_fpcmp_parts_df.o)
                0x00002ab8                __fpcmp_parts_d
 .text          0x00002b80        0x0 c:/altera/13.0sp1/nios2eds/bin/gnu/h-i686-mingw32/bin/../lib/gcc/nios2-elf/4.1.2\libgcc.a(_clz.o)
 .text          0x00002b80       0x10 c:/altera/13.0sp1/nios2eds/bin/gnu/h-i686-mingw32/bin/../lib/gcc/nios2-elf/4.1.2/../../../../nios2-elf/lib\libc.a(lib_a-errno.o)
                0x00002b80                __errno
 .text          0x00002b90      0x124 c:/altera/13.0sp1/nios2eds/bin/gnu/h-i686-mingw32/bin/../lib/gcc/nios2-elf/4.1.2/../../../../nios2-elf/lib\libc.a(lib_a-fclose.o)
                0x00002b90                _fclose_r
                0x00002ca0                fclose
 .text          0x00002cb4      0x230 c:/altera/13.0sp1/nios2eds/bin/gnu/h-i686-mingw32/bin/../lib/gcc/nios2-elf/4.1.2/../../../../nios2-elf/lib\libc.a(lib_a-fflush.o)
                0x00002cb4                _fflush_r
                0x00002eb0                fflush
 .text          0x00002ee4      0x2c0 c:/altera/13.0sp1/nios2eds/bin/gnu/h-i686-mingw32/bin/../lib/gcc/nios2-elf/4.1.2/../../../../nios2-elf/lib\libc.a(lib_a-findfp.o)
                0x00002f3c                __sfp_lock_acquire
                0x00002f40                __sfp_lock_release
                0x00002f44                __sinit_lock_acquire
                0x00002f48                __sinit_lock_release
                0x00002f4c                __sinit
                0x00003000                __fp_unlock_all
                0x00003018                __fp_lock_all
                0x00003030                _cleanup_r
                0x0000303c                _cleanup
                0x0000304c                __sfmoreglue
                0x000030b4                __sfp
 .text          0x000031a4      0x110 c:/altera/13.0sp1/nios2eds/bin/gnu/h-i686-mingw32/bin/../lib/gcc/nios2-elf/4.1.2/../../../../nios2-elf/lib\libc.a(lib_a-fopen.o)
                0x000031a4                _fopen_r
                0x00003298                fopen
 .text          0x000032b4       0x60 c:/altera/13.0sp1/nios2eds/bin/gnu/h-i686-mingw32/bin/../lib/gcc/nios2-elf/4.1.2/../../../../nios2-elf/lib\libc.a(lib_a-fprintf.o)
                0x000032b4                fprintf
                0x000032e0                _fprintf_r
 .text          0x00003314       0xbc c:/altera/13.0sp1/nios2eds/bin/gnu/h-i686-mingw32/bin/../lib/gcc/nios2-elf/4.1.2/../../../../nios2-elf/lib\libc.a(lib_a-fputc.o)
                0x00003314                fputc
                0x00003378                _fputc_r
 .text          0x000033d0      0x440 c:/altera/13.0sp1/nios2eds/bin/gnu/h-i686-mingw32/bin/../lib/gcc/nios2-elf/4.1.2/../../../../nios2-elf/lib\libc.a(lib_a-freer.o)
                0x000033d0                _malloc_trim_r
                0x000034fc                _free_r
 .text          0x00003810      0x460 c:/altera/13.0sp1/nios2eds/bin/gnu/h-i686-mingw32/bin/../lib/gcc/nios2-elf/4.1.2/../../../../nios2-elf/lib\libc.a(lib_a-fseek.o)
                0x00003810                _fseek_r
                0x00003c4c                fseek
 .text          0x00003c70       0x74 c:/altera/13.0sp1/nios2eds/bin/gnu/h-i686-mingw32/bin/../lib/gcc/nios2-elf/4.1.2/../../../../nios2-elf/lib\libc.a(lib_a-fstatr.o)
                0x00003c70                _fstat_r
 .text          0x00003ce4      0x180 c:/altera/13.0sp1/nios2eds/bin/gnu/h-i686-mingw32/bin/../lib/gcc/nios2-elf/4.1.2/../../../../nios2-elf/lib\libc.a(lib_a-fwalk.o)
                0x00003ce4                _fwalk_reent
                0x00003dac                _fwalk
 .text          0x00003e64       0xdc c:/altera/13.0sp1/nios2eds/bin/gnu/h-i686-mingw32/bin/../lib/gcc/nios2-elf/4.1.2/../../../../nios2-elf/lib\libc.a(lib_a-fwrite.o)
                0x00003e64                _fwrite_r
                0x00003f00                fwrite
 .text          0x00003f40        0x0 c:/altera/13.0sp1/nios2eds/bin/gnu/h-i686-mingw32/bin/../lib/gcc/nios2-elf/4.1.2/../../../../nios2-elf/lib\libc.a(lib_a-impure.o)
 .text          0x00003f40        0x0 c:/altera/13.0sp1/nios2eds/bin/gnu/h-i686-mingw32/bin/../lib/gcc/nios2-elf/4.1.2/../../../../nios2-elf/lib\libc.a(lib_a-int_errno.o)
 .text          0x00003f40      0x194 c:/altera/13.0sp1/nios2eds/bin/gnu/h-i686-mingw32/bin/../lib/gcc/nios2-elf/4.1.2/../../../../nios2-elf/lib\libc.a(lib_a-makebuf.o)
                0x00003f40                __smakebuf_r
 .text          0x000040d4      0x740 c:/altera/13.0sp1/nios2eds/bin/gnu/h-i686-mingw32/bin/../lib/gcc/nios2-elf/4.1.2/../../../../nios2-elf/lib\libc.a(lib_a-mallocr.o)
                0x000040d4                _malloc_r
 .text          0x00004814       0xa0 c:/altera/13.0sp1/nios2eds/bin/gnu/h-i686-mingw32/bin/../lib/gcc/nios2-elf/4.1.2/../../../../nios2-elf/lib\libc.a(lib_a-memcpy.o)
                0x00004814                memcpy
 .text          0x000048b4       0x98 c:/altera/13.0sp1/nios2eds/bin/gnu/h-i686-mingw32/bin/../lib/gcc/nios2-elf/4.1.2/../../../../nios2-elf/lib\libc.a(lib_a-memset.o)
                0x000048b4                memset
 .text          0x0000494c       0x78 c:/altera/13.0sp1/nios2eds/bin/gnu/h-i686-mingw32/bin/../lib/gcc/nios2-elf/4.1.2/../../../../nios2-elf/lib\libc.a(lib_a-openr.o)
                0x0000494c                _open_r
 .text          0x000049c4       0x78 c:/altera/13.0sp1/nios2eds/bin/gnu/h-i686-mingw32/bin/../lib/gcc/nios2-elf/4.1.2/../../../../nios2-elf/lib\libc.a(lib_a-printf.o)
                0x000049c4                printf
                0x00004a08                _printf_r
 .text          0x00004a3c      0x1ec c:/altera/13.0sp1/nios2eds/bin/gnu/h-i686-mingw32/bin/../lib/gcc/nios2-elf/4.1.2/../../../../nios2-elf/lib\libc.a(lib_a-putc.o)
                0x00004a3c                putc
                0x00004b40                _putc_r
 .text          0x00004c28       0x24 c:/altera/13.0sp1/nios2eds/bin/gnu/h-i686-mingw32/bin/../lib/gcc/nios2-elf/4.1.2/../../../../nios2-elf/lib\libc.a(lib_a-putchar.o)
                0x00004c28                putchar
                0x00004c44                _putchar_r
 .text          0x00004c4c       0xb4 c:/altera/13.0sp1/nios2eds/bin/gnu/h-i686-mingw32/bin/../lib/gcc/nios2-elf/4.1.2/../../../../nios2-elf/lib\libc.a(lib_a-puts.o)
                0x00004c4c                _puts_r
                0x00004cec                puts
 .text          0x00004d00      0x1e0 c:/altera/13.0sp1/nios2eds/bin/gnu/h-i686-mingw32/bin/../lib/gcc/nios2-elf/4.1.2/../../../../nios2-elf/lib\libc.a(lib_a-refill.o)
                0x00004d00                __srefill_r
 .text          0x00004ee0       0x70 c:/altera/13.0sp1/nios2eds/bin/gnu/h-i686-mingw32/bin/../lib/gcc/nios2-elf/4.1.2/../../../../nios2-elf/lib\libc.a(lib_a-sbrkr.o)
                0x00004ee0                _sbrk_r
 .text          0x00004f50      0x14c c:/altera/13.0sp1/nios2eds/bin/gnu/h-i686-mingw32/bin/../lib/gcc/nios2-elf/4.1.2/../../../../nios2-elf/lib\libc.a(lib_a-stdio.o)
                0x00004f50                __sclose
                0x00004f58                __sseek
                0x00004fc0                __swrite
                0x0000503c                __sread
 .text          0x0000509c       0x74 c:/altera/13.0sp1/nios2eds/bin/gnu/h-i686-mingw32/bin/../lib/gcc/nios2-elf/4.1.2/../../../../nios2-elf/lib\libc.a(lib_a-strlen.o)
                0x0000509c                strlen
 .text          0x00005110     0x1f28 c:/altera/13.0sp1/nios2eds/bin/gnu/h-i686-mingw32/bin/../lib/gcc/nios2-elf/4.1.2/../../../../nios2-elf/lib\libc.a(lib_a-vfprintf.o)
                0x00005168                ___vfprintf_internal_r
                0x00007014                __vfprintf_internal
 .text          0x00007038      0x14c c:/altera/13.0sp1/nios2eds/bin/gnu/h-i686-mingw32/bin/../lib/gcc/nios2-elf/4.1.2/../../../../nios2-elf/lib\libc.a(lib_a-wbuf.o)
                0x00007038                __swbuf_r
                0x00007168                __swbuf
 .text          0x00007184       0x78 c:/altera/13.0sp1/nios2eds/bin/gnu/h-i686-mingw32/bin/../lib/gcc/nios2-elf/4.1.2/../../../../nios2-elf/lib\libc.a(lib_a-writer.o)
                0x00007184                _write_r
 .text          0x000071fc      0x13c c:/altera/13.0sp1/nios2eds/bin/gnu/h-i686-mingw32/bin/../lib/gcc/nios2-elf/4.1.2/../../../../nios2-elf/lib\libc.a(lib_a-wsetup.o)
                0x000071fc                __swsetup_r
 .text          0x00007338       0x70 c:/altera/13.0sp1/nios2eds/bin/gnu/h-i686-mingw32/bin/../lib/gcc/nios2-elf/4.1.2/../../../../nios2-elf/lib\libc.a(lib_a-closer.o)
                0x00007338                _close_r
 .text          0x000073a8     0x17cc c:/altera/13.0sp1/nios2eds/bin/gnu/h-i686-mingw32/bin/../lib/gcc/nios2-elf/4.1.2/../../../../nios2-elf/lib\libc.a(lib_a-dtoa.o)
                0x000075c0                _dtoa_r
 .text          0x00008b74       0xa0 c:/altera/13.0sp1/nios2eds/bin/gnu/h-i686-mingw32/bin/../lib/gcc/nios2-elf/4.1.2/../../../../nios2-elf/lib\libc.a(lib_a-flags.o)
                0x00008b74                __sflags
 .text          0x00008c14      0x49c c:/altera/13.0sp1/nios2eds/bin/gnu/h-i686-mingw32/bin/../lib/gcc/nios2-elf/4.1.2/../../../../nios2-elf/lib\libc.a(lib_a-fvwrite.o)
                0x00008c14                __sfvwrite_r
 .text          0x000090b0       0x70 c:/altera/13.0sp1/nios2eds/bin/gnu/h-i686-mingw32/bin/../lib/gcc/nios2-elf/4.1.2/../../../../nios2-elf/lib\libc.a(lib_a-isattyr.o)
                0x000090b0                _isatty_r
 .text          0x00009120       0xc4 c:/altera/13.0sp1/nios2eds/bin/gnu/h-i686-mingw32/bin/../lib/gcc/nios2-elf/4.1.2/../../../../nios2-elf/lib\libc.a(lib_a-locale.o)
                0x00009120                __locale_charset
                0x00009128                _localeconv_r
                0x00009134                localeconv
                0x00009144                _setlocale_r
                0x000091c8                setlocale
 .text          0x000091e4       0x78 c:/altera/13.0sp1/nios2eds/bin/gnu/h-i686-mingw32/bin/../lib/gcc/nios2-elf/4.1.2/../../../../nios2-elf/lib\libc.a(lib_a-lseekr.o)
                0x000091e4                _lseek_r
 .text          0x0000925c       0xe4 c:/altera/13.0sp1/nios2eds/bin/gnu/h-i686-mingw32/bin/../lib/gcc/nios2-elf/4.1.2/../../../../nios2-elf/lib\libc.a(lib_a-memchr.o)
                0x0000925c                memchr
 .text          0x00009340       0xe0 c:/altera/13.0sp1/nios2eds/bin/gnu/h-i686-mingw32/bin/../lib/gcc/nios2-elf/4.1.2/../../../../nios2-elf/lib\libc.a(lib_a-memmove.o)
                0x00009340                memmove
 .text          0x00009420      0xff4 c:/altera/13.0sp1/nios2eds/bin/gnu/h-i686-mingw32/bin/../lib/gcc/nios2-elf/4.1.2/../../../../nios2-elf/lib\libc.a(lib_a-mprec.o)
                0x00009420                _Bfree
                0x00009448                __hi0bits
                0x000094b8                __lo0bits
                0x0000957c                __mcmp
                0x000095dc                __ulp
                0x0000965c                __b2d
                0x0000977c                __ratio
                0x0000982c                _mprec_log10
                0x000098c0                __copybits
                0x00009918                __any_on
                0x000099a0                _Balloc
                0x00009a5c                __d2b
                0x00009bd8                __mdiff
                0x00009d64                __lshift
                0x00009eb0                __multiply
                0x0000a098                __i2b
                0x0000a0d4                __multadd
                0x0000a1d4                __pow5mult
                0x0000a2f4                __s2b
 .text          0x0000a414       0x78 c:/altera/13.0sp1/nios2eds/bin/gnu/h-i686-mingw32/bin/../lib/gcc/nios2-elf/4.1.2/../../../../nios2-elf/lib\libc.a(lib_a-readr.o)
                0x0000a414                _read_r
 .text          0x0000a48c      0x5f4 c:/altera/13.0sp1/nios2eds/bin/gnu/h-i686-mingw32/bin/../lib/gcc/nios2-elf/4.1.2/../../../../nios2-elf/lib\libc.a(lib_a-reallocr.o)
                0x0000a48c                _realloc_r
 .text          0x0000aa80       0x40 c:/altera/13.0sp1/nios2eds/bin/gnu/h-i686-mingw32/bin/../lib/gcc/nios2-elf/4.1.2/../../../../nios2-elf/lib\libc.a(lib_a-s_isinfd.o)
                0x0000aa80                __isinfd
 .text          0x0000aac0       0xbc c:/altera/13.0sp1/nios2eds/bin/gnu/h-i686-mingw32/bin/../lib/gcc/nios2-elf/4.1.2/../../../../nios2-elf/lib\libc.a(lib_a-strcmp.o)
                0x0000aac0                strcmp
 .text          0x0000ab7c       0xb4 c:/altera/13.0sp1/nios2eds/bin/gnu/h-i686-mingw32/bin/../lib/gcc/nios2-elf/4.1.2/../../../../nios2-elf/lib\libc.a(lib_a-callocr.o)
                0x0000ab7c                _calloc_r
 .text          0x0000ac30      0x5dc c:/altera/13.0sp1/nios2eds/bin/gnu/h-i686-mingw32/bin/../lib/gcc/nios2-elf/4.1.2\libgcc.a(_udivdi3.o)
                0x0000ac30                __udivdi3
 .text          0x0000b20c      0x5b0 c:/altera/13.0sp1/nios2eds/bin/gnu/h-i686-mingw32/bin/../lib/gcc/nios2-elf/4.1.2\libgcc.a(_umoddi3.o)
                0x0000b20c                __umoddi3
 .text          0x0000b7bc       0x88 c:/altera/13.0sp1/nios2eds/bin/gnu/h-i686-mingw32/bin/../lib/gcc/nios2-elf/4.1.2\libgcc.a(_eq_df.o)
                0x0000b7bc                __eqdf2
 .text          0x0000b844       0x88 c:/altera/13.0sp1/nios2eds/bin/gnu/h-i686-mingw32/bin/../lib/gcc/nios2-elf/4.1.2\libgcc.a(_ne_df.o)
                0x0000b844                __nedf2
 .text          0x0000b8cc       0x88 c:/altera/13.0sp1/nios2eds/bin/gnu/h-i686-mingw32/bin/../lib/gcc/nios2-elf/4.1.2\libgcc.a(_ge_df.o)
                0x0000b8cc                __gedf2
 .text          0x0000b954       0xd8 c:/altera/13.0sp1/nios2eds/bin/gnu/h-i686-mingw32/bin/../lib/gcc/nios2-elf/4.1.2\libgcc.a(_df_to_si.o)
                0x0000b954                __fixdfsi
 .text          0x0000ba2c      0x194 c:/altera/13.0sp1/nios2eds/bin/gnu/h-i686-mingw32/bin/../lib/gcc/nios2-elf/4.1.2\libgcc.a(_usi_to_df.o)
                0x0000ba2c                __floatunsidf
 .text          0x0000bbc0      0x14c c:/altera/13.0sp1/nios2eds/bin/gnu/h-i686-mingw32/bin/../lib/gcc/nios2-elf/4.1.2\libgcc.a(lib2-divmod.o)
                0x0000bc3c                __divsi3
                0x0000bc9c                __modsi3
                0x0000bcfc                __udivsi3
                0x0000bd04                __umodsi3
 .text          0x0000bd0c       0xdc BSP/\libhal_bsp.a(alt_close.o)
                0x0000bd0c                close
 .text          0x0000bde8        0x8 BSP/\libhal_bsp.a(alt_dev.o)
 .text          0x0000bdf0        0x0 BSP/\libhal_bsp.a(alt_errno.o)
 .text          0x0000bdf0       0x80 BSP/\libhal_bsp.a(alt_fstat.o)
                0x0000bdf0                fstat
 .text          0x0000be70       0xbc BSP/\libhal_bsp.a(alt_irq_register.o)
                0x0000be70                alt_irq_register
 .text          0x0000bf2c        0x0 BSP/\libhal_bsp.a(alt_irq_vars.o)
 .text          0x0000bf2c       0x84 BSP/\libhal_bsp.a(alt_isatty.o)
                0x0000bf2c                isatty
 .text          0x0000bfb0       0xc4 BSP/\libhal_bsp.a(alt_load.o)
                0x0000bfb0                alt_load
 .text          0x0000c074       0x98 BSP/\libhal_bsp.a(alt_lseek.o)
                0x0000c074                lseek
 .text          0x0000c10c       0x50 BSP/\libhal_bsp.a(alt_main.o)
                0x0000c10c                alt_main
 .text          0x0000c15c        0x8 BSP/\libhal_bsp.a(alt_malloc_lock.o)
                0x0000c15c                __malloc_lock
                0x0000c160                __malloc_unlock
 .text          0x0000c164      0x17c BSP/\libhal_bsp.a(alt_open.o)
                0x0000c164                open
 .text          0x0000c2e0       0xf8 BSP/\libhal_bsp.a(alt_read.o)
                0x0000c2e0                read
 .text          0x0000c3d8       0x24 BSP/\libhal_bsp.a(alt_release_fd.o)
                0x0000c3d8                alt_release_fd
 .text          0x0000c3fc       0x50 BSP/\libhal_bsp.a(alt_sbrk.o)
                0x0000c3fc                sbrk
 .text          0x0000c44c       0xf4 BSP/\libhal_bsp.a(alt_write.o)
                0x0000c44c                write
 .text          0x0000c540      0x2f0 BSP/\libhal_bsp.a(alt_sys_init.o)
                0x0000c540                alt_irq_init
                0x0000c560                alt_sys_init
 .text          0x0000c830       0x98 BSP/\libhal_bsp.a(altera_avalon_jtag_uart_fd.o)
                0x0000c830                altera_avalon_jtag_uart_ioctl_fd
                0x0000c850                altera_avalon_jtag_uart_close_fd
                0x0000c878                altera_avalon_jtag_uart_write_fd
                0x0000c8a0                altera_avalon_jtag_uart_read_fd
 .text          0x0000c8c8      0x238 BSP/\libhal_bsp.a(altera_avalon_jtag_uart_init.o)
                0x0000c8c8                altera_avalon_jtag_uart_close
                0x0000c954                altera_avalon_jtag_uart_init
 .text          0x0000cb00       0x74 BSP/\libhal_bsp.a(altera_avalon_jtag_uart_ioctl.o)
                0x0000cb00                altera_avalon_jtag_uart_ioctl
 .text          0x0000cb74      0x168 BSP/\libhal_bsp.a(altera_avalon_jtag_uart_read.o)
                0x0000cb74                altera_avalon_jtag_uart_read
 .text          0x0000ccdc      0x17c BSP/\libhal_bsp.a(altera_avalon_jtag_uart_write.o)
                0x0000ccdc                altera_avalon_jtag_uart_write
 .text          0x0000ce58      0x630 BSP/\libhal_bsp.a(altera_avalon_sgdma.o)
                0x0000ce58                alt_avalon_sgdma_register_callback
                0x0000ce68                alt_avalon_sgdma_init
                0x0000cee8                alt_avalon_sgdma_disable_desc_poll
                0x0000cf08                alt_avalon_sgdma_enable_desc_poll
                0x0000cf38                alt_avalon_sgdma_stop
                0x0000cf54                alt_avalon_sgdma_start
                0x0000cf6c                alt_avalon_sgdma_do_sync_transfer
                0x0000d000                alt_avalon_sgdma_do_async_transfer
                0x0000d104                alt_avalon_sgdma_construct_descriptor_burst
                0x0000d230                alt_avalon_sgdma_construct_descriptor
                0x0000d278                alt_avalon_sgdma_construct_mem_to_stream_desc_burst
                0x0000d2c8                alt_avalon_sgdma_construct_mem_to_stream_desc
                0x0000d308                alt_avalon_sgdma_construct_stream_to_mem_desc_burst
                0x0000d354                alt_avalon_sgdma_construct_stream_to_mem_desc
                0x0000d37c                alt_avalon_sgdma_construct_mem_to_mem_desc_burst
                0x0000d3c4                alt_avalon_sgdma_construct_mem_to_mem_desc
                0x0000d3fc                alt_avalon_sgdma_open
                0x0000d458                alt_avalon_sgdma_check_descriptor_status
 .text          0x0000d488       0x80 BSP/\libhal_bsp.a(altera_avalon_timer_sc.o)
                0x0000d488                alt_avalon_timer_sc_init
 .text          0x0000d508      0x30c BSP/\libhal_bsp.a(altera_up_avalon_character_lcd.o)
                0x0000d508                get_DDRAM_addr
                0x0000d524                alt_up_character_lcd_string
                0x0000d570                alt_up_character_lcd_write
                0x0000d59c                alt_up_character_lcd_write_fd
                0x0000d5bc                alt_up_character_lcd_init
                0x0000d5cc                alt_up_character_lcd_send_cmd
                0x0000d5dc                alt_up_character_lcd_cursor_blink_on
                0x0000d5f8                alt_up_character_lcd_cursor_off
                0x0000d614                alt_up_character_lcd_erase_pos
                0x0000d680                alt_up_character_lcd_shift_display
                0x0000d710                alt_up_character_lcd_shift_cursor
                0x0000d7a0                alt_up_character_lcd_set_cursor_pos
                0x0000d7f4                alt_up_character_lcd_open_dev
 .text          0x0000d814      0x1e0 BSP/\libhal_bsp.a(altera_up_avalon_irda.o)
                0x0000d814                alt_up_irda_check_parity
                0x0000d820                alt_up_irda_open_dev
                0x0000d840                alt_up_irda_read_data
                0x0000d88c                alt_up_irda_read_fd
                0x0000d90c                alt_up_irda_get_available_space_in_write_FIFO
                0x0000d91c                alt_up_irda_write_data
                0x0000d934                alt_up_irda_write_fd
                0x0000d9b0                alt_up_irda_disable_read_interrupt
                0x0000d9cc                alt_up_irda_enable_read_interrupt
                0x0000d9e4                alt_up_irda_get_used_space_in_read_FIFO
 .text          0x0000d9f4      0x388 BSP/\libhal_bsp.a(altera_up_avalon_ps2.o)
                0x0000d9f4                read_RI_bit
                0x0000da00                read_RE_bit
                0x0000da08                read_CE_bit
                0x0000da14                read_num_bytes_available
                0x0000da1c                read_data_valid
                0x0000da28                read_data_byte
                0x0000da30                alt_up_ps2_open_dev
                0x0000da50                alt_up_ps2_clear_fifo
                0x0000da80                alt_up_ps2_read_data_byte
                0x0000dad8                alt_up_ps2_read_data_byte_timeout
                0x0000db58                alt_up_ps2_read_fd
                0x0000db80                alt_up_ps2_wait_for_ack
                0x0000dbdc                alt_up_ps2_write_data_byte
                0x0000dc1c                alt_up_ps2_write_fd
                0x0000dc8c                alt_up_ps2_write_data_byte_with_ack
                0x0000dcc0                alt_up_ps2_init
                0x0000dd48                alt_up_ps2_disable_read_interrupt
                0x0000dd64                alt_up_ps2_enable_read_interrupt
 .text          0x0000dd7c      0x1d4 BSP/\libhal_bsp.a(altera_up_avalon_rs232.o)
                0x0000dd7c                alt_up_rs232_check_parity
                0x0000dd88                alt_up_rs232_open_dev
                0x0000dda8                alt_up_rs232_read_data
                0x0000ddf4                alt_up_rs232_read_fd
                0x0000de74                alt_up_rs232_get_available_space_in_write_FIFO
                0x0000de84                alt_up_rs232_write_data
                0x0000de9c                alt_up_rs232_write_fd
                0x0000df0c                alt_up_rs232_disable_read_interrupt
                0x0000df28                alt_up_rs232_enable_read_interrupt
                0x0000df40                alt_up_rs232_get_used_space_in_read_FIFO
 .text          0x0000df50      0x178 BSP/\libhal_bsp.a(altera_up_avalon_video_character_buffer_with_dma.o)
                0x0000df50                alt_up_char_buffer_string
                0x0000dfd8                alt_up_char_buffer_draw
                0x0000e030                alt_up_char_buffer_clear
                0x0000e058                alt_up_char_buffer_open_dev
                0x0000e078                alt_up_char_buffer_init
 .text          0x0000e0c8       0x94 BSP/\libhal_bsp.a(alt_alarm_start.o)
                0x0000e0c8                alt_alarm_start
 .text          0x0000e15c        0x4 BSP/\libhal_bsp.a(alt_dcache_flush_all.o)
                0x0000e15c                alt_dcache_flush_all
 .text          0x0000e160       0x70 BSP/\libhal_bsp.a(alt_dev_llist_insert.o)
                0x0000e160                alt_dev_llist_insert
 .text          0x0000e1d0       0x70 BSP/\libhal_bsp.a(alt_find_dev.o)
                0x0000e1d0                alt_find_dev
 .text          0x0000e240       0xbc BSP/\libhal_bsp.a(alt_find_file.o)
                0x0000e240                alt_find_file
 .text          0x0000e2fc       0x6c BSP/\libhal_bsp.a(alt_get_fd.o)
                0x0000e2fc                alt_get_fd
 .text          0x0000e368       0x20 BSP/\libhal_bsp.a(alt_icache_flush_all.o)
                0x0000e368                alt_icache_flush_all
 .text          0x0000e388       0xfc BSP/\libhal_bsp.a(alt_io_redirect.o)
                0x0000e3ec                alt_io_redirect
 .text          0x0000e484        0x0 BSP/\libhal_bsp.a(alt_irq_entry.o)
 .text          0x0000e484        0x0 BSP/\libhal_bsp.a(alt_irq_handler.o)
 .text          0x0000e484       0x28 BSP/\libhal_bsp.a(alt_remap_uncached.o)
                0x0000e484                alt_remap_uncached
 .text          0x0000e4ac       0xe0 BSP/\libhal_bsp.a(alt_tick.o)
                0x0000e4ac                alt_alarm_stop
                0x0000e4e0                alt_tick
 .text          0x0000e58c        0x8 BSP/\libhal_bsp.a(altera_nios2_qsys_irq.o)
                0x0000e58c                altera_nios2_qsys_irq_init
 .text          0x0000e594        0x4 BSP/\libhal_bsp.a(alt_dcache_flush.o)
                0x0000e594                alt_dcache_flush
 .text          0x0000e598        0x0 BSP/\libhal_bsp.a(alt_exception_entry.o)
 .text          0x0000e598       0x3c BSP/\libhal_bsp.a(alt_icache_flush.o)
                0x0000e598                alt_icache_flush
 .text          0x0000e5d4       0x38 c:/altera/13.0sp1/nios2eds/bin/gnu/h-i686-mingw32/bin/../lib/gcc/nios2-elf/4.1.2/../../../../nios2-elf/lib\libc.a(lib_a-exit.o)
                0x0000e5d4                exit
 .text          0x0000e60c       0x74 c:/altera/13.0sp1/nios2eds/bin/gnu/h-i686-mingw32/bin/../lib/gcc/nios2-elf/4.1.2/../../../../nios2-elf/lib\libc.a(lib_a-memcmp.o)
                0x0000e60c                memcmp
 .text          0x0000e680      0x1b4 c:/altera/13.0sp1/nios2eds/bin/gnu/h-i686-mingw32/bin/../lib/gcc/nios2-elf/4.1.2/../../../../nios2-elf/lib\libc.a(lib_a-__call_atexit.o)
                0x0000e684                __call_exitprocs
 .text          0x0000e834       0x14 BSP/\libhal_bsp.a(alt_exit.o)
                0x0000e834                _exit
 *(.gnu.warning.*)
 *(.fini)
                0x0000e848                PROVIDE (__etext, ABSOLUTE (.))
                0x0000e848                PROVIDE (_etext, ABSOLUTE (.))
                0x0000e848                PROVIDE (etext, ABSOLUTE (.))
 *(.eh_frame_hdr)
                0x0000e848                . = ALIGN (0x4)
                0x0000e848                PROVIDE (__preinit_array_start, ABSOLUTE (.))
 *(.preinit_array)
                0x0000e848                PROVIDE (__preinit_array_end, ABSOLUTE (.))
                0x0000e848                PROVIDE (__init_array_start, ABSOLUTE (.))
 *(.init_array)
                0x0000e848                PROVIDE (__init_array_end, ABSOLUTE (.))
                0x0000e848                PROVIDE (__fini_array_start, ABSOLUTE (.))
 *(.fini_array)
                0x0000e848                PROVIDE (__fini_array_end, ABSOLUTE (.))
 *(.eh_frame)
 *(.gcc_except_table)
 *(.dynamic)
                0x0000e848                PROVIDE (__CTOR_LIST__, ABSOLUTE (.))
 *(.ctors)
 *(SORT(.ctors.*))
 .ctors.65535   0x0000e848        0x4 c:/altera/13.0sp1/nios2eds/bin/gnu/h-i686-mingw32/bin/../lib/gcc/nios2-elf/4.1.2/../../../../nios2-elf/lib\libc.a(lib_a-__call_atexit.o)
                0x0000e84c                PROVIDE (__CTOR_END__, ABSOLUTE (.))
                0x0000e84c                PROVIDE (__DTOR_LIST__, ABSOLUTE (.))
 *(.dtors)
 *(SORT(.dtors.*))
                0x0000e84c                PROVIDE (__DTOR_END__, ABSOLUTE (.))
 *(.jcr)
                0x0000e84c                . = ALIGN (0x4)

.rodata         0x0000e84c    0x71348
                0x0000e84c                PROVIDE (__ram_rodata_start, ABSOLUTE (.))
                0x0000e84c                . = ALIGN (0x4)
 *(.rodata .rodata.* .gnu.linkonce.r.*)
 .rodata.str1.4
                0x0000e84c      0x11a obj/default//C/Users/delgado4/Documents/GitHub/cube_solver/Final_Project/cube_solver.o
                                0x11c (size before relaxing)
 *fill*         0x0000e966        0x2 00
 .rodata        0x0000e968       0x7c obj/default//C/Users/delgado4/Documents/GitHub/cube_solver/Final_Project/cube_solver.o
 .rodata        0x0000e9e4    0x70cc5 obj/default//C/Users/delgado4/Documents/GitHub/cube_solver/Final_Project/test_image.o
                0x0000e9e4                test_img
 *fill*         0x0007f6a9        0x3 00
 .rodata.str1.4
                0x0007f6ac        0x5 c:/altera/13.0sp1/nios2eds/bin/gnu/h-i686-mingw32/bin/../lib/gcc/nios2-elf/4.1.2/../../../../nios2-elf/lib\libm.a(lib_a-w_sqrt.o)
                                  0x8 (size before relaxing)
 *fill*         0x0007f6b1        0x3 00
 .rodata        0x0007f6b4       0x14 c:/altera/13.0sp1/nios2eds/bin/gnu/h-i686-mingw32/bin/../lib/gcc/nios2-elf/4.1.2\libgcc.a(_thenan_df.o)
                0x0007f6b4                __thenan_df
 .rodata        0x0007f6c8      0x100 c:/altera/13.0sp1/nios2eds/bin/gnu/h-i686-mingw32/bin/../lib/gcc/nios2-elf/4.1.2\libgcc.a(_clz.o)
                0x0007f6c8                __clz_tab
 .rodata.str1.4
                0x0007f7c8        0x2 c:/altera/13.0sp1/nios2eds/bin/gnu/h-i686-mingw32/bin/../lib/gcc/nios2-elf/4.1.2/../../../../nios2-elf/lib\libc.a(lib_a-impure.o)
                                  0x4 (size before relaxing)
 .rodata.str1.4
                0x00000000        0x2 c:/altera/13.0sp1/nios2eds/bin/gnu/h-i686-mingw32/bin/../lib/gcc/nios2-elf/4.1.2/../../../../nios2-elf/lib\libc.a(lib_a-puts.o)
                                  0x4 (size before relaxing)
 *fill*         0x0007f7ca        0x2 00
 .rodata.str1.4
                0x0007f7cc       0x5e c:/altera/13.0sp1/nios2eds/bin/gnu/h-i686-mingw32/bin/../lib/gcc/nios2-elf/4.1.2/../../../../nios2-elf/lib\libc.a(lib_a-vfprintf.o)
                                 0x60 (size before relaxing)
 .rodata        0x0007f82a       0x20 c:/altera/13.0sp1/nios2eds/bin/gnu/h-i686-mingw32/bin/../lib/gcc/nios2-elf/4.1.2/../../../../nios2-elf/lib\libc.a(lib_a-vfprintf.o)
 *fill*         0x0007f84a        0x2 00
 .rodata.str1.4
                0x0007f84c       0x10 c:/altera/13.0sp1/nios2eds/bin/gnu/h-i686-mingw32/bin/../lib/gcc/nios2-elf/4.1.2/../../../../nios2-elf/lib\libc.a(lib_a-dtoa.o)
                                 0x14 (size before relaxing)
 .rodata.str1.4
                0x0007f85c        0xf c:/altera/13.0sp1/nios2eds/bin/gnu/h-i686-mingw32/bin/../lib/gcc/nios2-elf/4.1.2/../../../../nios2-elf/lib\libc.a(lib_a-locale.o)
                                 0x18 (size before relaxing)
 *fill*         0x0007f86b        0x1 00
 .rodata        0x0007f86c       0x30 c:/altera/13.0sp1/nios2eds/bin/gnu/h-i686-mingw32/bin/../lib/gcc/nios2-elf/4.1.2/../../../../nios2-elf/lib\libc.a(lib_a-locale.o)
 .rodata        0x0007f89c      0x124 c:/altera/13.0sp1/nios2eds/bin/gnu/h-i686-mingw32/bin/../lib/gcc/nios2-elf/4.1.2/../../../../nios2-elf/lib\libc.a(lib_a-mprec.o)
                0x0007f89c                __mprec_tens
                0x0007f964                __mprec_bigtens
                0x0007f98c                __mprec_tinytens
 .rodata.str1.4
                0x0007f9c0        0xa BSP/\libhal_bsp.a(alt_dev.o)
                                  0xc (size before relaxing)
 *fill*         0x0007f9ca        0x2 00
 .rodata.str1.4
                0x0007f9cc        0xf BSP/\libhal_bsp.a(alt_main.o)
                                 0x10 (size before relaxing)
 *fill*         0x0007f9db        0x1 00
 .rodata.str1.4
                0x0007f9dc      0x1b5 BSP/\libhal_bsp.a(alt_sys_init.o)
                                0x1c8 (size before relaxing)
 .rodata.str1.4
                0x00000000      0x1b8 BSP/\libhal_bsp.a(altera_up_avalon_video_character_buffer_with_dma.o)
                                 0x1c (size before relaxing)
 *(.rodata1)
                0x0007fb94                . = ALIGN (0x4)
 *fill*         0x0007fb91        0x3 00
                0x0007fb94                PROVIDE (__ram_rodata_end, ABSOLUTE (.))
                0x0000e84c                PROVIDE (__flash_rodata_start, LOADADDR (.rodata))

.rwdata         0x0007fb94     0x1f18 load address 0x00081aac
                0x0007fb94                PROVIDE (__ram_rwdata_start, ABSOLUTE (.))
                0x0007fb94                . = ALIGN (0x4)
 *(.got.plt)
 *(.got)
 *(.data1)
 *(.data .data.* .gnu.linkonce.d.*)
 .data          0x0007fb94        0x0 BSP//obj/HAL/src/crt0.o
 .data          0x0007fb94       0x48 obj/default//C/Users/delgado4/Documents/GitHub/cube_solver/Final_Project/cube_solver.o
                0x0007fb94                SOBEL_ARRAY_X
                0x0007fbb8                SOBEL_ARRAY_Y
 .data          0x0007fbdc        0x0 obj/default//C/Users/delgado4/Documents/GitHub/cube_solver/Final_Project/ee109-lib/camera.o
 .data          0x0007fbdc        0x0 obj/default//C/Users/delgado4/Documents/GitHub/cube_solver/Final_Project/ee109-lib/char_lcd.o
 .data          0x0007fbdc        0x0 obj/default//C/Users/delgado4/Documents/GitHub/cube_solver/Final_Project/ee109-lib/lcd.o
 .data          0x0007fbdc        0x0 obj/default//C/Users/delgado4/Documents/GitHub/cube_solver/Final_Project/ee109-lib/pushbuttons.o
 .data          0x0007fbdc        0x0 obj/default//C/Users/delgado4/Documents/GitHub/cube_solver/Final_Project/system_globals.o
 .data          0x0007fbdc        0x0 obj/default//C/Users/delgado4/Documents/GitHub/cube_solver/Final_Project/test_image.o
 .data          0x0007fbdc        0x0 c:/altera/13.0sp1/nios2eds/bin/gnu/h-i686-mingw32/bin/../lib/gcc/nios2-elf/4.1.2/../../../../nios2-elf/lib\libm.a(lib_a-w_sqrt.o)
 .data          0x0007fbdc        0x0 c:/altera/13.0sp1/nios2eds/bin/gnu/h-i686-mingw32/bin/../lib/gcc/nios2-elf/4.1.2/../../../../nios2-elf/lib\libm.a(lib_a-e_sqrt.o)
 .data          0x0007fbdc        0x0 c:/altera/13.0sp1/nios2eds/bin/gnu/h-i686-mingw32/bin/../lib/gcc/nios2-elf/4.1.2/../../../../nios2-elf/lib\libm.a(lib_a-s_isnand.o)
 .data          0x0007fbdc        0x0 c:/altera/13.0sp1/nios2eds/bin/gnu/h-i686-mingw32/bin/../lib/gcc/nios2-elf/4.1.2/../../../../nios2-elf/lib\libm.a(lib_a-s_lib_ver.o)
 .data          0x0007fbdc        0x0 c:/altera/13.0sp1/nios2eds/bin/gnu/h-i686-mingw32/bin/../lib/gcc/nios2-elf/4.1.2/../../../../nios2-elf/lib\libm.a(lib_a-s_matherr.o)
 .data          0x0007fbdc        0x0 c:/altera/13.0sp1/nios2eds/bin/gnu/h-i686-mingw32/bin/../lib/gcc/nios2-elf/4.1.2\libgcc.a(_addsub_df.o)
 .data          0x0007fbdc        0x0 c:/altera/13.0sp1/nios2eds/bin/gnu/h-i686-mingw32/bin/../lib/gcc/nios2-elf/4.1.2\libgcc.a(_mul_df.o)
 .data          0x0007fbdc        0x0 c:/altera/13.0sp1/nios2eds/bin/gnu/h-i686-mingw32/bin/../lib/gcc/nios2-elf/4.1.2\libgcc.a(_div_df.o)
 .data          0x0007fbdc        0x0 c:/altera/13.0sp1/nios2eds/bin/gnu/h-i686-mingw32/bin/../lib/gcc/nios2-elf/4.1.2\libgcc.a(_gt_df.o)
 .data          0x0007fbdc        0x0 c:/altera/13.0sp1/nios2eds/bin/gnu/h-i686-mingw32/bin/../lib/gcc/nios2-elf/4.1.2\libgcc.a(_lt_df.o)
 .data          0x0007fbdc        0x0 c:/altera/13.0sp1/nios2eds/bin/gnu/h-i686-mingw32/bin/../lib/gcc/nios2-elf/4.1.2\libgcc.a(_si_to_df.o)
 .data          0x0007fbdc        0x0 c:/altera/13.0sp1/nios2eds/bin/gnu/h-i686-mingw32/bin/../lib/gcc/nios2-elf/4.1.2\libgcc.a(_thenan_df.o)
 .data          0x0007fbdc        0x0 c:/altera/13.0sp1/nios2eds/bin/gnu/h-i686-mingw32/bin/../lib/gcc/nios2-elf/4.1.2\libgcc.a(_muldi3.o)
 .data          0x0007fbdc        0x0 c:/altera/13.0sp1/nios2eds/bin/gnu/h-i686-mingw32/bin/../lib/gcc/nios2-elf/4.1.2\libgcc.a(_clzsi2.o)
 .data          0x0007fbdc        0x0 c:/altera/13.0sp1/nios2eds/bin/gnu/h-i686-mingw32/bin/../lib/gcc/nios2-elf/4.1.2\libgcc.a(_pack_df.o)
 .data          0x0007fbdc        0x0 c:/altera/13.0sp1/nios2eds/bin/gnu/h-i686-mingw32/bin/../lib/gcc/nios2-elf/4.1.2\libgcc.a(_unpack_df.o)
 .data          0x0007fbdc        0x0 c:/altera/13.0sp1/nios2eds/bin/gnu/h-i686-mingw32/bin/../lib/gcc/nios2-elf/4.1.2\libgcc.a(_fpcmp_parts_df.o)
 .data          0x0007fbdc        0x0 c:/altera/13.0sp1/nios2eds/bin/gnu/h-i686-mingw32/bin/../lib/gcc/nios2-elf/4.1.2\libgcc.a(_clz.o)
 .data          0x0007fbdc        0x0 c:/altera/13.0sp1/nios2eds/bin/gnu/h-i686-mingw32/bin/../lib/gcc/nios2-elf/4.1.2/../../../../nios2-elf/lib\libc.a(lib_a-errno.o)
 .data          0x0007fbdc        0x0 c:/altera/13.0sp1/nios2eds/bin/gnu/h-i686-mingw32/bin/../lib/gcc/nios2-elf/4.1.2/../../../../nios2-elf/lib\libc.a(lib_a-fclose.o)
 .data          0x0007fbdc        0x0 c:/altera/13.0sp1/nios2eds/bin/gnu/h-i686-mingw32/bin/../lib/gcc/nios2-elf/4.1.2/../../../../nios2-elf/lib\libc.a(lib_a-fflush.o)
 .data          0x0007fbdc        0x0 c:/altera/13.0sp1/nios2eds/bin/gnu/h-i686-mingw32/bin/../lib/gcc/nios2-elf/4.1.2/../../../../nios2-elf/lib\libc.a(lib_a-findfp.o)
 .data          0x0007fbdc        0x0 c:/altera/13.0sp1/nios2eds/bin/gnu/h-i686-mingw32/bin/../lib/gcc/nios2-elf/4.1.2/../../../../nios2-elf/lib\libc.a(lib_a-fopen.o)
 .data          0x0007fbdc        0x0 c:/altera/13.0sp1/nios2eds/bin/gnu/h-i686-mingw32/bin/../lib/gcc/nios2-elf/4.1.2/../../../../nios2-elf/lib\libc.a(lib_a-fprintf.o)
 .data          0x0007fbdc        0x0 c:/altera/13.0sp1/nios2eds/bin/gnu/h-i686-mingw32/bin/../lib/gcc/nios2-elf/4.1.2/../../../../nios2-elf/lib\libc.a(lib_a-fputc.o)
 .data          0x0007fbdc        0x0 c:/altera/13.0sp1/nios2eds/bin/gnu/h-i686-mingw32/bin/../lib/gcc/nios2-elf/4.1.2/../../../../nios2-elf/lib\libc.a(lib_a-freer.o)
 .data          0x0007fbdc        0x0 c:/altera/13.0sp1/nios2eds/bin/gnu/h-i686-mingw32/bin/../lib/gcc/nios2-elf/4.1.2/../../../../nios2-elf/lib\libc.a(lib_a-fseek.o)
 .data          0x0007fbdc        0x0 c:/altera/13.0sp1/nios2eds/bin/gnu/h-i686-mingw32/bin/../lib/gcc/nios2-elf/4.1.2/../../../../nios2-elf/lib\libc.a(lib_a-fstatr.o)
 .data          0x0007fbdc        0x0 c:/altera/13.0sp1/nios2eds/bin/gnu/h-i686-mingw32/bin/../lib/gcc/nios2-elf/4.1.2/../../../../nios2-elf/lib\libc.a(lib_a-fwalk.o)
 .data          0x0007fbdc        0x0 c:/altera/13.0sp1/nios2eds/bin/gnu/h-i686-mingw32/bin/../lib/gcc/nios2-elf/4.1.2/../../../../nios2-elf/lib\libc.a(lib_a-fwrite.o)
 .data          0x0007fbdc      0x400 c:/altera/13.0sp1/nios2eds/bin/gnu/h-i686-mingw32/bin/../lib/gcc/nios2-elf/4.1.2/../../../../nios2-elf/lib\libc.a(lib_a-impure.o)
 .data          0x0007ffdc        0x0 c:/altera/13.0sp1/nios2eds/bin/gnu/h-i686-mingw32/bin/../lib/gcc/nios2-elf/4.1.2/../../../../nios2-elf/lib\libc.a(lib_a-int_errno.o)
 .data          0x0007ffdc        0x0 c:/altera/13.0sp1/nios2eds/bin/gnu/h-i686-mingw32/bin/../lib/gcc/nios2-elf/4.1.2/../../../../nios2-elf/lib\libc.a(lib_a-makebuf.o)
 .data          0x0007ffdc      0x408 c:/altera/13.0sp1/nios2eds/bin/gnu/h-i686-mingw32/bin/../lib/gcc/nios2-elf/4.1.2/../../../../nios2-elf/lib\libc.a(lib_a-mallocr.o)
                0x0007ffdc                __malloc_av_
 .data          0x000803e4        0x0 c:/altera/13.0sp1/nios2eds/bin/gnu/h-i686-mingw32/bin/../lib/gcc/nios2-elf/4.1.2/../../../../nios2-elf/lib\libc.a(lib_a-memcpy.o)
 .data          0x000803e4        0x0 c:/altera/13.0sp1/nios2eds/bin/gnu/h-i686-mingw32/bin/../lib/gcc/nios2-elf/4.1.2/../../../../nios2-elf/lib\libc.a(lib_a-memset.o)
 .data          0x000803e4        0x0 c:/altera/13.0sp1/nios2eds/bin/gnu/h-i686-mingw32/bin/../lib/gcc/nios2-elf/4.1.2/../../../../nios2-elf/lib\libc.a(lib_a-openr.o)
 .data          0x000803e4        0x0 c:/altera/13.0sp1/nios2eds/bin/gnu/h-i686-mingw32/bin/../lib/gcc/nios2-elf/4.1.2/../../../../nios2-elf/lib\libc.a(lib_a-printf.o)
 .data          0x000803e4        0x0 c:/altera/13.0sp1/nios2eds/bin/gnu/h-i686-mingw32/bin/../lib/gcc/nios2-elf/4.1.2/../../../../nios2-elf/lib\libc.a(lib_a-putc.o)
 .data          0x000803e4        0x0 c:/altera/13.0sp1/nios2eds/bin/gnu/h-i686-mingw32/bin/../lib/gcc/nios2-elf/4.1.2/../../../../nios2-elf/lib\libc.a(lib_a-putchar.o)
 .data          0x000803e4        0x0 c:/altera/13.0sp1/nios2eds/bin/gnu/h-i686-mingw32/bin/../lib/gcc/nios2-elf/4.1.2/../../../../nios2-elf/lib\libc.a(lib_a-puts.o)
 .data          0x000803e4        0x0 c:/altera/13.0sp1/nios2eds/bin/gnu/h-i686-mingw32/bin/../lib/gcc/nios2-elf/4.1.2/../../../../nios2-elf/lib\libc.a(lib_a-refill.o)
 .data          0x000803e4        0x0 c:/altera/13.0sp1/nios2eds/bin/gnu/h-i686-mingw32/bin/../lib/gcc/nios2-elf/4.1.2/../../../../nios2-elf/lib\libc.a(lib_a-sbrkr.o)
 .data          0x000803e4        0x0 c:/altera/13.0sp1/nios2eds/bin/gnu/h-i686-mingw32/bin/../lib/gcc/nios2-elf/4.1.2/../../../../nios2-elf/lib\libc.a(lib_a-stdio.o)
 .data          0x000803e4        0x0 c:/altera/13.0sp1/nios2eds/bin/gnu/h-i686-mingw32/bin/../lib/gcc/nios2-elf/4.1.2/../../../../nios2-elf/lib\libc.a(lib_a-strlen.o)
 .data          0x000803e4        0x0 c:/altera/13.0sp1/nios2eds/bin/gnu/h-i686-mingw32/bin/../lib/gcc/nios2-elf/4.1.2/../../../../nios2-elf/lib\libc.a(lib_a-vfprintf.o)
 .data          0x000803e4        0x0 c:/altera/13.0sp1/nios2eds/bin/gnu/h-i686-mingw32/bin/../lib/gcc/nios2-elf/4.1.2/../../../../nios2-elf/lib\libc.a(lib_a-wbuf.o)
 .data          0x000803e4        0x0 c:/altera/13.0sp1/nios2eds/bin/gnu/h-i686-mingw32/bin/../lib/gcc/nios2-elf/4.1.2/../../../../nios2-elf/lib\libc.a(lib_a-writer.o)
 .data          0x000803e4        0x0 c:/altera/13.0sp1/nios2eds/bin/gnu/h-i686-mingw32/bin/../lib/gcc/nios2-elf/4.1.2/../../../../nios2-elf/lib\libc.a(lib_a-wsetup.o)
 .data          0x000803e4        0x0 c:/altera/13.0sp1/nios2eds/bin/gnu/h-i686-mingw32/bin/../lib/gcc/nios2-elf/4.1.2/../../../../nios2-elf/lib\libc.a(lib_a-closer.o)
 .data          0x000803e4        0x0 c:/altera/13.0sp1/nios2eds/bin/gnu/h-i686-mingw32/bin/../lib/gcc/nios2-elf/4.1.2/../../../../nios2-elf/lib\libc.a(lib_a-dtoa.o)
 .data          0x000803e4        0x0 c:/altera/13.0sp1/nios2eds/bin/gnu/h-i686-mingw32/bin/../lib/gcc/nios2-elf/4.1.2/../../../../nios2-elf/lib\libc.a(lib_a-flags.o)
 .data          0x000803e4        0x0 c:/altera/13.0sp1/nios2eds/bin/gnu/h-i686-mingw32/bin/../lib/gcc/nios2-elf/4.1.2/../../../../nios2-elf/lib\libc.a(lib_a-fvwrite.o)
 .data          0x000803e4        0x0 c:/altera/13.0sp1/nios2eds/bin/gnu/h-i686-mingw32/bin/../lib/gcc/nios2-elf/4.1.2/../../../../nios2-elf/lib\libc.a(lib_a-isattyr.o)
 .data          0x000803e4        0xc c:/altera/13.0sp1/nios2eds/bin/gnu/h-i686-mingw32/bin/../lib/gcc/nios2-elf/4.1.2/../../../../nios2-elf/lib\libc.a(lib_a-locale.o)
                0x000803e4                __lc_ctype
 .data          0x000803f0        0x0 c:/altera/13.0sp1/nios2eds/bin/gnu/h-i686-mingw32/bin/../lib/gcc/nios2-elf/4.1.2/../../../../nios2-elf/lib\libc.a(lib_a-lseekr.o)
 .data          0x000803f0        0x0 c:/altera/13.0sp1/nios2eds/bin/gnu/h-i686-mingw32/bin/../lib/gcc/nios2-elf/4.1.2/../../../../nios2-elf/lib\libc.a(lib_a-memchr.o)
 .data          0x000803f0        0x0 c:/altera/13.0sp1/nios2eds/bin/gnu/h-i686-mingw32/bin/../lib/gcc/nios2-elf/4.1.2/../../../../nios2-elf/lib\libc.a(lib_a-memmove.o)
 .data          0x000803f0        0x0 c:/altera/13.0sp1/nios2eds/bin/gnu/h-i686-mingw32/bin/../lib/gcc/nios2-elf/4.1.2/../../../../nios2-elf/lib\libc.a(lib_a-mprec.o)
 .data          0x000803f0        0x0 c:/altera/13.0sp1/nios2eds/bin/gnu/h-i686-mingw32/bin/../lib/gcc/nios2-elf/4.1.2/../../../../nios2-elf/lib\libc.a(lib_a-readr.o)
 .data          0x000803f0        0x0 c:/altera/13.0sp1/nios2eds/bin/gnu/h-i686-mingw32/bin/../lib/gcc/nios2-elf/4.1.2/../../../../nios2-elf/lib\libc.a(lib_a-reallocr.o)
 .data          0x000803f0        0x0 c:/altera/13.0sp1/nios2eds/bin/gnu/h-i686-mingw32/bin/../lib/gcc/nios2-elf/4.1.2/../../../../nios2-elf/lib\libc.a(lib_a-s_isinfd.o)
 .data          0x000803f0        0x0 c:/altera/13.0sp1/nios2eds/bin/gnu/h-i686-mingw32/bin/../lib/gcc/nios2-elf/4.1.2/../../../../nios2-elf/lib\libc.a(lib_a-strcmp.o)
 .data          0x000803f0        0x0 c:/altera/13.0sp1/nios2eds/bin/gnu/h-i686-mingw32/bin/../lib/gcc/nios2-elf/4.1.2/../../../../nios2-elf/lib\libc.a(lib_a-callocr.o)
 .data          0x000803f0        0x0 c:/altera/13.0sp1/nios2eds/bin/gnu/h-i686-mingw32/bin/../lib/gcc/nios2-elf/4.1.2\libgcc.a(_udivdi3.o)
 .data          0x000803f0        0x0 c:/altera/13.0sp1/nios2eds/bin/gnu/h-i686-mingw32/bin/../lib/gcc/nios2-elf/4.1.2\libgcc.a(_umoddi3.o)
 .data          0x000803f0        0x0 c:/altera/13.0sp1/nios2eds/bin/gnu/h-i686-mingw32/bin/../lib/gcc/nios2-elf/4.1.2\libgcc.a(_eq_df.o)
 .data          0x000803f0        0x0 c:/altera/13.0sp1/nios2eds/bin/gnu/h-i686-mingw32/bin/../lib/gcc/nios2-elf/4.1.2\libgcc.a(_ne_df.o)
 .data          0x000803f0        0x0 c:/altera/13.0sp1/nios2eds/bin/gnu/h-i686-mingw32/bin/../lib/gcc/nios2-elf/4.1.2\libgcc.a(_ge_df.o)
 .data          0x000803f0        0x0 c:/altera/13.0sp1/nios2eds/bin/gnu/h-i686-mingw32/bin/../lib/gcc/nios2-elf/4.1.2\libgcc.a(_df_to_si.o)
 .data          0x000803f0        0x0 c:/altera/13.0sp1/nios2eds/bin/gnu/h-i686-mingw32/bin/../lib/gcc/nios2-elf/4.1.2\libgcc.a(_usi_to_df.o)
 .data          0x000803f0        0x0 c:/altera/13.0sp1/nios2eds/bin/gnu/h-i686-mingw32/bin/../lib/gcc/nios2-elf/4.1.2\libgcc.a(lib2-divmod.o)
 .data          0x000803f0        0x0 BSP/\libhal_bsp.a(alt_close.o)
 .data          0x000803f0      0x1a8 BSP/\libhal_bsp.a(alt_dev.o)
                0x000803f0                alt_dev_null
                0x00080418                alt_fd_list
 .data          0x00080598        0x0 BSP/\libhal_bsp.a(alt_errno.o)
 .data          0x00080598        0x0 BSP/\libhal_bsp.a(alt_fstat.o)
 .data          0x00080598        0x0 BSP/\libhal_bsp.a(alt_irq_register.o)
 .data          0x00080598        0x0 BSP/\libhal_bsp.a(alt_irq_vars.o)
 .data          0x00080598        0x0 BSP/\libhal_bsp.a(alt_isatty.o)
 .data          0x00080598        0x0 BSP/\libhal_bsp.a(alt_load.o)
 .data          0x00080598        0x0 BSP/\libhal_bsp.a(alt_lseek.o)
 .data          0x00080598        0x0 BSP/\libhal_bsp.a(alt_main.o)
 .data          0x00080598        0x0 BSP/\libhal_bsp.a(alt_malloc_lock.o)
 .data          0x00080598        0x0 BSP/\libhal_bsp.a(alt_open.o)
 .data          0x00080598        0x0 BSP/\libhal_bsp.a(alt_read.o)
 .data          0x00080598        0x0 BSP/\libhal_bsp.a(alt_release_fd.o)
 .data          0x00080598        0x0 BSP/\libhal_bsp.a(alt_sbrk.o)
 .data          0x00080598        0x0 BSP/\libhal_bsp.a(alt_write.o)
 .data          0x00080598     0x1494 BSP/\libhal_bsp.a(alt_sys_init.o)
 .data          0x00081a2c        0x0 BSP/\libhal_bsp.a(altera_avalon_jtag_uart_fd.o)
 .data          0x00081a2c        0x0 BSP/\libhal_bsp.a(altera_avalon_jtag_uart_init.o)
 .data          0x00081a2c        0x0 BSP/\libhal_bsp.a(altera_avalon_jtag_uart_ioctl.o)
 .data          0x00081a2c        0x0 BSP/\libhal_bsp.a(altera_avalon_jtag_uart_read.o)
 .data          0x00081a2c        0x0 BSP/\libhal_bsp.a(altera_avalon_jtag_uart_write.o)
 .data          0x00081a2c        0x0 BSP/\libhal_bsp.a(altera_avalon_sgdma.o)
 .data          0x00081a2c        0x0 BSP/\libhal_bsp.a(altera_avalon_timer_sc.o)
 .data          0x00081a2c        0x0 BSP/\libhal_bsp.a(altera_up_avalon_character_lcd.o)
 .data          0x00081a2c        0x0 BSP/\libhal_bsp.a(altera_up_avalon_irda.o)
 .data          0x00081a2c        0x0 BSP/\libhal_bsp.a(altera_up_avalon_ps2.o)
 .data          0x00081a2c        0x0 BSP/\libhal_bsp.a(altera_up_avalon_rs232.o)
 .data          0x00081a2c        0x0 BSP/\libhal_bsp.a(altera_up_avalon_video_character_buffer_with_dma.o)
 .data          0x00081a2c        0x0 BSP/\libhal_bsp.a(alt_alarm_start.o)
 .data          0x00081a2c        0x0 BSP/\libhal_bsp.a(alt_dcache_flush_all.o)
 .data          0x00081a2c        0x0 BSP/\libhal_bsp.a(alt_dev_llist_insert.o)
 .data          0x00081a2c        0x0 BSP/\libhal_bsp.a(alt_find_dev.o)
 .data          0x00081a2c        0x0 BSP/\libhal_bsp.a(alt_find_file.o)
 .data          0x00081a2c        0x0 BSP/\libhal_bsp.a(alt_get_fd.o)
 .data          0x00081a2c        0x0 BSP/\libhal_bsp.a(alt_icache_flush_all.o)
 .data          0x00081a2c        0x0 BSP/\libhal_bsp.a(alt_io_redirect.o)
 .data          0x00081a2c        0x0 BSP/\libhal_bsp.a(alt_irq_entry.o)
 .data          0x00081a2c        0x0 BSP/\libhal_bsp.a(alt_irq_handler.o)
 .data          0x00081a2c        0x0 BSP/\libhal_bsp.a(alt_remap_uncached.o)
 .data          0x00081a2c        0x0 BSP/\libhal_bsp.a(alt_tick.o)
 .data          0x00081a2c        0x0 BSP/\libhal_bsp.a(altera_nios2_qsys_irq.o)
 .data          0x00081a2c        0x0 BSP/\libhal_bsp.a(alt_dcache_flush.o)
 .data          0x00081a2c        0x0 BSP/\libhal_bsp.a(alt_exception_entry.o)
 .data          0x00081a2c        0x0 BSP/\libhal_bsp.a(alt_icache_flush.o)
 .data          0x00081a2c        0x0 c:/altera/13.0sp1/nios2eds/bin/gnu/h-i686-mingw32/bin/../lib/gcc/nios2-elf/4.1.2/../../../../nios2-elf/lib\libc.a(lib_a-exit.o)
 .data          0x00081a2c        0x0 c:/altera/13.0sp1/nios2eds/bin/gnu/h-i686-mingw32/bin/../lib/gcc/nios2-elf/4.1.2/../../../../nios2-elf/lib\libc.a(lib_a-memcmp.o)
 .data          0x00081a2c        0x0 c:/altera/13.0sp1/nios2eds/bin/gnu/h-i686-mingw32/bin/../lib/gcc/nios2-elf/4.1.2/../../../../nios2-elf/lib\libc.a(lib_a-__call_atexit.o)
 .data          0x00081a2c        0x0 BSP/\libhal_bsp.a(alt_exit.o)
                0x00089a2c                _gp = ABSOLUTE ((. + 0x8000))
                0x00089a2c                PROVIDE (gp, _gp)
 *(.rwdata .rwdata.*)
 *(.sdata .sdata.* .gnu.linkonce.s.*)
 .sdata         0x00081a2c        0x4 obj/default//C/Users/delgado4/Documents/GitHub/cube_solver/Final_Project/cube_solver.o
                0x00081a2c                imagePtr
 .sdata         0x00081a30        0xc obj/default//C/Users/delgado4/Documents/GitHub/cube_solver/Final_Project/ee109-lib/camera.o
 .sdata         0x00081a3c        0x8 obj/default//C/Users/delgado4/Documents/GitHub/cube_solver/Final_Project/ee109-lib/char_lcd.o
                0x00081a3c                instruction_ptr
                0x00081a40                data_ptr
 .sdata         0x00081a44       0x10 obj/default//C/Users/delgado4/Documents/GitHub/cube_solver/Final_Project/ee109-lib/lcd.o
 .sdata         0x00081a54        0xc obj/default//C/Users/delgado4/Documents/GitHub/cube_solver/Final_Project/ee109-lib/pushbuttons.o
 .sdata         0x00081a60        0x4 c:/altera/13.0sp1/nios2eds/bin/gnu/h-i686-mingw32/bin/../lib/gcc/nios2-elf/4.1.2/../../../../nios2-elf/lib\libm.a(lib_a-s_lib_ver.o)
                0x00081a60                __fdlib_version
 .sdata         0x00081a64        0x8 c:/altera/13.0sp1/nios2eds/bin/gnu/h-i686-mingw32/bin/../lib/gcc/nios2-elf/4.1.2/../../../../nios2-elf/lib\libc.a(lib_a-impure.o)
                0x00081a64                _impure_ptr
                0x00081a68                _global_impure_ptr
 .sdata         0x00081a6c        0x8 c:/altera/13.0sp1/nios2eds/bin/gnu/h-i686-mingw32/bin/../lib/gcc/nios2-elf/4.1.2/../../../../nios2-elf/lib\libc.a(lib_a-mallocr.o)
                0x00081a6c                __malloc_trim_threshold
                0x00081a70                __malloc_sbrk_base
 .sdata         0x00081a74        0x8 c:/altera/13.0sp1/nios2eds/bin/gnu/h-i686-mingw32/bin/../lib/gcc/nios2-elf/4.1.2/../../../../nios2-elf/lib\libc.a(lib_a-locale.o)
                0x00081a74                __mb_cur_max
 .sdata         0x00081a7c       0x14 BSP/\libhal_bsp.a(alt_dev.o)
                0x00081a7c                alt_fs_list
                0x00081a84                alt_dev_list
                0x00081a8c                alt_max_fd
 .sdata         0x00081a90        0x4 BSP/\libhal_bsp.a(alt_errno.o)
                0x00081a90                alt_errno
 .sdata         0x00081a94        0x4 BSP/\libhal_bsp.a(alt_irq_vars.o)
                0x00081a94                alt_priority_mask
 .sdata         0x00081a98        0x4 BSP/\libhal_bsp.a(alt_sbrk.o)
 .sdata         0x00081a9c        0x8 BSP/\libhal_bsp.a(altera_avalon_sgdma.o)
                0x00081a9c                alt_sgdma_list
 .sdata         0x00081aa4        0x8 BSP/\libhal_bsp.a(alt_tick.o)
                0x00081aa4                alt_alarm_list
 *(.sdata2 .sdata2.* .gnu.linkonce.s2.*)
                0x00081aac                . = ALIGN (0x4)
                0x00081aac                _edata = ABSOLUTE (.)
                0x00081aac                PROVIDE (edata, ABSOLUTE (.))
                0x00081aac                PROVIDE (__ram_rwdata_end, ABSOLUTE (.))
                0x00081aac                PROVIDE (__flash_rwdata_start, LOADADDR (.rwdata))

.bss            0x000839c4    0x46980
                0x000839c4                __bss_start = ABSOLUTE (.)
                0x000839c4                PROVIDE (__sbss_start, ABSOLUTE (.))
                0x000839c4                PROVIDE (___sbss_start, ABSOLUTE (.))
 *(.dynsbss)
 *(.sbss .sbss.* .gnu.linkonce.sb.*)
 .sbss          0x000839c4        0x4 obj/default//C/Users/delgado4/Documents/GitHub/cube_solver/Final_Project/cube_solver.o
                0x000839c4                imageCaptured
 .sbss          0x000839c8        0x4 c:/altera/13.0sp1/nios2eds/bin/gnu/h-i686-mingw32/bin/../lib/gcc/nios2-elf/4.1.2/../../../../nios2-elf/lib\libc.a(lib_a-int_errno.o)
                0x000839c8                errno
 .sbss          0x000839cc        0xc c:/altera/13.0sp1/nios2eds/bin/gnu/h-i686-mingw32/bin/../lib/gcc/nios2-elf/4.1.2/../../../../nios2-elf/lib\libc.a(lib_a-mallocr.o)
                0x000839cc                __malloc_top_pad
                0x000839d0                __malloc_max_sbrked_mem
                0x000839d4                __malloc_max_total_mem
 .sbss          0x000839d8        0xc c:/altera/13.0sp1/nios2eds/bin/gnu/h-i686-mingw32/bin/../lib/gcc/nios2-elf/4.1.2/../../../../nios2-elf/lib\libc.a(lib_a-locale.o)
                0x000839d8                __nlocale_changed
                0x000839dc                __mlocale_changed
                0x000839e0                _PathLocale
 .sbss          0x000839e4        0x4 BSP/\libhal_bsp.a(alt_irq_vars.o)
                0x000839e4                alt_irq_active
 .sbss          0x000839e8        0xc BSP/\libhal_bsp.a(alt_main.o)
                0x000839e8                alt_argc
                0x000839ec                alt_argv
                0x000839f0                alt_envp
 .sbss          0x000839f4        0x8 BSP/\libhal_bsp.a(alt_tick.o)
                0x000839f4                _alt_tick_rate
                0x000839f8                _alt_nticks
 *(.sbss2 .sbss2.* .gnu.linkonce.sb2.*)
 *(.scommon)
                0x000839fc                PROVIDE (__sbss_end, ABSOLUTE (.))
                0x000839fc                PROVIDE (___sbss_end, ABSOLUTE (.))
 *(.dynbss)
 *(.bss .bss.* .gnu.linkonce.b.*)
 .bss           0x000839fc        0x0 BSP//obj/HAL/src/crt0.o
 .bss           0x000839fc        0x0 obj/default//C/Users/delgado4/Documents/GitHub/cube_solver/Final_Project/cube_solver.o
 .bss           0x000839fc        0x0 obj/default//C/Users/delgado4/Documents/GitHub/cube_solver/Final_Project/ee109-lib/camera.o
 .bss           0x000839fc        0x0 obj/default//C/Users/delgado4/Documents/GitHub/cube_solver/Final_Project/ee109-lib/char_lcd.o
 .bss           0x000839fc        0x0 obj/default//C/Users/delgado4/Documents/GitHub/cube_solver/Final_Project/ee109-lib/lcd.o
 .bss           0x000839fc        0x0 obj/default//C/Users/delgado4/Documents/GitHub/cube_solver/Final_Project/ee109-lib/pushbuttons.o
 .bss           0x000839fc        0x0 obj/default//C/Users/delgado4/Documents/GitHub/cube_solver/Final_Project/system_globals.o
 .bss           0x000839fc        0x0 obj/default//C/Users/delgado4/Documents/GitHub/cube_solver/Final_Project/test_image.o
 .bss           0x000839fc        0x0 c:/altera/13.0sp1/nios2eds/bin/gnu/h-i686-mingw32/bin/../lib/gcc/nios2-elf/4.1.2/../../../../nios2-elf/lib\libm.a(lib_a-w_sqrt.o)
 .bss           0x000839fc        0x0 c:/altera/13.0sp1/nios2eds/bin/gnu/h-i686-mingw32/bin/../lib/gcc/nios2-elf/4.1.2/../../../../nios2-elf/lib\libm.a(lib_a-e_sqrt.o)
 .bss           0x000839fc        0x0 c:/altera/13.0sp1/nios2eds/bin/gnu/h-i686-mingw32/bin/../lib/gcc/nios2-elf/4.1.2/../../../../nios2-elf/lib\libm.a(lib_a-s_isnand.o)
 .bss           0x000839fc        0x0 c:/altera/13.0sp1/nios2eds/bin/gnu/h-i686-mingw32/bin/../lib/gcc/nios2-elf/4.1.2/../../../../nios2-elf/lib\libm.a(lib_a-s_lib_ver.o)
 .bss           0x000839fc        0x0 c:/altera/13.0sp1/nios2eds/bin/gnu/h-i686-mingw32/bin/../lib/gcc/nios2-elf/4.1.2/../../../../nios2-elf/lib\libm.a(lib_a-s_matherr.o)
 .bss           0x000839fc        0x0 c:/altera/13.0sp1/nios2eds/bin/gnu/h-i686-mingw32/bin/../lib/gcc/nios2-elf/4.1.2\libgcc.a(_addsub_df.o)
 .bss           0x000839fc        0x0 c:/altera/13.0sp1/nios2eds/bin/gnu/h-i686-mingw32/bin/../lib/gcc/nios2-elf/4.1.2\libgcc.a(_mul_df.o)
 .bss           0x000839fc        0x0 c:/altera/13.0sp1/nios2eds/bin/gnu/h-i686-mingw32/bin/../lib/gcc/nios2-elf/4.1.2\libgcc.a(_div_df.o)
 .bss           0x000839fc        0x0 c:/altera/13.0sp1/nios2eds/bin/gnu/h-i686-mingw32/bin/../lib/gcc/nios2-elf/4.1.2\libgcc.a(_gt_df.o)
 .bss           0x000839fc        0x0 c:/altera/13.0sp1/nios2eds/bin/gnu/h-i686-mingw32/bin/../lib/gcc/nios2-elf/4.1.2\libgcc.a(_lt_df.o)
 .bss           0x000839fc        0x0 c:/altera/13.0sp1/nios2eds/bin/gnu/h-i686-mingw32/bin/../lib/gcc/nios2-elf/4.1.2\libgcc.a(_si_to_df.o)
 .bss           0x000839fc        0x0 c:/altera/13.0sp1/nios2eds/bin/gnu/h-i686-mingw32/bin/../lib/gcc/nios2-elf/4.1.2\libgcc.a(_thenan_df.o)
 .bss           0x000839fc        0x0 c:/altera/13.0sp1/nios2eds/bin/gnu/h-i686-mingw32/bin/../lib/gcc/nios2-elf/4.1.2\libgcc.a(_muldi3.o)
 .bss           0x000839fc        0x0 c:/altera/13.0sp1/nios2eds/bin/gnu/h-i686-mingw32/bin/../lib/gcc/nios2-elf/4.1.2\libgcc.a(_clzsi2.o)
 .bss           0x000839fc        0x0 c:/altera/13.0sp1/nios2eds/bin/gnu/h-i686-mingw32/bin/../lib/gcc/nios2-elf/4.1.2\libgcc.a(_pack_df.o)
 .bss           0x000839fc        0x0 c:/altera/13.0sp1/nios2eds/bin/gnu/h-i686-mingw32/bin/../lib/gcc/nios2-elf/4.1.2\libgcc.a(_unpack_df.o)
 .bss           0x000839fc        0x0 c:/altera/13.0sp1/nios2eds/bin/gnu/h-i686-mingw32/bin/../lib/gcc/nios2-elf/4.1.2\libgcc.a(_fpcmp_parts_df.o)
 .bss           0x000839fc        0x0 c:/altera/13.0sp1/nios2eds/bin/gnu/h-i686-mingw32/bin/../lib/gcc/nios2-elf/4.1.2\libgcc.a(_clz.o)
 .bss           0x000839fc        0x0 c:/altera/13.0sp1/nios2eds/bin/gnu/h-i686-mingw32/bin/../lib/gcc/nios2-elf/4.1.2/../../../../nios2-elf/lib\libc.a(lib_a-errno.o)
 .bss           0x000839fc        0x0 c:/altera/13.0sp1/nios2eds/bin/gnu/h-i686-mingw32/bin/../lib/gcc/nios2-elf/4.1.2/../../../../nios2-elf/lib\libc.a(lib_a-fclose.o)
 .bss           0x000839fc        0x0 c:/altera/13.0sp1/nios2eds/bin/gnu/h-i686-mingw32/bin/../lib/gcc/nios2-elf/4.1.2/../../../../nios2-elf/lib\libc.a(lib_a-fflush.o)
 .bss           0x000839fc        0x0 c:/altera/13.0sp1/nios2eds/bin/gnu/h-i686-mingw32/bin/../lib/gcc/nios2-elf/4.1.2/../../../../nios2-elf/lib\libc.a(lib_a-findfp.o)
 .bss           0x000839fc        0x0 c:/altera/13.0sp1/nios2eds/bin/gnu/h-i686-mingw32/bin/../lib/gcc/nios2-elf/4.1.2/../../../../nios2-elf/lib\libc.a(lib_a-fopen.o)
 .bss           0x000839fc        0x0 c:/altera/13.0sp1/nios2eds/bin/gnu/h-i686-mingw32/bin/../lib/gcc/nios2-elf/4.1.2/../../../../nios2-elf/lib\libc.a(lib_a-fprintf.o)
 .bss           0x000839fc        0x0 c:/altera/13.0sp1/nios2eds/bin/gnu/h-i686-mingw32/bin/../lib/gcc/nios2-elf/4.1.2/../../../../nios2-elf/lib\libc.a(lib_a-fputc.o)
 .bss           0x000839fc        0x0 c:/altera/13.0sp1/nios2eds/bin/gnu/h-i686-mingw32/bin/../lib/gcc/nios2-elf/4.1.2/../../../../nios2-elf/lib\libc.a(lib_a-freer.o)
 .bss           0x000839fc        0x0 c:/altera/13.0sp1/nios2eds/bin/gnu/h-i686-mingw32/bin/../lib/gcc/nios2-elf/4.1.2/../../../../nios2-elf/lib\libc.a(lib_a-fseek.o)
 .bss           0x000839fc        0x0 c:/altera/13.0sp1/nios2eds/bin/gnu/h-i686-mingw32/bin/../lib/gcc/nios2-elf/4.1.2/../../../../nios2-elf/lib\libc.a(lib_a-fstatr.o)
 .bss           0x000839fc        0x0 c:/altera/13.0sp1/nios2eds/bin/gnu/h-i686-mingw32/bin/../lib/gcc/nios2-elf/4.1.2/../../../../nios2-elf/lib\libc.a(lib_a-fwalk.o)
 .bss           0x000839fc        0x0 c:/altera/13.0sp1/nios2eds/bin/gnu/h-i686-mingw32/bin/../lib/gcc/nios2-elf/4.1.2/../../../../nios2-elf/lib\libc.a(lib_a-fwrite.o)
 .bss           0x000839fc        0x0 c:/altera/13.0sp1/nios2eds/bin/gnu/h-i686-mingw32/bin/../lib/gcc/nios2-elf/4.1.2/../../../../nios2-elf/lib\libc.a(lib_a-impure.o)
 .bss           0x000839fc        0x0 c:/altera/13.0sp1/nios2eds/bin/gnu/h-i686-mingw32/bin/../lib/gcc/nios2-elf/4.1.2/../../../../nios2-elf/lib\libc.a(lib_a-int_errno.o)
 .bss           0x000839fc        0x0 c:/altera/13.0sp1/nios2eds/bin/gnu/h-i686-mingw32/bin/../lib/gcc/nios2-elf/4.1.2/../../../../nios2-elf/lib\libc.a(lib_a-makebuf.o)
 .bss           0x000839fc       0x28 c:/altera/13.0sp1/nios2eds/bin/gnu/h-i686-mingw32/bin/../lib/gcc/nios2-elf/4.1.2/../../../../nios2-elf/lib\libc.a(lib_a-mallocr.o)
                0x000839fc                __malloc_current_mallinfo
 .bss           0x00083a24        0x0 c:/altera/13.0sp1/nios2eds/bin/gnu/h-i686-mingw32/bin/../lib/gcc/nios2-elf/4.1.2/../../../../nios2-elf/lib\libc.a(lib_a-memcpy.o)
 .bss           0x00083a24        0x0 c:/altera/13.0sp1/nios2eds/bin/gnu/h-i686-mingw32/bin/../lib/gcc/nios2-elf/4.1.2/../../../../nios2-elf/lib\libc.a(lib_a-memset.o)
 .bss           0x00083a24        0x0 c:/altera/13.0sp1/nios2eds/bin/gnu/h-i686-mingw32/bin/../lib/gcc/nios2-elf/4.1.2/../../../../nios2-elf/lib\libc.a(lib_a-openr.o)
 .bss           0x00083a24        0x0 c:/altera/13.0sp1/nios2eds/bin/gnu/h-i686-mingw32/bin/../lib/gcc/nios2-elf/4.1.2/../../../../nios2-elf/lib\libc.a(lib_a-printf.o)
 .bss           0x00083a24        0x0 c:/altera/13.0sp1/nios2eds/bin/gnu/h-i686-mingw32/bin/../lib/gcc/nios2-elf/4.1.2/../../../../nios2-elf/lib\libc.a(lib_a-putc.o)
 .bss           0x00083a24        0x0 c:/altera/13.0sp1/nios2eds/bin/gnu/h-i686-mingw32/bin/../lib/gcc/nios2-elf/4.1.2/../../../../nios2-elf/lib\libc.a(lib_a-putchar.o)
 .bss           0x00083a24        0x0 c:/altera/13.0sp1/nios2eds/bin/gnu/h-i686-mingw32/bin/../lib/gcc/nios2-elf/4.1.2/../../../../nios2-elf/lib\libc.a(lib_a-puts.o)
 .bss           0x00083a24        0x0 c:/altera/13.0sp1/nios2eds/bin/gnu/h-i686-mingw32/bin/../lib/gcc/nios2-elf/4.1.2/../../../../nios2-elf/lib\libc.a(lib_a-refill.o)
 .bss           0x00083a24        0x0 c:/altera/13.0sp1/nios2eds/bin/gnu/h-i686-mingw32/bin/../lib/gcc/nios2-elf/4.1.2/../../../../nios2-elf/lib\libc.a(lib_a-sbrkr.o)
 .bss           0x00083a24        0x0 c:/altera/13.0sp1/nios2eds/bin/gnu/h-i686-mingw32/bin/../lib/gcc/nios2-elf/4.1.2/../../../../nios2-elf/lib\libc.a(lib_a-stdio.o)
 .bss           0x00083a24        0x0 c:/altera/13.0sp1/nios2eds/bin/gnu/h-i686-mingw32/bin/../lib/gcc/nios2-elf/4.1.2/../../../../nios2-elf/lib\libc.a(lib_a-strlen.o)
 .bss           0x00083a24        0x0 c:/altera/13.0sp1/nios2eds/bin/gnu/h-i686-mingw32/bin/../lib/gcc/nios2-elf/4.1.2/../../../../nios2-elf/lib\libc.a(lib_a-vfprintf.o)
 .bss           0x00083a24        0x0 c:/altera/13.0sp1/nios2eds/bin/gnu/h-i686-mingw32/bin/../lib/gcc/nios2-elf/4.1.2/../../../../nios2-elf/lib\libc.a(lib_a-wbuf.o)
 .bss           0x00083a24        0x0 c:/altera/13.0sp1/nios2eds/bin/gnu/h-i686-mingw32/bin/../lib/gcc/nios2-elf/4.1.2/../../../../nios2-elf/lib\libc.a(lib_a-writer.o)
 .bss           0x00083a24        0x0 c:/altera/13.0sp1/nios2eds/bin/gnu/h-i686-mingw32/bin/../lib/gcc/nios2-elf/4.1.2/../../../../nios2-elf/lib\libc.a(lib_a-wsetup.o)
 .bss           0x00083a24        0x0 c:/altera/13.0sp1/nios2eds/bin/gnu/h-i686-mingw32/bin/../lib/gcc/nios2-elf/4.1.2/../../../../nios2-elf/lib\libc.a(lib_a-closer.o)
 .bss           0x00083a24        0x0 c:/altera/13.0sp1/nios2eds/bin/gnu/h-i686-mingw32/bin/../lib/gcc/nios2-elf/4.1.2/../../../../nios2-elf/lib\libc.a(lib_a-dtoa.o)
 .bss           0x00083a24        0x0 c:/altera/13.0sp1/nios2eds/bin/gnu/h-i686-mingw32/bin/../lib/gcc/nios2-elf/4.1.2/../../../../nios2-elf/lib\libc.a(lib_a-flags.o)
 .bss           0x00083a24        0x0 c:/altera/13.0sp1/nios2eds/bin/gnu/h-i686-mingw32/bin/../lib/gcc/nios2-elf/4.1.2/../../../../nios2-elf/lib\libc.a(lib_a-fvwrite.o)
 .bss           0x00083a24        0x0 c:/altera/13.0sp1/nios2eds/bin/gnu/h-i686-mingw32/bin/../lib/gcc/nios2-elf/4.1.2/../../../../nios2-elf/lib\libc.a(lib_a-isattyr.o)
 .bss           0x00083a24        0x0 c:/altera/13.0sp1/nios2eds/bin/gnu/h-i686-mingw32/bin/../lib/gcc/nios2-elf/4.1.2/../../../../nios2-elf/lib\libc.a(lib_a-locale.o)
 .bss           0x00083a24        0x0 c:/altera/13.0sp1/nios2eds/bin/gnu/h-i686-mingw32/bin/../lib/gcc/nios2-elf/4.1.2/../../../../nios2-elf/lib\libc.a(lib_a-lseekr.o)
 .bss           0x00083a24        0x0 c:/altera/13.0sp1/nios2eds/bin/gnu/h-i686-mingw32/bin/../lib/gcc/nios2-elf/4.1.2/../../../../nios2-elf/lib\libc.a(lib_a-memchr.o)
 .bss           0x00083a24        0x0 c:/altera/13.0sp1/nios2eds/bin/gnu/h-i686-mingw32/bin/../lib/gcc/nios2-elf/4.1.2/../../../../nios2-elf/lib\libc.a(lib_a-memmove.o)
 .bss           0x00083a24        0x0 c:/altera/13.0sp1/nios2eds/bin/gnu/h-i686-mingw32/bin/../lib/gcc/nios2-elf/4.1.2/../../../../nios2-elf/lib\libc.a(lib_a-mprec.o)
 .bss           0x00083a24        0x0 c:/altera/13.0sp1/nios2eds/bin/gnu/h-i686-mingw32/bin/../lib/gcc/nios2-elf/4.1.2/../../../../nios2-elf/lib\libc.a(lib_a-readr.o)
 .bss           0x00083a24        0x0 c:/altera/13.0sp1/nios2eds/bin/gnu/h-i686-mingw32/bin/../lib/gcc/nios2-elf/4.1.2/../../../../nios2-elf/lib\libc.a(lib_a-reallocr.o)
 .bss           0x00083a24        0x0 c:/altera/13.0sp1/nios2eds/bin/gnu/h-i686-mingw32/bin/../lib/gcc/nios2-elf/4.1.2/../../../../nios2-elf/lib\libc.a(lib_a-s_isinfd.o)
 .bss           0x00083a24        0x0 c:/altera/13.0sp1/nios2eds/bin/gnu/h-i686-mingw32/bin/../lib/gcc/nios2-elf/4.1.2/../../../../nios2-elf/lib\libc.a(lib_a-strcmp.o)
 .bss           0x00083a24        0x0 c:/altera/13.0sp1/nios2eds/bin/gnu/h-i686-mingw32/bin/../lib/gcc/nios2-elf/4.1.2/../../../../nios2-elf/lib\libc.a(lib_a-callocr.o)
 .bss           0x00083a24        0x0 c:/altera/13.0sp1/nios2eds/bin/gnu/h-i686-mingw32/bin/../lib/gcc/nios2-elf/4.1.2\libgcc.a(_udivdi3.o)
 .bss           0x00083a24        0x0 c:/altera/13.0sp1/nios2eds/bin/gnu/h-i686-mingw32/bin/../lib/gcc/nios2-elf/4.1.2\libgcc.a(_umoddi3.o)
 .bss           0x00083a24        0x0 c:/altera/13.0sp1/nios2eds/bin/gnu/h-i686-mingw32/bin/../lib/gcc/nios2-elf/4.1.2\libgcc.a(_eq_df.o)
 .bss           0x00083a24        0x0 c:/altera/13.0sp1/nios2eds/bin/gnu/h-i686-mingw32/bin/../lib/gcc/nios2-elf/4.1.2\libgcc.a(_ne_df.o)
 .bss           0x00083a24        0x0 c:/altera/13.0sp1/nios2eds/bin/gnu/h-i686-mingw32/bin/../lib/gcc/nios2-elf/4.1.2\libgcc.a(_ge_df.o)
 .bss           0x00083a24        0x0 c:/altera/13.0sp1/nios2eds/bin/gnu/h-i686-mingw32/bin/../lib/gcc/nios2-elf/4.1.2\libgcc.a(_df_to_si.o)
 .bss           0x00083a24        0x0 c:/altera/13.0sp1/nios2eds/bin/gnu/h-i686-mingw32/bin/../lib/gcc/nios2-elf/4.1.2\libgcc.a(_usi_to_df.o)
 .bss           0x00083a24        0x0 c:/altera/13.0sp1/nios2eds/bin/gnu/h-i686-mingw32/bin/../lib/gcc/nios2-elf/4.1.2\libgcc.a(lib2-divmod.o)
 .bss           0x00083a24        0x0 BSP/\libhal_bsp.a(alt_close.o)
 .bss           0x00083a24        0x0 BSP/\libhal_bsp.a(alt_dev.o)
 .bss           0x00083a24        0x0 BSP/\libhal_bsp.a(alt_errno.o)
 .bss           0x00083a24        0x0 BSP/\libhal_bsp.a(alt_fstat.o)
 .bss           0x00083a24        0x0 BSP/\libhal_bsp.a(alt_irq_register.o)
 .bss           0x00083a24        0x0 BSP/\libhal_bsp.a(alt_irq_vars.o)
 .bss           0x00083a24        0x0 BSP/\libhal_bsp.a(alt_isatty.o)
 .bss           0x00083a24        0x0 BSP/\libhal_bsp.a(alt_load.o)
 .bss           0x00083a24        0x0 BSP/\libhal_bsp.a(alt_lseek.o)
 .bss           0x00083a24        0x0 BSP/\libhal_bsp.a(alt_main.o)
 .bss           0x00083a24        0x0 BSP/\libhal_bsp.a(alt_malloc_lock.o)
 .bss           0x00083a24        0x0 BSP/\libhal_bsp.a(alt_open.o)
 .bss           0x00083a24        0x0 BSP/\libhal_bsp.a(alt_read.o)
 .bss           0x00083a24        0x0 BSP/\libhal_bsp.a(alt_release_fd.o)
 .bss           0x00083a24        0x0 BSP/\libhal_bsp.a(alt_sbrk.o)
 .bss           0x00083a24        0x0 BSP/\libhal_bsp.a(alt_write.o)
 .bss           0x00083a24        0x0 BSP/\libhal_bsp.a(alt_sys_init.o)
 .bss           0x00083a24        0x0 BSP/\libhal_bsp.a(altera_avalon_jtag_uart_fd.o)
 .bss           0x00083a24        0x0 BSP/\libhal_bsp.a(altera_avalon_jtag_uart_init.o)
 .bss           0x00083a24        0x0 BSP/\libhal_bsp.a(altera_avalon_jtag_uart_ioctl.o)
 .bss           0x00083a24        0x0 BSP/\libhal_bsp.a(altera_avalon_jtag_uart_read.o)
 .bss           0x00083a24        0x0 BSP/\libhal_bsp.a(altera_avalon_jtag_uart_write.o)
 .bss           0x00083a24        0x0 BSP/\libhal_bsp.a(altera_avalon_sgdma.o)
 .bss           0x00083a24        0x0 BSP/\libhal_bsp.a(altera_avalon_timer_sc.o)
 .bss           0x00083a24        0x0 BSP/\libhal_bsp.a(altera_up_avalon_character_lcd.o)
 .bss           0x00083a24        0x0 BSP/\libhal_bsp.a(altera_up_avalon_irda.o)
 .bss           0x00083a24        0x0 BSP/\libhal_bsp.a(altera_up_avalon_ps2.o)
 .bss           0x00083a24        0x0 BSP/\libhal_bsp.a(altera_up_avalon_rs232.o)
 .bss           0x00083a24        0x0 BSP/\libhal_bsp.a(altera_up_avalon_video_character_buffer_with_dma.o)
 .bss           0x00083a24        0x0 BSP/\libhal_bsp.a(alt_alarm_start.o)
 .bss           0x00083a24        0x0 BSP/\libhal_bsp.a(alt_dcache_flush_all.o)
 .bss           0x00083a24        0x0 BSP/\libhal_bsp.a(alt_dev_llist_insert.o)
 .bss           0x00083a24        0x0 BSP/\libhal_bsp.a(alt_find_dev.o)
 .bss           0x00083a24        0x0 BSP/\libhal_bsp.a(alt_find_file.o)
 .bss           0x00083a24        0x0 BSP/\libhal_bsp.a(alt_get_fd.o)
 .bss           0x00083a24        0x0 BSP/\libhal_bsp.a(alt_icache_flush_all.o)
 .bss           0x00083a24        0x0 BSP/\libhal_bsp.a(alt_io_redirect.o)
 .bss           0x00083a24        0x0 BSP/\libhal_bsp.a(alt_irq_entry.o)
 .bss           0x00083a24        0x0 BSP/\libhal_bsp.a(alt_irq_handler.o)
 .bss           0x00083a24        0x0 BSP/\libhal_bsp.a(alt_remap_uncached.o)
 .bss           0x00083a24        0x0 BSP/\libhal_bsp.a(alt_tick.o)
 .bss           0x00083a24        0x0 BSP/\libhal_bsp.a(altera_nios2_qsys_irq.o)
 .bss           0x00083a24        0x0 BSP/\libhal_bsp.a(alt_dcache_flush.o)
 .bss           0x00083a24        0x0 BSP/\libhal_bsp.a(alt_exception_entry.o)
 .bss           0x00083a24        0x0 BSP/\libhal_bsp.a(alt_icache_flush.o)
 .bss           0x00083a24        0x0 c:/altera/13.0sp1/nios2eds/bin/gnu/h-i686-mingw32/bin/../lib/gcc/nios2-elf/4.1.2/../../../../nios2-elf/lib\libc.a(lib_a-exit.o)
 .bss           0x00083a24        0x0 c:/altera/13.0sp1/nios2eds/bin/gnu/h-i686-mingw32/bin/../lib/gcc/nios2-elf/4.1.2/../../../../nios2-elf/lib\libc.a(lib_a-memcmp.o)
 .bss           0x00083a24        0x0 c:/altera/13.0sp1/nios2eds/bin/gnu/h-i686-mingw32/bin/../lib/gcc/nios2-elf/4.1.2/../../../../nios2-elf/lib\libc.a(lib_a-__call_atexit.o)
 .bss           0x00083a24        0x0 BSP/\libhal_bsp.a(alt_exit.o)
 *(COMMON)
 COMMON         0x00083a24    0x46820 obj/default//C/Users/delgado4/Documents/GitHub/cube_solver/Final_Project/cube_solver.o
                0x00083a24                capturedImage
                0x000c9f24                pixelData
 COMMON         0x000ca244      0x100 BSP/\libhal_bsp.a(alt_irq_handler.o)
                0x000ca244                alt_irq
                0x000ca344                . = ALIGN (0x4)
                0x000ca344                __bss_end = ABSOLUTE (.)

.SDRAM          0x000ca344        0x0
                0x000ca344                PROVIDE (_alt_partition_SDRAM_start, ABSOLUTE (.))
 *(.SDRAM. SDRAM.*)
                0x000ca344                . = ALIGN (0x4)
                0x000ca344                PROVIDE (_alt_partition_SDRAM_end, ABSOLUTE (.))
                0x000ca344                _end = ABSOLUTE (.)
                0x000ca344                end = ABSOLUTE (.)
                0x000ca344                __alt_stack_base = ABSOLUTE (.)
                0x000ca344                PROVIDE (_alt_partition_SDRAM_load_addr, LOADADDR (.SDRAM))

.descriptor_memory
                0x08200000        0x0 load address 0x000ca344
                0x08200000                PROVIDE (_alt_partition_descriptor_memory_start, ABSOLUTE (.))
 *(.descriptor_memory. descriptor_memory.*)
                0x08200000                . = ALIGN (0x4)
                0x08200000                PROVIDE (_alt_partition_descriptor_memory_end, ABSOLUTE (.))
                0x000ca344                PROVIDE (_alt_partition_descriptor_memory_load_addr, LOADADDR (.descriptor_memory))

.packet_memory  0x08201000        0x0 load address 0x000ca344
                0x08201000                PROVIDE (_alt_partition_packet_memory_start, ABSOLUTE (.))
 *(.packet_memory. packet_memory.*)
                0x08201000                . = ALIGN (0x4)
                0x08201000                PROVIDE (_alt_partition_packet_memory_end, ABSOLUTE (.))
                0x000ca344                PROVIDE (_alt_partition_packet_memory_load_addr, LOADADDR (.packet_memory))

.Flash_flash_data
                0x0c000000        0x0 load address 0x000ca344
                0x0c000000                PROVIDE (_alt_partition_Flash_flash_data_start, ABSOLUTE (.))
 *(.Flash_flash_data. Flash_flash_data.*)
                0x0c000000                . = ALIGN (0x4)
                0x0c000000                PROVIDE (_alt_partition_Flash_flash_data_end, ABSOLUTE (.))
                0x000ca344                PROVIDE (_alt_partition_Flash_flash_data_load_addr, LOADADDR (.Flash_flash_data))

.stab
 *(.stab)

.stabstr
 *(.stabstr)

.stab.excl
 *(.stab.excl)

.stab.exclstr
 *(.stab.exclstr)

.stab.index
 *(.stab.index)

.stab.indexstr
 *(.stab.indexstr)

.comment        0x00000000       0x26
 *(.comment)
 .comment       0x00000000       0x26 obj/default//C/Users/delgado4/Documents/GitHub/cube_solver/Final_Project/cube_solver.o
                                 0x27 (size before relaxing)
 .comment       0x00000000       0x27 obj/default//C/Users/delgado4/Documents/GitHub/cube_solver/Final_Project/ee109-lib/camera.o
 .comment       0x00000000       0x27 obj/default//C/Users/delgado4/Documents/GitHub/cube_solver/Final_Project/ee109-lib/char_lcd.o
 .comment       0x00000000       0x27 obj/default//C/Users/delgado4/Documents/GitHub/cube_solver/Final_Project/ee109-lib/lcd.o
 .comment       0x00000000       0x27 obj/default//C/Users/delgado4/Documents/GitHub/cube_solver/Final_Project/ee109-lib/pushbuttons.o
 .comment       0x00000000       0x27 obj/default//C/Users/delgado4/Documents/GitHub/cube_solver/Final_Project/system_globals.o
 .comment       0x00000000       0x27 obj/default//C/Users/delgado4/Documents/GitHub/cube_solver/Final_Project/test_image.o
 .comment       0x00000000       0x27 c:/altera/13.0sp1/nios2eds/bin/gnu/h-i686-mingw32/bin/../lib/gcc/nios2-elf/4.1.2/../../../../nios2-elf/lib\libm.a(lib_a-w_sqrt.o)
 .comment       0x00000000       0x27 c:/altera/13.0sp1/nios2eds/bin/gnu/h-i686-mingw32/bin/../lib/gcc/nios2-elf/4.1.2/../../../../nios2-elf/lib\libm.a(lib_a-e_sqrt.o)
 .comment       0x00000000       0x27 c:/altera/13.0sp1/nios2eds/bin/gnu/h-i686-mingw32/bin/../lib/gcc/nios2-elf/4.1.2/../../../../nios2-elf/lib\libm.a(lib_a-s_isnand.o)
 .comment       0x00000000       0x27 c:/altera/13.0sp1/nios2eds/bin/gnu/h-i686-mingw32/bin/../lib/gcc/nios2-elf/4.1.2/../../../../nios2-elf/lib\libm.a(lib_a-s_lib_ver.o)
 .comment       0x00000000       0x27 c:/altera/13.0sp1/nios2eds/bin/gnu/h-i686-mingw32/bin/../lib/gcc/nios2-elf/4.1.2/../../../../nios2-elf/lib\libm.a(lib_a-s_matherr.o)
 .comment       0x00000000       0x27 c:/altera/13.0sp1/nios2eds/bin/gnu/h-i686-mingw32/bin/../lib/gcc/nios2-elf/4.1.2\libgcc.a(_addsub_df.o)
 .comment       0x00000000       0x27 c:/altera/13.0sp1/nios2eds/bin/gnu/h-i686-mingw32/bin/../lib/gcc/nios2-elf/4.1.2\libgcc.a(_mul_df.o)
 .comment       0x00000000       0x27 c:/altera/13.0sp1/nios2eds/bin/gnu/h-i686-mingw32/bin/../lib/gcc/nios2-elf/4.1.2\libgcc.a(_div_df.o)
 .comment       0x00000000       0x27 c:/altera/13.0sp1/nios2eds/bin/gnu/h-i686-mingw32/bin/../lib/gcc/nios2-elf/4.1.2\libgcc.a(_gt_df.o)
 .comment       0x00000000       0x27 c:/altera/13.0sp1/nios2eds/bin/gnu/h-i686-mingw32/bin/../lib/gcc/nios2-elf/4.1.2\libgcc.a(_lt_df.o)
 .comment       0x00000000       0x27 c:/altera/13.0sp1/nios2eds/bin/gnu/h-i686-mingw32/bin/../lib/gcc/nios2-elf/4.1.2\libgcc.a(_si_to_df.o)
 .comment       0x00000000       0x27 c:/altera/13.0sp1/nios2eds/bin/gnu/h-i686-mingw32/bin/../lib/gcc/nios2-elf/4.1.2\libgcc.a(_thenan_df.o)
 .comment       0x00000000       0x27 c:/altera/13.0sp1/nios2eds/bin/gnu/h-i686-mingw32/bin/../lib/gcc/nios2-elf/4.1.2\libgcc.a(_muldi3.o)
 .comment       0x00000000       0x27 c:/altera/13.0sp1/nios2eds/bin/gnu/h-i686-mingw32/bin/../lib/gcc/nios2-elf/4.1.2\libgcc.a(_clzsi2.o)
 .comment       0x00000000       0x27 c:/altera/13.0sp1/nios2eds/bin/gnu/h-i686-mingw32/bin/../lib/gcc/nios2-elf/4.1.2\libgcc.a(_pack_df.o)
 .comment       0x00000000       0x27 c:/altera/13.0sp1/nios2eds/bin/gnu/h-i686-mingw32/bin/../lib/gcc/nios2-elf/4.1.2\libgcc.a(_unpack_df.o)
 .comment       0x00000000       0x27 c:/altera/13.0sp1/nios2eds/bin/gnu/h-i686-mingw32/bin/../lib/gcc/nios2-elf/4.1.2\libgcc.a(_fpcmp_parts_df.o)
 .comment       0x00000000       0x27 c:/altera/13.0sp1/nios2eds/bin/gnu/h-i686-mingw32/bin/../lib/gcc/nios2-elf/4.1.2\libgcc.a(_clz.o)
 .comment       0x00000000       0x27 c:/altera/13.0sp1/nios2eds/bin/gnu/h-i686-mingw32/bin/../lib/gcc/nios2-elf/4.1.2/../../../../nios2-elf/lib\libc.a(lib_a-errno.o)
 .comment       0x00000000       0x27 c:/altera/13.0sp1/nios2eds/bin/gnu/h-i686-mingw32/bin/../lib/gcc/nios2-elf/4.1.2/../../../../nios2-elf/lib\libc.a(lib_a-fclose.o)
 .comment       0x00000000       0x27 c:/altera/13.0sp1/nios2eds/bin/gnu/h-i686-mingw32/bin/../lib/gcc/nios2-elf/4.1.2/../../../../nios2-elf/lib\libc.a(lib_a-fflush.o)
 .comment       0x00000000       0x27 c:/altera/13.0sp1/nios2eds/bin/gnu/h-i686-mingw32/bin/../lib/gcc/nios2-elf/4.1.2/../../../../nios2-elf/lib\libc.a(lib_a-findfp.o)
 .comment       0x00000000       0x27 c:/altera/13.0sp1/nios2eds/bin/gnu/h-i686-mingw32/bin/../lib/gcc/nios2-elf/4.1.2/../../../../nios2-elf/lib\libc.a(lib_a-fopen.o)
 .comment       0x00000000       0x27 c:/altera/13.0sp1/nios2eds/bin/gnu/h-i686-mingw32/bin/../lib/gcc/nios2-elf/4.1.2/../../../../nios2-elf/lib\libc.a(lib_a-fprintf.o)
 .comment       0x00000000       0x27 c:/altera/13.0sp1/nios2eds/bin/gnu/h-i686-mingw32/bin/../lib/gcc/nios2-elf/4.1.2/../../../../nios2-elf/lib\libc.a(lib_a-fputc.o)
 .comment       0x00000000       0x27 c:/altera/13.0sp1/nios2eds/bin/gnu/h-i686-mingw32/bin/../lib/gcc/nios2-elf/4.1.2/../../../../nios2-elf/lib\libc.a(lib_a-freer.o)
 .comment       0x00000000       0x27 c:/altera/13.0sp1/nios2eds/bin/gnu/h-i686-mingw32/bin/../lib/gcc/nios2-elf/4.1.2/../../../../nios2-elf/lib\libc.a(lib_a-fseek.o)
 .comment       0x00000000       0x27 c:/altera/13.0sp1/nios2eds/bin/gnu/h-i686-mingw32/bin/../lib/gcc/nios2-elf/4.1.2/../../../../nios2-elf/lib\libc.a(lib_a-fstatr.o)
 .comment       0x00000000       0x27 c:/altera/13.0sp1/nios2eds/bin/gnu/h-i686-mingw32/bin/../lib/gcc/nios2-elf/4.1.2/../../../../nios2-elf/lib\libc.a(lib_a-fwalk.o)
 .comment       0x00000000       0x27 c:/altera/13.0sp1/nios2eds/bin/gnu/h-i686-mingw32/bin/../lib/gcc/nios2-elf/4.1.2/../../../../nios2-elf/lib\libc.a(lib_a-fwrite.o)
 .comment       0x00000000       0x27 c:/altera/13.0sp1/nios2eds/bin/gnu/h-i686-mingw32/bin/../lib/gcc/nios2-elf/4.1.2/../../../../nios2-elf/lib\libc.a(lib_a-impure.o)
 .comment       0x00000000       0x27 c:/altera/13.0sp1/nios2eds/bin/gnu/h-i686-mingw32/bin/../lib/gcc/nios2-elf/4.1.2/../../../../nios2-elf/lib\libc.a(lib_a-int_errno.o)
 .comment       0x00000000       0x27 c:/altera/13.0sp1/nios2eds/bin/gnu/h-i686-mingw32/bin/../lib/gcc/nios2-elf/4.1.2/../../../../nios2-elf/lib\libc.a(lib_a-makebuf.o)
 .comment       0x00000000       0x27 c:/altera/13.0sp1/nios2eds/bin/gnu/h-i686-mingw32/bin/../lib/gcc/nios2-elf/4.1.2/../../../../nios2-elf/lib\libc.a(lib_a-mallocr.o)
 .comment       0x00000000       0x27 c:/altera/13.0sp1/nios2eds/bin/gnu/h-i686-mingw32/bin/../lib/gcc/nios2-elf/4.1.2/../../../../nios2-elf/lib\libc.a(lib_a-memcpy.o)
 .comment       0x00000000       0x27 c:/altera/13.0sp1/nios2eds/bin/gnu/h-i686-mingw32/bin/../lib/gcc/nios2-elf/4.1.2/../../../../nios2-elf/lib\libc.a(lib_a-memset.o)
 .comment       0x00000000       0x27 c:/altera/13.0sp1/nios2eds/bin/gnu/h-i686-mingw32/bin/../lib/gcc/nios2-elf/4.1.2/../../../../nios2-elf/lib\libc.a(lib_a-openr.o)
 .comment       0x00000000       0x27 c:/altera/13.0sp1/nios2eds/bin/gnu/h-i686-mingw32/bin/../lib/gcc/nios2-elf/4.1.2/../../../../nios2-elf/lib\libc.a(lib_a-printf.o)
 .comment       0x00000000       0x27 c:/altera/13.0sp1/nios2eds/bin/gnu/h-i686-mingw32/bin/../lib/gcc/nios2-elf/4.1.2/../../../../nios2-elf/lib\libc.a(lib_a-putc.o)
 .comment       0x00000000       0x27 c:/altera/13.0sp1/nios2eds/bin/gnu/h-i686-mingw32/bin/../lib/gcc/nios2-elf/4.1.2/../../../../nios2-elf/lib\libc.a(lib_a-putchar.o)
 .comment       0x00000000       0x27 c:/altera/13.0sp1/nios2eds/bin/gnu/h-i686-mingw32/bin/../lib/gcc/nios2-elf/4.1.2/../../../../nios2-elf/lib\libc.a(lib_a-puts.o)
 .comment       0x00000000       0x27 c:/altera/13.0sp1/nios2eds/bin/gnu/h-i686-mingw32/bin/../lib/gcc/nios2-elf/4.1.2/../../../../nios2-elf/lib\libc.a(lib_a-refill.o)
 .comment       0x00000000       0x27 c:/altera/13.0sp1/nios2eds/bin/gnu/h-i686-mingw32/bin/../lib/gcc/nios2-elf/4.1.2/../../../../nios2-elf/lib\libc.a(lib_a-sbrkr.o)
 .comment       0x00000000       0x27 c:/altera/13.0sp1/nios2eds/bin/gnu/h-i686-mingw32/bin/../lib/gcc/nios2-elf/4.1.2/../../../../nios2-elf/lib\libc.a(lib_a-stdio.o)
 .comment       0x00000000       0x27 c:/altera/13.0sp1/nios2eds/bin/gnu/h-i686-mingw32/bin/../lib/gcc/nios2-elf/4.1.2/../../../../nios2-elf/lib\libc.a(lib_a-strlen.o)