Archive member included because of file (symbol)

c:/altera/13.0sp1/nios2eds/bin/gnu/h-i686-mingw32/bin/../lib/gcc/nios2-elf/4.1.2/../../../../nios2-elf/lib\libm.a(lib_a-w_sqrt.o)
                              obj/default//C/Users/delgado4/Documents/GitHub/cube_solver/Final_Project/cube_solver.o (sqrt)
c:/altera/13.0sp1/nios2eds/bin/gnu/h-i686-mingw32/bin/../lib/gcc/nios2-elf/4.1.2/../../../../nios2-elf/lib\libm.a(lib_a-e_sqrt.o)
                              c:/altera/13.0sp1/nios2eds/bin/gnu/h-i686-mingw32/bin/../lib/gcc/nios2-elf/4.1.2/../../../../nios2-elf/lib\libm.a(lib_a-w_sqrt.o) (__ieee754_sqrt)
c:/altera/13.0sp1/nios2eds/bin/gnu/h-i686-mingw32/bin/../lib/gcc/nios2-elf/4.1.2/../../../../nios2-elf/lib\libm.a(lib_a-s_isnand.o)
                              c:/altera/13.0sp1/nios2eds/bin/gnu/h-i686-mingw32/bin/../lib/gcc/nios2-elf/4.1.2/../../../../nios2-elf/lib\libm.a(lib_a-w_sqrt.o) (__isnand)
c:/altera/13.0sp1/nios2eds/bin/gnu/h-i686-mingw32/bin/../lib/gcc/nios2-elf/4.1.2/../../../../nios2-elf/lib\libm.a(lib_a-s_lib_ver.o)
                              c:/altera/13.0sp1/nios2eds/bin/gnu/h-i686-mingw32/bin/../lib/gcc/nios2-elf/4.1.2/../../../../nios2-elf/lib\libm.a(lib_a-w_sqrt.o) (__fdlib_version)
c:/altera/13.0sp1/nios2eds/bin/gnu/h-i686-mingw32/bin/../lib/gcc/nios2-elf/4.1.2/../../../../nios2-elf/lib\libm.a(lib_a-s_matherr.o)
                              c:/altera/13.0sp1/nios2eds/bin/gnu/h-i686-mingw32/bin/../lib/gcc/nios2-elf/4.1.2/../../../../nios2-elf/lib\libm.a(lib_a-w_sqrt.o) (matherr)
c:/altera/13.0sp1/nios2eds/bin/gnu/h-i686-mingw32/bin/../lib/gcc/nios2-elf/4.1.2\libgcc.a(_addsub_df.o)
                              obj/default//C/Users/delgado4/Documents/GitHub/cube_solver/Final_Project/cube_solver.o (__subdf3)
c:/altera/13.0sp1/nios2eds/bin/gnu/h-i686-mingw32/bin/../lib/gcc/nios2-elf/4.1.2\libgcc.a(_mul_df.o)
                              obj/default//C/Users/delgado4/Documents/GitHub/cube_solver/Final_Project/cube_solver.o (__muldf3)
c:/altera/13.0sp1/nios2eds/bin/gnu/h-i686-mingw32/bin/../lib/gcc/nios2-elf/4.1.2\libgcc.a(_div_df.o)
                              obj/default//C/Users/delgado4/Documents/GitHub/cube_solver/Final_Project/cube_solver.o (__divdf3)
c:/altera/13.0sp1/nios2eds/bin/gnu/h-i686-mingw32/bin/../lib/gcc/nios2-elf/4.1.2\libgcc.a(_gt_df.o)
                              obj/default//C/Users/delgado4/Documents/GitHub/cube_solver/Final_Project/cube_solver.o (__gtdf2)
c:/altera/13.0sp1/nios2eds/bin/gnu/h-i686-mingw32/bin/../lib/gcc/nios2-elf/4.1.2\libgcc.a(_lt_df.o)
                              c:/altera/13.0sp1/nios2eds/bin/gnu/h-i686-mingw32/bin/../lib/gcc/nios2-elf/4.1.2/../../../../nios2-elf/lib\libm.a(lib_a-w_sqrt.o) (__ltdf2)
c:/altera/13.0sp1/nios2eds/bin/gnu/h-i686-mingw32/bin/../lib/gcc/nios2-elf/4.1.2\libgcc.a(_si_to_df.o)
                              obj/default//C/Users/delgado4/Documents/GitHub/cube_solver/Final_Project/cube_solver.o (__floatsidf)
c:/altera/13.0sp1/nios2eds/bin/gnu/h-i686-mingw32/bin/../lib/gcc/nios2-elf/4.1.2\libgcc.a(_df_to_si.o)
                              obj/default//C/Users/delgado4/Documents/GitHub/cube_solver/Final_Project/cube_solver.o (__fixdfsi)
c:/altera/13.0sp1/nios2eds/bin/gnu/h-i686-mingw32/bin/../lib/gcc/nios2-elf/4.1.2\libgcc.a(_thenan_df.o)
                              c:/altera/13.0sp1/nios2eds/bin/gnu/h-i686-mingw32/bin/../lib/gcc/nios2-elf/4.1.2\libgcc.a(_addsub_df.o) (__thenan_df)
c:/altera/13.0sp1/nios2eds/bin/gnu/h-i686-mingw32/bin/../lib/gcc/nios2-elf/4.1.2\libgcc.a(_muldi3.o)
                              c:/altera/13.0sp1/nios2eds/bin/gnu/h-i686-mingw32/bin/../lib/gcc/nios2-elf/4.1.2\libgcc.a(_mul_df.o) (__muldi3)
c:/altera/13.0sp1/nios2eds/bin/gnu/h-i686-mingw32/bin/../lib/gcc/nios2-elf/4.1.2\libgcc.a(_clzsi2.o)
                              c:/altera/13.0sp1/nios2eds/bin/gnu/h-i686-mingw32/bin/../lib/gcc/nios2-elf/4.1.2\libgcc.a(_si_to_df.o) (__clzsi2)
c:/altera/13.0sp1/nios2eds/bin/gnu/h-i686-mingw32/bin/../lib/gcc/nios2-elf/4.1.2\libgcc.a(_pack_df.o)
                              c:/altera/13.0sp1/nios2eds/bin/gnu/h-i686-mingw32/bin/../lib/gcc/nios2-elf/4.1.2\libgcc.a(_addsub_df.o) (__pack_d)
c:/altera/13.0sp1/nios2eds/bin/gnu/h-i686-mingw32/bin/../lib/gcc/nios2-elf/4.1.2\libgcc.a(_unpack_df.o)
                              c:/altera/13.0sp1/nios2eds/bin/gnu/h-i686-mingw32/bin/../lib/gcc/nios2-elf/4.1.2\libgcc.a(_addsub_df.o) (__unpack_d)
c:/altera/13.0sp1/nios2eds/bin/gnu/h-i686-mingw32/bin/../lib/gcc/nios2-elf/4.1.2\libgcc.a(_fpcmp_parts_df.o)
                              c:/altera/13.0sp1/nios2eds/bin/gnu/h-i686-mingw32/bin/../lib/gcc/nios2-elf/4.1.2\libgcc.a(_gt_df.o) (__fpcmp_parts_d)
c:/altera/13.0sp1/nios2eds/bin/gnu/h-i686-mingw32/bin/../lib/gcc/nios2-elf/4.1.2\libgcc.a(_clz.o)
                              c:/altera/13.0sp1/nios2eds/bin/gnu/h-i686-mingw32/bin/../lib/gcc/nios2-elf/4.1.2\libgcc.a(_clzsi2.o) (__clz_tab)
[...]
Memory Configuration

Name             Origin             Length             Attributes
reset            0x00000000         0x00000020
SDRAM            0x00000020         0x07ffffe0
descriptor_memory 0x08200000         0x00001000
packet_memory    0x08201000         0x00001000
Flash_flash_data 0x0c000000         0x00800000
*default*        0x00000000         0xffffffff

Linker script and memory map

LOAD BSP//obj/HAL/src/crt0.o
LOAD obj/default//C/Users/delgado4/Documents/GitHub/cube_solver/Final_Project/cube_solver.o
LOAD obj/default//C/Users/delgado4/Documents/GitHub/cube_solver/Final_Project/ee109-lib/camera.o
LOAD obj/default//C/Users/delgado4/Documents/GitHub/cube_solver/Final_Project/ee109-lib/char_lcd.o
LOAD obj/default//C/Users/delgado4/Documents/GitHub/cube_solver/Final_Project/ee109-lib/lcd.o
LOAD obj/default//C/Users/delgado4/Documents/GitHub/cube_solver/Final_Project/ee109-lib/pushbuttons.o
LOAD obj/default//C/Users/delgado4/Documents/GitHub/cube_solver/Final_Project/ee109-lib/vga.o
LOAD obj/default//C/Users/delgado4/Documents/GitHub/cube_solver/Final_Project/system_globals.o
LOAD obj/default//C/Users/delgado4/Documents/GitHub/cube_solver/Final_Project/test_image.o
LOAD c:/altera/13.0sp1/nios2eds/bin/gnu/h-i686-mingw32/bin/../lib/gcc/nios2-elf/4.1.2/../../../../nios2-elf/lib\libstdc++.a
LOAD c:/altera/13.0sp1/nios2eds/bin/gnu/h-i686-mingw32/bin/../lib/gcc/nios2-elf/4.1.2/../../../../nios2-elf/lib\libm.a
LOAD c:/altera/13.0sp1/nios2eds/bin/gnu/h-i686-mingw32/bin/../lib/gcc/nios2-elf/4.1.2\libgcc.a
START GROUP
LOAD c:/altera/13.0sp1/nios2eds/bin/gnu/h-i686-mingw32/bin/../lib/gcc/nios2-elf/4.1.2/../../../../nios2-elf/lib\libc.a
LOAD c:/altera/13.0sp1/nios2eds/bin/gnu/h-i686-mingw32/bin/../lib/gcc/nios2-elf/4.1.2\libgcc.a
LOAD BSP/\libhal_bsp.a
END GROUP
LOAD c:/altera/13.0sp1/nios2eds/bin/gnu/h-i686-mingw32/bin/../lib/gcc/nios2-elf/4.1.2\libgcc.a
                0x00000000                __alt_mem_SDRAM = 0x0
                0x08200000                __alt_mem_descriptor_memory = 0x8200000
                0x08201000                __alt_mem_packet_memory = 0x8201000
                0x0c000000                __alt_mem_Flash_flash_data = 0xc000000

.entry          0x00000000       0x20
 *(.entry)
 .entry         0x00000000       0x20 BSP//obj/HAL/src/crt0.o
                0x00000000                __reset

.exceptions     0x00000020      0x148
                0x00000020                PROVIDE (__ram_exceptions_start, ABSOLUTE (.))
                0x00000020                . = ALIGN (0x20)
 *(.irq)
 *(.exceptions.entry.label)
 .exceptions.entry.label
                0x00000020        0x0 BSP/\libhal_bsp.a(alt_irq_entry.o)
                0x00000020                alt_irq_entry
 .exceptions.entry.label
                0x00000020        0x0 BSP/\libhal_bsp.a(alt_exception_entry.o)
                0x00000020                alt_exception
 *(.exceptions.entry.user)
 *(.exceptions.entry)
 .exceptions.entry
                0x00000020       0x54 BSP/\libhal_bsp.a(alt_exception_entry.o)
 *(.exceptions.irqtest.user)
 *(.exceptions.irqtest)
 .exceptions.irqtest
                0x00000074       0x10 BSP/\libhal_bsp.a(alt_irq_entry.o)
 *(.exceptions.irqhandler.user)
 *(.exceptions.irqhandler)
 .exceptions.irqhandler
                0x00000084        0x4 BSP/\libhal_bsp.a(alt_irq_entry.o)
 *(.exceptions.irqreturn.user)
 *(.exceptions.irqreturn)
 .exceptions.irqreturn
                0x00000088        0x4 BSP/\libhal_bsp.a(alt_irq_entry.o)
 *(.exceptions.notirq.label)
 .exceptions.notirq.label
                0x0000008c        0x0 BSP/\libhal_bsp.a(alt_irq_entry.o)
 *(.exceptions.notirq.user)
 *(.exceptions.notirq)
 .exceptions.notirq
                0x0000008c        0x8 BSP/\libhal_bsp.a(alt_exception_entry.o)
 *(.exceptions.soft.user)
 *(.exceptions.soft)
 *(.exceptions.unknown.user)
 *(.exceptions.unknown)
 .exceptions.unknown
                0x00000094        0x4 BSP/\libhal_bsp.a(alt_exception_entry.o)
 *(.exceptions.exit.label)
 .exceptions.exit.label
                0x00000098        0x0 BSP/\libhal_bsp.a(alt_irq_entry.o)
 .exceptions.exit.label
                0x00000098        0x0 BSP/\libhal_bsp.a(alt_exception_entry.o)
 *(.exceptions.exit.user)
 *(.exceptions.exit)
 .exceptions.exit
                0x00000098       0x54 BSP/\libhal_bsp.a(alt_exception_entry.o)
 *(.exceptions)
 .exceptions    0x000000ec       0x7c BSP/\libhal_bsp.a(alt_irq_handler.o)
                0x000000ec                alt_irq_handler
                0x00000168                PROVIDE (__ram_exceptions_end, ABSOLUTE (.))
                0x00000020                PROVIDE (__flash_exceptions_start, LOADADDR (.exceptions))

.text           0x00000168     0xe9a4
                0x00000168                PROVIDE (stext, ABSOLUTE (.))
 *(.interp)
 *(.hash)
 *(.dynsym)
 *(.dynstr)
 *(.gnu.version)
 *(.gnu.version_d)
 *(.gnu.version_r)
 *(.rel.init)
 *(.rela.init)
 *(.rel.text .rel.text.* .rel.gnu.linkonce.t.*)
 *(.rela.text .rela.text.* .rela.gnu.linkonce.t.*)
 *(.rel.fini)
 *(.rela.fini)
 *(.rel.rodata .rel.rodata.* .rel.gnu.linkonce.r.*)
 *(.rela.rodata .rela.rodata.* .rela.gnu.linkonce.r.*)
 *(.rel.data .rel.data.* .rel.gnu.linkonce.d.*)
 *(.rela.data .rela.data.* .rela.gnu.linkonce.d.*)
 *(.rel.tdata .rel.tdata.* .rel.gnu.linkonce.td.*)
 *(.rela.tdata .rela.tdata.* .rela.gnu.linkonce.td.*)
 *(.rel.tbss .rel.tbss.* .rel.gnu.linkonce.tb.*)
 *(.rela.tbss .rela.tbss.* .rela.gnu.linkonce.tb.*)
 *(.rel.ctors)
 *(.rela.ctors)
 *(.rel.dtors)
 *(.rela.dtors)
 *(.rel.got)
 *(.rela.got)
 *(.rel.sdata .rel.sdata.* .rel.gnu.linkonce.s.*)
 *(.rela.sdata .rela.sdata.* .rela.gnu.linkonce.s.*)
 *(.rel.sbss .rel.sbss.* .rel.gnu.linkonce.sb.*)
 *(.rela.sbss .rela.sbss.* .rela.gnu.linkonce.sb.*)
 *(.rel.sdata2 .rel.sdata2.* .rel.gnu.linkonce.s2.*)
 *(.rela.sdata2 .rela.sdata2.* .rela.gnu.linkonce.s2.*)
 *(.rel.sbss2 .rel.sbss2.* .rel.gnu.linkonce.sb2.*)
 *(.rela.sbss2 .rela.sbss2.* .rela.gnu.linkonce.sb2.*)
 *(.rel.bss .rel.bss.* .rel.gnu.linkonce.b.*)
 *(.rela.bss .rela.bss.* .rela.gnu.linkonce.b.*)
 *(.rel.plt)
 *(.rela.plt)
 *(.rel.dyn)
 *(.init)
 *(.plt)
 *(.text .stub .text.* .gnu.linkonce.t.*)
 .text          0x00000168       0x3c BSP//obj/HAL/src/crt0.o
                0x00000168                _start
 .text          0x000001a4     0x1184 obj/default//C/Users/delgado4/Documents/GitHub/cube_solver/Final_Project/cube_solver.o
                0x000001a4                shortToPixel
                0x000001ec                trace
                0x00000218                determinant
                0x0000028c                computeScoresAndThreshold
                0x00000350                displayImage
                0x00000408                displayColorImage
                0x0000047c                convolutionFn
                0x00000758                setupHardware
                0x000007b4                captureImageData
                0x000008f0                pushbuttons_isr
                0x00000944                extractCorners
                0x00000a44                computePixelScores
                0x00000d5c                exportToMatlab
                0x000010d0                bwConversion
                0x000011cc                main
 .text          0x00001328       0x78 obj/default//C/Users/delgado4/Documents/GitHub/cube_solver/Final_Project/ee109-lib/camera.o
                0x00001328                camera_set_front_buffer
                0x00001340                camera_set_back_buffer
                0x0000134c                camera_enable_dma
                0x00001380                camera_swap_buffers
 .text          0x000013a0       0x84 obj/default//C/Users/delgado4/Documents/GitHub/cube_solver/Final_Project/ee109-lib/char_lcd.o
                0x000013a0                char_lcd_move_cursor
                0x000013cc                char_lcd_write
                0x000013f4                char_lcd_cursor_off
                0x00001404                char_lcd_shift_left
                0x00001414                char_lcd_shift_right
 .text          0x00001424      0x110 obj/default//C/Users/delgado4/Documents/GitHub/cube_solver/Final_Project/ee109-lib/lcd.o
                0x00001424                lcd_enable_dma
                0x00001458                lcd_set_front_buffer
                0x00001470                lcd_set_back_buffer
                0x0000147c                lcd_swap_buffers
                0x0000149c                lcd_write
                0x000014d4                lcd_draw_rectangle
 .text          0x00001534       0x78 obj/default//C/Users/delgado4/Documents/GitHub/cube_solver/Final_Project/ee109-lib/pushbuttons.o
                0x00001534                pushbuttons_get_data
                0x00001540                pushbuttons_set_interrupt_mask
                0x0000154c                pushbuttons_get_interrupt_mask
                0x00001558                pushbuttons_get_edge_capture
                0x00001564                pushbuttons_clear_edge_capture
                0x00001574                pushbuttons_enable_interrupts
 .text          0x000015ac      0x110 obj/default//C/Users/delgado4/Documents/GitHub/cube_solver/Final_Project/ee109-lib/vga.o
                0x000015ac                vga_enable_dma
                0x000015e0                vga_set_front_buffer
                0x000015f8                vga_set_back_buffer
                0x00001604                vga_swap_buffers
                0x00001624                vga_write
                0x0000165c                vga_draw_rectangle
 .text          0x000016bc        0x0 obj/default//C/Users/delgado4/Documents/GitHub/cube_solver/Final_Project/system_globals.o
 .text          0x000016bc        0x0 obj/default//C/Users/delgado4/Documents/GitHub/cube_solver/Final_Project/test_image.o
 .text          0x000016bc      0x130 c:/altera/13.0sp1/nios2eds/bin/gnu/h-i686-mingw32/bin/../lib/gcc/nios2-elf/4.1.2/../../../../nios2-elf/lib\libm.a(lib_a-w_sqrt.o)
                0x000016bc                sqrt
 .text          0x000017ec      0x2c8 c:/altera/13.0sp1/nios2eds/bin/gnu/h-i686-mingw32/bin/../lib/gcc/nios2-elf/4.1.2/../../../../nios2-elf/lib\libm.a(lib_a-e_sqrt.o)
                0x000017ec                __ieee754_sqrt
 .text          0x00001ab4       0x30 c:/altera/13.0sp1/nios2eds/bin/gnu/h-i686-mingw32/bin/../lib/gcc/nios2-elf/4.1.2/../../../../nios2-elf/lib\libm.a(lib_a-s_isnand.o)
                0x00001ab4                __isnand
 .text          0x00001ae4        0x0 c:/altera/13.0sp1/nios2eds/bin/gnu/h-i686-mingw32/bin/../lib/gcc/nios2-elf/4.1.2/../../../../nios2-elf/lib\libm.a(lib_a-s_lib_ver.o)
 .text          0x00001ae4        0x8 c:/altera/13.0sp1/nios2eds/bin/gnu/h-i686-mingw32/bin/../lib/gcc/nios2-elf/4.1.2/../../../../nios2-elf/lib\libm.a(lib_a-s_matherr.o)
                0x00001ae4                matherr
 .text          0x00001aec      0x504 c:/altera/13.0sp1/nios2eds/bin/gnu/h-i686-mingw32/bin/../lib/gcc/nios2-elf/4.1.2\libgcc.a(_addsub_df.o)
                0x00001efc                __subdf3
                0x00001f7c                __adddf3
 .text          0x00001ff0      0x3c4 c:/altera/13.0sp1/nios2eds/bin/gnu/h-i686-mingw32/bin/../lib/gcc/nios2-elf/4.1.2\libgcc.a(_mul_df.o)
                0x00001ff0                __muldf3
 .text          0x000023b4      0x258 c:/altera/13.0sp1/nios2eds/bin/gnu/h-i686-mingw32/bin/../lib/gcc/nios2-elf/4.1.2\libgcc.a(_div_df.o)
                0x000023b4                __divdf3
 .text          0x0000260c       0x88 c:/altera/13.0sp1/nios2eds/bin/gnu/h-i686-mingw32/bin/../lib/gcc/nios2-elf/4.1.2\libgcc.a(_gt_df.o)
                0x0000260c                __gtdf2
 .text          0x00002694       0x88 c:/altera/13.0sp1/nios2eds/bin/gnu/h-i686-mingw32/bin/../lib/gcc/nios2-elf/4.1.2\libgcc.a(_lt_df.o)
                0x00002694                __ltdf2
 .text          0x0000271c       0xf8 c:/altera/13.0sp1/nios2eds/bin/gnu/h-i686-mingw32/bin/../lib/gcc/nios2-elf/4.1.2\libgcc.a(_si_to_df.o)
                0x0000271c                __floatsidf
 .text          0x00002814       0xd8 c:/altera/13.0sp1/nios2eds/bin/gnu/h-i686-mingw32/bin/../lib/gcc/nios2-elf/4.1.2\libgcc.a(_df_to_si.o)
                0x00002814                __fixdfsi
 .text          0x000028ec        0x0 c:/altera/13.0sp1/nios2eds/bin/gnu/h-i686-mingw32/bin/../lib/gcc/nios2-elf/4.1.2\libgcc.a(_thenan_df.o)
 .text          0x000028ec       0x98 c:/altera/13.0sp1/nios2eds/bin/gnu/h-i686-mingw32/bin/../lib/gcc/nios2-elf/4.1.2\libgcc.a(_muldi3.o)
                0x000028ec                __muldi3
 .text          0x00002984       0x80 c:/altera/13.0sp1/nios2eds/bin/gnu/h-i686-mingw32/bin/../lib/gcc/nios2-elf/4.1.2\libgcc.a(_clzsi2.o)
                0x00002984                __clzsi2
 .text          0x00002a04      0x314 c:/altera/13.0sp1/nios2eds/bin/gnu/h-i686-mingw32/bin/../lib/gcc/nios2-elf/4.1.2\libgcc.a(_pack_df.o)
                0x00002a04                __pack_d
 .text          0x00002d18      0x138 c:/altera/13.0sp1/nios2eds/bin/gnu/h-i686-mingw32/bin/../lib/gcc/nios2-elf/4.1.2\libgcc.a(_unpack_df.o)
                0x00002d18                __unpack_d
 .text          0x00002e50       0xc8 c:/altera/13.0sp1/nios2eds/bin/gnu/h-i686-mingw32/bin/../lib/gcc/nios2-elf/4.1.2\libgcc.a(_fpcmp_parts_df.o)
                0x00002e50                __fpcmp_parts_d
 .text          0x00002f18        0x0 c:/altera/13.0sp1/nios2eds/bin/gnu/h-i686-mingw32/bin/../lib/gcc/nios2-elf/4.1.2\libgcc.a(_clz.o)
 .text          0x00002f18       0x10 c:/altera/13.0sp1/nios2eds/bin/gnu/h-i686-mingw32/bin/../lib/gcc/nios2-elf/4.1.2/../../../../nios2-elf/lib\libc.a(lib_a-errno.o)
                0x00002f18                __errno
 .text          0x00002f28      0x124 c:/altera/13.0sp1/nios2eds/bin/gnu/h-i686-mingw32/bin/../lib/gcc/nios2-elf/4.1.2/../../../../nios2-elf/lib\libc.a(lib_a-fclose.o)
                0x00002f28                _fclose_r
                0x00003038                fclose
 .text          0x0000304c      0x230 c:/altera/13.0sp1/nios2eds/bin/gnu/h-i686-mingw32/bin/../lib/gcc/nios2-elf/4.1.2/../../../../nios2-elf/lib\libc.a(lib_a-fflush.o)
                0x0000304c                _fflush_r
                0x00003248                fflush
 .text          0x0000327c      0x2c0 c:/altera/13.0sp1/nios2eds/bin/gnu/h-i686-mingw32/bin/../lib/gcc/nios2-elf/4.1.2/../../../../nios2-elf/lib\libc.a(lib_a-findfp.o)
                0x000032d4                __sfp_lock_acquire
                0x000032d8                __sfp_lock_release
                0x000032dc                __sinit_lock_acquire
                0x000032e0                __sinit_lock_release
                0x000032e4                __sinit
                0x00003398                __fp_unlock_all
                0x000033b0                __fp_lock_all
                0x000033c8                _cleanup_r
                0x000033d4                _cleanup
                0x000033e4                __sfmoreglue
                0x0000344c                __sfp
 .text          0x0000353c      0x110 c:/altera/13.0sp1/nios2eds/bin/gnu/h-i686-mingw32/bin/../lib/gcc/nios2-elf/4.1.2/../../../../nios2-elf/lib\libc.a(lib_a-fopen.o)
                0x0000353c                _fopen_r
                0x00003630                fopen
 .text          0x0000364c       0x60 c:/altera/13.0sp1/nios2eds/bin/gnu/h-i686-mingw32/bin/../lib/gcc/nios2-elf/4.1.2/../../../../nios2-elf/lib\libc.a(lib_a-fprintf.o)
                0x0000364c                fprintf
                0x00003678                _fprintf_r
 .text          0x000036ac       0xbc c:/altera/13.0sp1/nios2eds/bin/gnu/h-i686-mingw32/bin/../lib/gcc/nios2-elf/4.1.2/../../../../nios2-elf/lib\libc.a(lib_a-fputc.o)
                0x000036ac                fputc
                0x00003710                _fputc_r
 .text          0x00003768      0x440 c:/altera/13.0sp1/nios2eds/bin/gnu/h-i686-mingw32/bin/../lib/gcc/nios2-elf/4.1.2/../../../../nios2-elf/lib\libc.a(lib_a-freer.o)
                0x00003768                _malloc_trim_r
                0x00003894                _free_r
 .text          0x00003ba8      0x460 c:/altera/13.0sp1/nios2eds/bin/gnu/h-i686-mingw32/bin/../lib/gcc/nios2-elf/4.1.2/../../../../nios2-elf/lib\libc.a(lib_a-fseek.o)
                0x00003ba8                _fseek_r
                0x00003fe4                fseek
 .text          0x00004008       0x74 c:/altera/13.0sp1/nios2eds/bin/gnu/h-i686-mingw32/bin/../lib/gcc/nios2-elf/4.1.2/../../../../nios2-elf/lib\libc.a(lib_a-fstatr.o)
                0x00004008                _fstat_r
 .text          0x0000407c      0x180 c:/altera/13.0sp1/nios2eds/bin/gnu/h-i686-mingw32/bin/../lib/gcc/nios2-elf/4.1.2/../../../../nios2-elf/lib\libc.a(lib_a-fwalk.o)
                0x0000407c                _fwalk_reent
                0x00004144                _fwalk
 .text          0x000041fc       0xdc c:/altera/13.0sp1/nios2eds/bin/gnu/h-i686-mingw32/bin/../lib/gcc/nios2-elf/4.1.2/../../../../nios2-elf/lib\libc.a(lib_a-fwrite.o)
                0x000041fc                _fwrite_r
                0x00004298                fwrite
 .text          0x000042d8        0x0 c:/altera/13.0sp1/nios2eds/bin/gnu/h-i686-mingw32/bin/../lib/gcc/nios2-elf/4.1.2/../../../../nios2-elf/lib\libc.a(lib_a-impure.o)
 .text          0x000042d8        0x0 c:/altera/13.0sp1/nios2eds/bin/gnu/h-i686-mingw32/bin/../lib/gcc/nios2-elf/4.1.2/../../../../nios2-elf/lib\libc.a(lib_a-int_errno.o)
 .text          0x000042d8      0x194 c:/altera/13.0sp1/nios2eds/bin/gnu/h-i686-mingw32/bin/../lib/gcc/nios2-elf/4.1.2/../../../../nios2-elf/lib\libc.a(lib_a-makebuf.o)
                0x000042d8                __smakebuf_r
 .text          0x0000446c      0x740 c:/altera/13.0sp1/nios2eds/bin/gnu/h-i686-mingw32/bin/../lib/gcc/nios2-elf/4.1.2/../../../../nios2-elf/lib\libc.a(lib_a-mallocr.o)
                0x0000446c                _malloc_r
 .text          0x00004bac       0xa0 c:/altera/13.0sp1/nios2eds/bin/gnu/h-i686-mingw32/bin/../lib/gcc/nios2-elf/4.1.2/../../../../nios2-elf/lib\libc.a(lib_a-memcpy.o)
                0x00004bac                memcpy
 .text          0x00004c4c       0x98 c:/altera/13.0sp1/nios2eds/bin/gnu/h-i686-mingw32/bin/../lib/gcc/nios2-elf/4.1.2/../../../../nios2-elf/lib\libc.a(lib_a-memset.o)
                0x00004c4c                memset
 .text          0x00004ce4       0x78 c:/altera/13.0sp1/nios2eds/bin/gnu/h-i686-mingw32/bin/../lib/gcc/nios2-elf/4.1.2/../../../../nios2-elf/lib\libc.a(lib_a-openr.o)
                0x00004ce4                _open_r
 .text          0x00004d5c       0x78 c:/altera/13.0sp1/nios2eds/bin/gnu/h-i686-mingw32/bin/../lib/gcc/nios2-elf/4.1.2/../../../../nios2-elf/lib\libc.a(lib_a-printf.o)
                0x00004d5c                printf
                0x00004da0                _printf_r
 .text          0x00004dd4      0x1ec c:/altera/13.0sp1/nios2eds/bin/gnu/h-i686-mingw32/bin/../lib/gcc/nios2-elf/4.1.2/../../../../nios2-elf/lib\libc.a(lib_a-putc.o)
                0x00004dd4                putc
                0x00004ed8                _putc_r
 .text          0x00004fc0       0x24 c:/altera/13.0sp1/nios2eds/bin/gnu/h-i686-mingw32/bin/../lib/gcc/nios2-elf/4.1.2/../../../../nios2-elf/lib\libc.a(lib_a-putchar.o)
                0x00004fc0                putchar
                0x00004fdc                _putchar_r
 .text          0x00004fe4       0xb4 c:/altera/13.0sp1/nios2eds/bin/gnu/h-i686-mingw32/bin/../lib/gcc/nios2-elf/4.1.2/../../../../nios2-elf/lib\libc.a(lib_a-puts.o)
                0x00004fe4                _puts_r
                0x00005084                puts
 .text          0x00005098      0x1e0 c:/altera/13.0sp1/nios2eds/bin/gnu/h-i686-mingw32/bin/../lib/gcc/nios2-elf/4.1.2/../../../../nios2-elf/lib\libc.a(lib_a-refill.o)
                0x00005098                __srefill_r
 .text          0x00005278       0x70 c:/altera/13.0sp1/nios2eds/bin/gnu/h-i686-mingw32/bin/../lib/gcc/nios2-elf/4.1.2/../../../../nios2-elf/lib\libc.a(lib_a-sbrkr.o)
                0x00005278                _sbrk_r
 .text          0x000052e8      0x14c c:/altera/13.0sp1/nios2eds/bin/gnu/h-i686-mingw32/bin/../lib/gcc/nios2-elf/4.1.2/../../../../nios2-elf/lib\libc.a(lib_a-stdio.o)
                0x000052e8                __sclose
                0x000052f0                __sseek
                0x00005358                __swrite
                0x000053d4                __sread
 .text          0x00005434       0x74 c:/altera/13.0sp1/nios2eds/bin/gnu/h-i686-mingw32/bin/../lib/gcc/nios2-elf/4.1.2/../../../../nios2-elf/lib\libc.a(lib_a-strlen.o)
                0x00005434                strlen
 .text          0x000054a8     0x1f28 c:/altera/13.0sp1/nios2eds/bin/gnu/h-i686-mingw32/bin/../lib/gcc/nios2-elf/4.1.2/../../../../nios2-elf/lib\libc.a(lib_a-vfprintf.o)
                0x00005500                ___vfprintf_internal_r
                0x000073ac                __vfprintf_internal
 .text          0x000073d0      0x14c c:/altera/13.0sp1/nios2eds/bin/gnu/h-i686-mingw32/bin/../lib/gcc/nios2-elf/4.1.2/../../../../nios2-elf/lib\libc.a(lib_a-wbuf.o)
                0x000073d0                __swbuf_r
                0x00007500                __swbuf
 .text          0x0000751c       0x78 c:/altera/13.0sp1/nios2eds/bin/gnu/h-i686-mingw32/bin/../lib/gcc/nios2-elf/4.1.2/../../../../nios2-elf/lib\libc.a(lib_a-writer.o)
                0x0000751c                _write_r
 .text          0x00007594      0x13c c:/altera/13.0sp1/nios2eds/bin/gnu/h-i686-mingw32/bin/../lib/gcc/nios2-elf/4.1.2/../../../../nios2-elf/lib\libc.a(lib_a-wsetup.o)
                0x00007594                __swsetup_r
 .text          0x000076d0       0x70 c:/altera/13.0sp1/nios2eds/bin/gnu/h-i686-mingw32/bin/../lib/gcc/nios2-elf/4.1.2/../../../../nios2-elf/lib\libc.a(lib_a-closer.o)
                0x000076d0                _close_r
 .text          0x00007740     0x17cc c:/altera/13.0sp1/nios2eds/bin/gnu/h-i686-mingw32/bin/../lib/gcc/nios2-elf/4.1.2/../../../../nios2-elf/lib\libc.a(lib_a-dtoa.o)
                0x00007958                _dtoa_r
 .text          0x00008f0c       0xa0 c:/altera/13.0sp1/nios2eds/bin/gnu/h-i686-mingw32/bin/../lib/gcc/nios2-elf/4.1.2/../../../../nios2-elf/lib\libc.a(lib_a-flags.o)
                0x00008f0c                __sflags
 .text          0x00008fac      0x49c c:/altera/13.0sp1/nios2eds/bin/gnu/h-i686-mingw32/bin/../lib/gcc/nios2-elf/4.1.2/../../../../nios2-elf/lib\libc.a(lib_a-fvwrite.o)
                0x00008fac                __sfvwrite_r
 .text          0x00009448       0x70 c:/altera/13.0sp1/nios2eds/bin/gnu/h-i686-mingw32/bin/../lib/gcc/nios2-elf/4.1.2/../../../../nios2-elf/lib\libc.a(lib_a-isattyr.o)
                0x00009448                _isatty_r
 .text          0x000094b8       0xc4 c:/altera/13.0sp1/nios2eds/bin/gnu/h-i686-mingw32/bin/../lib/gcc/nios2-elf/4.1.2/../../../../nios2-elf/lib\libc.a(lib_a-locale.o)
                0x000094b8                __locale_charset
                0x000094c0                _localeconv_r
                0x000094cc                localeconv
                0x000094dc                _setlocale_r
                0x00009560                setlocale
 .text          0x0000957c       0x78 c:/altera/13.0sp1/nios2eds/bin/gnu/h-i686-mingw32/bin/../lib/gcc/nios2-elf/4.1.2/../../../../nios2-elf/lib\libc.a(lib_a-lseekr.o)
                0x0000957c                _lseek_r
 .text          0x000095f4       0xe4 c:/altera/13.0sp1/nios2eds/bin/gnu/h-i686-mingw32/bin/../lib/gcc/nios2-elf/4.1.2/../../../../nios2-elf/lib\libc.a(lib_a-memchr.o)
                0x000095f4                memchr
 .text          0x000096d8       0xe0 c:/altera/13.0sp1/nios2eds/bin/gnu/h-i686-mingw32/bin/../lib/gcc/nios2-elf/4.1.2/../../../../nios2-elf/lib\libc.a(lib_a-memmove.o)
                0x000096d8                memmove
 .text          0x000097b8      0xff4 c:/altera/13.0sp1/nios2eds/bin/gnu/h-i686-mingw32/bin/../lib/gcc/nios2-elf/4.1.2/../../../../nios2-elf/lib\libc.a(lib_a-mprec.o)
                0x000097b8                _Bfree
                0x000097e0                __hi0bits
                0x00009850                __lo0bits
                0x00009914                __mcmp
                0x00009974                __ulp
                0x000099f4                __b2d
                0x00009b14                __ratio
                0x00009bc4                _mprec_log10
                0x00009c58                __copybits
                0x00009cb0                __any_on
                0x00009d38                _Balloc
                0x00009df4                __d2b
                0x00009f70                __mdiff
                0x0000a0fc                __lshift
                0x0000a248                __multiply
                0x0000a430                __i2b
                0x0000a46c                __multadd
                0x0000a56c                __pow5mult
                0x0000a68c                __s2b
 .text          0x0000a7ac       0x78 c:/altera/13.0sp1/nios2eds/bin/gnu/h-i686-mingw32/bin/../lib/gcc/nios2-elf/4.1.2/../../../../nios2-elf/lib\libc.a(lib_a-readr.o)
                0x0000a7ac                _read_r
 .text          0x0000a824      0x5f4 c:/altera/13.0sp1/nios2eds/bin/gnu/h-i686-mingw32/bin/../lib/gcc/nios2-elf/4.1.2/../../../../nios2-elf/lib\libc.a(lib_a-reallocr.o)
                0x0000a824                _realloc_r
 .text          0x0000ae18       0x40 c:/altera/13.0sp1/nios2eds/bin/gnu/h-i686-mingw32/bin/../lib/gcc/nios2-elf/4.1.2/../../../../nios2-elf/lib\libc.a(lib_a-s_isinfd.o)
                0x0000ae18                __isinfd
 .text          0x0000ae58       0xbc c:/altera/13.0sp1/nios2eds/bin/gnu/h-i686-mingw32/bin/../lib/gcc/nios2-elf/4.1.2/../../../../nios2-elf/lib\libc.a(lib_a-strcmp.o)
                0x0000ae58                strcmp
 .text          0x0000af14       0xb4 c:/altera/13.0sp1/nios2eds/bin/gnu/h-i686-mingw32/bin/../lib/gcc/nios2-elf/4.1.2/../../../../nios2-elf/lib\libc.a(lib_a-callocr.o)
                0x0000af14                _calloc_r
 .text          0x0000afc8      0x5dc c:/altera/13.0sp1/nios2eds/bin/gnu/h-i686-mingw32/bin/../lib/gcc/nios2-elf/4.1.2\libgcc.a(_udivdi3.o)
                0x0000afc8                __udivdi3
 .text          0x0000b5a4      0x5b0 c:/altera/13.0sp1/nios2eds/bin/gnu/h-i686-mingw32/bin/../lib/gcc/nios2-elf/4.1.2\libgcc.a(_umoddi3.o)
                0x0000b5a4                __umoddi3
 .text          0x0000bb54       0x88 c:/altera/13.0sp1/nios2eds/bin/gnu/h-i686-mingw32/bin/../lib/gcc/nios2-elf/4.1.2\libgcc.a(_eq_df.o)
                0x0000bb54                __eqdf2
 .text          0x0000bbdc       0x88 c:/altera/13.0sp1/nios2eds/bin/gnu/h-i686-mingw32/bin/../lib/gcc/nios2-elf/4.1.2\libgcc.a(_ne_df.o)
                0x0000bbdc                __nedf2
 .text          0x0000bc64       0x88 c:/altera/13.0sp1/nios2eds/bin/gnu/h-i686-mingw32/bin/../lib/gcc/nios2-elf/4.1.2\libgcc.a(_ge_df.o)
                0x0000bc64                __gedf2
 .text          0x0000bcec      0x194 c:/altera/13.0sp1/nios2eds/bin/gnu/h-i686-mingw32/bin/../lib/gcc/nios2-elf/4.1.2\libgcc.a(_usi_to_df.o)
                0x0000bcec                __floatunsidf
 .text          0x0000be80      0x14c c:/altera/13.0sp1/nios2eds/bin/gnu/h-i686-mingw32/bin/../lib/gcc/nios2-elf/4.1.2\libgcc.a(lib2-divmod.o)
                0x0000befc                __divsi3
                0x0000bf5c                __modsi3
                0x0000bfbc                __udivsi3
                0x0000bfc4                __umodsi3
 .text          0x0000bfcc       0xdc BSP/\libhal_bsp.a(alt_close.o)
                0x0000bfcc                close
 .text          0x0000c0a8        0x8 BSP/\libhal_bsp.a(alt_dev.o)
 .text          0x0000c0b0        0x0 BSP/\libhal_bsp.a(alt_errno.o)
 .text          0x0000c0b0       0x80 BSP/\libhal_bsp.a(alt_fstat.o)
                0x0000c0b0                fstat
 .text          0x0000c130       0xbc BSP/\libhal_bsp.a(alt_irq_register.o)
                0x0000c130                alt_irq_register
 .text          0x0000c1ec        0x0 BSP/\libhal_bsp.a(alt_irq_vars.o)
 .text          0x0000c1ec       0x84 BSP/\libhal_bsp.a(alt_isatty.o)
                0x0000c1ec                isatty
 .text          0x0000c270       0xc4 BSP/\libhal_bsp.a(alt_load.o)
                0x0000c270                alt_load
 .text          0x0000c334       0x98 BSP/\libhal_bsp.a(alt_lseek.o)
                0x0000c334                lseek
 .text          0x0000c3cc       0x50 BSP/\libhal_bsp.a(alt_main.o)
                0x0000c3cc                alt_main
 .text          0x0000c41c        0x8 BSP/\libhal_bsp.a(alt_malloc_lock.o)
                0x0000c41c                __malloc_lock
                0x0000c420                __malloc_unlock
 .text          0x0000c424      0x17c BSP/\libhal_bsp.a(alt_open.o)
                0x0000c424                open
 .text          0x0000c5a0       0xf8 BSP/\libhal_bsp.a(alt_read.o)
                0x0000c5a0                read
 .text          0x0000c698       0x24 BSP/\libhal_bsp.a(alt_release_fd.o)
                0x0000c698                alt_release_fd
 .text          0x0000c6bc       0x50 BSP/\libhal_bsp.a(alt_sbrk.o)
                0x0000c6bc                sbrk
 .text          0x0000c70c       0xf4 BSP/\libhal_bsp.a(alt_write.o)
                0x0000c70c                write
 .text          0x0000c800      0x2f0 BSP/\libhal_bsp.a(alt_sys_init.o)
                0x0000c800                alt_irq_init
                0x0000c820                alt_sys_init
 .text          0x0000caf0       0x98 BSP/\libhal_bsp.a(altera_avalon_jtag_uart_fd.o)
                0x0000caf0                altera_avalon_jtag_uart_ioctl_fd
                0x0000cb10                altera_avalon_jtag_uart_close_fd
                0x0000cb38                altera_avalon_jtag_uart_write_fd
                0x0000cb60                altera_avalon_jtag_uart_read_fd
 .text          0x0000cb88      0x238 BSP/\libhal_bsp.a(altera_avalon_jtag_uart_init.o)
                0x0000cb88                altera_avalon_jtag_uart_close
                0x0000cc14                altera_avalon_jtag_uart_init
 .text          0x0000cdc0       0x74 BSP/\libhal_bsp.a(altera_avalon_jtag_uart_ioctl.o)
                0x0000cdc0                altera_avalon_jtag_uart_ioctl
 .text          0x0000ce34      0x168 BSP/\libhal_bsp.a(altera_avalon_jtag_uart_read.o)
                0x0000ce34                altera_avalon_jtag_uart_read
 .text          0x0000cf9c      0x17c BSP/\libhal_bsp.a(altera_avalon_jtag_uart_write.o)
                0x0000cf9c                altera_avalon_jtag_uart_write
 .text          0x0000d118      0x630 BSP/\libhal_bsp.a(altera_avalon_sgdma.o)
                0x0000d118                alt_avalon_sgdma_register_callback
                0x0000d128                alt_avalon_sgdma_init
                0x0000d1a8                alt_avalon_sgdma_disable_desc_poll
                0x0000d1c8                alt_avalon_sgdma_enable_desc_poll
                0x0000d1f8                alt_avalon_sgdma_stop
                0x0000d214                alt_avalon_sgdma_start
                0x0000d22c                alt_avalon_sgdma_do_sync_transfer
                0x0000d2c0                alt_avalon_sgdma_do_async_transfer
                0x0000d3c4                alt_avalon_sgdma_construct_descriptor_burst
                0x0000d4f0                alt_avalon_sgdma_construct_descriptor
                0x0000d538                alt_avalon_sgdma_construct_mem_to_stream_desc_burst
                0x0000d588                alt_avalon_sgdma_construct_mem_to_stream_desc
                0x0000d5c8                alt_avalon_sgdma_construct_stream_to_mem_desc_burst
                0x0000d614                alt_avalon_sgdma_construct_stream_to_mem_desc
                0x0000d63c                alt_avalon_sgdma_construct_mem_to_mem_desc_burst
                0x0000d684                alt_avalon_sgdma_construct_mem_to_mem_desc
                0x0000d6bc                alt_avalon_sgdma_open
                0x0000d718                alt_avalon_sgdma_check_descriptor_status
 .text          0x0000d748       0x80 BSP/\libhal_bsp.a(altera_avalon_timer_sc.o)
                0x0000d748                alt_avalon_timer_sc_init
 .text          0x0000d7c8      0x30c BSP/\libhal_bsp.a(altera_up_avalon_character_lcd.o)
                0x0000d7c8                get_DDRAM_addr
                0x0000d7e4                alt_up_character_lcd_string
                0x0000d830                alt_up_character_lcd_write
                0x0000d85c                alt_up_character_lcd_write_fd
                0x0000d87c                alt_up_character_lcd_init
                0x0000d88c                alt_up_character_lcd_send_cmd
                0x0000d89c                alt_up_character_lcd_cursor_blink_on
                0x0000d8b8                alt_up_character_lcd_cursor_off
                0x0000d8d4                alt_up_character_lcd_erase_pos
                0x0000d940                alt_up_character_lcd_shift_display
                0x0000d9d0                alt_up_character_lcd_shift_cursor
                0x0000da60                alt_up_character_lcd_set_cursor_pos
                0x0000dab4                alt_up_character_lcd_open_dev
 .text          0x0000dad4      0x1e0 BSP/\libhal_bsp.a(altera_up_avalon_irda.o)
                0x0000dad4                alt_up_irda_check_parity
                0x0000dae0                alt_up_irda_open_dev
                0x0000db00                alt_up_irda_read_data
                0x0000db4c                alt_up_irda_read_fd
                0x0000dbcc                alt_up_irda_get_available_space_in_write_FIFO
                0x0000dbdc                alt_up_irda_write_data
                0x0000dbf4                alt_up_irda_write_fd
                0x0000dc70                alt_up_irda_disable_read_interrupt
                0x0000dc8c                alt_up_irda_enable_read_interrupt
                0x0000dca4                alt_up_irda_get_used_space_in_read_FIFO
 .text          0x0000dcb4      0x388 BSP/\libhal_bsp.a(altera_up_avalon_ps2.o)
                0x0000dcb4                read_RI_bit
                0x0000dcc0                read_RE_bit
                0x0000dcc8                read_CE_bit
                0x0000dcd4                read_num_bytes_available
                0x0000dcdc                read_data_valid
                0x0000dce8                read_data_byte
                0x0000dcf0                alt_up_ps2_open_dev
                0x0000dd10                alt_up_ps2_clear_fifo
                0x0000dd40                alt_up_ps2_read_data_byte
                0x0000dd98                alt_up_ps2_read_data_byte_timeout
                0x0000de18                alt_up_ps2_read_fd
                0x0000de40                alt_up_ps2_wait_for_ack
                0x0000de9c                alt_up_ps2_write_data_byte
                0x0000dedc                alt_up_ps2_write_fd
                0x0000df4c                alt_up_ps2_write_data_byte_with_ack
                0x0000df80                alt_up_ps2_init
                0x0000e008                alt_up_ps2_disable_read_interrupt
                0x0000e024                alt_up_ps2_enable_read_interrupt
 .text          0x0000e03c      0x1d4 BSP/\libhal_bsp.a(altera_up_avalon_rs232.o)
                0x0000e03c                alt_up_rs232_check_parity
                0x0000e048                alt_up_rs232_open_dev
                0x0000e068                alt_up_rs232_read_data
                0x0000e0b4                alt_up_rs232_read_fd
                0x0000e134                alt_up_rs232_get_available_space_in_write_FIFO
                0x0000e144                alt_up_rs232_write_data
                0x0000e15c                alt_up_rs232_write_fd
                0x0000e1cc                alt_up_rs232_disable_read_interrupt
                0x0000e1e8                alt_up_rs232_enable_read_interrupt
                0x0000e200                alt_up_rs232_get_used_space_in_read_FIFO
 .text          0x0000e210      0x178 BSP/\libhal_bsp.a(altera_up_avalon_video_character_buffer_with_dma.o)
                0x0000e210                alt_up_char_buffer_string
                0x0000e298                alt_up_char_buffer_draw
                0x0000e2f0                alt_up_char_buffer_clear
                0x0000e318                alt_up_char_buffer_open_dev
                0x0000e338                alt_up_char_buffer_init
 .text          0x0000e388       0x94 BSP/\libhal_bsp.a(alt_alarm_start.o)
                0x0000e388                alt_alarm_start
 .text          0x0000e41c        0x4 BSP/\libhal_bsp.a(alt_dcache_flush_all.o)
                0x0000e41c                alt_dcache_flush_all
 .text          0x0000e420       0x70 BSP/\libhal_bsp.a(alt_dev_llist_insert.o)
                0x0000e420                alt_dev_llist_insert
 .text          0x0000e490       0x70 BSP/\libhal_bsp.a(alt_find_dev.o)
                0x0000e490                alt_find_dev
 .text          0x0000e500       0xbc BSP/\libhal_bsp.a(alt_find_file.o)
                0x0000e500                alt_find_file
 .text          0x0000e5bc       0x6c BSP/\libhal_bsp.a(alt_get_fd.o)
                0x0000e5bc                alt_get_fd
 .text          0x0000e628       0x20 BSP/\libhal_bsp.a(alt_icache_flush_all.o)
                0x0000e628                alt_icache_flush_all
 .text          0x0000e648       0xfc BSP/\libhal_bsp.a(alt_io_redirect.o)
                0x0000e6ac                alt_io_redirect
 .text          0x0000e744        0x0 BSP/\libhal_bsp.a(alt_irq_entry.o)
 .text          0x0000e744        0x0 BSP/\libhal_bsp.a(alt_irq_handler.o)
 .text          0x0000e744       0x28 BSP/\libhal_bsp.a(alt_remap_uncached.o)
                0x0000e744                alt_remap_uncached
 .text          0x0000e76c       0xe0 BSP/\libhal_bsp.a(alt_tick.o)
                0x0000e76c                alt_alarm_stop
                0x0000e7a0                alt_tick
 .text          0x0000e84c        0x8 BSP/\libhal_bsp.a(altera_nios2_qsys_irq.o)
                0x0000e84c                altera_nios2_qsys_irq_init
 .text          0x0000e854        0x4 BSP/\libhal_bsp.a(alt_dcache_flush.o)
                0x0000e854                alt_dcache_flush
 .text          0x0000e858        0x0 BSP/\libhal_bsp.a(alt_exception_entry.o)
 .text          0x0000e858       0x3c BSP/\libhal_bsp.a(alt_icache_flush.o)
                0x0000e858                alt_icache_flush
 .text          0x0000e894       0x38 c:/altera/13.0sp1/nios2eds/bin/gnu/h-i686-mingw32/bin/../lib/gcc/nios2-elf/4.1.2/../../../../nios2-elf/lib\libc.a(lib_a-exit.o)
                0x0000e894                exit
 .text          0x0000e8cc       0x74 c:/altera/13.0sp1/nios2eds/bin/gnu/h-i686-mingw32/bin/../lib/gcc/nios2-elf/4.1.2/../../../../nios2-elf/lib\libc.a(lib_a-memcmp.o)
                0x0000e8cc                memcmp
 .text          0x0000e940      0x1b4 c:/altera/13.0sp1/nios2eds/bin/gnu/h-i686-mingw32/bin/../lib/gcc/nios2-elf/4.1.2/../../../../nios2-elf/lib\libc.a(lib_a-__call_atexit.o)
                0x0000e944                __call_exitprocs
 .text          0x0000eaf4       0x14 BSP/\libhal_bsp.a(alt_exit.o)
                0x0000eaf4                _exit
 *(.gnu.warning.*)
 *(.fini)
                0x0000eb08                PROVIDE (__etext, ABSOLUTE (.))
                0x0000eb08                PROVIDE (_etext, ABSOLUTE (.))
                0x0000eb08                PROVIDE (etext, ABSOLUTE (.))
 *(.eh_frame_hdr)
                0x0000eb08                . = ALIGN (0x4)
                0x0000eb08                PROVIDE (__preinit_array_start, ABSOLUTE (.))
 *(.preinit_array)
                0x0000eb08                PROVIDE (__preinit_array_end, ABSOLUTE (.))
                0x0000eb08                PROVIDE (__init_array_start, ABSOLUTE (.))
 *(.init_array)
                0x0000eb08                PROVIDE (__init_array_end, ABSOLUTE (.))
                0x0000eb08                PROVIDE (__fini_array_start, ABSOLUTE (.))
 *(.fini_array)
                0x0000eb08                PROVIDE (__fini_array_end, ABSOLUTE (.))
 *(.eh_frame)
 *(.gcc_except_table)
 *(.dynamic)
                0x0000eb08                PROVIDE (__CTOR_LIST__, ABSOLUTE (.))
 *(.ctors)
 *(SORT(.ctors.*))
 .ctors.65535   0x0000eb08        0x4 c:/altera/13.0sp1/nios2eds/bin/gnu/h-i686-mingw32/bin/../lib/gcc/nios2-elf/4.1.2/../../../../nios2-elf/lib\libc.a(lib_a-__call_atexit.o)
                0x0000eb0c                PROVIDE (__CTOR_END__, ABSOLUTE (.))
                0x0000eb0c                PROVIDE (__DTOR_LIST__, ABSOLUTE (.))
 *(.dtors)
 *(SORT(.dtors.*))
                0x0000eb0c                PROVIDE (__DTOR_END__, ABSOLUTE (.))
 *(.jcr)
                0x0000eb0c                . = ALIGN (0x4)

.rodata         0x0000eb0c    0x71348
                0x0000eb0c                PROVIDE (__ram_rodata_start, ABSOLUTE (.))
                0x0000eb0c                . = ALIGN (0x4)
 *(.rodata .rodata.* .gnu.linkonce.r.*)
 .rodata.str1.4
                0x0000eb0c      0x11a obj/default//C/Users/delgado4/Documents/GitHub/cube_solver/Final_Project/cube_solver.o
                                0x11c (size before relaxing)
 *fill*         0x0000ec26        0x2 00
 .rodata        0x0000ec28       0x7c obj/default//C/Users/delgado4/Documents/GitHub/cube_solver/Final_Project/cube_solver.o
 .rodata        0x0000eca4    0x70cc5 obj/default//C/Users/delgado4/Documents/GitHub/cube_solver/Final_Project/test_image.o
                0x0000eca4                test_img
 *fill*         0x0007f969        0x3 00
 .rodata.str1.4
                0x0007f96c        0x5 c:/altera/13.0sp1/nios2eds/bin/gnu/h-i686-mingw32/bin/../lib/gcc/nios2-elf/4.1.2/../../../../nios2-elf/lib\libm.a(lib_a-w_sqrt.o)
                                  0x8 (size before relaxing)
 *fill*         0x0007f971        0x3 00
 .rodata        0x0007f974       0x14 c:/altera/13.0sp1/nios2eds/bin/gnu/h-i686-mingw32/bin/../lib/gcc/nios2-elf/4.1.2\libgcc.a(_thenan_df.o)
                0x0007f974                __thenan_df
 .rodata        0x0007f988      0x100 c:/altera/13.0sp1/nios2eds/bin/gnu/h-i686-mingw32/bin/../lib/gcc/nios2-elf/4.1.2\libgcc.a(_clz.o)
                0x0007f988                __clz_tab
 .rodata.str1.4
                0x0007fa88        0x2 c:/altera/13.0sp1/nios2eds/bin/gnu/h-i686-mingw32/bin/../lib/gcc/nios2-elf/4.1.2/../../../../nios2-elf/lib\libc.a(lib_a-impure.o)
                                  0x4 (size before relaxing)
 .rodata.str1.4
                0x00000000        0x2 c:/altera/13.0sp1/nios2eds/bin/gnu/h-i686-mingw32/bin/../lib/gcc/nios2-elf/4.1.2/../../../../nios2-elf/lib\libc.a(lib_a-puts.o)
                                  0x4 (size before relaxing)
 *fill*         0x0007fa8a        0x2 00
 .rodata.str1.4
                0x0007fa8c       0x5e c:/altera/13.0sp1/nios2eds/bin/gnu/h-i686-mingw32/bin/../lib/gcc/nios2-elf/4.1.2/../../../../nios2-elf/lib\libc.a(lib_a-vfprintf.o)
                                 0x60 (size before relaxing)
 .rodata        0x0007faea       0x20 c:/altera/13.0sp1/nios2eds/bin/gnu/h-i686-mingw32/bin/../lib/gcc/nios2-elf/4.1.2/../../../../nios2-elf/lib\libc.a(lib_a-vfprintf.o)
 *fill*         0x0007fb0a        0x2 00
 .rodata.str1.4
                0x0007fb0c       0x10 c:/altera/13.0sp1/nios2eds/bin/gnu/h-i686-mingw32/bin/../lib/gcc/nios2-elf/4.1.2/../../../../nios2-elf/lib\libc.a(lib_a-dtoa.o)
                                 0x14 (size before relaxing)
 .rodata.str1.4
                0x0007fb1c        0xf c:/altera/13.0sp1/nios2eds/bin/gnu/h-i686-mingw32/bin/../lib/gcc/nios2-elf/4.1.2/../../../../nios2-elf/lib\libc.a(lib_a-locale.o)
                                 0x18 (size before relaxing)
 *fill*         0x0007fb2b        0x1 00
 .rodata        0x0007fb2c       0x30 c:/altera/13.0sp1/nios2eds/bin/gnu/h-i686-mingw32/bin/../lib/gcc/nios2-elf/4.1.2/../../../../nios2-elf/lib\libc.a(lib_a-locale.o)
 .rodata        0x0007fb5c      0x124 c:/altera/13.0sp1/nios2eds/bin/gnu/h-i686-mingw32/bin/../lib/gcc/nios2-elf/4.1.2/../../../../nios2-elf/lib\libc.a(lib_a-mprec.o)
                0x0007fb5c                __mprec_tens
                0x0007fc24                __mprec_bigtens
                0x0007fc4c                __mprec_tinytens
 .rodata.str1.4
                0x0007fc80        0xa BSP/\libhal_bsp.a(alt_dev.o)
                                  0xc (size before relaxing)
 *fill*         0x0007fc8a        0x2 00
 .rodata.str1.4
                0x0007fc8c        0xf BSP/\libhal_bsp.a(alt_main.o)
                                 0x10 (size before relaxing)
 *fill*         0x0007fc9b        0x1 00
 .rodata.str1.4
                0x0007fc9c      0x1b5 BSP/\libhal_bsp.a(alt_sys_init.o)
                                0x1c8 (size before relaxing)
 .rodata.str1.4
                0x00000000      0x1b8 BSP/\libhal_bsp.a(altera_up_avalon_video_character_buffer_with_dma.o)
                                 0x1c (size before relaxing)
 *(.rodata1)
                0x0007fe54                . = ALIGN (0x4)
 *fill*         0x0007fe51        0x3 00
                0x0007fe54                PROVIDE (__ram_rodata_end, ABSOLUTE (.))
                0x0000eb0c                PROVIDE (__flash_rodata_start, LOADADDR (.rodata))

.rwdata         0x0007fe54     0x1f28 load address 0x00081d7c
                0x0007fe54                PROVIDE (__ram_rwdata_start, ABSOLUTE (.))
                0x0007fe54                . = ALIGN (0x4)
 *(.got.plt)
 *(.got)
 *(.data1)
 *(.data .data.* .gnu.linkonce.d.*)
 .data          0x0007fe54        0x0 BSP//obj/HAL/src/crt0.o
 .data          0x0007fe54       0x48 obj/default//C/Users/delgado4/Documents/GitHub/cube_solver/Final_Project/cube_solver.o
                0x0007fe54                SOBEL_ARRAY_X
                0x0007fe78                SOBEL_ARRAY_Y
 .data          0x0007fe9c        0x0 obj/default//C/Users/delgado4/Documents/GitHub/cube_solver/Final_Project/ee109-lib/camera.o
 .data          0x0007fe9c        0x0 obj/default//C/Users/delgado4/Documents/GitHub/cube_solver/Final_Project/ee109-lib/char_lcd.o
 .data          0x0007fe9c        0x0 obj/default//C/Users/delgado4/Documents/GitHub/cube_solver/Final_Project/ee109-lib/lcd.o
 .data          0x0007fe9c        0x0 obj/default//C/Users/delgado4/Documents/GitHub/cube_solver/Final_Project/ee109-lib/pushbuttons.o
 .data          0x0007fe9c        0x0 obj/default//C/Users/delgado4/Documents/GitHub/cube_solver/Final_Project/ee109-lib/vga.o
 .data          0x0007fe9c        0x0 obj/default//C/Users/delgado4/Documents/GitHub/cube_solver/Final_Project/system_globals.o
 .data          0x0007fe9c        0x0 obj/default//C/Users/delgado4/Documents/GitHub/cube_solver/Final_Project/test_image.o
 .data          0x0007fe9c        0x0 c:/altera/13.0sp1/nios2eds/bin/gnu/h-i686-mingw32/bin/../lib/gcc/nios2-elf/4.1.2/../../../../nios2-elf/lib\libm.a(lib_a-w_sqrt.o)
 .data          0x0007fe9c        0x0 c:/altera/13.0sp1/nios2eds/bin/gnu/h-i686-mingw32/bin/../lib/gcc/nios2-elf/4.1.2/../../../../nios2-elf/lib\libm.a(lib_a-e_sqrt.o)
 .data          0x0007fe9c        0x0 c:/altera/13.0sp1/nios2eds/bin/gnu/h-i686-mingw32/bin/../lib/gcc/nios2-elf/4.1.2/../../../../nios2-elf/lib\libm.a(lib_a-s_isnand.o)
 .data          0x0007fe9c        0x0 c:/altera/13.0sp1/nios2eds/bin/gnu/h-i686-mingw32/bin/../lib/gcc/nios2-elf/4.1.2/../../../../nios2-elf/lib\libm.a(lib_a-s_lib_ver.o)
 .data          0x0007fe9c        0x0 c:/altera/13.0sp1/nios2eds/bin/gnu/h-i686-mingw32/bin/../lib/gcc/nios2-elf/4.1.2/../../../../nios2-elf/lib\libm.a(lib_a-s_matherr.o)
 .data          0x0007fe9c        0x0 c:/altera/13.0sp1/nios2eds/bin/gnu/h-i686-mingw32/bin/../lib/gcc/nios2-elf/4.1.2\libgcc.a(_addsub_df.o)
 .data          0x0007fe9c        0x0 c:/altera/13.0sp1/nios2eds/bin/gnu/h-i686-mingw32/bin/../lib/gcc/nios2-elf/4.1.2\libgcc.a(_mul_df.o)
 .data          0x0007fe9c        0x0 c:/altera/13.0sp1/nios2eds/bin/gnu/h-i686-mingw32/bin/../lib/gcc/nios2-elf/4.1.2\libgcc.a(_div_df.o)
 .data          0x0007fe9c        0x0 c:/altera/13.0sp1/nios2eds/bin/gnu/h-i686-mingw32/bin/../lib/gcc/nios2-elf/4.1.2\libgcc.a(_gt_df.o)
 .data          0x0007fe9c        0x0 c:/altera/13.0sp1/nios2eds/bin/gnu/h-i686-mingw32/bin/../lib/gcc/nios2-elf/4.1.2\libgcc.a(_lt_df.o)
 .data          0x0007fe9c        0x0 c:/altera/13.0sp1/nios2eds/bin/gnu/h-i686-mingw32/bin/../lib/gcc/nios2-elf/4.1.2\libgcc.a(_si_to_df.o)
 .data          0x0007fe9c        0x0 c:/altera/13.0sp1/nios2eds/bin/gnu/h-i686-mingw32/bin/../lib/gcc/nios2-elf/4.1.2\libgcc.a(_df_to_si.o)
 .data          0x0007fe9c        0x0 c:/altera/13.0sp1/nios2eds/bin/gnu/h-i686-mingw32/bin/../lib/gcc/nios2-elf/4.1.2\libgcc.a(_thenan_df.o)
 .data          0x0007fe9c        0x0 c:/altera/13.0sp1/nios2eds/bin/gnu/h-i686-mingw32/bin/../lib/gcc/nios2-elf/4.1.2\libgcc.a(_muldi3.o)
 .data          0x0007fe9c        0x0 c:/altera/13.0sp1/nios2eds/bin/gnu/h-i686-mingw32/bin/../lib/gcc/nios2-elf/4.1.2\libgcc.a(_clzsi2.o)
 .data          0x0007fe9c        0x0 c:/altera/13.0sp1/nios2eds/bin/gnu/h-i686-mingw32/bin/../lib/gcc/nios2-elf/4.1.2\libgcc.a(_pack_df.o)
 .data          0x0007fe9c        0x0 c:/altera/13.0sp1/nios2eds/bin/gnu/h-i686-mingw32/bin/../lib/gcc/nios2-elf/4.1.2\libgcc.a(_unpack_df.o)
 .data          0x0007fe9c        0x0 c:/altera/13.0sp1/nios2eds/bin/gnu/h-i686-mingw32/bin/../lib/gcc/nios2-elf/4.1.2\libgcc.a(_fpcmp_parts_df.o)
 .data          0x0007fe9c        0x0 c:/altera/13.0sp1/nios2eds/bin/gnu/h-i686-mingw32/bin/../lib/gcc/nios2-elf/4.1.2\libgcc.a(_clz.o)
 .data          0x0007fe9c        0x0 c:/altera/13.0sp1/nios2eds/bin/gnu/h-i686-mingw32/bin/../lib/gcc/nios2-elf/4.1.2/../../../../nios2-elf/lib\libc.a(lib_a-errno.o)
 .data          0x0007fe9c        0x0 c:/altera/13.0sp1/nios2eds/bin/gnu/h-i686-mingw32/bin/../lib/gcc/nios2-elf/4.1.2/../../../../nios2-elf/lib\libc.a(lib_a-fclose.o)
 .data          0x0007fe9c        0x0 c:/altera/13.0sp1/nios2eds/bin/gnu/h-i686-mingw32/bin/../lib/gcc/nios2-elf/4.1.2/../../../../nios2-elf/lib\libc.a(lib_a-fflush.o)
 .data          0x0007fe9c        0x0 c:/altera/13.0sp1/nios2eds/bin/gnu/h-i686-mingw32/bin/../lib/gcc/nios2-elf/4.1.2/../../../../nios2-elf/lib\libc.a(lib_a-findfp.o)
 .data          0x0007fe9c        0x0 c:/altera/13.0sp1/nios2eds/bin/gnu/h-i686-mingw32/bin/../lib/gcc/nios2-elf/4.1.2/../../../../nios2-elf/lib\libc.a(lib_a-fopen.o)
 .data          0x0007fe9c        0x0 c:/altera/13.0sp1/nios2eds/bin/gnu/h-i686-mingw32/bin/../lib/gcc/nios2-elf/4.1.2/../../../../nios2-elf/lib\libc.a(lib_a-fprintf.o)
 .data          0x0007fe9c        0x0 c:/altera/13.0sp1/nios2eds/bin/gnu/h-i686-mingw32/bin/../lib/gcc/nios2-elf/4.1.2/../../../../nios2-elf/lib\libc.a(lib_a-fputc.o)
 .data          0x0007fe9c        0x0 c:/altera/13.0sp1/nios2eds/bin/gnu/h-i686-mingw32/bin/../lib/gcc/nios2-elf/4.1.2/../../../../nios2-elf/lib\libc.a(lib_a-freer.o)
 .data          0x0007fe9c        0x0 c:/altera/13.0sp1/nios2eds/bin/gnu/h-i686-mingw32/bin/../lib/gcc/nios2-elf/4.1.2/../../../../nios2-elf/lib\libc.a(lib_a-fseek.o)
 .data          0x0007fe9c        0x0 c:/altera/13.0sp1/nios2eds/bin/gnu/h-i686-mingw32/bin/../lib/gcc/nios2-elf/4.1.2/../../../../nios2-elf/lib\libc.a(lib_a-fstatr.o)
 .data          0x0007fe9c        0x0 c:/altera/13.0sp1/nios2eds/bin/gnu/h-i686-mingw32/bin/../lib/gcc/nios2-elf/4.1.2/../../../../nios2-elf/lib\libc.a(lib_a-fwalk.o)
 .data          0x0007fe9c        0x0 c:/altera/13.0sp1/nios2eds/bin/gnu/h-i686-mingw32/bin/../lib/gcc/nios2-elf/4.1.2/../../../../nios2-elf/lib\libc.a(lib_a-fwrite.o)
 .data          0x0007fe9c      0x400 c:/altera/13.0sp1/nios2eds/bin/gnu/h-i686-mingw32/bin/../lib/gcc/nios2-elf/4.1.2/../../../../nios2-elf/lib\libc.a(lib_a-impure.o)
 .data          0x0008029c        0x0 c:/altera/13.0sp1/nios2eds/bin/gnu/h-i686-mingw32/bin/../lib/gcc/nios2-elf/4.1.2/../../../../nios2-elf/lib\libc.a(lib_a-int_errno.o)
 .data          0x0008029c        0x0 c:/altera/13.0sp1/nios2eds/bin/gnu/h-i686-mingw32/bin/../lib/gcc/nios2-elf/4.1.2/../../../../nios2-elf/lib\libc.a(lib_a-makebuf.o)
 .data          0x0008029c      0x408 c:/altera/13.0sp1/nios2eds/bin/gnu/h-i686-mingw32/bin/../lib/gcc/nios2-elf/4.1.2/../../../../nios2-elf/lib\libc.a(lib_a-mallocr.o)
                0x0008029c                __malloc_av_
 .data          0x000806a4        0x0 c:/altera/13.0sp1/nios2eds/bin/gnu/h-i686-mingw32/bin/../lib/gcc/nios2-elf/4.1.2/../../../../nios2-elf/lib\libc.a(lib_a-memcpy.o)
 .data          0x000806a4        0x0 c:/altera/13.0sp1/nios2eds/bin/gnu/h-i686-mingw32/bin/../lib/gcc/nios2-elf/4.1.2/../../../../nios2-elf/lib\libc.a(lib_a-memset.o)
 .data          0x000806a4        0x0 c:/altera/13.0sp1/nios2eds/bin/gnu/h-i686-mingw32/bin/../lib/gcc/nios2-elf/4.1.2/../../../../nios2-elf/lib\libc.a(lib_a-openr.o)
 .data          0x000806a4        0x0 c:/altera/13.0sp1/nios2eds/bin/gnu/h-i686-mingw32/bin/../lib/gcc/nios2-elf/4.1.2/../../../../nios2-elf/lib\libc.a(lib_a-printf.o)
 .data          0x000806a4        0x0 c:/altera/13.0sp1/nios2eds/bin/gnu/h-i686-mingw32/bin/../lib/gcc/nios2-elf/4.1.2/../../../../nios2-elf/lib\libc.a(lib_a-putc.o)
 .data          0x000806a4        0x0 c:/altera/13.0sp1/nios2eds/bin/gnu/h-i686-mingw32/bin/../lib/gcc/nios2-elf/4.1.2/../../../../nios2-elf/lib\libc.a(lib_a-putchar.o)
 .data          0x000806a4        0x0 c:/altera/13.0sp1/nios2eds/bin/gnu/h-i686-mingw32/bin/../lib/gcc/nios2-elf/4.1.2/../../../../nios2-elf/lib\libc.a(lib_a-puts.o)
 .data          0x000806a4        0x0 c:/altera/13.0sp1/nios2eds/bin/gnu/h-i686-mingw32/bin/../lib/gcc/nios2-elf/4.1.2/../../../../nios2-elf/lib\libc.a(lib_a-refill.o)
 .data          0x000806a4        0x0 c:/altera/13.0sp1/nios2eds/bin/gnu/h-i686-mingw32/bin/../lib/gcc/nios2-elf/4.1.2/../../../../nios2-elf/lib\libc.a(lib_a-sbrkr.o)
 .data          0x000806a4        0x0 c:/altera/13.0sp1/nios2eds/bin/gnu/h-i686-mingw32/bin/../lib/gcc/nios2-elf/4.1.2/../../../../nios2-elf/lib\libc.a(lib_a-stdio.o)
 .data          0x000806a4        0x0 c:/altera/13.0sp1/nios2eds/bin/gnu/h-i686-mingw32/bin/../lib/gcc/nios2-elf/4.1.2/../../../../nios2-elf/lib\libc.a(lib_a-strlen.o)
 .data          0x000806a4        0x0 c:/altera/13.0sp1/nios2eds/bin/gnu/h-i686-mingw32/bin/../lib/gcc/nios2-elf/4.1.2/../../../../nios2-elf/lib\libc.a(lib_a-vfprintf.o)
 .data          0x000806a4        0x0 c:/altera/13.0sp1/nios2eds/bin/gnu/h-i686-mingw32/bin/../lib/gcc/nios2-elf/4.1.2/../../../../nios2-elf/lib\libc.a(lib_a-wbuf.o)
 .data          0x000806a4        0x0 c:/altera/13.0sp1/nios2eds/bin/gnu/h-i686-mingw32/bin/../lib/gcc/nios2-elf/4.1.2/../../../../nios2-elf/lib\libc.a(lib_a-writer.o)
 .data          0x000806a4        0x0 c:/altera/13.0sp1/nios2eds/bin/gnu/h-i686-mingw32/bin/../lib/gcc/nios2-elf/4.1.2/../../../../nios2-elf/lib\libc.a(lib_a-wsetup.o)
 .data          0x000806a4        0x0 c:/altera/13.0sp1/nios2eds/bin/gnu/h-i686-mingw32/bin/../lib/gcc/nios2-elf/4.1.2/../../../../nios2-elf/lib\libc.a(lib_a-closer.o)
 .data          0x000806a4        0x0 c:/altera/13.0sp1/nios2eds/bin/gnu/h-i686-mingw32/bin/../lib/gcc/nios2-elf/4.1.2/../../../../nios2-elf/lib\libc.a(lib_a-dtoa.o)
 .data          0x000806a4        0x0 c:/altera/13.0sp1/nios2eds/bin/gnu/h-i686-mingw32/bin/../lib/gcc/nios2-elf/4.1.2/../../../../nios2-elf/lib\libc.a(lib_a-flags.o)
 .data          0x000806a4        0x0 c:/altera/13.0sp1/nios2eds/bin/gnu/h-i686-mingw32/bin/../lib/gcc/nios2-elf/4.1.2/../../../../nios2-elf/lib\libc.a(lib_a-fvwrite.o)
 .data          0x000806a4        0x0 c:/altera/13.0sp1/nios2eds/bin/gnu/h-i686-mingw32/bin/../lib/gcc/nios2-elf/4.1.2/../../../../nios2-elf/lib\libc.a(lib_a-isattyr.o)
 .data          0x000806a4        0xc c:/altera/13.0sp1/nios2eds/bin/gnu/h-i686-mingw32/bin/../lib/gcc/nios2-elf/4.1.2/../../../../nios2-elf/lib\libc.a(lib_a-locale.o)
                0x000806a4                __lc_ctype
 .data          0x000806b0        0x0 c:/altera/13.0sp1/nios2eds/bin/gnu/h-i686-mingw32/bin/../lib/gcc/nios2-elf/4.1.2/../../../../nios2-elf/lib\libc.a(lib_a-lseekr.o)
 .data          0x000806b0        0x0 c:/altera/13.0sp1/nios2eds/bin/gnu/h-i686-mingw32/bin/../lib/gcc/nios2-elf/4.1.2/../../../../nios2-elf/lib\libc.a(lib_a-memchr.o)
 .data          0x000806b0        0x0 c:/altera/13.0sp1/nios2eds/bin/gnu/h-i686-mingw32/bin/../lib/gcc/nios2-elf/4.1.2/../../../../nios2-elf/lib\libc.a(lib_a-memmove.o)
 .data          0x000806b0        0x0 c:/altera/13.0sp1/nios2eds/bin/gnu/h-i686-mingw32/bin/../lib/gcc/nios2-elf/4.1.2/../../../../nios2-elf/lib\libc.a(lib_a-mprec.o)
 .data          0x000806b0        0x0 c:/altera/13.0sp1/nios2eds/bin/gnu/h-i686-mingw32/bin/../lib/gcc/nios2-elf/4.1.2/../../../../nios2-elf/lib\libc.a(lib_a-readr.o)
 .data          0x000806b0        0x0 c:/altera/13.0sp1/nios2eds/bin/gnu/h-i686-mingw32/bin/../lib/gcc/nios2-elf/4.1.2/../../../../nios2-elf/lib\libc.a(lib_a-reallocr.o)
 .data          0x000806b0        0x0 c:/altera/13.0sp1/nios2eds/bin/gnu/h-i686-mingw32/bin/../lib/gcc/nios2-elf/4.1.2/../../../../nios2-elf/lib\libc.a(lib_a-s_isinfd.o)
 .data          0x000806b0        0x0 c:/altera/13.0sp1/nios2eds/bin/gnu/h-i686-mingw32/bin/../lib/gcc/nios2-elf/4.1.2/../../../../nios2-elf/lib\libc.a(lib_a-strcmp.o)
 .data          0x000806b0        0x0 c:/altera/13.0sp1/nios2eds/bin/gnu/h-i686-mingw32/bin/../lib/gcc/nios2-elf/4.1.2/../../../../nios2-elf/lib\libc.a(lib_a-callocr.o)
 .data          0x000806b0        0x0 c:/altera/13.0sp1/nios2eds/bin/gnu/h-i686-mingw32/bin/../lib/gcc/nios2-elf/4.1.2\libgcc.a(_udivdi3.o)
 .data          0x000806b0        0x0 c:/altera/13.0sp1/nios2eds/bin/gnu/h-i686-mingw32/bin/../lib/gcc/nios2-elf/4.1.2\libgcc.a(_umoddi3.o)
 .data          0x000806b0        0x0 c:/altera/13.0sp1/nios2eds/bin/gnu/h-i686-mingw32/bin/../lib/gcc/nios2-elf/4.1.2\libgcc.a(_eq_df.o)
 .data          0x000806b0        0x0 c:/altera/13.0sp1/nios2eds/bin/gnu/h-i686-mingw32/bin/../lib/gcc/nios2-elf/4.1.2\libgcc.a(_ne_df.o)
 .data          0x000806b0        0x0 c:/altera/13.0sp1/nios2eds/bin/gnu/h-i686-mingw32/bin/../lib/gcc/nios2-elf/4.1.2\libgcc.a(_ge_df.o)
 .data          0x000806b0        0x0 c:/altera/13.0sp1/nios2eds/bin/gnu/h-i686-mingw32/bin/../lib/gcc/nios2-elf/4.1.2\libgcc.a(_usi_to_df.o)
 .data          0x000806b0        0x0 c:/altera/13.0sp1/nios2eds/bin/gnu/h-i686-mingw32/bin/../lib/gcc/nios2-elf/4.1.2\libgcc.a(lib2-divmod.o)
 .data          0x000806b0        0x0 BSP/\libhal_bsp.a(alt_close.o)
 .data          0x000806b0      0x1a8 BSP/\libhal_bsp.a(alt_dev.o)
                0x000806b0                alt_dev_null
                0x000806d8                alt_fd_list
 .data          0x00080858        0x0 BSP/\libhal_bsp.a(alt_errno.o)
 .data          0x00080858        0x0 BSP/\libhal_bsp.a(alt_fstat.o)
 .data          0x00080858        0x0 BSP/\libhal_bsp.a(alt_irq_register.o)
 .data          0x00080858        0x0 BSP/\libhal_bsp.a(alt_irq_vars.o)
 .data          0x00080858        0x0 BSP/\libhal_bsp.a(alt_isatty.o)
 .data          0x00080858        0x0 BSP/\libhal_bsp.a(alt_load.o)
 .data          0x00080858        0x0 BSP/\libhal_bsp.a(alt_lseek.o)
 .data          0x00080858        0x0 BSP/\libhal_bsp.a(alt_main.o)
 .data          0x00080858        0x0 BSP/\libhal_bsp.a(alt_malloc_lock.o)
 .data          0x00080858        0x0 BSP/\libhal_bsp.a(alt_open.o)
 .data          0x00080858        0x0 BSP/\libhal_bsp.a(alt_read.o)
 .data          0x00080858        0x0 BSP/\libhal_bsp.a(alt_release_fd.o)
 .data          0x00080858        0x0 BSP/\libhal_bsp.a(alt_sbrk.o)
 .data          0x00080858        0x0 BSP/\libhal_bsp.a(alt_write.o)
 .data          0x00080858     0x1494 BSP/\libhal_bsp.a(alt_sys_init.o)
 .data          0x00081cec        0x0 BSP/\libhal_bsp.a(altera_avalon_jtag_uart_fd.o)
 .data          0x00081cec        0x0 BSP/\libhal_bsp.a(altera_avalon_jtag_uart_init.o)
 .data          0x00081cec        0x0 BSP/\libhal_bsp.a(altera_avalon_jtag_uart_ioctl.o)
 .data          0x00081cec        0x0 BSP/\libhal_bsp.a(altera_avalon_jtag_uart_read.o)
 .data          0x00081cec        0x0 BSP/\libhal_bsp.a(altera_avalon_jtag_uart_write.o)
 .data          0x00081cec        0x0 BSP/\libhal_bsp.a(altera_avalon_sgdma.o)
 .data          0x00081cec        0x0 BSP/\libhal_bsp.a(altera_avalon_timer_sc.o)
 .data          0x00081cec        0x0 BSP/\libhal_bsp.a(altera_up_avalon_character_lcd.o)
 .data          0x00081cec        0x0 BSP/\libhal_bsp.a(altera_up_avalon_irda.o)
 .data          0x00081cec        0x0 BSP/\libhal_bsp.a(altera_up_avalon_ps2.o)
 .data          0x00081cec        0x0 BSP/\libhal_bsp.a(altera_up_avalon_rs232.o)
 .data          0x00081cec        0x0 BSP/\libhal_bsp.a(altera_up_avalon_video_character_buffer_with_dma.o)
 .data          0x00081cec        0x0 BSP/\libhal_bsp.a(alt_alarm_start.o)
 .data          0x00081cec        0x0 BSP/\libhal_bsp.a(alt_dcache_flush_all.o)
 .data          0x00081cec        0x0 BSP/\libhal_bsp.a(alt_dev_llist_insert.o)
 .data          0x00081cec        0x0 BSP/\libhal_bsp.a(alt_find_dev.o)
 .data          0x00081cec        0x0 BSP/\libhal_bsp.a(alt_find_file.o)
 .data          0x00081cec        0x0 BSP/\libhal_bsp.a(alt_get_fd.o)
 .data          0x00081cec        0x0 BSP/\libhal_bsp.a(alt_icache_flush_all.o)
 .data          0x00081cec        0x0 BSP/\libhal_bsp.a(alt_io_redirect.o)
 .data          0x00081cec        0x0 BSP/\libhal_bsp.a(alt_irq_entry.o)
 .data          0x00081cec        0x0 BSP/\libhal_bsp.a(alt_irq_handler.o)
 .data          0x00081cec        0x0 BSP/\libhal_bsp.a(alt_remap_uncached.o)
 .data          0x00081cec        0x0 BSP/\libhal_bsp.a(alt_tick.o)
 .data          0x00081cec        0x0 BSP/\libhal_bsp.a(altera_nios2_qsys_irq.o)
 .data          0x00081cec        0x0 BSP/\libhal_bsp.a(alt_dcache_flush.o)
 .data          0x00081cec        0x0 BSP/\libhal_bsp.a(alt_exception_entry.o)
 .data          0x00081cec        0x0 BSP/\libhal_bsp.a(alt_icache_flush.o)
 .data          0x00081cec        0x0 c:/altera/13.0sp1/nios2eds/bin/gnu/h-i686-mingw32/bin/../lib/gcc/nios2-elf/4.1.2/../../../../nios2-elf/lib\libc.a(lib_a-exit.o)
 .data          0x00081cec        0x0 c:/altera/13.0sp1/nios2eds/bin/gnu/h-i686-mingw32/bin/../lib/gcc/nios2-elf/4.1.2/../../../../nios2-elf/lib\libc.a(lib_a-memcmp.o)
 .data          0x00081cec        0x0 c:/altera/13.0sp1/nios2eds/bin/gnu/h-i686-mingw32/bin/../lib/gcc/nios2-elf/4.1.2/../../../../nios2-elf/lib\libc.a(lib_a-__call_atexit.o)
 .data          0x00081cec        0x0 BSP/\libhal_bsp.a(alt_exit.o)
                0x00089cec                _gp = ABSOLUTE ((. + 0x8000))
                0x00089cec                PROVIDE (gp, _gp)
 *(.rwdata .rwdata.*)
 *(.sdata .sdata.* .gnu.linkonce.s.*)
 .sdata         0x00081cec        0x4 obj/default//C/Users/delgado4/Documents/GitHub/cube_solver/Final_Project/cube_solver.o
                0x00081cec                imagePtr
 .sdata         0x00081cf0        0xc obj/default//C/Users/delgado4/Documents/GitHub/cube_solver/Final_Project/ee109-lib/camera.o
 .sdata         0x00081cfc        0x8 obj/default//C/Users/delgado4/Documents/GitHub/cube_solver/Final_Project/ee109-lib/char_lcd.o
                0x00081cfc                instruction_ptr
                0x00081d00                data_ptr
 .sdata         0x00081d04       0x10 obj/default//C/Users/delgado4/Documents/GitHub/cube_solver/Final_Project/ee109-lib/lcd.o
 .sdata         0x00081d14        0xc obj/default//C/Users/delgado4/Documents/GitHub/cube_solver/Final_Project/ee109-lib/pushbuttons.o
 .sdata         0x00081d20       0x10 obj/default//C/Users/delgado4/Documents/GitHub/cube_solver/Final_Project/ee109-lib/vga.o
 .sdata         0x00081d30        0x4 c:/altera/13.0sp1/nios2eds/bin/gnu/h-i686-mingw32/bin/../lib/gcc/nios2-elf/4.1.2/../../../../nios2-elf/lib\libm.a(lib_a-s_lib_ver.o)
                0x00081d30                __fdlib_version
 .sdata         0x00081d34        0x8 c:/altera/13.0sp1/nios2eds/bin/gnu/h-i686-mingw32/bin/../lib/gcc/nios2-elf/4.1.2/../../../../nios2-elf/lib\libc.a(lib_a-impure.o)
                0x00081d34                _impure_ptr
                0x00081d38                _global_impure_ptr
 .sdata         0x00081d3c        0x8 c:/altera/13.0sp1/nios2eds/bin/gnu/h-i686-mingw32/bin/../lib/gcc/nios2-elf/4.1.2/../../../../nios2-elf/lib\libc.a(lib_a-mallocr.o)
                0x00081d3c                __malloc_trim_threshold
                0x00081d40                __malloc_sbrk_base
 .sdata         0x00081d44        0x8 c:/altera/13.0sp1/nios2eds/bin/gnu/h-i686-mingw32/bin/../lib/gcc/nios2-elf/4.1.2/../../../../nios2-elf/lib\libc.a(lib_a-locale.o)
                0x00081d44                __mb_cur_max
 .sdata         0x00081d4c       0x14 BSP/\libhal_bsp.a(alt_dev.o)
                0x00081d4c                alt_fs_list
                0x00081d54                alt_dev_list
                0x00081d5c                alt_max_fd
 .sdata         0x00081d60        0x4 BSP/\libhal_bsp.a(alt_errno.o)
                0x00081d60                alt_errno
 .sdata         0x00081d64        0x4 BSP/\libhal_bsp.a(alt_irq_vars.o)
                0x00081d64                alt_priority_mask
 .sdata         0x00081d68        0x4 BSP/\libhal_bsp.a(alt_sbrk.o)
 .sdata         0x00081d6c        0x8 BSP/\libhal_bsp.a(altera_avalon_sgdma.o)
                0x00081d6c                alt_sgdma_list
 .sdata         0x00081d74        0x8 BSP/\libhal_bsp.a(alt_tick.o)
                0x00081d74                alt_alarm_list
 *(.sdata2 .sdata2.* .gnu.linkonce.s2.*)
                0x00081d7c                . = ALIGN (0x4)
                0x00081d7c                _edata = ABSOLUTE (.)
                0x00081d7c                PROVIDE (edata, ABSOLUTE (.))
                0x00081d7c                PROVIDE (__ram_rwdata_end, ABSOLUTE (.))
                0x00081d7c                PROVIDE (__flash_rwdata_start, LOADADDR (.rwdata))

.bss            0x00083ca4    0x46980
                0x00083ca4                __bss_start = ABSOLUTE (.)
                0x00083ca4                PROVIDE (__sbss_start, ABSOLUTE (.))
                0x00083ca4                PROVIDE (___sbss_start, ABSOLUTE (.))
 *(.dynsbss)
 *(.sbss .sbss.* .gnu.linkonce.sb.*)
 .sbss          0x00083ca4        0x4 obj/default//C/Users/delgado4/Documents/GitHub/cube_solver/Final_Project/cube_solver.o
                0x00083ca4                imageCaptured
 .sbss          0x00083ca8        0x4 c:/altera/13.0sp1/nios2eds/bin/gnu/h-i686-mingw32/bin/../lib/gcc/nios2-elf/4.1.2/../../../../nios2-elf/lib\libc.a(lib_a-int_errno.o)
                0x00083ca8                errno
 .sbss          0x00083cac        0xc c:/altera/13.0sp1/nios2eds/bin/gnu/h-i686-mingw32/bin/../lib/gcc/nios2-elf/4.1.2/../../../../nios2-elf/lib\libc.a(lib_a-mallocr.o)
                0x00083cac                __malloc_top_pad
                0x00083cb0                __malloc_max_sbrked_mem
                0x00083cb4                __malloc_max_total_mem
 .sbss          0x00083cb8        0xc c:/altera/13.0sp1/nios2eds/bin/gnu/h-i686-mingw32/bin/../lib/gcc/nios2-elf/4.1.2/../../../../nios2-elf/lib\libc.a(lib_a-locale.o)
                0x00083cb8                __nlocale_changed
                0x00083cbc                __mlocale_changed
                0x00083cc0                _PathLocale
 .sbss          0x00083cc4        0x4 BSP/\libhal_bsp.a(alt_irq_vars.o)
                0x00083cc4                alt_irq_active
 .sbss          0x00083cc8        0xc BSP/\libhal_bsp.a(alt_main.o)
                0x00083cc8                alt_argc
                0x00083ccc                alt_argv
                0x00083cd0                alt_envp
 .sbss          0x00083cd4        0x8 BSP/\libhal_bsp.a(alt_tick.o)
                0x00083cd4                _alt_tick_rate
                0x00083cd8                _alt_nticks
 *(.sbss2 .sbss2.* .gnu.linkonce.sb2.*)
 *(.scommon)
                0x00083cdc                PROVIDE (__sbss_end, ABSOLUTE (.))
                0x00083cdc                PROVIDE (___sbss_end, ABSOLUTE (.))
 *(.dynbss)
 *(.bss .bss.* .gnu.linkonce.b.*)
 .bss           0x00083cdc        0x0 BSP//obj/HAL/src/crt0.o
 .bss           0x00083cdc        0x0 obj/default//C/Users/delgado4/Documents/GitHub/cube_solver/Final_Project/cube_solver.o
 .bss           0x00083cdc        0x0 obj/default//C/Users/delgado4/Documents/GitHub/cube_solver/Final_Project/ee109-lib/camera.o
 .bss           0x00083cdc        0x0 obj/default//C/Users/delgado4/Documents/GitHub/cube_solver/Final_Project/ee109-lib/char_lcd.o
 .bss           0x00083cdc        0x0 obj/default//C/Users/delgado4/Documents/GitHub/cube_solver/Final_Project/ee109-lib/lcd.o
 .bss           0x00083cdc        0x0 obj/default//C/Users/delgado4/Documents/GitHub/cube_solver/Final_Project/ee109-lib/pushbuttons.o
 .bss           0x00083cdc        0x0 obj/default//C/Users/delgado4/Documents/GitHub/cube_solver/Final_Project/ee109-lib/vga.o
 .bss           0x00083cdc        0x0 obj/default//C/Users/delgado4/Documents/GitHub/cube_solver/Final_Project/system_globals.o
 .bss           0x00083cdc        0x0 obj/default//C/Users/delgado4/Documents/GitHub/cube_solver/Final_Project/test_image.o
 .bss           0x00083cdc        0x0 c:/altera/13.0sp1/nios2eds/bin/gnu/h-i686-mingw32/bin/../lib/gcc/nios2-elf/4.1.2/../../../../nios2-elf/lib\libm.a(lib_a-w_sqrt.o)
 .bss           0x00083cdc        0x0 c:/altera/13.0sp1/nios2eds/bin/gnu/h-i686-mingw32/bin/../lib/gcc/nios2-elf/4.1.2/../../../../nios2-elf/lib\libm.a(lib_a-e_sqrt.o)
 .bss           0x00083cdc        0x0 c:/altera/13.0sp1/nios2eds/bin/gnu/h-i686-mingw32/bin/../lib/gcc/nios2-elf/4.1.2/../../../../nios2-elf/lib\libm.a(lib_a-s_isnand.o)
 .bss           0x00083cdc        0x0 c:/altera/13.0sp1/nios2eds/bin/gnu/h-i686-mingw32/bin/../lib/gcc/nios2-elf/4.1.2/../../../../nios2-elf/lib\libm.a(lib_a-s_lib_ver.o)
 .bss           0x00083cdc        0x0 c:/altera/13.0sp1/nios2eds/bin/gnu/h-i686-mingw32/bin/../lib/gcc/nios2-elf/4.1.2/../../../../nios2-elf/lib\libm.a(lib_a-s_matherr.o)
 .bss           0x00083cdc        0x0 c:/altera/13.0sp1/nios2eds/bin/gnu/h-i686-mingw32/bin/../lib/gcc/nios2-elf/4.1.2\libgcc.a(_addsub_df.o)
 .bss           0x00083cdc        0x0 c:/altera/13.0sp1/nios2eds/bin/gnu/h-i686-mingw32/bin/../lib/gcc/nios2-elf/4.1.2\libgcc.a(_mul_df.o)
 .bss           0x00083cdc        0x0 c:/altera/13.0sp1/nios2eds/bin/gnu/h-i686-mingw32/bin/../lib/gcc/nios2-elf/4.1.2\libgcc.a(_div_df.o)
 .bss           0x00083cdc        0x0 c:/altera/13.0sp1/nios2eds/bin/gnu/h-i686-mingw32/bin/../lib/gcc/nios2-elf/4.1.2\libgcc.a(_gt_df.o)
 .bss           0x00083cdc        0x0 c:/altera/13.0sp1/nios2eds/bin/gnu/h-i686-mingw32/bin/../lib/gcc/nios2-elf/4.1.2\libgcc.a(_lt_df.o)
 .bss           0x00083cdc        0x0 c:/altera/13.0sp1/nios2eds/bin/gnu/h-i686-mingw32/bin/../lib/gcc/nios2-elf/4.1.2\libgcc.a(_si_to_df.o)
 .bss           0x00083cdc        0x0 c:/altera/13.0sp1/nios2eds/bin/gnu/h-i686-mingw32/bin/../lib/gcc/nios2-elf/4.1.2\libgcc.a(_df_to_si.o)
 .bss           0x00083cdc        0x0 c:/altera/13.0sp1/nios2eds/bin/gnu/h-i686-mingw32/bin/../lib/gcc/nios2-elf/4.1.2\libgcc.a(_thenan_df.o)
 .bss           0x00083cdc        0x0 c:/altera/13.0sp1/nios2eds/bin/gnu/h-i686-mingw32/bin/../lib/gcc/nios2-elf/4.1.2\libgcc.a(_muldi3.o)
 .bss           0x00083cdc        0x0 c:/altera/13.0sp1/nios2eds/bin/gnu/h-i686-mingw32/bin/../lib/gcc/nios2-elf/4.1.2\libgcc.a(_clzsi2.o)
 .bss           0x00083cdc        0x0 c:/altera/13.0sp1/nios2eds/bin/gnu/h-i686-mingw32/bin/../lib/gcc/nios2-elf/4.1.2\libgcc.a(_pack_df.o)
 .bss           0x00083cdc        0x0 c:/altera/13.0sp1/nios2eds/bin/gnu/h-i686-mingw32/bin/../lib/gcc/nios2-elf/4.1.2\libgcc.a(_unpack_df.o)
 .bss           0x00083cdc        0x0 c:/altera/13.0sp1/nios2eds/bin/gnu/h-i686-mingw32/bin/../lib/gcc/nios2-elf/4.1.2\libgcc.a(_fpcmp_parts_df.o)
 .bss           0x00083cdc        0x0 c:/altera/13.0sp1/nios2eds/bin/gnu/h-i686-mingw32/bin/../lib/gcc/nios2-elf/4.1.2\libgcc.a(_clz.o)
 .bss           0x00083cdc        0x0 c:/altera/13.0sp1/nios2eds/bin/gnu/h-i686-mingw32/bin/../lib/gcc/nios2-elf/4.1.2/../../../../nios2-elf/lib\libc.a(lib_a-errno.o)
 .bss           0x00083cdc        0x0 c:/altera/13.0sp1/nios2eds/bin/gnu/h-i686-mingw32/bin/../lib/gcc/nios2-elf/4.1.2/../../../../nios2-elf/lib\libc.a(lib_a-fclose.o)
 .bss           0x00083cdc        0x0 c:/altera/13.0sp1/nios2eds/bin/gnu/h-i686-mingw32/bin/../lib/gcc/nios2-elf/4.1.2/../../../../nios2-elf/lib\libc.a(lib_a-fflush.o)
 .bss           0x00083cdc        0x0 c:/altera/13.0sp1/nios2eds/bin/gnu/h-i686-mingw32/bin/../lib/gcc/nios2-elf/4.1.2/../../../../nios2-elf/lib\libc.a(lib_a-findfp.o)
 .bss           0x00083cdc        0x0 c:/altera/13.0sp1/nios2eds/bin/gnu/h-i686-mingw32/bin/../lib/gcc/nios2-elf/4.1.2/../../../../nios2-elf/lib\libc.a(lib_a-fopen.o)
 .bss           0x00083cdc        0x0 c:/altera/13.0sp1/nios2eds/bin/gnu/h-i686-mingw32/bin/../lib/gcc/nios2-elf/4.1.2/../../../../nios2-elf/lib\libc.a(lib_a-fprintf.o)
 .bss           0x00083cdc        0x0 c:/altera/13.0sp1/nios2eds/bin/gnu/h-i686-mingw32/bin/../lib/gcc/nios2-elf/4.1.2/../../../../nios2-elf/lib\libc.a(lib_a-fputc.o)
 .bss           0x00083cdc        0x0 c:/altera/13.0sp1/nios2eds/bin/gnu/h-i686-mingw32/bin/../lib/gcc/nios2-elf/4.1.2/../../../../nios2-elf/lib\libc.a(lib_a-freer.o)
 .bss           0x00083cdc        0x0 c:/altera/13.0sp1/nios2eds/bin/gnu/h-i686-mingw32/bin/../lib/gcc/nios2-elf/4.1.2/../../../../nios2-elf/lib\libc.a(lib_a-fseek.o)
 .bss           0x00083cdc        0x0 c:/altera/13.0sp1/nios2eds/bin/gnu/h-i686-mingw32/bin/../lib/gcc/nios2-elf/4.1.2/../../../../nios2-elf/lib\libc.a(lib_a-fstatr.o)
 .bss           0x00083cdc        0x0 c:/altera/13.0sp1/nios2eds/bin/gnu/h-i686-mingw32/bin/../lib/gcc/nios2-elf/4.1.2/../../../../nios2-elf/lib\libc.a(lib_a-fwalk.o)
 .bss           0x00083cdc        0x0 c:/altera/13.0sp1/nios2eds/bin/gnu/h-i686-mingw32/bin/../lib/gcc/nios2-elf/4.1.2/../../../../nios2-elf/lib\libc.a(lib_a-fwrite.o)
 .bss           0x00083cdc        0x0 c:/altera/13.0sp1/nios2eds/bin/gnu/h-i686-mingw32/bin/../lib/gcc/nios2-elf/4.1.2/../../../../nios2-elf/lib\libc.a(lib_a-impure.o)
 .bss           0x00083cdc        0x0 c:/altera/13.0sp1/nios2eds/bin/gnu/h-i686-mingw32/bin/../lib/gcc/nios2-elf/4.1.2/../../../../nios2-elf/lib\libc.a(lib_a-int_errno.o)
 .bss           0x00083cdc        0x0 c:/altera/13.0sp1/nios2eds/bin/gnu/h-i686-mingw32/bin/../lib/gcc/nios2-elf/4.1.2/../../../../nios2-elf/lib\libc.a(lib_a-makebuf.o)
 .bss           0x00083cdc       0x28 c:/altera/13.0sp1/nios2eds/bin/gnu/h-i686-mingw32/bin/../lib/gcc/nios2-elf/4.1.2/../../../../nios2-elf/lib\libc.a(lib_a-mallocr.o)
                0x00083cdc                __malloc_current_mallinfo
 .bss           0x00083d04        0x0 c:/altera/13.0sp1/nios2eds/bin/gnu/h-i686-mingw32/bin/../lib/gcc/nios2-elf/4.1.2/../../../../nios2-elf/lib\libc.a(lib_a-memcpy.o)
 .bss           0x00083d04        0x0 c:/altera/13.0sp1/nios2eds/bin/gnu/h-i686-mingw32/bin/../lib/gcc/nios2-elf/4.1.2/../../../../nios2-elf/lib\libc.a(lib_a-memset.o)
 .bss           0x00083d04        0x0 c:/altera/13.0sp1/nios2eds/bin/gnu/h-i686-mingw32/bin/../lib/gcc/nios2-elf/4.1.2/../../../../nios2-elf/lib\libc.a(lib_a-openr.o)
 .bss           0x00083d04        0x0 c:/altera/13.0sp1/nios2eds/bin/gnu/h-i686-mingw32/bin/../lib/gcc/nios2-elf/4.1.2/../../../../nios2-elf/lib\libc.a(lib_a-printf.o)
 .bss           0x00083d04        0x0 c:/altera/13.0sp1/nios2eds/bin/gnu/h-i686-mingw32/bin/../lib/gcc/nios2-elf/4.1.2/../../../../nios2-elf/lib\libc.a(lib_a-putc.o)
 .bss           0x00083d04        0x0 c:/altera/13.0sp1/nios2eds/bin/gnu/h-i686-mingw32/bin/../lib/gcc/nios2-elf/4.1.2/../../../../nios2-elf/lib\libc.a(lib_a-putchar.o)
 .bss           0x00083d04        0x0 c:/altera/13.0sp1/nios2eds/bin/gnu/h-i686-mingw32/bin/../lib/gcc/nios2-elf/4.1.2/../../../../nios2-elf/lib\libc.a(lib_a-puts.o)
 .bss           0x00083d04        0x0 c:/altera/13.0sp1/nios2eds/bin/gnu/h-i686-mingw32/bin/../lib/gcc/nios2-elf/4.1.2/../../../../nios2-elf/lib\libc.a(lib_a-refill.o)
 .bss           0x00083d04        0x0 c:/altera/13.0sp1/nios2eds/bin/gnu/h-i686-mingw32/bin/../lib/gcc/nios2-elf/4.1.2/../../../../nios2-elf/lib\libc.a(lib_a-sbrkr.o)
 .bss           0x00083d04        0x0 c:/altera/13.0sp1/nios2eds/bin/gnu/h-i686-mingw32/bin/../lib/gcc/nios2-elf/4.1.2/../../../../nios2-elf/lib\libc.a(lib_a-stdio.o)
 .bss           0x00083d04        0x0 c:/altera/13.0sp1/nios2eds/bin/gnu/h-i686-mingw32/bin/../lib/gcc/nios2-elf/4.1.2/../../../../nios2-elf/lib\libc.a(lib_a-strlen.o)
 .bss           0x00083d04        0x0 c:/altera/13.0sp1/nios2eds/bin/gnu/h-i686-mingw32/bin/../lib/gcc/nios2-elf/4.1.2/../../../../nios2-elf/lib\libc.a(lib_a-vfprintf.o)
 .bss           0x00083d04        0x0 c:/altera/13.0sp1/nios2eds/bin/gnu/h-i686-mingw32/bin/../lib/gcc/nios2-elf/4.1.2/../../../../nios2-elf/lib\libc.a(lib_a-wbuf.o)
 .bss           0x00083d04        0x0 c:/altera/13.0sp1/nios2eds/bin/gnu/h-i686-mingw32/bin/../lib/gcc/nios2-elf/4.1.2/../../../../nios2-elf/lib\libc.a(lib_a-writer.o)
 .bss           0x00083d04        0x0 c:/altera/13.0sp1/nios2eds/bin/gnu/h-i686-mingw32/bin/../lib/gcc/nios2-elf/4.1.2/../../../../nios2-elf/lib\libc.a(lib_a-wsetup.o)
 .bss           0x00083d04        0x0 c:/altera/13.0sp1/nios2eds/bin/gnu/h-i686-mingw32/bin/../lib/gcc/nios2-elf/4.1.2/../../../../nios2-elf/lib\libc.a(lib_a-closer.o)
 .bss           0x00083d04        0x0 c:/altera/13.0sp1/nios2eds/bin/gnu/h-i686-mingw32/bin/../lib/gcc/nios2-elf/4.1.2/../../../../nios2-elf/lib\libc.a(lib_a-dtoa.o)
 .bss           0x00083d04        0x0 c:/altera/13.0sp1/nios2eds/bin/gnu/h-i686-mingw32/bin/../lib/gcc/nios2-elf/4.1.2/../../../../nios2-elf/lib\libc.a(lib_a-flags.o)
 .bss           0x00083d04        0x0 c:/altera/13.0sp1/nios2eds/bin/gnu/h-i686-mingw32/bin/../lib/gcc/nios2-elf/4.1.2/../../../../nios2-elf/lib\libc.a(lib_a-fvwrite.o)
 .bss           0x00083d04        0x0 c:/altera/13.0sp1/nios2eds/bin/gnu/h-i686-mingw32/bin/../lib/gcc/nios2-elf/4.1.2/../../../../nios2-elf/lib\libc.a(lib_a-isattyr.o)
 .bss           0x00083d04        0x0 c:/altera/13.0sp1/nios2eds/bin/gnu/h-i686-mingw32/bin/../lib/gcc/nios2-elf/4.1.2/../../../../nios2-elf/lib\libc.a(lib_a-locale.o)
 .bss           0x00083d04        0x0 c:/altera/13.0sp1/nios2eds/bin/gnu/h-i686-mingw32/bin/../lib/gcc/nios2-elf/4.1.2/../../../../nios2-elf/lib\libc.a(lib_a-lseekr.o)
 .bss           0x00083d04        0x0 c:/altera/13.0sp1/nios2eds/bin/gnu/h-i686-mingw32/bin/../lib/gcc/nios2-elf/4.1.2/../../../../nios2-elf/lib\libc.a(lib_a-memchr.o)
 .bss           0x00083d04        0x0 c:/altera/13.0sp1/nios2eds/bin/gnu/h-i686-mingw32/bin/../lib/gcc/nios2-elf/4.1.2/../../../../nios2-elf/lib\libc.a(lib_a-memmove.o)
 .bss           0x00083d04        0x0 c:/altera/13.0sp1/nios2eds/bin/gnu/h-i686-mingw32/bin/../lib/gcc/nios2-elf/4.1.2/../../../../nios2-elf/lib\libc.a(lib_a-mprec.o)
 .bss           0x00083d04        0x0 c:/altera/13.0sp1/nios2eds/bin/gnu/h-i686-mingw32/bin/../lib/gcc/nios2-elf/4.1.2/../../../../nios2-elf/lib\libc.a(lib_a-readr.o)
 .bss           0x00083d04        0x0 c:/altera/13.0sp1/nios2eds/bin/gnu/h-i686-mingw32/bin/../lib/gcc/nios2-elf/4.1.2/../../../../nios2-elf/lib\libc.a(lib_a-reallocr.o)
 .bss           0x00083d04        0x0 c:/altera/13.0sp1/nios2eds/bin/gnu/h-i686-mingw32/bin/../lib/gcc/nios2-elf/4.1.2/../../../../nios2-elf/lib\libc.a(lib_a-s_isinfd.o)
 .bss           0x00083d04        0x0 c:/altera/13.0sp1/nios2eds/bin/gnu/h-i686-mingw32/bin/../lib/gcc/nios2-elf/4.1.2/../../../../nios2-elf/lib\libc.a(lib_a-strcmp.o)
 .bss           0x00083d04        0x0 c:/altera/13.0sp1/nios2eds/bin/gnu/h-i686-mingw32/bin/../lib/gcc/nios2-elf/4.1.2/../../../../nios2-elf/lib\libc.a(lib_a-callocr.o)
 .bss           0x00083d04        0x0 c:/altera/13.0sp1/nios2eds/bin/gnu/h-i686-mingw32/bin/../lib/gcc/nios2-elf/4.1.2\libgcc.a(_udivdi3.o)
 .bss           0x00083d04        0x0 c:/altera/13.0sp1/nios2eds/bin/gnu/h-i686-mingw32/bin/../lib/gcc/nios2-elf/4.1.2\libgcc.a(_umoddi3.o)
 .bss           0x00083d04        0x0 c:/altera/13.0sp1/nios2eds/bin/gnu/h-i686-mingw32/bin/../lib/gcc/nios2-elf/4.1.2\libgcc.a(_eq_df.o)
 .bss           0x00083d04        0x0 c:/altera/13.0sp1/nios2eds/bin/gnu/h-i686-mingw32/bin/../lib/gcc/nios2-elf/4.1.2\libgcc.a(_ne_df.o)
 .bss           0x00083d04        0x0 c:/altera/13.0sp1/nios2eds/bin/gnu/h-i686-mingw32/bin/../lib/gcc/nios2-elf/4.1.2\libgcc.a(_ge_df.o)
 .bss           0x00083d04        0x0 c:/altera/13.0sp1/nios2eds/bin/gnu/h-i686-mingw32/bin/../lib/gcc/nios2-elf/4.1.2\libgcc.a(_usi_to_df.o)
 .bss           0x00083d04        0x0 c:/altera/13.0sp1/nios2eds/bin/gnu/h-i686-mingw32/bin/../lib/gcc/nios2-elf/4.1.2\libgcc.a(lib2-divmod.o)
 .bss           0x00083d04        0x0 BSP/\libhal_bsp.a(alt_close.o)
 .bss           0x00083d04        0x0 BSP/\libhal_bsp.a(alt_dev.o)
 .bss           0x00083d04        0x0 BSP/\libhal_bsp.a(alt_errno.o)
 .bss           0x00083d04        0x0 BSP/\libhal_bsp.a(alt_fstat.o)
 .bss           0x00083d04        0x0 BSP/\libhal_bsp.a(alt_irq_register.o)
 .bss           0x00083d04        0x0 BSP/\libhal_bsp.a(alt_irq_vars.o)
 .bss           0x00083d04        0x0 BSP/\libhal_bsp.a(alt_isatty.o)
 .bss           0x00083d04        0x0 BSP/\libhal_bsp.a(alt_load.o)
 .bss           0x00083d04        0x0 BSP/\libhal_bsp.a(alt_lseek.o)
 .bss           0x00083d04        0x0 BSP/\libhal_bsp.a(alt_main.o)
 .bss           0x00083d04        0x0 BSP/\libhal_bsp.a(alt_malloc_lock.o)
 .bss           0x00083d04        0x0 BSP/\libhal_bsp.a(alt_open.o)
 .bss           0x00083d04        0x0 BSP/\libhal_bsp.a(alt_read.o)
 .bss           0x00083d04        0x0 BSP/\libhal_bsp.a(alt_release_fd.o)
 .bss           0x00083d04        0x0 BSP/\libhal_bsp.a(alt_sbrk.o)
 .bss           0x00083d04        0x0 BSP/\libhal_bsp.a(alt_write.o)
 .bss           0x00083d04        0x0 BSP/\libhal_bsp.a(alt_sys_init.o)
 .bss           0x00083d04        0x0 BSP/\libhal_bsp.a(altera_avalon_jtag_uart_fd.o)
 .bss           0x00083d04        0x0 BSP/\libhal_bsp.a(altera_avalon_jtag_uart_init.o)
 .bss           0x00083d04        0x0 BSP/\libhal_bsp.a(altera_avalon_jtag_uart_ioctl.o)
 .bss           0x00083d04        0x0 BSP/\libhal_bsp.a(altera_avalon_jtag_uart_read.o)
 .bss           0x00083d04        0x0 BSP/\libhal_bsp.a(altera_avalon_jtag_uart_write.o)
 .bss           0x00083d04        0x0 BSP/\libhal_bsp.a(altera_avalon_sgdma.o)
 .bss           0x00083d04        0x0 BSP/\libhal_bsp.a(altera_avalon_timer_sc.o)
 .bss           0x00083d04        0x0 BSP/\libhal_bsp.a(altera_up_avalon_character_lcd.o)
 .bss           0x00083d04        0x0 BSP/\libhal_bsp.a(altera_up_avalon_irda.o)
 .bss           0x00083d04        0x0 BSP/\libhal_bsp.a(altera_up_avalon_ps2.o)
 .bss           0x00083d04        0x0 BSP/\libhal_bsp.a(altera_up_avalon_rs232.o)
 .bss           0x00083d04        0x0 BSP/\libhal_bsp.a(altera_up_avalon_video_character_buffer_with_dma.o)
 .bss           0x00083d04        0x0 BSP/\libhal_bsp.a(alt_alarm_start.o)
 .bss           0x00083d04        0x0 BSP/\libhal_bsp.a(alt_dcache_flush_all.o)
 .bss           0x00083d04        0x0 BSP/\libhal_bsp.a(alt_dev_llist_insert.o)
 .bss           0x00083d04        0x0 BSP/\libhal_bsp.a(alt_find_dev.o)
 .bss           0x00083d04        0x0 BSP/\libhal_bsp.a(alt_find_file.o)
 .bss           0x00083d04        0x0 BSP/\libhal_bsp.a(alt_get_fd.o)
 .bss           0x00083d04        0x0 BSP/\libhal_bsp.a(alt_icache_flush_all.o)
 .bss           0x00083d04        0x0 BSP/\libhal_bsp.a(alt_io_redirect.o)
 .bss           0x00083d04        0x0 BSP/\libhal_bsp.a(alt_irq_entry.o)
 .bss           0x00083d04        0x0 BSP/\libhal_bsp.a(alt_irq_handler.o)
 .bss           0x00083d04        0x0 BSP/\libhal_bsp.a(alt_remap_uncached.o)
 .bss           0x00083d04        0x0 BSP/\libhal_bsp.a(alt_tick.o)
 .bss           0x00083d04        0x0 BSP/\libhal_bsp.a(altera_nios2_qsys_irq.o)
 .bss           0x00083d04        0x0 BSP/\libhal_bsp.a(alt_dcache_flush.o)
 .bss           0x00083d04        0x0 BSP/\libhal_bsp.a(alt_exception_entry.o)
 .bss           0x00083d04        0x0 BSP/\libhal_bsp.a(alt_icache_flush.o)
 .bss           0x00083d04        0x0 c:/altera/13.0sp1/nios2eds/bin/gnu/h-i686-mingw32/bin/../lib/gcc/nios2-elf/4.1.2/../../../../nios2-elf/lib\libc.a(lib_a-exit.o)
 .bss           0x00083d04        0x0 c:/altera/13.0sp1/nios2eds/bin/gnu/h-i686-mingw32/bin/../lib/gcc/nios2-elf/4.1.2/../../../../nios2-elf/lib\libc.a(lib_a-memcmp.o)
 .bss           0x00083d04        0x0 c:/altera/13.0sp1/nios2eds/bin/gnu/h-i686-mingw32/bin/../lib/gcc/nios2-elf/4.1.2/../../../../nios2-elf/lib\libc.a(lib_a-__call_atexit.o)
 .bss           0x00083d04        0x0 BSP/\libhal_bsp.a(alt_exit.o)
 *(COMMON)
 COMMON         0x00083d04    0x46820 obj/default//C/Users/delgado4/Documents/GitHub/cube_solver/Final_Project/cube_solver.o
                0x00083d04                capturedImage
                0x000ca204                pixelData
 COMMON         0x000ca524      0x100 BSP/\libhal_bsp.a(alt_irq_handler.o)
                0x000ca524                alt_irq
                0x000ca624                . = ALIGN (0x4)
                0x000ca624                __bss_end = ABSOLUTE (.)

.SDRAM          0x000ca624        0x0
                0x000ca624                PROVIDE (_alt_partition_SDRAM_start, ABSOLUTE (.))
 *(.SDRAM. SDRAM.*)
                0x000ca624                . = ALIGN (0x4)
                0x000ca624                PROVIDE (_alt_partition_SDRAM_end, ABSOLUTE (.))
                0x000ca624                _end = ABSOLUTE (.)
                0x000ca624                end = ABSOLUTE (.)
                0x000ca624                __alt_stack_base = ABSOLUTE (.)
                0x000ca624                PROVIDE (_alt_partition_SDRAM_load_addr, LOADADDR (.SDRAM))

.descriptor_memory
                0x08200000        0x0 load address 0x000ca624
                0x08200000                PROVIDE (_alt_partition_descriptor_memory_start, ABSOLUTE (.))
 *(.descriptor_memory. descriptor_memory.*)
                0x08200000                . = ALIGN (0x4)
                0x08200000                PROVIDE (_alt_partition_descriptor_memory_end, ABSOLUTE (.))
                0x000ca624                PROVIDE (_alt_partition_descriptor_memory_load_addr, LOADADDR (.descriptor_memory))

.packet_memory  0x08201000        0x0 load address 0x000ca624
                0x08201000                PROVIDE (_alt_partition_packet_memory_start, ABSOLUTE (.))
 *(.packet_memory. packet_memory.*)
                0x08201000                . = ALIGN (0x4)
                0x08201000                PROVIDE (_alt_partition_packet_memory_end, ABSOLUTE (.))
                0x000ca624                PROVIDE (_alt_partition_packet_memory_load_addr, LOADADDR (.packet_memory))

.Flash_flash_data
                0x0c000000        0x0 load address 0x000ca624
                0x0c000000                PROVIDE (_alt_partition_Flash_flash_data_start, ABSOLUTE (.))
 *(.Flash_flash_data. Flash_flash_data.*)
                0x0c000000                . = ALIGN (0x4)
                0x0c000000                PROVIDE (_alt_partition_Flash_flash_data_end, ABSOLUTE (.))
                0x000ca624                PROVIDE (_alt_partition_Flash_flash_data_load_addr, LOADADDR (.Flash_flash_data))

.stab
 *(.stab)

.stabstr
 *(.stabstr)

.stab.excl
 *(.stab.excl)

.stab.exclstr
 *(.stab.exclstr)

.stab.index
 *(.stab.index)

.stab.indexstr
 *(.stab.indexstr)

.comment        0x00000000       0x26
 *(.comment)
 .comment       0x00000000       0x26 obj/default//C/Users/delgado4/Documents/GitHub/cube_solver/Final_Project/cube_solver.o
                                 0x27 (size before relaxing)
 .comment       0x00000000       0x27 obj/default//C/Users/delgado4/Documents/GitHub/cube_solver/Final_Project/ee109-lib/camera.o
 .comment       0x00000000       0x27 obj/default//C/Users/delgado4/Documents/GitHub/cube_solver/Final_Project/ee109-lib/char_lcd.o
 .comment       0x00000000       0x27 obj/default//C/Users/delgado4/Documents/GitHub/cube_solver/Final_Project/ee109-lib/lcd.o
 .comment       0x00000000       0x27 obj/default//C/Users/delgado4/Documents/GitHub/cube_solver/Final_Project/ee109-lib/pushbuttons.o
 .comment       0x00000000       0x27 obj/default//C/Users/delgado4/Documents/GitHub/cube_solver/Final_Project/ee109-lib/vga.o
 .comment       0x00000000       0x27 obj/default//C/Users/delgado4/Documents/GitHub/cube_solver/Final_Project/system_globals.o
 .comment       0x00000000       0x27 obj/default//C/Users/delgado4/Documents/GitHub/cube_solver/Final_Project/test_image.o
 .comment       0x00000000       0x27 c:/altera/13.0sp1/nios2eds/bin/gnu/h-i686-mingw32/bin/../lib/gcc/nios2-elf/4.1.2/../../../../nios2-elf/lib\libm.a(lib_a-w_sqrt.o)
 .comment       0x00000000       0x27 c:/altera/13.0sp1/nios2eds/bin/gnu/h-i686-mingw32/bin/../lib/gcc/nios2-elf/4.1.2/../../../../nios2-elf/lib\libm.a(lib_a-e_sqrt.o)
 .comment       0x00000000       0x27 c:/altera/13.0sp1/nios2eds/bin/gnu/h-i686-mingw32/bin/../lib/gcc/nios2-elf/4.1.2/../../../../nios2-elf/lib\libm.a(lib_a-s_isnand.o)
 .comment       0x00000000       0x27 c:/altera/13.0sp1/nios2eds/bin/gnu/h-i686-mingw32/bin/../lib/gcc/nios2-elf/4.1.2/../../../../nios2-elf/lib\libm.a(lib_a-s_lib_ver.o)
 .comment       0x00000000       0x27 c:/altera/13.0sp1/nios2eds/bin/gnu/h-i686-mingw32/bin/../lib/gcc/nios2-elf/4.1.2/../../../../nios2-elf/lib\libm.a(lib_a-s_matherr.o)
 .comment       0x00000000       0x27 c:/altera/13.0sp1/nios2eds/bin/gnu/h-i686-mingw32/bin/../lib/gcc/nios2-elf/4.1.2\libgcc.a(_addsub_df.o)
 .comment       0x00000000       0x27 c:/altera/13.0sp1/nios2eds/bin/gnu/h-i686-mingw32/bin/../lib/gcc/nios2-elf/4.1.2\libgcc.a(_mul_df.o)
 .comment       0x00000000       0x27 c:/altera/13.0sp1/nios2eds/bin/gnu/h-i686-mingw32/bin/../lib/gcc/nios2-elf/4.1.2\libgcc.a(_div_df.o)
 .comment       0x00000000       0x27 c:/altera/13.0sp1/nios2eds/bin/gnu/h-i686-mingw32/bin/../lib/gcc/nios2-elf/4.1.2\libgcc.a(_gt_df.o)
 .comment       0x00000000       0x27 c:/altera/13.0sp1/nios2eds/bin/gnu/h-i686-mingw32/bin/../lib/gcc/nios2-elf/4.1.2\libgcc.a(_lt_df.o)
 .comment       0x00000000       0x27 c:/altera/13.0sp1/nios2eds/bin/gnu/h-i686-mingw32/bin/../lib/gcc/nios2-elf/4.1.2\libgcc.a(_si_to_df.o)
 .comment       0x00000000       0x27 c:/altera/13.0sp1/nios2eds/bin/gnu/h-i686-mingw32/bin/../lib/gcc/nios2-elf/4.1.2\libgcc.a(_df_to_si.o)
 .comment       0x00000000       0x27 c:/altera/13.0sp1/nios2eds/bin/gnu/h-i686-mingw32/bin/../lib/gcc/nios2-elf/4.1.2\libgcc.a(_thenan_df.o)
 .comment       0x00000000       0x27 c:/altera/13.0sp1/nios2eds/bin/gnu/h-i686-mingw32/bin/../lib/gcc/nios2-elf/4.1.2\libgcc.a(_muldi3.o)
 .comment       0x00000000       0x27 c:/altera/13.0sp1/nios2eds/bin/gnu/h-i686-mingw32/bin/../lib/gcc/nios2-elf/4.1.2\libgcc.a(_clzsi2.o)
 .comment       0x00000000       0x27 c:/altera/13.0sp1/nios2eds/bin/gnu/h-i686-mingw32/bin/../lib/gcc/nios2-elf/4.1.2\libgcc.a(_pack_df.o)
 .comment       0x00000000       0x27 c:/altera/13.0sp1/nios2eds/bin/gnu/h-i686-mingw32/bin/../lib/gcc/nios2-elf/4.1.2\libgcc.a(_unpack_df.o)
 .comment       0x00000000       0x27 c:/altera/13.0sp1/nios2eds/bin/gnu/h-i686-mingw32/bin/../lib/gcc/nios2-elf/4.1.2\libgcc.a(_fpcmp_parts_df.o)
 .comment       0x00000000       0x27 c:/altera/13.0sp1/nios2eds/bin/gnu/h-i686-mingw32/bin/../lib/gcc/nios2-elf/4.1.2\libgcc.a(_clz.o)
 .comment       0x00000000       0x27 c:/altera/13.0sp1/nios2eds/bin/gnu/h-i686-mingw32/bin/../lib/gcc/nios2-elf/4.1.2/../../../../nios2-elf/lib\libc.a(lib_a-errno.o)
 .comment       0x00000000       0x27 c:/altera/13.0sp1/nios2eds/bin/gnu/h-i686-mingw32/bin/../lib/gcc/nios2-elf/4.1.2/../../../../nios2-elf/lib\libc.a(lib_a-fclose.o)
 .comment       0x00000000       0x27 c:/altera/13.0sp1/nios2eds/bin/gnu/h-i686-mingw32/bin/../lib/gcc/nios2-elf/4.1.2/../../../../nios2-elf/lib\libc.a(lib_a-fflush.o)
 .comment       0x00000000       0x27 c:/altera/13.0sp1/nios2eds/bin/gnu/h-i686-mingw32/bin/../lib/gcc/nios2-elf/4.1.2/../../../../nios2-elf/lib\libc.a(lib_a-findfp.o)
 .comment       0x00000000       0x27 c:/altera/13.0sp1/nios2eds/bin/gnu/h-i686-mingw32/bin/../lib/gcc/nios2-elf/4.1.2/../../../../nios2-elf/lib\libc.a(lib_a-fopen.o)
 .comment       0x00000000       0x27 c:/altera/13.0sp1/nios2eds/bin/gnu/h-i686-mingw32/bin/../lib/gcc/nios2-elf/4.1.2/../../../../nios2-elf/lib\libc.a(lib_a-fprintf.o)
 .comment       0x00000000       0x27 c:/altera/13.0sp1/nios2eds/bin/gnu/h-i686-mingw32/bin/../lib/gcc/nios2-elf/4.1.2/../../../../nios2-elf/lib\libc.a(lib_a-fputc.o)
 .comment       0x00000000       0x27 c:/altera/13.0sp1/nios2eds/bin/gnu/h-i686-mingw32/bin/../lib/gcc/nios2-elf/4.1.2/../../../../nios2-elf/lib\libc.a(lib_a-freer.o)
 .comment       0x00000000       0x27 c:/altera/13.0sp1/nios2eds/bin/gnu/h-i686-mingw32/bin/../lib/gcc/nios2-elf/4.1.2/../../../../nios2-elf/lib\libc.a(lib_a-fseek.o)
 .comment       0x00000000       0x27 c:/altera/13.0sp1/nios2eds/bin/gnu/h-i686-mingw32/bin/../lib/gcc/nios2-elf/4.1.2/../../../../nios2-elf/lib\libc.a(lib_a-fstatr.o)
 .comment       0x00000000       0x27 c:/altera/13.0sp1/nios2eds/bin/gnu/h-i686-mingw32/bin/../lib/gcc/nios2-elf/4.1.2/../../../../nios2-elf/lib\libc.a(lib_a-fwalk.o)
 .comment       0x00000000       0x27 c:/altera/13.0sp1/nios2eds/bin/gnu/h-i686-mingw32/bin/../lib/gcc/nios2-elf/4.1.2/../../../../nios2-elf/lib\libc.a(lib_a-fwrite.o)
 .comment       0x00000000       0x27 c:/altera/13.0sp1/nios2eds/bin/gnu/h-i686-mingw32/bin/../lib/gcc/nios2-elf/4.1.2/../../../../nios2-elf/lib\libc.a(lib_a-impure.o)
 .comment       0x00000000       0x27 c:/altera/13.0sp1/nios2eds/bin/gnu/h-i686-mingw32/bin/../lib/gcc/nios2-elf/4.1.2/../../../../nios2-elf/lib\libc.a(lib_a-int_errno.o)
 .comment       0x00000000       0x27 c:/altera/13.0sp1/nios2eds/bin/gnu/h-i686-mingw32/bin/../lib/gcc/nios2-elf/4.1.2/../../../../nios2-elf/lib\libc.a(lib_a-makebuf.o)
 .comment       0x00000000       0x27 c:/altera/13.0sp1/nios2eds/bin/gnu/h-i686-mingw32/bin/../lib/gcc/nios2-elf/4.1.2/../../../../nios2-elf/lib\libc.a(lib_a-mallocr.o)
 .comment       0x00000000       0x27 c:/altera/13.0sp1/nios2eds/bin/gnu/h-i686-mingw32/bin/../lib/gcc/nios2-elf/4.1.2/../../../../nios2-elf/lib\libc.a(lib_a-memcpy.o)
 .comment       0x00000000       0x27 c:/altera/13.0sp1/nios2eds/bin/gnu/h-i686-mingw32/bin/../lib/gcc/nios2-elf/4.1.2/../../../../nios2-elf/lib\libc.a(lib_a-memset.o)
 .comment       0x00000000       0x27 c:/altera/13.0sp1/nios2eds/bin/gnu/h-i686-mingw32/bin/../lib/gcc/nios2-elf/4.1.2/../../../../nios2-elf/lib\libc.a(lib_a-openr.o)