Archive member included because of file (symbol)

c:/altera/13.0sp1/nios2eds/bin/gnu/h-i686-mingw32/bin/../lib/gcc/nios2-elf/4.1.2/../../../../nios2-elf/lib\libm.a(lib_a-w_sqrt.o)
                              obj/default//C/Users/delgado4/Documents/GitHub/cube_solver/Final_Project/cube_solver.o (sqrt)
c:/altera/13.0sp1/nios2eds/bin/gnu/h-i686-mingw32/bin/../lib/gcc/nios2-elf/4.1.2/../../../../nios2-elf/lib\libm.a(lib_a-e_sqrt.o)
                              c:/altera/13.0sp1/nios2eds/bin/gnu/h-i686-mingw32/bin/../lib/gcc/nios2-elf/4.1.2/../../../../nios2-elf/lib\libm.a(lib_a-w_sqrt.o) (__ieee754_sqrt)
c:/altera/13.0sp1/nios2eds/bin/gnu/h-i686-mingw32/bin/../lib/gcc/nios2-elf/4.1.2/../../../../nios2-elf/lib\libm.a(lib_a-s_isnand.o)
                              c:/altera/13.0sp1/nios2eds/bin/gnu/h-i686-mingw32/bin/../lib/gcc/nios2-elf/4.1.2/../../../../nios2-elf/lib\libm.a(lib_a-w_sqrt.o) (__isnand)
c:/altera/13.0sp1/nios2eds/bin/gnu/h-i686-mingw32/bin/../lib/gcc/nios2-elf/4.1.2/../../../../nios2-elf/lib\libm.a(lib_a-s_lib_ver.o)
                              c:/altera/13.0sp1/nios2eds/bin/gnu/h-i686-mingw32/bin/../lib/gcc/nios2-elf/4.1.2/../../../../nios2-elf/lib\libm.a(lib_a-w_sqrt.o) (__fdlib_version)
c:/altera/13.0sp1/nios2eds/bin/gnu/h-i686-mingw32/bin/../lib/gcc/nios2-elf/4.1.2/../../../../nios2-elf/lib\libm.a(lib_a-s_matherr.o)
                              c:/altera/13.0sp1/nios2eds/bin/gnu/h-i686-mingw32/bin/../lib/gcc/nios2-elf/4.1.2/../../../../nios2-elf/lib\libm.a(lib_a-w_sqrt.o) (matherr)
c:/altera/13.0sp1/nios2eds/bin/gnu/h-i686-mingw32/bin/../lib/gcc/nios2-elf/4.1.2\libgcc.a(_addsub_df.o)
                              obj/default//C/Users/delgado4/Documents/GitHub/cube_solver/Final_Project/cube_solver.o (__subdf3)
c:/altera/13.0sp1/nios2eds/bin/gnu/h-i686-mingw32/bin/../lib/gcc/nios2-elf/4.1.2\libgcc.a(_mul_df.o)
                              obj/default//C/Users/delgado4/Documents/GitHub/cube_solver/Final_Project/cube_solver.o (__muldf3)
c:/altera/13.0sp1/nios2eds/bin/gnu/h-i686-mingw32/bin/../lib/gcc/nios2-elf/4.1.2\libgcc.a(_div_df.o)
                              obj/default//C/Users/delgado4/Documents/GitHub/cube_solver/Final_Project/cube_solver.o (__divdf3)
c:/altera/13.0sp1/nios2eds/bin/gnu/h-i686-mingw32/bin/../lib/gcc/nios2-elf/4.1.2\libgcc.a(_gt_df.o)
                              obj/default//C/Users/delgado4/Documents/GitHub/cube_solver/Final_Project/cube_solver.o (__gtdf2)
c:/altera/13.0sp1/nios2eds/bin/gnu/h-i686-mingw32/bin/../lib/gcc/nios2-elf/4.1.2\libgcc.a(_lt_df.o)
                              c:/altera/13.0sp1/nios2eds/bin/gnu/h-i686-mingw32/bin/../lib/gcc/nios2-elf/4.1.2/../../../../nios2-elf/lib\libm.a(lib_a-w_sqrt.o) (__ltdf2)
c:/altera/13.0sp1/nios2eds/bin/gnu/h-i686-mingw32/bin/../lib/gcc/nios2-elf/4.1.2\libgcc.a(_si_to_df.o)
                              obj/default//C/Users/delgado4/Documents/GitHub/cube_solver/Final_Project/cube_solver.o (__floatsidf)
c:/altera/13.0sp1/nios2eds/bin/gnu/h-i686-mingw32/bin/../lib/gcc/nios2-elf/4.1.2\libgcc.a(_df_to_si.o)
                              obj/default//C/Users/delgado4/Documents/GitHub/cube_solver/Final_Project/cube_solver.o (__fixdfsi)
c:/altera/13.0sp1/nios2eds/bin/gnu/h-i686-mingw32/bin/../lib/gcc/nios2-elf/4.1.2\libgcc.a(_thenan_df.o)
                              c:/altera/13.0sp1/nios2eds/bin/gnu/h-i686-mingw32/bin/../lib/gcc/nios2-elf/4.1.2\libgcc.a(_addsub_df.o) (__thenan_df)
c:/altera/13.0sp1/nios2eds/bin/gnu/h-i686-mingw32/bin/../lib/gcc/nios2-elf/4.1.2\libgcc.a(_muldi3.o)
                              c:/altera/13.0sp1/nios2eds/bin/gnu/h-i686-mingw32/bin/../lib/gcc/nios2-elf/4.1.2\libgcc.a(_mul_df.o) (__muldi3)
c:/altera/13.0sp1/nios2eds/bin/gnu/h-i686-mingw32/bin/../lib/gcc/nios2-elf/4.1.2\libgcc.a(_clzsi2.o)
                              c:/altera/13.0sp1/nios2eds/bin/gnu/h-i686-mingw32/bin/../lib/gcc/nios2-elf/4.1.2\libgcc.a(_si_to_df.o) (__clzsi2)
c:/altera/13.0sp1/nios2eds/bin/gnu/h-i686-mingw32/bin/../lib/gcc/nios2-elf/4.1.2\libgcc.a(_pack_df.o)
                              c:/altera/13.0sp1/nios2eds/bin/gnu/h-i686-mingw32/bin/../lib/gcc/nios2-elf/4.1.2\libgcc.a(_addsub_df.o) (__pack_d)
c:/altera/13.0sp1/nios2eds/bin/gnu/h-i686-mingw32/bin/../lib/gcc/nios2-elf/4.1.2\libgcc.a(_unpack_df.o)
                              c:/altera/13.0sp1/nios2eds/bin/gnu/h-i686-mingw32/bin/../lib/gcc/nios2-elf/4.1.2\libgcc.a(_addsub_df.o) (__unpack_d)
c:/altera/13.0sp1/nios2eds/bin/gnu/h-i686-mingw32/bin/../lib/gcc/nios2-elf/4.1.2\libgcc.a(_fpcmp_parts_df.o)
                              c:/altera/13.0sp1/nios2eds/bin/gnu/h-i686-mingw32/bin/../lib/gcc/nios2-elf/4.1.2\libgcc.a(_gt_df.o) (__fpcmp_parts_d)
c:/altera/13.0sp1/nios2eds/bin/gnu/h-i686-mingw32/bin/../lib/gcc/nios2-elf/4.1.2\libgcc.a(_clz.o)
                              c:/altera/13.0sp1/nios2eds/bin/gnu/h-i686-mingw32/bin/../lib/gcc/nios2-elf/4.1.2\libgcc.a(_clzsi2.o) (__clz_tab)
[...]
Memory Configuration

Name             Origin             Length             Attributes
reset            0x00000000         0x00000020
SDRAM            0x00000020         0x07ffffe0
descriptor_memory 0x08200000         0x00001000
packet_memory    0x08201000         0x00001000
Flash_flash_data 0x0c000000         0x00800000
*default*        0x00000000         0xffffffff

Linker script and memory map

LOAD BSP//obj/HAL/src/crt0.o
LOAD obj/default//C/Users/delgado4/Documents/GitHub/cube_solver/Final_Project/cube_solver.o
LOAD obj/default//C/Users/delgado4/Documents/GitHub/cube_solver/Final_Project/ee109-lib/camera.o
LOAD obj/default//C/Users/delgado4/Documents/GitHub/cube_solver/Final_Project/ee109-lib/char_lcd.o
LOAD obj/default//C/Users/delgado4/Documents/GitHub/cube_solver/Final_Project/ee109-lib/lcd.o
LOAD obj/default//C/Users/delgado4/Documents/GitHub/cube_solver/Final_Project/ee109-lib/pushbuttons.o
LOAD obj/default//C/Users/delgado4/Documents/GitHub/cube_solver/Final_Project/ee109-lib/vga.o
LOAD obj/default//C/Users/delgado4/Documents/GitHub/cube_solver/Final_Project/system_globals.o
LOAD obj/default//C/Users/delgado4/Documents/GitHub/cube_solver/Final_Project/test_image.o
LOAD c:/altera/13.0sp1/nios2eds/bin/gnu/h-i686-mingw32/bin/../lib/gcc/nios2-elf/4.1.2/../../../../nios2-elf/lib\libstdc++.a
LOAD c:/altera/13.0sp1/nios2eds/bin/gnu/h-i686-mingw32/bin/../lib/gcc/nios2-elf/4.1.2/../../../../nios2-elf/lib\libm.a
LOAD c:/altera/13.0sp1/nios2eds/bin/gnu/h-i686-mingw32/bin/../lib/gcc/nios2-elf/4.1.2\libgcc.a
START GROUP
LOAD c:/altera/13.0sp1/nios2eds/bin/gnu/h-i686-mingw32/bin/../lib/gcc/nios2-elf/4.1.2/../../../../nios2-elf/lib\libc.a
LOAD c:/altera/13.0sp1/nios2eds/bin/gnu/h-i686-mingw32/bin/../lib/gcc/nios2-elf/4.1.2\libgcc.a
LOAD BSP/\libhal_bsp.a
END GROUP
LOAD c:/altera/13.0sp1/nios2eds/bin/gnu/h-i686-mingw32/bin/../lib/gcc/nios2-elf/4.1.2\libgcc.a
                0x00000000                __alt_mem_SDRAM = 0x0
                0x08200000                __alt_mem_descriptor_memory = 0x8200000
                0x08201000                __alt_mem_packet_memory = 0x8201000
                0x0c000000                __alt_mem_Flash_flash_data = 0xc000000

.entry          0x00000000       0x20
 *(.entry)
 .entry         0x00000000       0x20 BSP//obj/HAL/src/crt0.o
                0x00000000                __reset

.exceptions     0x00000020      0x148
                0x00000020                PROVIDE (__ram_exceptions_start, ABSOLUTE (.))
                0x00000020                . = ALIGN (0x20)
 *(.irq)
 *(.exceptions.entry.label)
 .exceptions.entry.label
                0x00000020        0x0 BSP/\libhal_bsp.a(alt_irq_entry.o)
                0x00000020                alt_irq_entry
 .exceptions.entry.label
                0x00000020        0x0 BSP/\libhal_bsp.a(alt_exception_entry.o)
                0x00000020                alt_exception
 *(.exceptions.entry.user)
 *(.exceptions.entry)
 .exceptions.entry
                0x00000020       0x54 BSP/\libhal_bsp.a(alt_exception_entry.o)
 *(.exceptions.irqtest.user)
 *(.exceptions.irqtest)
 .exceptions.irqtest
                0x00000074       0x10 BSP/\libhal_bsp.a(alt_irq_entry.o)
 *(.exceptions.irqhandler.user)
 *(.exceptions.irqhandler)
 .exceptions.irqhandler
                0x00000084        0x4 BSP/\libhal_bsp.a(alt_irq_entry.o)
 *(.exceptions.irqreturn.user)
 *(.exceptions.irqreturn)
 .exceptions.irqreturn
                0x00000088        0x4 BSP/\libhal_bsp.a(alt_irq_entry.o)
 *(.exceptions.notirq.label)
 .exceptions.notirq.label
                0x0000008c        0x0 BSP/\libhal_bsp.a(alt_irq_entry.o)
 *(.exceptions.notirq.user)
 *(.exceptions.notirq)
 .exceptions.notirq
                0x0000008c        0x8 BSP/\libhal_bsp.a(alt_exception_entry.o)
 *(.exceptions.soft.user)
 *(.exceptions.soft)
 *(.exceptions.unknown.user)
 *(.exceptions.unknown)
 .exceptions.unknown
                0x00000094        0x4 BSP/\libhal_bsp.a(alt_exception_entry.o)
 *(.exceptions.exit.label)
 .exceptions.exit.label
                0x00000098        0x0 BSP/\libhal_bsp.a(alt_irq_entry.o)
 .exceptions.exit.label
                0x00000098        0x0 BSP/\libhal_bsp.a(alt_exception_entry.o)
 *(.exceptions.exit.user)
 *(.exceptions.exit)
 .exceptions.exit
                0x00000098       0x54 BSP/\libhal_bsp.a(alt_exception_entry.o)
 *(.exceptions)
 .exceptions    0x000000ec       0x7c BSP/\libhal_bsp.a(alt_irq_handler.o)
                0x000000ec                alt_irq_handler
                0x00000168                PROVIDE (__ram_exceptions_end, ABSOLUTE (.))
                0x00000020                PROVIDE (__flash_exceptions_start, LOADADDR (.exceptions))

.text           0x00000168     0xec00
                0x00000168                PROVIDE (stext, ABSOLUTE (.))
 *(.interp)
 *(.hash)
 *(.dynsym)
 *(.dynstr)
 *(.gnu.version)
 *(.gnu.version_d)
 *(.gnu.version_r)
 *(.rel.init)
 *(.rela.init)
 *(.rel.text .rel.text.* .rel.gnu.linkonce.t.*)
 *(.rela.text .rela.text.* .rela.gnu.linkonce.t.*)
 *(.rel.fini)
 *(.rela.fini)
 *(.rel.rodata .rel.rodata.* .rel.gnu.linkonce.r.*)
 *(.rela.rodata .rela.rodata.* .rela.gnu.linkonce.r.*)
 *(.rel.data .rel.data.* .rel.gnu.linkonce.d.*)
 *(.rela.data .rela.data.* .rela.gnu.linkonce.d.*)
 *(.rel.tdata .rel.tdata.* .rel.gnu.linkonce.td.*)
 *(.rela.tdata .rela.tdata.* .rela.gnu.linkonce.td.*)
 *(.rel.tbss .rel.tbss.* .rel.gnu.linkonce.tb.*)
 *(.rela.tbss .rela.tbss.* .rela.gnu.linkonce.tb.*)
 *(.rel.ctors)
 *(.rela.ctors)
 *(.rel.dtors)
 *(.rela.dtors)
 *(.rel.got)
 *(.rela.got)
 *(.rel.sdata .rel.sdata.* .rel.gnu.linkonce.s.*)
 *(.rela.sdata .rela.sdata.* .rela.gnu.linkonce.s.*)
 *(.rel.sbss .rel.sbss.* .rel.gnu.linkonce.sb.*)
 *(.rela.sbss .rela.sbss.* .rela.gnu.linkonce.sb.*)
 *(.rel.sdata2 .rel.sdata2.* .rel.gnu.linkonce.s2.*)
 *(.rela.sdata2 .rela.sdata2.* .rela.gnu.linkonce.s2.*)
 *(.rel.sbss2 .rel.sbss2.* .rel.gnu.linkonce.sb2.*)
 *(.rela.sbss2 .rela.sbss2.* .rela.gnu.linkonce.sb2.*)
 *(.rel.bss .rel.bss.* .rel.gnu.linkonce.b.*)
 *(.rela.bss .rela.bss.* .rela.gnu.linkonce.b.*)
 *(.rel.plt)
 *(.rela.plt)
 *(.rel.dyn)
 *(.init)
 *(.plt)
 *(.text .stub .text.* .gnu.linkonce.t.*)
 .text          0x00000168       0x3c BSP//obj/HAL/src/crt0.o
                0x00000168                _start
 .text          0x000001a4     0x1194 obj/default//C/Users/delgado4/Documents/GitHub/cube_solver/Final_Project/cube_solver.o
                0x000001a4                shortToPixel
                0x000001ec                trace
                0x00000218                determinant
                0x0000028c                computeScoresAndThreshold
                0x00000350                displayImage
                0x00000408                displayColorImage
                0x0000047c                convolutionFn
                0x00000758                setupHardware
                0x000007b4                captureImageData
                0x000008f0                pushbuttons_isr
                0x00000944                extractCorners
                0x00000a4c                computePixelScores
                0x00000d64                exportToMatlab
                0x000010d8                bwConversion
                0x000011d4                main
 .text          0x00001338       0x78 obj/default//C/Users/delgado4/Documents/GitHub/cube_solver/Final_Project/ee109-lib/camera.o
                0x00001338                camera_set_front_buffer
                0x00001350                camera_set_back_buffer
                0x0000135c                camera_enable_dma
                0x00001390                camera_swap_buffers
 .text          0x000013b0       0x84 obj/default//C/Users/delgado4/Documents/GitHub/cube_solver/Final_Project/ee109-lib/char_lcd.o
                0x000013b0                char_lcd_move_cursor
                0x000013dc                char_lcd_write
                0x00001404                char_lcd_cursor_off
                0x00001414                char_lcd_shift_left
                0x00001424                char_lcd_shift_right
 .text          0x00001434      0x110 obj/default//C/Users/delgado4/Documents/GitHub/cube_solver/Final_Project/ee109-lib/lcd.o
                0x00001434                lcd_enable_dma
                0x00001468                lcd_set_front_buffer
                0x00001480                lcd_set_back_buffer
                0x0000148c                lcd_swap_buffers
                0x000014ac                lcd_write
                0x000014e4                lcd_draw_rectangle
 .text          0x00001544       0x78 obj/default//C/Users/delgado4/Documents/GitHub/cube_solver/Final_Project/ee109-lib/pushbuttons.o
                0x00001544                pushbuttons_get_data
                0x00001550                pushbuttons_set_interrupt_mask
                0x0000155c                pushbuttons_get_interrupt_mask
                0x00001568                pushbuttons_get_edge_capture
                0x00001574                pushbuttons_clear_edge_capture
                0x00001584                pushbuttons_enable_interrupts
 .text          0x000015bc      0x110 obj/default//C/Users/delgado4/Documents/GitHub/cube_solver/Final_Project/ee109-lib/vga.o
                0x000015bc                vga_enable_dma
                0x000015f0                vga_set_front_buffer
                0x00001608                vga_set_back_buffer
                0x00001614                vga_swap_buffers
                0x00001634                vga_write
                0x0000166c                vga_draw_rectangle
 .text          0x000016cc        0x0 obj/default//C/Users/delgado4/Documents/GitHub/cube_solver/Final_Project/system_globals.o
 .text          0x000016cc        0x0 obj/default//C/Users/delgado4/Documents/GitHub/cube_solver/Final_Project/test_image.o
 .text          0x000016cc      0x130 c:/altera/13.0sp1/nios2eds/bin/gnu/h-i686-mingw32/bin/../lib/gcc/nios2-elf/4.1.2/../../../../nios2-elf/lib\libm.a(lib_a-w_sqrt.o)
                0x000016cc                sqrt
 .text          0x000017fc      0x2c8 c:/altera/13.0sp1/nios2eds/bin/gnu/h-i686-mingw32/bin/../lib/gcc/nios2-elf/4.1.2/../../../../nios2-elf/lib\libm.a(lib_a-e_sqrt.o)
                0x000017fc                __ieee754_sqrt
 .text          0x00001ac4       0x30 c:/altera/13.0sp1/nios2eds/bin/gnu/h-i686-mingw32/bin/../lib/gcc/nios2-elf/4.1.2/../../../../nios2-elf/lib\libm.a(lib_a-s_isnand.o)
                0x00001ac4                __isnand
 .text          0x00001af4        0x0 c:/altera/13.0sp1/nios2eds/bin/gnu/h-i686-mingw32/bin/../lib/gcc/nios2-elf/4.1.2/../../../../nios2-elf/lib\libm.a(lib_a-s_lib_ver.o)
 .text          0x00001af4        0x8 c:/altera/13.0sp1/nios2eds/bin/gnu/h-i686-mingw32/bin/../lib/gcc/nios2-elf/4.1.2/../../../../nios2-elf/lib\libm.a(lib_a-s_matherr.o)
                0x00001af4                matherr
 .text          0x00001afc      0x504 c:/altera/13.0sp1/nios2eds/bin/gnu/h-i686-mingw32/bin/../lib/gcc/nios2-elf/4.1.2\libgcc.a(_addsub_df.o)
                0x00001f0c                __subdf3
                0x00001f8c                __adddf3
 .text          0x00002000      0x3c4 c:/altera/13.0sp1/nios2eds/bin/gnu/h-i686-mingw32/bin/../lib/gcc/nios2-elf/4.1.2\libgcc.a(_mul_df.o)
                0x00002000                __muldf3
 .text          0x000023c4      0x258 c:/altera/13.0sp1/nios2eds/bin/gnu/h-i686-mingw32/bin/../lib/gcc/nios2-elf/4.1.2\libgcc.a(_div_df.o)
                0x000023c4                __divdf3
 .text          0x0000261c       0x88 c:/altera/13.0sp1/nios2eds/bin/gnu/h-i686-mingw32/bin/../lib/gcc/nios2-elf/4.1.2\libgcc.a(_gt_df.o)
                0x0000261c                __gtdf2
 .text          0x000026a4       0x88 c:/altera/13.0sp1/nios2eds/bin/gnu/h-i686-mingw32/bin/../lib/gcc/nios2-elf/4.1.2\libgcc.a(_lt_df.o)
                0x000026a4                __ltdf2
 .text          0x0000272c       0xf8 c:/altera/13.0sp1/nios2eds/bin/gnu/h-i686-mingw32/bin/../lib/gcc/nios2-elf/4.1.2\libgcc.a(_si_to_df.o)
                0x0000272c                __floatsidf
 .text          0x00002824       0xd8 c:/altera/13.0sp1/nios2eds/bin/gnu/h-i686-mingw32/bin/../lib/gcc/nios2-elf/4.1.2\libgcc.a(_df_to_si.o)
                0x00002824                __fixdfsi
 .text          0x000028fc        0x0 c:/altera/13.0sp1/nios2eds/bin/gnu/h-i686-mingw32/bin/../lib/gcc/nios2-elf/4.1.2\libgcc.a(_thenan_df.o)
 .text          0x000028fc       0x98 c:/altera/13.0sp1/nios2eds/bin/gnu/h-i686-mingw32/bin/../lib/gcc/nios2-elf/4.1.2\libgcc.a(_muldi3.o)
                0x000028fc                __muldi3
 .text          0x00002994       0x80 c:/altera/13.0sp1/nios2eds/bin/gnu/h-i686-mingw32/bin/../lib/gcc/nios2-elf/4.1.2\libgcc.a(_clzsi2.o)
                0x00002994                __clzsi2
 .text          0x00002a14      0x314 c:/altera/13.0sp1/nios2eds/bin/gnu/h-i686-mingw32/bin/../lib/gcc/nios2-elf/4.1.2\libgcc.a(_pack_df.o)
                0x00002a14                __pack_d
 .text          0x00002d28      0x138 c:/altera/13.0sp1/nios2eds/bin/gnu/h-i686-mingw32/bin/../lib/gcc/nios2-elf/4.1.2\libgcc.a(_unpack_df.o)
                0x00002d28                __unpack_d
 .text          0x00002e60       0xc8 c:/altera/13.0sp1/nios2eds/bin/gnu/h-i686-mingw32/bin/../lib/gcc/nios2-elf/4.1.2\libgcc.a(_fpcmp_parts_df.o)
                0x00002e60                __fpcmp_parts_d
 .text          0x00002f28        0x0 c:/altera/13.0sp1/nios2eds/bin/gnu/h-i686-mingw32/bin/../lib/gcc/nios2-elf/4.1.2\libgcc.a(_clz.o)
 .text          0x00002f28       0x1c c:/altera/13.0sp1/nios2eds/bin/gnu/h-i686-mingw32/bin/../lib/gcc/nios2-elf/4.1.2/../../../../nios2-elf/lib\libc.a(lib_a-difftime.o)
                0x00002f28                difftime
 .text          0x00002f44       0x10 c:/altera/13.0sp1/nios2eds/bin/gnu/h-i686-mingw32/bin/../lib/gcc/nios2-elf/4.1.2/../../../../nios2-elf/lib\libc.a(lib_a-errno.o)
                0x00002f44                __errno
 .text          0x00002f54      0x124 c:/altera/13.0sp1/nios2eds/bin/gnu/h-i686-mingw32/bin/../lib/gcc/nios2-elf/4.1.2/../../../../nios2-elf/lib\libc.a(lib_a-fclose.o)
                0x00002f54                _fclose_r
                0x00003064                fclose
 .text          0x00003078      0x230 c:/altera/13.0sp1/nios2eds/bin/gnu/h-i686-mingw32/bin/../lib/gcc/nios2-elf/4.1.2/../../../../nios2-elf/lib\libc.a(lib_a-fflush.o)
                0x00003078                _fflush_r
                0x00003274                fflush
 .text          0x000032a8      0x2c0 c:/altera/13.0sp1/nios2eds/bin/gnu/h-i686-mingw32/bin/../lib/gcc/nios2-elf/4.1.2/../../../../nios2-elf/lib\libc.a(lib_a-findfp.o)
                0x00003300                __sfp_lock_acquire
                0x00003304                __sfp_lock_release
                0x00003308                __sinit_lock_acquire
                0x0000330c                __sinit_lock_release
                0x00003310                __sinit
                0x000033c4                __fp_unlock_all
                0x000033dc                __fp_lock_all
                0x000033f4                _cleanup_r
                0x00003400                _cleanup
                0x00003410                __sfmoreglue
                0x00003478                __sfp
 .text          0x00003568      0x110 c:/altera/13.0sp1/nios2eds/bin/gnu/h-i686-mingw32/bin/../lib/gcc/nios2-elf/4.1.2/../../../../nios2-elf/lib\libc.a(lib_a-fopen.o)
                0x00003568                _fopen_r
                0x0000365c                fopen
 .text          0x00003678       0x60 c:/altera/13.0sp1/nios2eds/bin/gnu/h-i686-mingw32/bin/../lib/gcc/nios2-elf/4.1.2/../../../../nios2-elf/lib\libc.a(lib_a-fprintf.o)
                0x00003678                fprintf
                0x000036a4                _fprintf_r
 .text          0x000036d8       0xbc c:/altera/13.0sp1/nios2eds/bin/gnu/h-i686-mingw32/bin/../lib/gcc/nios2-elf/4.1.2/../../../../nios2-elf/lib\libc.a(lib_a-fputc.o)
                0x000036d8                fputc
                0x0000373c                _fputc_r
 .text          0x00003794      0x440 c:/altera/13.0sp1/nios2eds/bin/gnu/h-i686-mingw32/bin/../lib/gcc/nios2-elf/4.1.2/../../../../nios2-elf/lib\libc.a(lib_a-freer.o)
                0x00003794                _malloc_trim_r
                0x000038c0                _free_r
 .text          0x00003bd4      0x460 c:/altera/13.0sp1/nios2eds/bin/gnu/h-i686-mingw32/bin/../lib/gcc/nios2-elf/4.1.2/../../../../nios2-elf/lib\libc.a(lib_a-fseek.o)
                0x00003bd4                _fseek_r
                0x00004010                fseek
 .text          0x00004034       0x74 c:/altera/13.0sp1/nios2eds/bin/gnu/h-i686-mingw32/bin/../lib/gcc/nios2-elf/4.1.2/../../../../nios2-elf/lib\libc.a(lib_a-fstatr.o)
                0x00004034                _fstat_r
 .text          0x000040a8      0x180 c:/altera/13.0sp1/nios2eds/bin/gnu/h-i686-mingw32/bin/../lib/gcc/nios2-elf/4.1.2/../../../../nios2-elf/lib\libc.a(lib_a-fwalk.o)
                0x000040a8                _fwalk_reent
                0x00004170                _fwalk
 .text          0x00004228       0xdc c:/altera/13.0sp1/nios2eds/bin/gnu/h-i686-mingw32/bin/../lib/gcc/nios2-elf/4.1.2/../../../../nios2-elf/lib\libc.a(lib_a-fwrite.o)
                0x00004228                _fwrite_r
                0x000042c4                fwrite
 .text          0x00004304        0x0 c:/altera/13.0sp1/nios2eds/bin/gnu/h-i686-mingw32/bin/../lib/gcc/nios2-elf/4.1.2/../../../../nios2-elf/lib\libc.a(lib_a-impure.o)
 .text          0x00004304        0x0 c:/altera/13.0sp1/nios2eds/bin/gnu/h-i686-mingw32/bin/../lib/gcc/nios2-elf/4.1.2/../../../../nios2-elf/lib\libc.a(lib_a-int_errno.o)
 .text          0x00004304      0x194 c:/altera/13.0sp1/nios2eds/bin/gnu/h-i686-mingw32/bin/../lib/gcc/nios2-elf/4.1.2/../../../../nios2-elf/lib\libc.a(lib_a-makebuf.o)
                0x00004304                __smakebuf_r
 .text          0x00004498      0x740 c:/altera/13.0sp1/nios2eds/bin/gnu/h-i686-mingw32/bin/../lib/gcc/nios2-elf/4.1.2/../../../../nios2-elf/lib\libc.a(lib_a-mallocr.o)
                0x00004498                _malloc_r
 .text          0x00004bd8       0xa0 c:/altera/13.0sp1/nios2eds/bin/gnu/h-i686-mingw32/bin/../lib/gcc/nios2-elf/4.1.2/../../../../nios2-elf/lib\libc.a(lib_a-memcpy.o)
                0x00004bd8                memcpy
 .text          0x00004c78       0x98 c:/altera/13.0sp1/nios2eds/bin/gnu/h-i686-mingw32/bin/../lib/gcc/nios2-elf/4.1.2/../../../../nios2-elf/lib\libc.a(lib_a-memset.o)
                0x00004c78                memset
 .text          0x00004d10       0x78 c:/altera/13.0sp1/nios2eds/bin/gnu/h-i686-mingw32/bin/../lib/gcc/nios2-elf/4.1.2/../../../../nios2-elf/lib\libc.a(lib_a-openr.o)
                0x00004d10                _open_r
 .text          0x00004d88       0x78 c:/altera/13.0sp1/nios2eds/bin/gnu/h-i686-mingw32/bin/../lib/gcc/nios2-elf/4.1.2/../../../../nios2-elf/lib\libc.a(lib_a-printf.o)
                0x00004d88                printf
                0x00004dcc                _printf_r
 .text          0x00004e00      0x1ec c:/altera/13.0sp1/nios2eds/bin/gnu/h-i686-mingw32/bin/../lib/gcc/nios2-elf/4.1.2/../../../../nios2-elf/lib\libc.a(lib_a-putc.o)
                0x00004e00                putc
                0x00004f04                _putc_r
 .text          0x00004fec       0x24 c:/altera/13.0sp1/nios2eds/bin/gnu/h-i686-mingw32/bin/../lib/gcc/nios2-elf/4.1.2/../../../../nios2-elf/lib\libc.a(lib_a-putchar.o)
                0x00004fec                putchar
                0x00005008                _putchar_r
 .text          0x00005010       0xb4 c:/altera/13.0sp1/nios2eds/bin/gnu/h-i686-mingw32/bin/../lib/gcc/nios2-elf/4.1.2/../../../../nios2-elf/lib\libc.a(lib_a-puts.o)
                0x00005010                _puts_r
                0x000050b0                puts
 .text          0x000050c4      0x1e0 c:/altera/13.0sp1/nios2eds/bin/gnu/h-i686-mingw32/bin/../lib/gcc/nios2-elf/4.1.2/../../../../nios2-elf/lib\libc.a(lib_a-refill.o)
                0x000050c4                __srefill_r
 .text          0x000052a4       0x70 c:/altera/13.0sp1/nios2eds/bin/gnu/h-i686-mingw32/bin/../lib/gcc/nios2-elf/4.1.2/../../../../nios2-elf/lib\libc.a(lib_a-sbrkr.o)
                0x000052a4                _sbrk_r
 .text          0x00005314      0x14c c:/altera/13.0sp1/nios2eds/bin/gnu/h-i686-mingw32/bin/../lib/gcc/nios2-elf/4.1.2/../../../../nios2-elf/lib\libc.a(lib_a-stdio.o)
                0x00005314                __sclose
                0x0000531c                __sseek
                0x00005384                __swrite
                0x00005400                __sread
 .text          0x00005460       0x74 c:/altera/13.0sp1/nios2eds/bin/gnu/h-i686-mingw32/bin/../lib/gcc/nios2-elf/4.1.2/../../../../nios2-elf/lib\libc.a(lib_a-strlen.o)
                0x00005460                strlen
 .text          0x000054d4       0x5c c:/altera/13.0sp1/nios2eds/bin/gnu/h-i686-mingw32/bin/../lib/gcc/nios2-elf/4.1.2/../../../../nios2-elf/lib\libc.a(lib_a-time.o)
                0x000054d4                time
 .text          0x00005530     0x1f28 c:/altera/13.0sp1/nios2eds/bin/gnu/h-i686-mingw32/bin/../lib/gcc/nios2-elf/4.1.2/../../../../nios2-elf/lib\libc.a(lib_a-vfprintf.o)
                0x00005588                ___vfprintf_internal_r
                0x00007434                __vfprintf_internal
 .text          0x00007458      0x14c c:/altera/13.0sp1/nios2eds/bin/gnu/h-i686-mingw32/bin/../lib/gcc/nios2-elf/4.1.2/../../../../nios2-elf/lib\libc.a(lib_a-wbuf.o)
                0x00007458                __swbuf_r
                0x00007588                __swbuf
 .text          0x000075a4       0x78 c:/altera/13.0sp1/nios2eds/bin/gnu/h-i686-mingw32/bin/../lib/gcc/nios2-elf/4.1.2/../../../../nios2-elf/lib\libc.a(lib_a-writer.o)
                0x000075a4                _write_r
 .text          0x0000761c      0x13c c:/altera/13.0sp1/nios2eds/bin/gnu/h-i686-mingw32/bin/../lib/gcc/nios2-elf/4.1.2/../../../../nios2-elf/lib\libc.a(lib_a-wsetup.o)
                0x0000761c                __swsetup_r
 .text          0x00007758       0x70 c:/altera/13.0sp1/nios2eds/bin/gnu/h-i686-mingw32/bin/../lib/gcc/nios2-elf/4.1.2/../../../../nios2-elf/lib\libc.a(lib_a-closer.o)
                0x00007758                _close_r
 .text          0x000077c8     0x17cc c:/altera/13.0sp1/nios2eds/bin/gnu/h-i686-mingw32/bin/../lib/gcc/nios2-elf/4.1.2/../../../../nios2-elf/lib\libc.a(lib_a-dtoa.o)
                0x000079e0                _dtoa_r
 .text          0x00008f94       0xa0 c:/altera/13.0sp1/nios2eds/bin/gnu/h-i686-mingw32/bin/../lib/gcc/nios2-elf/4.1.2/../../../../nios2-elf/lib\libc.a(lib_a-flags.o)
                0x00008f94                __sflags
 .text          0x00009034      0x49c c:/altera/13.0sp1/nios2eds/bin/gnu/h-i686-mingw32/bin/../lib/gcc/nios2-elf/4.1.2/../../../../nios2-elf/lib\libc.a(lib_a-fvwrite.o)
                0x00009034                __sfvwrite_r
 .text          0x000094d0       0x74 c:/altera/13.0sp1/nios2eds/bin/gnu/h-i686-mingw32/bin/../lib/gcc/nios2-elf/4.1.2/../../../../nios2-elf/lib\libc.a(lib_a-gettimeofdayr.o)
                0x000094d0                _gettimeofday_r
 .text          0x00009544       0x70 c:/altera/13.0sp1/nios2eds/bin/gnu/h-i686-mingw32/bin/../lib/gcc/nios2-elf/4.1.2/../../../../nios2-elf/lib\libc.a(lib_a-isattyr.o)
                0x00009544                _isatty_r
 .text          0x000095b4       0xc4 c:/altera/13.0sp1/nios2eds/bin/gnu/h-i686-mingw32/bin/../lib/gcc/nios2-elf/4.1.2/../../../../nios2-elf/lib\libc.a(lib_a-locale.o)
                0x000095b4                __locale_charset
                0x000095bc                _localeconv_r
                0x000095c8                localeconv
                0x000095d8                _setlocale_r
                0x0000965c                setlocale
 .text          0x00009678       0x78 c:/altera/13.0sp1/nios2eds/bin/gnu/h-i686-mingw32/bin/../lib/gcc/nios2-elf/4.1.2/../../../../nios2-elf/lib\libc.a(lib_a-lseekr.o)
                0x00009678                _lseek_r
 .text          0x000096f0       0xe4 c:/altera/13.0sp1/nios2eds/bin/gnu/h-i686-mingw32/bin/../lib/gcc/nios2-elf/4.1.2/../../../../nios2-elf/lib\libc.a(lib_a-memchr.o)
                0x000096f0                memchr
 .text          0x000097d4       0xe0 c:/altera/13.0sp1/nios2eds/bin/gnu/h-i686-mingw32/bin/../lib/gcc/nios2-elf/4.1.2/../../../../nios2-elf/lib\libc.a(lib_a-memmove.o)
                0x000097d4                memmove
 .text          0x000098b4      0xff4 c:/altera/13.0sp1/nios2eds/bin/gnu/h-i686-mingw32/bin/../lib/gcc/nios2-elf/4.1.2/../../../../nios2-elf/lib\libc.a(lib_a-mprec.o)
                0x000098b4                _Bfree
                0x000098dc                __hi0bits
                0x0000994c                __lo0bits
                0x00009a10                __mcmp
                0x00009a70                __ulp
                0x00009af0                __b2d
                0x00009c10                __ratio
                0x00009cc0                _mprec_log10
                0x00009d54                __copybits
                0x00009dac                __any_on
                0x00009e34                _Balloc
                0x00009ef0                __d2b
                0x0000a06c                __mdiff
                0x0000a1f8                __lshift
                0x0000a344                __multiply
                0x0000a52c                __i2b
                0x0000a568                __multadd
                0x0000a668                __pow5mult
                0x0000a788                __s2b
 .text          0x0000a8a8       0x78 c:/altera/13.0sp1/nios2eds/bin/gnu/h-i686-mingw32/bin/../lib/gcc/nios2-elf/4.1.2/../../../../nios2-elf/lib\libc.a(lib_a-readr.o)
                0x0000a8a8                _read_r
 .text          0x0000a920      0x5f4 c:/altera/13.0sp1/nios2eds/bin/gnu/h-i686-mingw32/bin/../lib/gcc/nios2-elf/4.1.2/../../../../nios2-elf/lib\libc.a(lib_a-reallocr.o)
                0x0000a920                _realloc_r
 .text          0x0000af14       0x40 c:/altera/13.0sp1/nios2eds/bin/gnu/h-i686-mingw32/bin/../lib/gcc/nios2-elf/4.1.2/../../../../nios2-elf/lib\libc.a(lib_a-s_isinfd.o)
                0x0000af14                __isinfd
 .text          0x0000af54       0xbc c:/altera/13.0sp1/nios2eds/bin/gnu/h-i686-mingw32/bin/../lib/gcc/nios2-elf/4.1.2/../../../../nios2-elf/lib\libc.a(lib_a-strcmp.o)
                0x0000af54                strcmp
 .text          0x0000b010       0xb4 c:/altera/13.0sp1/nios2eds/bin/gnu/h-i686-mingw32/bin/../lib/gcc/nios2-elf/4.1.2/../../../../nios2-elf/lib\libc.a(lib_a-callocr.o)
                0x0000b010                _calloc_r
 .text          0x0000b0c4      0x5dc c:/altera/13.0sp1/nios2eds/bin/gnu/h-i686-mingw32/bin/../lib/gcc/nios2-elf/4.1.2\libgcc.a(_udivdi3.o)
                0x0000b0c4                __udivdi3
 .text          0x0000b6a0      0x5b0 c:/altera/13.0sp1/nios2eds/bin/gnu/h-i686-mingw32/bin/../lib/gcc/nios2-elf/4.1.2\libgcc.a(_umoddi3.o)
                0x0000b6a0                __umoddi3
 .text          0x0000bc50       0x88 c:/altera/13.0sp1/nios2eds/bin/gnu/h-i686-mingw32/bin/../lib/gcc/nios2-elf/4.1.2\libgcc.a(_eq_df.o)
                0x0000bc50                __eqdf2
 .text          0x0000bcd8       0x88 c:/altera/13.0sp1/nios2eds/bin/gnu/h-i686-mingw32/bin/../lib/gcc/nios2-elf/4.1.2\libgcc.a(_ne_df.o)
                0x0000bcd8                __nedf2
 .text          0x0000bd60       0x88 c:/altera/13.0sp1/nios2eds/bin/gnu/h-i686-mingw32/bin/../lib/gcc/nios2-elf/4.1.2\libgcc.a(_ge_df.o)
                0x0000bd60                __gedf2
 .text          0x0000bde8      0x194 c:/altera/13.0sp1/nios2eds/bin/gnu/h-i686-mingw32/bin/../lib/gcc/nios2-elf/4.1.2\libgcc.a(_usi_to_df.o)
                0x0000bde8                __floatunsidf
 .text          0x0000bf7c      0x14c c:/altera/13.0sp1/nios2eds/bin/gnu/h-i686-mingw32/bin/../lib/gcc/nios2-elf/4.1.2\libgcc.a(lib2-divmod.o)
                0x0000bff8                __divsi3
                0x0000c058                __modsi3
                0x0000c0b8                __udivsi3
                0x0000c0c0                __umodsi3
 .text          0x0000c0c8       0xdc BSP/\libhal_bsp.a(alt_close.o)
                0x0000c0c8                close
 .text          0x0000c1a4        0x8 BSP/\libhal_bsp.a(alt_dev.o)
 .text          0x0000c1ac        0x0 BSP/\libhal_bsp.a(alt_errno.o)
 .text          0x0000c1ac       0x80 BSP/\libhal_bsp.a(alt_fstat.o)
                0x0000c1ac                fstat
 .text          0x0000c22c      0x160 BSP/\libhal_bsp.a(alt_gettod.o)
                0x0000c22c                gettimeofday
 .text          0x0000c38c       0xbc BSP/\libhal_bsp.a(alt_irq_register.o)
                0x0000c38c                alt_irq_register
 .text          0x0000c448        0x0 BSP/\libhal_bsp.a(alt_irq_vars.o)
 .text          0x0000c448       0x84 BSP/\libhal_bsp.a(alt_isatty.o)
                0x0000c448                isatty
 .text          0x0000c4cc       0xc4 BSP/\libhal_bsp.a(alt_load.o)
                0x0000c4cc                alt_load
 .text          0x0000c590       0x98 BSP/\libhal_bsp.a(alt_lseek.o)
                0x0000c590                lseek
 .text          0x0000c628       0x50 BSP/\libhal_bsp.a(alt_main.o)
                0x0000c628                alt_main
 .text          0x0000c678        0x8 BSP/\libhal_bsp.a(alt_malloc_lock.o)
                0x0000c678                __malloc_lock
                0x0000c67c                __malloc_unlock
 .text          0x0000c680      0x17c BSP/\libhal_bsp.a(alt_open.o)
                0x0000c680                open
 .text          0x0000c7fc       0xf8 BSP/\libhal_bsp.a(alt_read.o)
                0x0000c7fc                read
 .text          0x0000c8f4       0x24 BSP/\libhal_bsp.a(alt_release_fd.o)
                0x0000c8f4                alt_release_fd
 .text          0x0000c918       0x50 BSP/\libhal_bsp.a(alt_sbrk.o)
                0x0000c918                sbrk
 .text          0x0000c968       0xe0 BSP/\libhal_bsp.a(alt_tick.o)
                0x0000c968                alt_alarm_stop
                0x0000c99c                alt_tick
 .text          0x0000ca48       0xf4 BSP/\libhal_bsp.a(alt_write.o)
                0x0000ca48                write
 .text          0x0000cb3c      0x2f0 BSP/\libhal_bsp.a(alt_sys_init.o)
                0x0000cb3c                alt_irq_init
                0x0000cb5c                alt_sys_init
 .text          0x0000ce2c       0x98 BSP/\libhal_bsp.a(altera_avalon_jtag_uart_fd.o)
                0x0000ce2c                altera_avalon_jtag_uart_ioctl_fd
                0x0000ce4c                altera_avalon_jtag_uart_close_fd
                0x0000ce74                altera_avalon_jtag_uart_write_fd
                0x0000ce9c                altera_avalon_jtag_uart_read_fd
 .text          0x0000cec4      0x238 BSP/\libhal_bsp.a(altera_avalon_jtag_uart_init.o)
                0x0000cec4                altera_avalon_jtag_uart_close
                0x0000cf50                altera_avalon_jtag_uart_init
 .text          0x0000d0fc       0x74 BSP/\libhal_bsp.a(altera_avalon_jtag_uart_ioctl.o)
                0x0000d0fc                altera_avalon_jtag_uart_ioctl
 .text          0x0000d170      0x168 BSP/\libhal_bsp.a(altera_avalon_jtag_uart_read.o)
                0x0000d170                altera_avalon_jtag_uart_read
 .text          0x0000d2d8      0x17c BSP/\libhal_bsp.a(altera_avalon_jtag_uart_write.o)
                0x0000d2d8                altera_avalon_jtag_uart_write
 .text          0x0000d454      0x630 BSP/\libhal_bsp.a(altera_avalon_sgdma.o)
                0x0000d454                alt_avalon_sgdma_register_callback
                0x0000d464                alt_avalon_sgdma_init
                0x0000d4e4                alt_avalon_sgdma_disable_desc_poll
                0x0000d504                alt_avalon_sgdma_enable_desc_poll
                0x0000d534                alt_avalon_sgdma_stop
                0x0000d550                alt_avalon_sgdma_start
                0x0000d568                alt_avalon_sgdma_do_sync_transfer
                0x0000d5fc                alt_avalon_sgdma_do_async_transfer
                0x0000d700                alt_avalon_sgdma_construct_descriptor_burst
                0x0000d82c                alt_avalon_sgdma_construct_descriptor
                0x0000d874                alt_avalon_sgdma_construct_mem_to_stream_desc_burst
                0x0000d8c4                alt_avalon_sgdma_construct_mem_to_stream_desc
                0x0000d904                alt_avalon_sgdma_construct_stream_to_mem_desc_burst
                0x0000d950                alt_avalon_sgdma_construct_stream_to_mem_desc
                0x0000d978                alt_avalon_sgdma_construct_mem_to_mem_desc_burst
                0x0000d9c0                alt_avalon_sgdma_construct_mem_to_mem_desc
                0x0000d9f8                alt_avalon_sgdma_open
                0x0000da54                alt_avalon_sgdma_check_descriptor_status
 .text          0x0000da84       0x80 BSP/\libhal_bsp.a(altera_avalon_timer_sc.o)
                0x0000da84                alt_avalon_timer_sc_init
 .text          0x0000db04      0x30c BSP/\libhal_bsp.a(altera_up_avalon_character_lcd.o)
                0x0000db04                get_DDRAM_addr
                0x0000db20                alt_up_character_lcd_string
                0x0000db6c                alt_up_character_lcd_write
                0x0000db98                alt_up_character_lcd_write_fd
                0x0000dbb8                alt_up_character_lcd_init
                0x0000dbc8                alt_up_character_lcd_send_cmd
                0x0000dbd8                alt_up_character_lcd_cursor_blink_on
                0x0000dbf4                alt_up_character_lcd_cursor_off
                0x0000dc10                alt_up_character_lcd_erase_pos
                0x0000dc7c                alt_up_character_lcd_shift_display
                0x0000dd0c                alt_up_character_lcd_shift_cursor
                0x0000dd9c                alt_up_character_lcd_set_cursor_pos
                0x0000ddf0                alt_up_character_lcd_open_dev
 .text          0x0000de10      0x1e0 BSP/\libhal_bsp.a(altera_up_avalon_irda.o)
                0x0000de10                alt_up_irda_check_parity
                0x0000de1c                alt_up_irda_open_dev
                0x0000de3c                alt_up_irda_read_data
                0x0000de88                alt_up_irda_read_fd
                0x0000df08                alt_up_irda_get_available_space_in_write_FIFO
                0x0000df18                alt_up_irda_write_data
                0x0000df30                alt_up_irda_write_fd
                0x0000dfac                alt_up_irda_disable_read_interrupt
                0x0000dfc8                alt_up_irda_enable_read_interrupt
                0x0000dfe0                alt_up_irda_get_used_space_in_read_FIFO
 .text          0x0000dff0      0x388 BSP/\libhal_bsp.a(altera_up_avalon_ps2.o)
                0x0000dff0                read_RI_bit
                0x0000dffc                read_RE_bit
                0x0000e004                read_CE_bit
                0x0000e010                read_num_bytes_available
                0x0000e018                read_data_valid
                0x0000e024                read_data_byte
                0x0000e02c                alt_up_ps2_open_dev
                0x0000e04c                alt_up_ps2_clear_fifo
                0x0000e07c                alt_up_ps2_read_data_byte
                0x0000e0d4                alt_up_ps2_read_data_byte_timeout
                0x0000e154                alt_up_ps2_read_fd
                0x0000e17c                alt_up_ps2_wait_for_ack
                0x0000e1d8                alt_up_ps2_write_data_byte
                0x0000e218                alt_up_ps2_write_fd
                0x0000e288                alt_up_ps2_write_data_byte_with_ack
                0x0000e2bc                alt_up_ps2_init
                0x0000e344                alt_up_ps2_disable_read_interrupt
                0x0000e360                alt_up_ps2_enable_read_interrupt
 .text          0x0000e378      0x1d4 BSP/\libhal_bsp.a(altera_up_avalon_rs232.o)
                0x0000e378                alt_up_rs232_check_parity
                0x0000e384                alt_up_rs232_open_dev
                0x0000e3a4                alt_up_rs232_read_data
                0x0000e3f0                alt_up_rs232_read_fd
                0x0000e470                alt_up_rs232_get_available_space_in_write_FIFO
                0x0000e480                alt_up_rs232_write_data
                0x0000e498                alt_up_rs232_write_fd
                0x0000e508                alt_up_rs232_disable_read_interrupt
                0x0000e524                alt_up_rs232_enable_read_interrupt
                0x0000e53c                alt_up_rs232_get_used_space_in_read_FIFO
 .text          0x0000e54c      0x178 BSP/\libhal_bsp.a(altera_up_avalon_video_character_buffer_with_dma.o)
                0x0000e54c                alt_up_char_buffer_string
                0x0000e5d4                alt_up_char_buffer_draw
                0x0000e62c                alt_up_char_buffer_clear
                0x0000e654                alt_up_char_buffer_open_dev
                0x0000e674                alt_up_char_buffer_init
 .text          0x0000e6c4       0x94 BSP/\libhal_bsp.a(alt_alarm_start.o)
                0x0000e6c4                alt_alarm_start
 .text          0x0000e758        0x4 BSP/\libhal_bsp.a(alt_dcache_flush_all.o)
                0x0000e758                alt_dcache_flush_all
 .text          0x0000e75c       0x70 BSP/\libhal_bsp.a(alt_dev_llist_insert.o)
                0x0000e75c                alt_dev_llist_insert
 .text          0x0000e7cc       0x70 BSP/\libhal_bsp.a(alt_find_dev.o)
                0x0000e7cc                alt_find_dev
 .text          0x0000e83c       0xbc BSP/\libhal_bsp.a(alt_find_file.o)
                0x0000e83c                alt_find_file
 .text          0x0000e8f8       0x6c BSP/\libhal_bsp.a(alt_get_fd.o)
                0x0000e8f8                alt_get_fd
 .text          0x0000e964       0x20 BSP/\libhal_bsp.a(alt_icache_flush_all.o)
                0x0000e964                alt_icache_flush_all
 .text          0x0000e984       0xfc BSP/\libhal_bsp.a(alt_io_redirect.o)
                0x0000e9e8                alt_io_redirect
 .text          0x0000ea80        0x0 BSP/\libhal_bsp.a(alt_irq_entry.o)
 .text          0x0000ea80        0x0 BSP/\libhal_bsp.a(alt_irq_handler.o)
 .text          0x0000ea80       0x28 BSP/\libhal_bsp.a(alt_remap_uncached.o)
                0x0000ea80                alt_remap_uncached
 .text          0x0000eaa8        0x8 BSP/\libhal_bsp.a(altera_nios2_qsys_irq.o)
                0x0000eaa8                altera_nios2_qsys_irq_init
 .text          0x0000eab0        0x4 BSP/\libhal_bsp.a(alt_dcache_flush.o)
                0x0000eab0                alt_dcache_flush
 .text          0x0000eab4        0x0 BSP/\libhal_bsp.a(alt_exception_entry.o)
 .text          0x0000eab4       0x3c BSP/\libhal_bsp.a(alt_icache_flush.o)
                0x0000eab4                alt_icache_flush
 .text          0x0000eaf0       0x38 c:/altera/13.0sp1/nios2eds/bin/gnu/h-i686-mingw32/bin/../lib/gcc/nios2-elf/4.1.2/../../../../nios2-elf/lib\libc.a(lib_a-exit.o)
                0x0000eaf0                exit
 .text          0x0000eb28       0x74 c:/altera/13.0sp1/nios2eds/bin/gnu/h-i686-mingw32/bin/../lib/gcc/nios2-elf/4.1.2/../../../../nios2-elf/lib\libc.a(lib_a-memcmp.o)
                0x0000eb28                memcmp
 .text          0x0000eb9c      0x1b4 c:/altera/13.0sp1/nios2eds/bin/gnu/h-i686-mingw32/bin/../lib/gcc/nios2-elf/4.1.2/../../../../nios2-elf/lib\libc.a(lib_a-__call_atexit.o)
                0x0000eba0                __call_exitprocs
 .text          0x0000ed50       0x14 BSP/\libhal_bsp.a(alt_exit.o)
                0x0000ed50                _exit
 *(.gnu.warning.*)
 *(.fini)
                0x0000ed64                PROVIDE (__etext, ABSOLUTE (.))
                0x0000ed64                PROVIDE (_etext, ABSOLUTE (.))
                0x0000ed64                PROVIDE (etext, ABSOLUTE (.))
 *(.eh_frame_hdr)
                0x0000ed64                . = ALIGN (0x4)
                0x0000ed64                PROVIDE (__preinit_array_start, ABSOLUTE (.))
 *(.preinit_array)
                0x0000ed64                PROVIDE (__preinit_array_end, ABSOLUTE (.))
                0x0000ed64                PROVIDE (__init_array_start, ABSOLUTE (.))
 *(.init_array)
                0x0000ed64                PROVIDE (__init_array_end, ABSOLUTE (.))
                0x0000ed64                PROVIDE (__fini_array_start, ABSOLUTE (.))
 *(.fini_array)
                0x0000ed64                PROVIDE (__fini_array_end, ABSOLUTE (.))
 *(.eh_frame)
 *(.gcc_except_table)
 *(.dynamic)
                0x0000ed64                PROVIDE (__CTOR_LIST__, ABSOLUTE (.))
 *(.ctors)
 *(SORT(.ctors.*))
 .ctors.65535   0x0000ed64        0x4 c:/altera/13.0sp1/nios2eds/bin/gnu/h-i686-mingw32/bin/../lib/gcc/nios2-elf/4.1.2/../../../../nios2-elf/lib\libc.a(lib_a-__call_atexit.o)
                0x0000ed68                PROVIDE (__CTOR_END__, ABSOLUTE (.))
                0x0000ed68                PROVIDE (__DTOR_LIST__, ABSOLUTE (.))
 *(.dtors)
 *(SORT(.dtors.*))
                0x0000ed68                PROVIDE (__DTOR_END__, ABSOLUTE (.))
 *(.jcr)
                0x0000ed68                . = ALIGN (0x4)

.rodata         0x0000ed68    0x71384
                0x0000ed68                PROVIDE (__ram_rodata_start, ABSOLUTE (.))
                0x0000ed68                . = ALIGN (0x4)
 *(.rodata .rodata.* .gnu.linkonce.r.*)
 .rodata.str1.4
                0x0000ed68      0x156 obj/default//C/Users/delgado4/Documents/GitHub/cube_solver/Final_Project/cube_solver.o
                                0x158 (size before relaxing)
 *fill*         0x0000eebe        0x2 00
 .rodata        0x0000eec0       0x7c obj/default//C/Users/delgado4/Documents/GitHub/cube_solver/Final_Project/cube_solver.o
 .rodata        0x0000ef3c    0x70cc5 obj/default//C/Users/delgado4/Documents/GitHub/cube_solver/Final_Project/test_image.o
                0x0000ef3c                test_img
 *fill*         0x0007fc01        0x3 00
 .rodata.str1.4
                0x0007fc04        0x5 c:/altera/13.0sp1/nios2eds/bin/gnu/h-i686-mingw32/bin/../lib/gcc/nios2-elf/4.1.2/../../../../nios2-elf/lib\libm.a(lib_a-w_sqrt.o)
                                  0x8 (size before relaxing)
 *fill*         0x0007fc09        0x3 00
 .rodata        0x0007fc0c       0x14 c:/altera/13.0sp1/nios2eds/bin/gnu/h-i686-mingw32/bin/../lib/gcc/nios2-elf/4.1.2\libgcc.a(_thenan_df.o)
                0x0007fc0c                __thenan_df
 .rodata        0x0007fc20      0x100 c:/altera/13.0sp1/nios2eds/bin/gnu/h-i686-mingw32/bin/../lib/gcc/nios2-elf/4.1.2\libgcc.a(_clz.o)
                0x0007fc20                __clz_tab
 .rodata.str1.4
                0x0007fd20        0x2 c:/altera/13.0sp1/nios2eds/bin/gnu/h-i686-mingw32/bin/../lib/gcc/nios2-elf/4.1.2/../../../../nios2-elf/lib\libc.a(lib_a-impure.o)
                                  0x4 (size before relaxing)
 .rodata.str1.4
                0x00000000        0x2 c:/altera/13.0sp1/nios2eds/bin/gnu/h-i686-mingw32/bin/../lib/gcc/nios2-elf/4.1.2/../../../../nios2-elf/lib\libc.a(lib_a-puts.o)
                                  0x4 (size before relaxing)
 *fill*         0x0007fd22        0x2 00
 .rodata.str1.4
                0x0007fd24       0x5e c:/altera/13.0sp1/nios2eds/bin/gnu/h-i686-mingw32/bin/../lib/gcc/nios2-elf/4.1.2/../../../../nios2-elf/lib\libc.a(lib_a-vfprintf.o)
                                 0x60 (size before relaxing)
 .rodata        0x0007fd82       0x20 c:/altera/13.0sp1/nios2eds/bin/gnu/h-i686-mingw32/bin/../lib/gcc/nios2-elf/4.1.2/../../../../nios2-elf/lib\libc.a(lib_a-vfprintf.o)
 *fill*         0x0007fda2        0x2 00
 .rodata.str1.4
                0x0007fda4       0x10 c:/altera/13.0sp1/nios2eds/bin/gnu/h-i686-mingw32/bin/../lib/gcc/nios2-elf/4.1.2/../../../../nios2-elf/lib\libc.a(lib_a-dtoa.o)
                                 0x14 (size before relaxing)
 .rodata.str1.4
                0x0007fdb4        0xf c:/altera/13.0sp1/nios2eds/bin/gnu/h-i686-mingw32/bin/../lib/gcc/nios2-elf/4.1.2/../../../../nios2-elf/lib\libc.a(lib_a-locale.o)
                                 0x18 (size before relaxing)
 *fill*         0x0007fdc3        0x1 00
 .rodata        0x0007fdc4       0x30 c:/altera/13.0sp1/nios2eds/bin/gnu/h-i686-mingw32/bin/../lib/gcc/nios2-elf/4.1.2/../../../../nios2-elf/lib\libc.a(lib_a-locale.o)
 .rodata        0x0007fdf4      0x124 c:/altera/13.0sp1/nios2eds/bin/gnu/h-i686-mingw32/bin/../lib/gcc/nios2-elf/4.1.2/../../../../nios2-elf/lib\libc.a(lib_a-mprec.o)
                0x0007fdf4                __mprec_tens
                0x0007febc                __mprec_bigtens
                0x0007fee4                __mprec_tinytens
 .rodata.str1.4
                0x0007ff18        0xa BSP/\libhal_bsp.a(alt_dev.o)
                                  0xc (size before relaxing)
 *fill*         0x0007ff22        0x2 00
 .rodata.str1.4
                0x0007ff24        0xf BSP/\libhal_bsp.a(alt_main.o)
                                 0x10 (size before relaxing)
 *fill*         0x0007ff33        0x1 00
 .rodata.str1.4
                0x0007ff34      0x1b5 BSP/\libhal_bsp.a(alt_sys_init.o)
                                0x1c8 (size before relaxing)
 .rodata.str1.4
                0x00000000      0x1b8 BSP/\libhal_bsp.a(altera_up_avalon_video_character_buffer_with_dma.o)
                                 0x1c (size before relaxing)
 *(.rodata1)
                0x000800ec                . = ALIGN (0x4)
 *fill*         0x000800e9        0x3 00
                0x000800ec                PROVIDE (__ram_rodata_end, ABSOLUTE (.))
                0x0000ed68                PROVIDE (__flash_rodata_start, LOADADDR (.rodata))

.rwdata         0x000800ec     0x1f28 load address 0x00082014
                0x000800ec                PROVIDE (__ram_rwdata_start, ABSOLUTE (.))
                0x000800ec                . = ALIGN (0x4)
 *(.got.plt)
 *(.got)
 *(.data1)
 *(.data .data.* .gnu.linkonce.d.*)
 .data          0x000800ec        0x0 BSP//obj/HAL/src/crt0.o
 .data          0x000800ec       0x48 obj/default//C/Users/delgado4/Documents/GitHub/cube_solver/Final_Project/cube_solver.o
                0x000800ec                SOBEL_ARRAY_X
                0x00080110                SOBEL_ARRAY_Y
 .data          0x00080134        0x0 obj/default//C/Users/delgado4/Documents/GitHub/cube_solver/Final_Project/ee109-lib/camera.o
 .data          0x00080134        0x0 obj/default//C/Users/delgado4/Documents/GitHub/cube_solver/Final_Project/ee109-lib/char_lcd.o
 .data          0x00080134        0x0 obj/default//C/Users/delgado4/Documents/GitHub/cube_solver/Final_Project/ee109-lib/lcd.o
 .data          0x00080134        0x0 obj/default//C/Users/delgado4/Documents/GitHub/cube_solver/Final_Project/ee109-lib/pushbuttons.o
 .data          0x00080134        0x0 obj/default//C/Users/delgado4/Documents/GitHub/cube_solver/Final_Project/ee109-lib/vga.o
 .data          0x00080134        0x0 obj/default//C/Users/delgado4/Documents/GitHub/cube_solver/Final_Project/system_globals.o
 .data          0x00080134        0x0 obj/default//C/Users/delgado4/Documents/GitHub/cube_solver/Final_Project/test_image.o
 .data          0x00080134        0x0 c:/altera/13.0sp1/nios2eds/bin/gnu/h-i686-mingw32/bin/../lib/gcc/nios2-elf/4.1.2/../../../../nios2-elf/lib\libm.a(lib_a-w_sqrt.o)
 .data          0x00080134        0x0 c:/altera/13.0sp1/nios2eds/bin/gnu/h-i686-mingw32/bin/../lib/gcc/nios2-elf/4.1.2/../../../../nios2-elf/lib\libm.a(lib_a-e_sqrt.o)
 .data          0x00080134        0x0 c:/altera/13.0sp1/nios2eds/bin/gnu/h-i686-mingw32/bin/../lib/gcc/nios2-elf/4.1.2/../../../../nios2-elf/lib\libm.a(lib_a-s_isnand.o)
 .data          0x00080134        0x0 c:/altera/13.0sp1/nios2eds/bin/gnu/h-i686-mingw32/bin/../lib/gcc/nios2-elf/4.1.2/../../../../nios2-elf/lib\libm.a(lib_a-s_lib_ver.o)
 .data          0x00080134        0x0 c:/altera/13.0sp1/nios2eds/bin/gnu/h-i686-mingw32/bin/../lib/gcc/nios2-elf/4.1.2/../../../../nios2-elf/lib\libm.a(lib_a-s_matherr.o)
 .data          0x00080134        0x0 c:/altera/13.0sp1/nios2eds/bin/gnu/h-i686-mingw32/bin/../lib/gcc/nios2-elf/4.1.2\libgcc.a(_addsub_df.o)
 .data          0x00080134        0x0 c:/altera/13.0sp1/nios2eds/bin/gnu/h-i686-mingw32/bin/../lib/gcc/nios2-elf/4.1.2\libgcc.a(_mul_df.o)
 .data          0x00080134        0x0 c:/altera/13.0sp1/nios2eds/bin/gnu/h-i686-mingw32/bin/../lib/gcc/nios2-elf/4.1.2\libgcc.a(_div_df.o)
 .data          0x00080134        0x0 c:/altera/13.0sp1/nios2eds/bin/gnu/h-i686-mingw32/bin/../lib/gcc/nios2-elf/4.1.2\libgcc.a(_gt_df.o)
 .data          0x00080134        0x0 c:/altera/13.0sp1/nios2eds/bin/gnu/h-i686-mingw32/bin/../lib/gcc/nios2-elf/4.1.2\libgcc.a(_lt_df.o)
 .data          0x00080134        0x0 c:/altera/13.0sp1/nios2eds/bin/gnu/h-i686-mingw32/bin/../lib/gcc/nios2-elf/4.1.2\libgcc.a(_si_to_df.o)
 .data          0x00080134        0x0 c:/altera/13.0sp1/nios2eds/bin/gnu/h-i686-mingw32/bin/../lib/gcc/nios2-elf/4.1.2\libgcc.a(_df_to_si.o)
 .data          0x00080134        0x0 c:/altera/13.0sp1/nios2eds/bin/gnu/h-i686-mingw32/bin/../lib/gcc/nios2-elf/4.1.2\libgcc.a(_thenan_df.o)
 .data          0x00080134        0x0 c:/altera/13.0sp1/nios2eds/bin/gnu/h-i686-mingw32/bin/../lib/gcc/nios2-elf/4.1.2\libgcc.a(_muldi3.o)
 .data          0x00080134        0x0 c:/altera/13.0sp1/nios2eds/bin/gnu/h-i686-mingw32/bin/../lib/gcc/nios2-elf/4.1.2\libgcc.a(_clzsi2.o)
 .data          0x00080134        0x0 c:/altera/13.0sp1/nios2eds/bin/gnu/h-i686-mingw32/bin/../lib/gcc/nios2-elf/4.1.2\libgcc.a(_pack_df.o)
 .data          0x00080134        0x0 c:/altera/13.0sp1/nios2eds/bin/gnu/h-i686-mingw32/bin/../lib/gcc/nios2-elf/4.1.2\libgcc.a(_unpack_df.o)
 .data          0x00080134        0x0 c:/altera/13.0sp1/nios2eds/bin/gnu/h-i686-mingw32/bin/../lib/gcc/nios2-elf/4.1.2\libgcc.a(_fpcmp_parts_df.o)
 .data          0x00080134        0x0 c:/altera/13.0sp1/nios2eds/bin/gnu/h-i686-mingw32/bin/../lib/gcc/nios2-elf/4.1.2\libgcc.a(_clz.o)
 .data          0x00080134        0x0 c:/altera/13.0sp1/nios2eds/bin/gnu/h-i686-mingw32/bin/../lib/gcc/nios2-elf/4.1.2/../../../../nios2-elf/lib\libc.a(lib_a-difftime.o)
 .data          0x00080134        0x0 c:/altera/13.0sp1/nios2eds/bin/gnu/h-i686-mingw32/bin/../lib/gcc/nios2-elf/4.1.2/../../../../nios2-elf/lib\libc.a(lib_a-errno.o)
 .data          0x00080134        0x0 c:/altera/13.0sp1/nios2eds/bin/gnu/h-i686-mingw32/bin/../lib/gcc/nios2-elf/4.1.2/../../../../nios2-elf/lib\libc.a(lib_a-fclose.o)
 .data          0x00080134        0x0 c:/altera/13.0sp1/nios2eds/bin/gnu/h-i686-mingw32/bin/../lib/gcc/nios2-elf/4.1.2/../../../../nios2-elf/lib\libc.a(lib_a-fflush.o)
 .data          0x00080134        0x0 c:/altera/13.0sp1/nios2eds/bin/gnu/h-i686-mingw32/bin/../lib/gcc/nios2-elf/4.1.2/../../../../nios2-elf/lib\libc.a(lib_a-findfp.o)
 .data          0x00080134        0x0 c:/altera/13.0sp1/nios2eds/bin/gnu/h-i686-mingw32/bin/../lib/gcc/nios2-elf/4.1.2/../../../../nios2-elf/lib\libc.a(lib_a-fopen.o)
 .data          0x00080134        0x0 c:/altera/13.0sp1/nios2eds/bin/gnu/h-i686-mingw32/bin/../lib/gcc/nios2-elf/4.1.2/../../../../nios2-elf/lib\libc.a(lib_a-fprintf.o)
 .data          0x00080134        0x0 c:/altera/13.0sp1/nios2eds/bin/gnu/h-i686-mingw32/bin/../lib/gcc/nios2-elf/4.1.2/../../../../nios2-elf/lib\libc.a(lib_a-fputc.o)
 .data          0x00080134        0x0 c:/altera/13.0sp1/nios2eds/bin/gnu/h-i686-mingw32/bin/../lib/gcc/nios2-elf/4.1.2/../../../../nios2-elf/lib\libc.a(lib_a-freer.o)
 .data          0x00080134        0x0 c:/altera/13.0sp1/nios2eds/bin/gnu/h-i686-mingw32/bin/../lib/gcc/nios2-elf/4.1.2/../../../../nios2-elf/lib\libc.a(lib_a-fseek.o)
 .data          0x00080134        0x0 c:/altera/13.0sp1/nios2eds/bin/gnu/h-i686-mingw32/bin/../lib/gcc/nios2-elf/4.1.2/../../../../nios2-elf/lib\libc.a(lib_a-fstatr.o)
 .data          0x00080134        0x0 c:/altera/13.0sp1/nios2eds/bin/gnu/h-i686-mingw32/bin/../lib/gcc/nios2-elf/4.1.2/../../../../nios2-elf/lib\libc.a(lib_a-fwalk.o)
 .data          0x00080134        0x0 c:/altera/13.0sp1/nios2eds/bin/gnu/h-i686-mingw32/bin/../lib/gcc/nios2-elf/4.1.2/../../../../nios2-elf/lib\libc.a(lib_a-fwrite.o)
 .data          0x00080134      0x400 c:/altera/13.0sp1/nios2eds/bin/gnu/h-i686-mingw32/bin/../lib/gcc/nios2-elf/4.1.2/../../../../nios2-elf/lib\libc.a(lib_a-impure.o)
 .data          0x00080534        0x0 c:/altera/13.0sp1/nios2eds/bin/gnu/h-i686-mingw32/bin/../lib/gcc/nios2-elf/4.1.2/../../../../nios2-elf/lib\libc.a(lib_a-int_errno.o)
 .data          0x00080534        0x0 c:/altera/13.0sp1/nios2eds/bin/gnu/h-i686-mingw32/bin/../lib/gcc/nios2-elf/4.1.2/../../../../nios2-elf/lib\libc.a(lib_a-makebuf.o)
 .data          0x00080534      0x408 c:/altera/13.0sp1/nios2eds/bin/gnu/h-i686-mingw32/bin/../lib/gcc/nios2-elf/4.1.2/../../../../nios2-elf/lib\libc.a(lib_a-mallocr.o)
                0x00080534                __malloc_av_
 .data          0x0008093c        0x0 c:/altera/13.0sp1/nios2eds/bin/gnu/h-i686-mingw32/bin/../lib/gcc/nios2-elf/4.1.2/../../../../nios2-elf/lib\libc.a(lib_a-memcpy.o)
 .data          0x0008093c        0x0 c:/altera/13.0sp1/nios2eds/bin/gnu/h-i686-mingw32/bin/../lib/gcc/nios2-elf/4.1.2/../../../../nios2-elf/lib\libc.a(lib_a-memset.o)
 .data          0x0008093c        0x0 c:/altera/13.0sp1/nios2eds/bin/gnu/h-i686-mingw32/bin/../lib/gcc/nios2-elf/4.1.2/../../../../nios2-elf/lib\libc.a(lib_a-openr.o)
 .data          0x0008093c        0x0 c:/altera/13.0sp1/nios2eds/bin/gnu/h-i686-mingw32/bin/../lib/gcc/nios2-elf/4.1.2/../../../../nios2-elf/lib\libc.a(lib_a-printf.o)
 .data          0x0008093c        0x0 c:/altera/13.0sp1/nios2eds/bin/gnu/h-i686-mingw32/bin/../lib/gcc/nios2-elf/4.1.2/../../../../nios2-elf/lib\libc.a(lib_a-putc.o)
 .data          0x0008093c        0x0 c:/altera/13.0sp1/nios2eds/bin/gnu/h-i686-mingw32/bin/../lib/gcc/nios2-elf/4.1.2/../../../../nios2-elf/lib\libc.a(lib_a-putchar.o)
 .data          0x0008093c        0x0 c:/altera/13.0sp1/nios2eds/bin/gnu/h-i686-mingw32/bin/../lib/gcc/nios2-elf/4.1.2/../../../../nios2-elf/lib\libc.a(lib_a-puts.o)
 .data          0x0008093c        0x0 c:/altera/13.0sp1/nios2eds/bin/gnu/h-i686-mingw32/bin/../lib/gcc/nios2-elf/4.1.2/../../../../nios2-elf/lib\libc.a(lib_a-refill.o)
 .data          0x0008093c        0x0 c:/altera/13.0sp1/nios2eds/bin/gnu/h-i686-mingw32/bin/../lib/gcc/nios2-elf/4.1.2/../../../../nios2-elf/lib\libc.a(lib_a-sbrkr.o)
 .data          0x0008093c        0x0 c:/altera/13.0sp1/nios2eds/bin/gnu/h-i686-mingw32/bin/../lib/gcc/nios2-elf/4.1.2/../../../../nios2-elf/lib\libc.a(lib_a-stdio.o)
 .data          0x0008093c        0x0 c:/altera/13.0sp1/nios2eds/bin/gnu/h-i686-mingw32/bin/../lib/gcc/nios2-elf/4.1.2/../../../../nios2-elf/lib\libc.a(lib_a-strlen.o)
 .data          0x0008093c        0x0 c:/altera/13.0sp1/nios2eds/bin/gnu/h-i686-mingw32/bin/../lib/gcc/nios2-elf/4.1.2/../../../../nios2-elf/lib\libc.a(lib_a-time.o)
 .data          0x0008093c        0x0 c:/altera/13.0sp1/nios2eds/bin/gnu/h-i686-mingw32/bin/../lib/gcc/nios2-elf/4.1.2/../../../../nios2-elf/lib\libc.a(lib_a-vfprintf.o)
 .data          0x0008093c        0x0 c:/altera/13.0sp1/nios2eds/bin/gnu/h-i686-mingw32/bin/../lib/gcc/nios2-elf/4.1.2/../../../../nios2-elf/lib\libc.a(lib_a-wbuf.o)
 .data          0x0008093c        0x0 c:/altera/13.0sp1/nios2eds/bin/gnu/h-i686-mingw32/bin/../lib/gcc/nios2-elf/4.1.2/../../../../nios2-elf/lib\libc.a(lib_a-writer.o)
 .data          0x0008093c        0x0 c:/altera/13.0sp1/nios2eds/bin/gnu/h-i686-mingw32/bin/../lib/gcc/nios2-elf/4.1.2/../../../../nios2-elf/lib\libc.a(lib_a-wsetup.o)
 .data          0x0008093c        0x0 c:/altera/13.0sp1/nios2eds/bin/gnu/h-i686-mingw32/bin/../lib/gcc/nios2-elf/4.1.2/../../../../nios2-elf/lib\libc.a(lib_a-closer.o)
 .data          0x0008093c        0x0 c:/altera/13.0sp1/nios2eds/bin/gnu/h-i686-mingw32/bin/../lib/gcc/nios2-elf/4.1.2/../../../../nios2-elf/lib\libc.a(lib_a-dtoa.o)
 .data          0x0008093c        0x0 c:/altera/13.0sp1/nios2eds/bin/gnu/h-i686-mingw32/bin/../lib/gcc/nios2-elf/4.1.2/../../../../nios2-elf/lib\libc.a(lib_a-flags.o)
 .data          0x0008093c        0x0 c:/altera/13.0sp1/nios2eds/bin/gnu/h-i686-mingw32/bin/../lib/gcc/nios2-elf/4.1.2/../../../../nios2-elf/lib\libc.a(lib_a-fvwrite.o)
 .data          0x0008093c        0x0 c:/altera/13.0sp1/nios2eds/bin/gnu/h-i686-mingw32/bin/../lib/gcc/nios2-elf/4.1.2/../../../../nios2-elf/lib\libc.a(lib_a-gettimeofdayr.o)
 .data          0x0008093c        0x0 c:/altera/13.0sp1/nios2eds/bin/gnu/h-i686-mingw32/bin/../lib/gcc/nios2-elf/4.1.2/../../../../nios2-elf/lib\libc.a(lib_a-isattyr.o)
 .data          0x0008093c        0xc c:/altera/13.0sp1/nios2eds/bin/gnu/h-i686-mingw32/bin/../lib/gcc/nios2-elf/4.1.2/../../../../nios2-elf/lib\libc.a(lib_a-locale.o)
                0x0008093c                __lc_ctype
 .data          0x00080948        0x0 c:/altera/13.0sp1/nios2eds/bin/gnu/h-i686-mingw32/bin/../lib/gcc/nios2-elf/4.1.2/../../../../nios2-elf/lib\libc.a(lib_a-lseekr.o)
 .data          0x00080948        0x0 c:/altera/13.0sp1/nios2eds/bin/gnu/h-i686-mingw32/bin/../lib/gcc/nios2-elf/4.1.2/../../../../nios2-elf/lib\libc.a(lib_a-memchr.o)
 .data          0x00080948        0x0 c:/altera/13.0sp1/nios2eds/bin/gnu/h-i686-mingw32/bin/../lib/gcc/nios2-elf/4.1.2/../../../../nios2-elf/lib\libc.a(lib_a-memmove.o)
 .data          0x00080948        0x0 c:/altera/13.0sp1/nios2eds/bin/gnu/h-i686-mingw32/bin/../lib/gcc/nios2-elf/4.1.2/../../../../nios2-elf/lib\libc.a(lib_a-mprec.o)
 .data          0x00080948        0x0 c:/altera/13.0sp1/nios2eds/bin/gnu/h-i686-mingw32/bin/../lib/gcc/nios2-elf/4.1.2/../../../../nios2-elf/lib\libc.a(lib_a-readr.o)
 .data          0x00080948        0x0 c:/altera/13.0sp1/nios2eds/bin/gnu/h-i686-mingw32/bin/../lib/gcc/nios2-elf/4.1.2/../../../../nios2-elf/lib\libc.a(lib_a-reallocr.o)
 .data          0x00080948        0x0 c:/altera/13.0sp1/nios2eds/bin/gnu/h-i686-mingw32/bin/../lib/gcc/nios2-elf/4.1.2/../../../../nios2-elf/lib\libc.a(lib_a-s_isinfd.o)
 .data          0x00080948        0x0 c:/altera/13.0sp1/nios2eds/bin/gnu/h-i686-mingw32/bin/../lib/gcc/nios2-elf/4.1.2/../../../../nios2-elf/lib\libc.a(lib_a-strcmp.o)
 .data          0x00080948        0x0 c:/altera/13.0sp1/nios2eds/bin/gnu/h-i686-mingw32/bin/../lib/gcc/nios2-elf/4.1.2/../../../../nios2-elf/lib\libc.a(lib_a-callocr.o)
 .data          0x00080948        0x0 c:/altera/13.0sp1/nios2eds/bin/gnu/h-i686-mingw32/bin/../lib/gcc/nios2-elf/4.1.2\libgcc.a(_udivdi3.o)
 .data          0x00080948        0x0 c:/altera/13.0sp1/nios2eds/bin/gnu/h-i686-mingw32/bin/../lib/gcc/nios2-elf/4.1.2\libgcc.a(_umoddi3.o)
 .data          0x00080948        0x0 c:/altera/13.0sp1/nios2eds/bin/gnu/h-i686-mingw32/bin/../lib/gcc/nios2-elf/4.1.2\libgcc.a(_eq_df.o)
 .data          0x00080948        0x0 c:/altera/13.0sp1/nios2eds/bin/gnu/h-i686-mingw32/bin/../lib/gcc/nios2-elf/4.1.2\libgcc.a(_ne_df.o)
 .data          0x00080948        0x0 c:/altera/13.0sp1/nios2eds/bin/gnu/h-i686-mingw32/bin/../lib/gcc/nios2-elf/4.1.2\libgcc.a(_ge_df.o)
 .data          0x00080948        0x0 c:/altera/13.0sp1/nios2eds/bin/gnu/h-i686-mingw32/bin/../lib/gcc/nios2-elf/4.1.2\libgcc.a(_usi_to_df.o)
 .data          0x00080948        0x0 c:/altera/13.0sp1/nios2eds/bin/gnu/h-i686-mingw32/bin/../lib/gcc/nios2-elf/4.1.2\libgcc.a(lib2-divmod.o)
 .data          0x00080948        0x0 BSP/\libhal_bsp.a(alt_close.o)
 .data          0x00080948      0x1a8 BSP/\libhal_bsp.a(alt_dev.o)
                0x00080948                alt_dev_null
                0x00080970                alt_fd_list
 .data          0x00080af0        0x0 BSP/\libhal_bsp.a(alt_errno.o)
 .data          0x00080af0        0x0 BSP/\libhal_bsp.a(alt_fstat.o)
 .data          0x00080af0        0x0 BSP/\libhal_bsp.a(alt_gettod.o)
 .data          0x00080af0        0x0 BSP/\libhal_bsp.a(alt_irq_register.o)
 .data          0x00080af0        0x0 BSP/\libhal_bsp.a(alt_irq_vars.o)
 .data          0x00080af0        0x0 BSP/\libhal_bsp.a(alt_isatty.o)
 .data          0x00080af0        0x0 BSP/\libhal_bsp.a(alt_load.o)
 .data          0x00080af0        0x0 BSP/\libhal_bsp.a(alt_lseek.o)
 .data          0x00080af0        0x0 BSP/\libhal_bsp.a(alt_main.o)
 .data          0x00080af0        0x0 BSP/\libhal_bsp.a(alt_malloc_lock.o)
 .data          0x00080af0        0x0 BSP/\libhal_bsp.a(alt_open.o)
 .data          0x00080af0        0x0 BSP/\libhal_bsp.a(alt_read.o)
 .data          0x00080af0        0x0 BSP/\libhal_bsp.a(alt_release_fd.o)
 .data          0x00080af0        0x0 BSP/\libhal_bsp.a(alt_sbrk.o)
 .data          0x00080af0        0x0 BSP/\libhal_bsp.a(alt_tick.o)
 .data          0x00080af0        0x0 BSP/\libhal_bsp.a(alt_write.o)
 .data          0x00080af0     0x1494 BSP/\libhal_bsp.a(alt_sys_init.o)
 .data          0x00081f84        0x0 BSP/\libhal_bsp.a(altera_avalon_jtag_uart_fd.o)
 .data          0x00081f84        0x0 BSP/\libhal_bsp.a(altera_avalon_jtag_uart_init.o)
 .data          0x00081f84        0x0 BSP/\libhal_bsp.a(altera_avalon_jtag_uart_ioctl.o)
 .data          0x00081f84        0x0 BSP/\libhal_bsp.a(altera_avalon_jtag_uart_read.o)
 .data          0x00081f84        0x0 BSP/\libhal_bsp.a(altera_avalon_jtag_uart_write.o)
 .data          0x00081f84        0x0 BSP/\libhal_bsp.a(altera_avalon_sgdma.o)
 .data          0x00081f84        0x0 BSP/\libhal_bsp.a(altera_avalon_timer_sc.o)
 .data          0x00081f84        0x0 BSP/\libhal_bsp.a(altera_up_avalon_character_lcd.o)
 .data          0x00081f84        0x0 BSP/\libhal_bsp.a(altera_up_avalon_irda.o)
 .data          0x00081f84        0x0 BSP/\libhal_bsp.a(altera_up_avalon_ps2.o)
 .data          0x00081f84        0x0 BSP/\libhal_bsp.a(altera_up_avalon_rs232.o)
 .data          0x00081f84        0x0 BSP/\libhal_bsp.a(altera_up_avalon_video_character_buffer_with_dma.o)
 .data          0x00081f84        0x0 BSP/\libhal_bsp.a(alt_alarm_start.o)
 .data          0x00081f84        0x0 BSP/\libhal_bsp.a(alt_dcache_flush_all.o)
 .data          0x00081f84        0x0 BSP/\libhal_bsp.a(alt_dev_llist_insert.o)
 .data          0x00081f84        0x0 BSP/\libhal_bsp.a(alt_find_dev.o)
 .data          0x00081f84        0x0 BSP/\libhal_bsp.a(alt_find_file.o)
 .data          0x00081f84        0x0 BSP/\libhal_bsp.a(alt_get_fd.o)
 .data          0x00081f84        0x0 BSP/\libhal_bsp.a(alt_icache_flush_all.o)
 .data          0x00081f84        0x0 BSP/\libhal_bsp.a(alt_io_redirect.o)
 .data          0x00081f84        0x0 BSP/\libhal_bsp.a(alt_irq_entry.o)
 .data          0x00081f84        0x0 BSP/\libhal_bsp.a(alt_irq_handler.o)
 .data          0x00081f84        0x0 BSP/\libhal_bsp.a(alt_remap_uncached.o)
 .data          0x00081f84        0x0 BSP/\libhal_bsp.a(altera_nios2_qsys_irq.o)
 .data          0x00081f84        0x0 BSP/\libhal_bsp.a(alt_dcache_flush.o)
 .data          0x00081f84        0x0 BSP/\libhal_bsp.a(alt_exception_entry.o)
 .data          0x00081f84        0x0 BSP/\libhal_bsp.a(alt_icache_flush.o)
 .data          0x00081f84        0x0 c:/altera/13.0sp1/nios2eds/bin/gnu/h-i686-mingw32/bin/../lib/gcc/nios2-elf/4.1.2/../../../../nios2-elf/lib\libc.a(lib_a-exit.o)
 .data          0x00081f84        0x0 c:/altera/13.0sp1/nios2eds/bin/gnu/h-i686-mingw32/bin/../lib/gcc/nios2-elf/4.1.2/../../../../nios2-elf/lib\libc.a(lib_a-memcmp.o)
 .data          0x00081f84        0x0 c:/altera/13.0sp1/nios2eds/bin/gnu/h-i686-mingw32/bin/../lib/gcc/nios2-elf/4.1.2/../../../../nios2-elf/lib\libc.a(lib_a-__call_atexit.o)
 .data          0x00081f84        0x0 BSP/\libhal_bsp.a(alt_exit.o)
                0x00089f84                _gp = ABSOLUTE ((. + 0x8000))
                0x00089f84                PROVIDE (gp, _gp)
 *(.rwdata .rwdata.*)
 *(.sdata .sdata.* .gnu.linkonce.s.*)
 .sdata         0x00081f84        0x4 obj/default//C/Users/delgado4/Documents/GitHub/cube_solver/Final_Project/cube_solver.o
                0x00081f84                imagePtr
 .sdata         0x00081f88        0xc obj/default//C/Users/delgado4/Documents/GitHub/cube_solver/Final_Project/ee109-lib/camera.o
 .sdata         0x00081f94        0x8 obj/default//C/Users/delgado4/Documents/GitHub/cube_solver/Final_Project/ee109-lib/char_lcd.o
                0x00081f94                instruction_ptr
                0x00081f98                data_ptr
 .sdata         0x00081f9c       0x10 obj/default//C/Users/delgado4/Documents/GitHub/cube_solver/Final_Project/ee109-lib/lcd.o
 .sdata         0x00081fac        0xc obj/default//C/Users/delgado4/Documents/GitHub/cube_solver/Final_Project/ee109-lib/pushbuttons.o
 .sdata         0x00081fb8       0x10 obj/default//C/Users/delgado4/Documents/GitHub/cube_solver/Final_Project/ee109-lib/vga.o
 .sdata         0x00081fc8        0x4 c:/altera/13.0sp1/nios2eds/bin/gnu/h-i686-mingw32/bin/../lib/gcc/nios2-elf/4.1.2/../../../../nios2-elf/lib\libm.a(lib_a-s_lib_ver.o)
                0x00081fc8                __fdlib_version
 .sdata         0x00081fcc        0x8 c:/altera/13.0sp1/nios2eds/bin/gnu/h-i686-mingw32/bin/../lib/gcc/nios2-elf/4.1.2/../../../../nios2-elf/lib\libc.a(lib_a-impure.o)
                0x00081fcc                _impure_ptr
                0x00081fd0                _global_impure_ptr
 .sdata         0x00081fd4        0x8 c:/altera/13.0sp1/nios2eds/bin/gnu/h-i686-mingw32/bin/../lib/gcc/nios2-elf/4.1.2/../../../../nios2-elf/lib\libc.a(lib_a-mallocr.o)
                0x00081fd4                __malloc_trim_threshold
                0x00081fd8                __malloc_sbrk_base
 .sdata         0x00081fdc        0x8 c:/altera/13.0sp1/nios2eds/bin/gnu/h-i686-mingw32/bin/../lib/gcc/nios2-elf/4.1.2/../../../../nios2-elf/lib\libc.a(lib_a-locale.o)
                0x00081fdc                __mb_cur_max
 .sdata         0x00081fe4       0x14 BSP/\libhal_bsp.a(alt_dev.o)
                0x00081fe4                alt_fs_list
                0x00081fec                alt_dev_list
                0x00081ff4                alt_max_fd
 .sdata         0x00081ff8        0x4 BSP/\libhal_bsp.a(alt_errno.o)
                0x00081ff8                alt_errno
 .sdata         0x00081ffc        0x4 BSP/\libhal_bsp.a(alt_irq_vars.o)
                0x00081ffc                alt_priority_mask
 .sdata         0x00082000        0x4 BSP/\libhal_bsp.a(alt_sbrk.o)
 .sdata         0x00082004        0x8 BSP/\libhal_bsp.a(alt_tick.o)
                0x00082004                alt_alarm_list
 .sdata         0x0008200c        0x8 BSP/\libhal_bsp.a(altera_avalon_sgdma.o)
                0x0008200c                alt_sgdma_list
 *(.sdata2 .sdata2.* .gnu.linkonce.s2.*)
                0x00082014                . = ALIGN (0x4)
                0x00082014                _edata = ABSOLUTE (.)
                0x00082014                PROVIDE (edata, ABSOLUTE (.))
                0x00082014                PROVIDE (__ram_rwdata_end, ABSOLUTE (.))
                0x00082014                PROVIDE (__flash_rwdata_start, LOADADDR (.rwdata))

.bss            0x00083f3c    0x46990
                0x00083f3c                __bss_start = ABSOLUTE (.)
                0x00083f3c                PROVIDE (__sbss_start, ABSOLUTE (.))
                0x00083f3c                PROVIDE (___sbss_start, ABSOLUTE (.))
 *(.dynsbss)
 *(.sbss .sbss.* .gnu.linkonce.sb.*)
 .sbss          0x00083f3c        0x4 obj/default//C/Users/delgado4/Documents/GitHub/cube_solver/Final_Project/cube_solver.o
                0x00083f3c                imageCaptured
 .sbss          0x00083f40        0x4 c:/altera/13.0sp1/nios2eds/bin/gnu/h-i686-mingw32/bin/../lib/gcc/nios2-elf/4.1.2/../../../../nios2-elf/lib\libc.a(lib_a-int_errno.o)
                0x00083f40                errno
 .sbss          0x00083f44        0xc c:/altera/13.0sp1/nios2eds/bin/gnu/h-i686-mingw32/bin/../lib/gcc/nios2-elf/4.1.2/../../../../nios2-elf/lib\libc.a(lib_a-mallocr.o)
                0x00083f44                __malloc_top_pad
                0x00083f48                __malloc_max_sbrked_mem
                0x00083f4c                __malloc_max_total_mem
 .sbss          0x00083f50        0xc c:/altera/13.0sp1/nios2eds/bin/gnu/h-i686-mingw32/bin/../lib/gcc/nios2-elf/4.1.2/../../../../nios2-elf/lib\libc.a(lib_a-locale.o)
                0x00083f50                __nlocale_changed
                0x00083f54                __mlocale_changed
                0x00083f58                _PathLocale
 .sbss          0x00083f5c       0x10 BSP/\libhal_bsp.a(alt_gettod.o)
                0x00083f5c                alt_timezone
                0x00083f64                alt_resettime
 .sbss          0x00083f6c        0x4 BSP/\libhal_bsp.a(alt_irq_vars.o)
                0x00083f6c                alt_irq_active
 .sbss          0x00083f70        0xc BSP/\libhal_bsp.a(alt_main.o)
                0x00083f70                alt_argc
                0x00083f74                alt_argv
                0x00083f78                alt_envp
 .sbss          0x00083f7c        0x8 BSP/\libhal_bsp.a(alt_tick.o)
                0x00083f7c                _alt_tick_rate
                0x00083f80                _alt_nticks
 *(.sbss2 .sbss2.* .gnu.linkonce.sb2.*)
 *(.scommon)
                0x00083f84                PROVIDE (__sbss_end, ABSOLUTE (.))
                0x00083f84                PROVIDE (___sbss_end, ABSOLUTE (.))
 *(.dynbss)
 *(.bss .bss.* .gnu.linkonce.b.*)
 .bss           0x00083f84        0x0 BSP//obj/HAL/src/crt0.o
 .bss           0x00083f84        0x0 obj/default//C/Users/delgado4/Documents/GitHub/cube_solver/Final_Project/cube_solver.o
 .bss           0x00083f84        0x0 obj/default//C/Users/delgado4/Documents/GitHub/cube_solver/Final_Project/ee109-lib/camera.o
 .bss           0x00083f84        0x0 obj/default//C/Users/delgado4/Documents/GitHub/cube_solver/Final_Project/ee109-lib/char_lcd.o
 .bss           0x00083f84        0x0 obj/default//C/Users/delgado4/Documents/GitHub/cube_solver/Final_Project/ee109-lib/lcd.o
 .bss           0x00083f84        0x0 obj/default//C/Users/delgado4/Documents/GitHub/cube_solver/Final_Project/ee109-lib/pushbuttons.o
 .bss           0x00083f84        0x0 obj/default//C/Users/delgado4/Documents/GitHub/cube_solver/Final_Project/ee109-lib/vga.o
 .bss           0x00083f84        0x0 obj/default//C/Users/delgado4/Documents/GitHub/cube_solver/Final_Project/system_globals.o
 .bss           0x00083f84        0x0 obj/default//C/Users/delgado4/Documents/GitHub/cube_solver/Final_Project/test_image.o
 .bss           0x00083f84        0x0 c:/altera/13.0sp1/nios2eds/bin/gnu/h-i686-mingw32/bin/../lib/gcc/nios2-elf/4.1.2/../../../../nios2-elf/lib\libm.a(lib_a-w_sqrt.o)
 .bss           0x00083f84        0x0 c:/altera/13.0sp1/nios2eds/bin/gnu/h-i686-mingw32/bin/../lib/gcc/nios2-elf/4.1.2/../../../../nios2-elf/lib\libm.a(lib_a-e_sqrt.o)
 .bss           0x00083f84        0x0 c:/altera/13.0sp1/nios2eds/bin/gnu/h-i686-mingw32/bin/../lib/gcc/nios2-elf/4.1.2/../../../../nios2-elf/lib\libm.a(lib_a-s_isnand.o)
 .bss           0x00083f84        0x0 c:/altera/13.0sp1/nios2eds/bin/gnu/h-i686-mingw32/bin/../lib/gcc/nios2-elf/4.1.2/../../../../nios2-elf/lib\libm.a(lib_a-s_lib_ver.o)
 .bss           0x00083f84        0x0 c:/altera/13.0sp1/nios2eds/bin/gnu/h-i686-mingw32/bin/../lib/gcc/nios2-elf/4.1.2/../../../../nios2-elf/lib\libm.a(lib_a-s_matherr.o)
 .bss           0x00083f84        0x0 c:/altera/13.0sp1/nios2eds/bin/gnu/h-i686-mingw32/bin/../lib/gcc/nios2-elf/4.1.2\libgcc.a(_addsub_df.o)
 .bss           0x00083f84        0x0 c:/altera/13.0sp1/nios2eds/bin/gnu/h-i686-mingw32/bin/../lib/gcc/nios2-elf/4.1.2\libgcc.a(_mul_df.o)
 .bss           0x00083f84        0x0 c:/altera/13.0sp1/nios2eds/bin/gnu/h-i686-mingw32/bin/../lib/gcc/nios2-elf/4.1.2\libgcc.a(_div_df.o)
 .bss           0x00083f84        0x0 c:/altera/13.0sp1/nios2eds/bin/gnu/h-i686-mingw32/bin/../lib/gcc/nios2-elf/4.1.2\libgcc.a(_gt_df.o)
 .bss           0x00083f84        0x0 c:/altera/13.0sp1/nios2eds/bin/gnu/h-i686-mingw32/bin/../lib/gcc/nios2-elf/4.1.2\libgcc.a(_lt_df.o)
 .bss           0x00083f84        0x0 c:/altera/13.0sp1/nios2eds/bin/gnu/h-i686-mingw32/bin/../lib/gcc/nios2-elf/4.1.2\libgcc.a(_si_to_df.o)
 .bss           0x00083f84        0x0 c:/altera/13.0sp1/nios2eds/bin/gnu/h-i686-mingw32/bin/../lib/gcc/nios2-elf/4.1.2\libgcc.a(_df_to_si.o)
 .bss           0x00083f84        0x0 c:/altera/13.0sp1/nios2eds/bin/gnu/h-i686-mingw32/bin/../lib/gcc/nios2-elf/4.1.2\libgcc.a(_thenan_df.o)
 .bss           0x00083f84        0x0 c:/altera/13.0sp1/nios2eds/bin/gnu/h-i686-mingw32/bin/../lib/gcc/nios2-elf/4.1.2\libgcc.a(_muldi3.o)
 .bss           0x00083f84        0x0 c:/altera/13.0sp1/nios2eds/bin/gnu/h-i686-mingw32/bin/../lib/gcc/nios2-elf/4.1.2\libgcc.a(_clzsi2.o)
 .bss           0x00083f84        0x0 c:/altera/13.0sp1/nios2eds/bin/gnu/h-i686-mingw32/bin/../lib/gcc/nios2-elf/4.1.2\libgcc.a(_pack_df.o)
 .bss           0x00083f84        0x0 c:/altera/13.0sp1/nios2eds/bin/gnu/h-i686-mingw32/bin/../lib/gcc/nios2-elf/4.1.2\libgcc.a(_unpack_df.o)
 .bss           0x00083f84        0x0 c:/altera/13.0sp1/nios2eds/bin/gnu/h-i686-mingw32/bin/../lib/gcc/nios2-elf/4.1.2\libgcc.a(_fpcmp_parts_df.o)
 .bss           0x00083f84        0x0 c:/altera/13.0sp1/nios2eds/bin/gnu/h-i686-mingw32/bin/../lib/gcc/nios2-elf/4.1.2\libgcc.a(_clz.o)
 .bss           0x00083f84        0x0 c:/altera/13.0sp1/nios2eds/bin/gnu/h-i686-mingw32/bin/../lib/gcc/nios2-elf/4.1.2/../../../../nios2-elf/lib\libc.a(lib_a-difftime.o)
 .bss           0x00083f84        0x0 c:/altera/13.0sp1/nios2eds/bin/gnu/h-i686-mingw32/bin/../lib/gcc/nios2-elf/4.1.2/../../../../nios2-elf/lib\libc.a(lib_a-errno.o)
 .bss           0x00083f84        0x0 c:/altera/13.0sp1/nios2eds/bin/gnu/h-i686-mingw32/bin/../lib/gcc/nios2-elf/4.1.2/../../../../nios2-elf/lib\libc.a(lib_a-fclose.o)
 .bss           0x00083f84        0x0 c:/altera/13.0sp1/nios2eds/bin/gnu/h-i686-mingw32/bin/../lib/gcc/nios2-elf/4.1.2/../../../../nios2-elf/lib\libc.a(lib_a-fflush.o)
 .bss           0x00083f84        0x0 c:/altera/13.0sp1/nios2eds/bin/gnu/h-i686-mingw32/bin/../lib/gcc/nios2-elf/4.1.2/../../../../nios2-elf/lib\libc.a(lib_a-findfp.o)
 .bss           0x00083f84        0x0 c:/altera/13.0sp1/nios2eds/bin/gnu/h-i686-mingw32/bin/../lib/gcc/nios2-elf/4.1.2/../../../../nios2-elf/lib\libc.a(lib_a-fopen.o)
 .bss           0x00083f84        0x0 c:/altera/13.0sp1/nios2eds/bin/gnu/h-i686-mingw32/bin/../lib/gcc/nios2-elf/4.1.2/../../../../nios2-elf/lib\libc.a(lib_a-fprintf.o)
 .bss           0x00083f84        0x0 c:/altera/13.0sp1/nios2eds/bin/gnu/h-i686-mingw32/bin/../lib/gcc/nios2-elf/4.1.2/../../../../nios2-elf/lib\libc.a(lib_a-fputc.o)
 .bss           0x00083f84        0x0 c:/altera/13.0sp1/nios2eds/bin/gnu/h-i686-mingw32/bin/../lib/gcc/nios2-elf/4.1.2/../../../../nios2-elf/lib\libc.a(lib_a-freer.o)
 .bss           0x00083f84        0x0 c:/altera/13.0sp1/nios2eds/bin/gnu/h-i686-mingw32/bin/../lib/gcc/nios2-elf/4.1.2/../../../../nios2-elf/lib\libc.a(lib_a-fseek.o)
 .bss           0x00083f84        0x0 c:/altera/13.0sp1/nios2eds/bin/gnu/h-i686-mingw32/bin/../lib/gcc/nios2-elf/4.1.2/../../../../nios2-elf/lib\libc.a(lib_a-fstatr.o)
 .bss           0x00083f84        0x0 c:/altera/13.0sp1/nios2eds/bin/gnu/h-i686-mingw32/bin/../lib/gcc/nios2-elf/4.1.2/../../../../nios2-elf/lib\libc.a(lib_a-fwalk.o)
 .bss           0x00083f84        0x0 c:/altera/13.0sp1/nios2eds/bin/gnu/h-i686-mingw32/bin/../lib/gcc/nios2-elf/4.1.2/../../../../nios2-elf/lib\libc.a(lib_a-fwrite.o)
 .bss           0x00083f84        0x0 c:/altera/13.0sp1/nios2eds/bin/gnu/h-i686-mingw32/bin/../lib/gcc/nios2-elf/4.1.2/../../../../nios2-elf/lib\libc.a(lib_a-impure.o)
 .bss           0x00083f84        0x0 c:/altera/13.0sp1/nios2eds/bin/gnu/h-i686-mingw32/bin/../lib/gcc/nios2-elf/4.1.2/../../../../nios2-elf/lib\libc.a(lib_a-int_errno.o)
 .bss           0x00083f84        0x0 c:/altera/13.0sp1/nios2eds/bin/gnu/h-i686-mingw32/bin/../lib/gcc/nios2-elf/4.1.2/../../../../nios2-elf/lib\libc.a(lib_a-makebuf.o)
 .bss           0x00083f84       0x28 c:/altera/13.0sp1/nios2eds/bin/gnu/h-i686-mingw32/bin/../lib/gcc/nios2-elf/4.1.2/../../../../nios2-elf/lib\libc.a(lib_a-mallocr.o)
                0x00083f84                __malloc_current_mallinfo
 .bss           0x00083fac        0x0 c:/altera/13.0sp1/nios2eds/bin/gnu/h-i686-mingw32/bin/../lib/gcc/nios2-elf/4.1.2/../../../../nios2-elf/lib\libc.a(lib_a-memcpy.o)
 .bss           0x00083fac        0x0 c:/altera/13.0sp1/nios2eds/bin/gnu/h-i686-mingw32/bin/../lib/gcc/nios2-elf/4.1.2/../../../../nios2-elf/lib\libc.a(lib_a-memset.o)
 .bss           0x00083fac        0x0 c:/altera/13.0sp1/nios2eds/bin/gnu/h-i686-mingw32/bin/../lib/gcc/nios2-elf/4.1.2/../../../../nios2-elf/lib\libc.a(lib_a-openr.o)
 .bss           0x00083fac        0x0 c:/altera/13.0sp1/nios2eds/bin/gnu/h-i686-mingw32/bin/../lib/gcc/nios2-elf/4.1.2/../../../../nios2-elf/lib\libc.a(lib_a-printf.o)
 .bss           0x00083fac        0x0 c:/altera/13.0sp1/nios2eds/bin/gnu/h-i686-mingw32/bin/../lib/gcc/nios2-elf/4.1.2/../../../../nios2-elf/lib\libc.a(lib_a-putc.o)
 .bss           0x00083fac        0x0 c:/altera/13.0sp1/nios2eds/bin/gnu/h-i686-mingw32/bin/../lib/gcc/nios2-elf/4.1.2/../../../../nios2-elf/lib\libc.a(lib_a-putchar.o)
 .bss           0x00083fac        0x0 c:/altera/13.0sp1/nios2eds/bin/gnu/h-i686-mingw32/bin/../lib/gcc/nios2-elf/4.1.2/../../../../nios2-elf/lib\libc.a(lib_a-puts.o)
 .bss           0x00083fac        0x0 c:/altera/13.0sp1/nios2eds/bin/gnu/h-i686-mingw32/bin/../lib/gcc/nios2-elf/4.1.2/../../../../nios2-elf/lib\libc.a(lib_a-refill.o)
 .bss           0x00083fac        0x0 c:/altera/13.0sp1/nios2eds/bin/gnu/h-i686-mingw32/bin/../lib/gcc/nios2-elf/4.1.2/../../../../nios2-elf/lib\libc.a(lib_a-sbrkr.o)
 .bss           0x00083fac        0x0 c:/altera/13.0sp1/nios2eds/bin/gnu/h-i686-mingw32/bin/../lib/gcc/nios2-elf/4.1.2/../../../../nios2-elf/lib\libc.a(lib_a-stdio.o)
 .bss           0x00083fac        0x0 c:/altera/13.0sp1/nios2eds/bin/gnu/h-i686-mingw32/bin/../lib/gcc/nios2-elf/4.1.2/../../../../nios2-elf/lib\libc.a(lib_a-strlen.o)
 .bss           0x00083fac        0x0 c:/altera/13.0sp1/nios2eds/bin/gnu/h-i686-mingw32/bin/../lib/gcc/nios2-elf/4.1.2/../../../../nios2-elf/lib\libc.a(lib_a-time.o)
 .bss           0x00083fac        0x0 c:/altera/13.0sp1/nios2eds/bin/gnu/h-i686-mingw32/bin/../lib/gcc/nios2-elf/4.1.2/../../../../nios2-elf/lib\libc.a(lib_a-vfprintf.o)
 .bss           0x00083fac        0x0 c:/altera/13.0sp1/nios2eds/bin/gnu/h-i686-mingw32/bin/../lib/gcc/nios2-elf/4.1.2/../../../../nios2-elf/lib\libc.a(lib_a-wbuf.o)
 .bss           0x00083fac        0x0 c:/altera/13.0sp1/nios2eds/bin/gnu/h-i686-mingw32/bin/../lib/gcc/nios2-elf/4.1.2/../../../../nios2-elf/lib\libc.a(lib_a-writer.o)
 .bss           0x00083fac        0x0 c:/altera/13.0sp1/nios2eds/bin/gnu/h-i686-mingw32/bin/../lib/gcc/nios2-elf/4.1.2/../../../../nios2-elf/lib\libc.a(lib_a-wsetup.o)
 .bss           0x00083fac        0x0 c:/altera/13.0sp1/nios2eds/bin/gnu/h-i686-mingw32/bin/../lib/gcc/nios2-elf/4.1.2/../../../../nios2-elf/lib\libc.a(lib_a-closer.o)
 .bss           0x00083fac        0x0 c:/altera/13.0sp1/nios2eds/bin/gnu/h-i686-mingw32/bin/../lib/gcc/nios2-elf/4.1.2/../../../../nios2-elf/lib\libc.a(lib_a-dtoa.o)
 .bss           0x00083fac        0x0 c:/altera/13.0sp1/nios2eds/bin/gnu/h-i686-mingw32/bin/../lib/gcc/nios2-elf/4.1.2/../../../../nios2-elf/lib\libc.a(lib_a-flags.o)
 .bss           0x00083fac        0x0 c:/altera/13.0sp1/nios2eds/bin/gnu/h-i686-mingw32/bin/../lib/gcc/nios2-elf/4.1.2/../../../../nios2-elf/lib\libc.a(lib_a-fvwrite.o)
 .bss           0x00083fac        0x0 c:/altera/13.0sp1/nios2eds/bin/gnu/h-i686-mingw32/bin/../lib/gcc/nios2-elf/4.1.2/../../../../nios2-elf/lib\libc.a(lib_a-gettimeofdayr.o)
 .bss           0x00083fac        0x0 c:/altera/13.0sp1/nios2eds/bin/gnu/h-i686-mingw32/bin/../lib/gcc/nios2-elf/4.1.2/../../../../nios2-elf/lib\libc.a(lib_a-isattyr.o)
 .bss           0x00083fac        0x0 c:/altera/13.0sp1/nios2eds/bin/gnu/h-i686-mingw32/bin/../lib/gcc/nios2-elf/4.1.2/../../../../nios2-elf/lib\libc.a(lib_a-locale.o)
 .bss           0x00083fac        0x0 c:/altera/13.0sp1/nios2eds/bin/gnu/h-i686-mingw32/bin/../lib/gcc/nios2-elf/4.1.2/../../../../nios2-elf/lib\libc.a(lib_a-lseekr.o)
 .bss           0x00083fac        0x0 c:/altera/13.0sp1/nios2eds/bin/gnu/h-i686-mingw32/bin/../lib/gcc/nios2-elf/4.1.2/../../../../nios2-elf/lib\libc.a(lib_a-memchr.o)
 .bss           0x00083fac        0x0 c:/altera/13.0sp1/nios2eds/bin/gnu/h-i686-mingw32/bin/../lib/gcc/nios2-elf/4.1.2/../../../../nios2-elf/lib\libc.a(lib_a-memmove.o)
 .bss           0x00083fac        0x0 c:/altera/13.0sp1/nios2eds/bin/gnu/h-i686-mingw32/bin/../lib/gcc/nios2-elf/4.1.2/../../../../nios2-elf/lib\libc.a(lib_a-mprec.o)
 .bss           0x00083fac        0x0 c:/altera/13.0sp1/nios2eds/bin/gnu/h-i686-mingw32/bin/../lib/gcc/nios2-elf/4.1.2/../../../../nios2-elf/lib\libc.a(lib_a-readr.o)
 .bss           0x00083fac        0x0 c:/altera/13.0sp1/nios2eds/bin/gnu/h-i686-mingw32/bin/../lib/gcc/nios2-elf/4.1.2/../../../../nios2-elf/lib\libc.a(lib_a-reallocr.o)
 .bss           0x00083fac        0x0 c:/altera/13.0sp1/nios2eds/bin/gnu/h-i686-mingw32/bin/../lib/gcc/nios2-elf/4.1.2/../../../../nios2-elf/lib\libc.a(lib_a-s_isinfd.o)
 .bss           0x00083fac        0x0 c:/altera/13.0sp1/nios2eds/bin/gnu/h-i686-mingw32/bin/../lib/gcc/nios2-elf/4.1.2/../../../../nios2-elf/lib\libc.a(lib_a-strcmp.o)
 .bss           0x00083fac        0x0 c:/altera/13.0sp1/nios2eds/bin/gnu/h-i686-mingw32/bin/../lib/gcc/nios2-elf/4.1.2/../../../../nios2-elf/lib\libc.a(lib_a-callocr.o)
 .bss           0x00083fac        0x0 c:/altera/13.0sp1/nios2eds/bin/gnu/h-i686-mingw32/bin/../lib/gcc/nios2-elf/4.1.2\libgcc.a(_udivdi3.o)
 .bss           0x00083fac        0x0 c:/altera/13.0sp1/nios2eds/bin/gnu/h-i686-mingw32/bin/../lib/gcc/nios2-elf/4.1.2\libgcc.a(_umoddi3.o)
 .bss           0x00083fac        0x0 c:/altera/13.0sp1/nios2eds/bin/gnu/h-i686-mingw32/bin/../lib/gcc/nios2-elf/4.1.2\libgcc.a(_eq_df.o)
 .bss           0x00083fac        0x0 c:/altera/13.0sp1/nios2eds/bin/gnu/h-i686-mingw32/bin/../lib/gcc/nios2-elf/4.1.2\libgcc.a(_ne_df.o)
 .bss           0x00083fac        0x0 c:/altera/13.0sp1/nios2eds/bin/gnu/h-i686-mingw32/bin/../lib/gcc/nios2-elf/4.1.2\libgcc.a(_ge_df.o)
 .bss           0x00083fac        0x0 c:/altera/13.0sp1/nios2eds/bin/gnu/h-i686-mingw32/bin/../lib/gcc/nios2-elf/4.1.2\libgcc.a(_usi_to_df.o)
 .bss           0x00083fac        0x0 c:/altera/13.0sp1/nios2eds/bin/gnu/h-i686-mingw32/bin/../lib/gcc/nios2-elf/4.1.2\libgcc.a(lib2-divmod.o)
 .bss           0x00083fac        0x0 BSP/\libhal_bsp.a(alt_close.o)
 .bss           0x00083fac        0x0 BSP/\libhal_bsp.a(alt_dev.o)
 .bss           0x00083fac        0x0 BSP/\libhal_bsp.a(alt_errno.o)
 .bss           0x00083fac        0x0 BSP/\libhal_bsp.a(alt_fstat.o)
 .bss           0x00083fac        0x0 BSP/\libhal_bsp.a(alt_gettod.o)
 .bss           0x00083fac        0x0 BSP/\libhal_bsp.a(alt_irq_register.o)
 .bss           0x00083fac        0x0 BSP/\libhal_bsp.a(alt_irq_vars.o)
 .bss           0x00083fac        0x0 BSP/\libhal_bsp.a(alt_isatty.o)
 .bss           0x00083fac        0x0 BSP/\libhal_bsp.a(alt_load.o)
 .bss           0x00083fac        0x0 BSP/\libhal_bsp.a(alt_lseek.o)
 .bss           0x00083fac        0x0 BSP/\libhal_bsp.a(alt_main.o)
 .bss           0x00083fac        0x0 BSP/\libhal_bsp.a(alt_malloc_lock.o)
 .bss           0x00083fac        0x0 BSP/\libhal_bsp.a(alt_open.o)
 .bss           0x00083fac        0x0 BSP/\libhal_bsp.a(alt_read.o)
 .bss           0x00083fac        0x0 BSP/\libhal_bsp.a(alt_release_fd.o)
 .bss           0x00083fac        0x0 BSP/\libhal_bsp.a(alt_sbrk.o)
 .bss           0x00083fac        0x0 BSP/\libhal_bsp.a(alt_tick.o)
 .bss           0x00083fac        0x0 BSP/\libhal_bsp.a(alt_write.o)
 .bss           0x00083fac        0x0 BSP/\libhal_bsp.a(alt_sys_init.o)
 .bss           0x00083fac        0x0 BSP/\libhal_bsp.a(altera_avalon_jtag_uart_fd.o)
 .bss           0x00083fac        0x0 BSP/\libhal_bsp.a(altera_avalon_jtag_uart_init.o)
 .bss           0x00083fac        0x0 BSP/\libhal_bsp.a(altera_avalon_jtag_uart_ioctl.o)
 .bss           0x00083fac        0x0 BSP/\libhal_bsp.a(altera_avalon_jtag_uart_read.o)
 .bss           0x00083fac        0x0 BSP/\libhal_bsp.a(altera_avalon_jtag_uart_write.o)
 .bss           0x00083fac        0x0 BSP/\libhal_bsp.a(altera_avalon_sgdma.o)
 .bss           0x00083fac        0x0 BSP/\libhal_bsp.a(altera_avalon_timer_sc.o)
 .bss           0x00083fac        0x0 BSP/\libhal_bsp.a(altera_up_avalon_character_lcd.o)
 .bss           0x00083fac        0x0 BSP/\libhal_bsp.a(altera_up_avalon_irda.o)
 .bss           0x00083fac        0x0 BSP/\libhal_bsp.a(altera_up_avalon_ps2.o)
 .bss           0x00083fac        0x0 BSP/\libhal_bsp.a(altera_up_avalon_rs232.o)
 .bss           0x00083fac        0x0 BSP/\libhal_bsp.a(altera_up_avalon_video_character_buffer_with_dma.o)
 .bss           0x00083fac        0x0 BSP/\libhal_bsp.a(alt_alarm_start.o)
 .bss           0x00083fac        0x0 BSP/\libhal_bsp.a(alt_dcache_flush_all.o)
 .bss           0x00083fac        0x0 BSP/\libhal_bsp.a(alt_dev_llist_insert.o)
 .bss           0x00083fac        0x0 BSP/\libhal_bsp.a(alt_find_dev.o)
 .bss           0x00083fac        0x0 BSP/\libhal_bsp.a(alt_find_file.o)
 .bss           0x00083fac        0x0 BSP/\libhal_bsp.a(alt_get_fd.o)
 .bss           0x00083fac        0x0 BSP/\libhal_bsp.a(alt_icache_flush_all.o)
 .bss           0x00083fac        0x0 BSP/\libhal_bsp.a(alt_io_redirect.o)
 .bss           0x00083fac        0x0 BSP/\libhal_bsp.a(alt_irq_entry.o)
 .bss           0x00083fac        0x0 BSP/\libhal_bsp.a(alt_irq_handler.o)
 .bss           0x00083fac        0x0 BSP/\libhal_bsp.a(alt_remap_uncached.o)
 .bss           0x00083fac        0x0 BSP/\libhal_bsp.a(altera_nios2_qsys_irq.o)
 .bss           0x00083fac        0x0 BSP/\libhal_bsp.a(alt_dcache_flush.o)
 .bss           0x00083fac        0x0 BSP/\libhal_bsp.a(alt_exception_entry.o)
 .bss           0x00083fac        0x0 BSP/\libhal_bsp.a(alt_icache_flush.o)
 .bss           0x00083fac        0x0 c:/altera/13.0sp1/nios2eds/bin/gnu/h-i686-mingw32/bin/../lib/gcc/nios2-elf/4.1.2/../../../../nios2-elf/lib\libc.a(lib_a-exit.o)
 .bss           0x00083fac        0x0 c:/altera/13.0sp1/nios2eds/bin/gnu/h-i686-mingw32/bin/../lib/gcc/nios2-elf/4.1.2/../../../../nios2-elf/lib\libc.a(lib_a-memcmp.o)
 .bss           0x00083fac        0x0 c:/altera/13.0sp1/nios2eds/bin/gnu/h-i686-mingw32/bin/../lib/gcc/nios2-elf/4.1.2/../../../../nios2-elf/lib\libc.a(lib_a-__call_atexit.o)
 .bss           0x00083fac        0x0 BSP/\libhal_bsp.a(alt_exit.o)
 *(COMMON)
 COMMON         0x00083fac    0x46820 obj/default//C/Users/delgado4/Documents/GitHub/cube_solver/Final_Project/cube_solver.o
                0x00083fac                capturedImage
                0x000ca4ac                pixelData
 COMMON         0x000ca7cc      0x100 BSP/\libhal_bsp.a(alt_irq_handler.o)
                0x000ca7cc                alt_irq
                0x000ca8cc                . = ALIGN (0x4)
                0x000ca8cc                __bss_end = ABSOLUTE (.)

.SDRAM          0x000ca8cc        0x0
                0x000ca8cc                PROVIDE (_alt_partition_SDRAM_start, ABSOLUTE (.))
 *(.SDRAM. SDRAM.*)
                0x000ca8cc                . = ALIGN (0x4)
                0x000ca8cc                PROVIDE (_alt_partition_SDRAM_end, ABSOLUTE (.))
                0x000ca8cc                _end = ABSOLUTE (.)
                0x000ca8cc                end = ABSOLUTE (.)
                0x000ca8cc                __alt_stack_base = ABSOLUTE (.)
                0x000ca8cc                PROVIDE (_alt_partition_SDRAM_load_addr, LOADADDR (.SDRAM))

.descriptor_memory
                0x08200000        0x0 load address 0x000ca8cc
                0x08200000                PROVIDE (_alt_partition_descriptor_memory_start, ABSOLUTE (.))
 *(.descriptor_memory. descriptor_memory.*)
                0x08200000                . = ALIGN (0x4)
                0x08200000                PROVIDE (_alt_partition_descriptor_memory_end, ABSOLUTE (.))
                0x000ca8cc                PROVIDE (_alt_partition_descriptor_memory_load_addr, LOADADDR (.descriptor_memory))

.packet_memory  0x08201000        0x0 load address 0x000ca8cc
                0x08201000                PROVIDE (_alt_partition_packet_memory_start, ABSOLUTE (.))
 *(.packet_memory. packet_memory.*)
                0x08201000                . = ALIGN (0x4)
                0x08201000                PROVIDE (_alt_partition_packet_memory_end, ABSOLUTE (.))
                0x000ca8cc                PROVIDE (_alt_partition_packet_memory_load_addr, LOADADDR (.packet_memory))

.Flash_flash_data
                0x0c000000        0x0 load address 0x000ca8cc
                0x0c000000                PROVIDE (_alt_partition_Flash_flash_data_start, ABSOLUTE (.))
 *(.Flash_flash_data. Flash_flash_data.*)
                0x0c000000                . = ALIGN (0x4)
                0x0c000000                PROVIDE (_alt_partition_Flash_flash_data_end, ABSOLUTE (.))
                0x000ca8cc                PROVIDE (_alt_partition_Flash_flash_data_load_addr, LOADADDR (.Flash_flash_data))

.stab
 *(.stab)

.stabstr
 *(.stabstr)

.stab.excl
 *(.stab.excl)

.stab.exclstr
 *(.stab.exclstr)

.stab.index
 *(.stab.index)

.stab.indexstr
 *(.stab.indexstr)

.comment        0x00000000       0x26
 *(.comment)
 .comment       0x00000000       0x26 obj/default//C/Users/delgado4/Documents/GitHub/cube_solver/Final_Project/cube_solver.o
                                 0x27 (size before relaxing)
 .comment       0x00000000       0x27 obj/default//C/Users/delgado4/Documents/GitHub/cube_solver/Final_Project/ee109-lib/camera.o
 .comment       0x00000000       0x27 obj/default//C/Users/delgado4/Documents/GitHub/cube_solver/Final_Project/ee109-lib/char_lcd.o
 .comment       0x00000000       0x27 obj/default//C/Users/delgado4/Documents/GitHub/cube_solver/Final_Project/ee109-lib/lcd.o
 .comment       0x00000000       0x27 obj/default//C/Users/delgado4/Documents/GitHub/cube_solver/Final_Project/ee109-lib/pushbuttons.o
 .comment       0x00000000       0x27 obj/default//C/Users/delgado4/Documents/GitHub/cube_solver/Final_Project/ee109-lib/vga.o
 .comment       0x00000000       0x27 obj/default//C/Users/delgado4/Documents/GitHub/cube_solver/Final_Project/system_globals.o
 .comment       0x00000000       0x27 obj/default//C/Users/delgado4/Documents/GitHub/cube_solver/Final_Project/test_image.o
 .comment       0x00000000       0x27 c:/altera/13.0sp1/nios2eds/bin/gnu/h-i686-mingw32/bin/../lib/gcc/nios2-elf/4.1.2/../../../../nios2-elf/lib\libm.a(lib_a-w_sqrt.o)
 .comment       0x00000000       0x27 c:/altera/13.0sp1/nios2eds/bin/gnu/h-i686-mingw32/bin/../lib/gcc/nios2-elf/4.1.2/../../../../nios2-elf/lib\libm.a(lib_a-e_sqrt.o)
 .comment       0x00000000       0x27 c:/altera/13.0sp1/nios2eds/bin/gnu/h-i686-mingw32/bin/../lib/gcc/nios2-elf/4.1.2/../../../../nios2-elf/lib\libm.a(lib_a-s_isnand.o)
 .comment       0x00000000       0x27 c:/altera/13.0sp1/nios2eds/bin/gnu/h-i686-mingw32/bin/../lib/gcc/nios2-elf/4.1.2/../../../../nios2-elf/lib\libm.a(lib_a-s_lib_ver.o)
 .comment       0x00000000       0x27 c:/altera/13.0sp1/nios2eds/bin/gnu/h-i686-mingw32/bin/../lib/gcc/nios2-elf/4.1.2/../../../../nios2-elf/lib\libm.a(lib_a-s_matherr.o)
 .comment       0x00000000       0x27 c:/altera/13.0sp1/nios2eds/bin/gnu/h-i686-mingw32/bin/../lib/gcc/nios2-elf/4.1.2\libgcc.a(_addsub_df.o)
 .comment       0x00000000       0x27 c:/altera/13.0sp1/nios2eds/bin/gnu/h-i686-mingw32/bin/../lib/gcc/nios2-elf/4.1.2\libgcc.a(_mul_df.o)
 .comment       0x00000000       0x27 c:/altera/13.0sp1/nios2eds/bin/gnu/h-i686-mingw32/bin/../lib/gcc/nios2-elf/4.1.2\libgcc.a(_div_df.o)
 .comment       0x00000000       0x27 c:/altera/13.0sp1/nios2eds/bin/gnu/h-i686-mingw32/bin/../lib/gcc/nios2-elf/4.1.2\libgcc.a(_gt_df.o)
 .comment       0x00000000       0x27 c:/altera/13.0sp1/nios2eds/bin/gnu/h-i686-mingw32/bin/../lib/gcc/nios2-elf/4.1.2\libgcc.a(_lt_df.o)
 .comment       0x00000000       0x27 c:/altera/13.0sp1/nios2eds/bin/gnu/h-i686-mingw32/bin/../lib/gcc/nios2-elf/4.1.2\libgcc.a(_si_to_df.o)
 .comment       0x00000000       0x27 c:/altera/13.0sp1/nios2eds/bin/gnu/h-i686-mingw32/bin/../lib/gcc/nios2-elf/4.1.2\libgcc.a(_df_to_si.o)
 .comment       0x00000000       0x27 c:/altera/13.0sp1/nios2eds/bin/gnu/h-i686-mingw32/bin/../lib/gcc/nios2-elf/4.1.2\libgcc.a(_thenan_df.o)
 .comment       0x00000000       0x27 c:/altera/13.0sp1/nios2eds/bin/gnu/h-i686-mingw32/bin/../lib/gcc/nios2-elf/4.1.2\libgcc.a(_muldi3.o)
 .comment       0x00000000       0x27 c:/altera/13.0sp1/nios2eds/bin/gnu/h-i686-mingw32/bin/../lib/gcc/nios2-elf/4.1.2\libgcc.a(_clzsi2.o)
 .comment       0x00000000       0x27 c:/altera/13.0sp1/nios2eds/bin/gnu/h-i686-mingw32/bin/../lib/gcc/nios2-elf/4.1.2\libgcc.a(_pack_df.o)
 .comment       0x00000000       0x27 c:/altera/13.0sp1/nios2eds/bin/gnu/h-i686-mingw32/bin/../lib/gcc/nios2-elf/4.1.2\libgcc.a(_unpack_df.o)
 .comment       0x00000000       0x27 c:/altera/13.0sp1/nios2eds/bin/gnu/h-i686-mingw32/bin/../lib/gcc/nios2-elf/4.1.2\libgcc.a(_fpcmp_parts_df.o)
 .comment       0x00000000       0x27 c:/altera/13.0sp1/nios2eds/bin/gnu/h-i686-mingw32/bin/../lib/gcc/nios2-elf/4.1.2\libgcc.a(_clz.o)
 .comment       0x00000000       0x27 c:/altera/13.0sp1/nios2eds/bin/gnu/h-i686-mingw32/bin/../lib/gcc/nios2-elf/4.1.2/../../../../nios2-elf/lib\libc.a(lib_a-difftime.o)
 .comment       0x00000000       0x27 c:/altera/13.0sp1/nios2eds/bin/gnu/h-i686-mingw32/bin/../lib/gcc/nios2-elf/4.1.2/../../../../nios2-elf/lib\libc.a(lib_a-errno.o)
 .comment       0x00000000       0x27 c:/altera/13.0sp1/nios2eds/bin/gnu/h-i686-mingw32/bin/../lib/gcc/nios2-elf/4.1.2/../../../../nios2-elf/lib\libc.a(lib_a-fclose.o)
 .comment       0x00000000       0x27 c:/altera/13.0sp1/nios2eds/bin/gnu/h-i686-mingw32/bin/../lib/gcc/nios2-elf/4.1.2/../../../../nios2-elf/lib\libc.a(lib_a-fflush.o)
 .comment       0x00000000       0x27 c:/altera/13.0sp1/nios2eds/bin/gnu/h-i686-mingw32/bin/../lib/gcc/nios2-elf/4.1.2/../../../../nios2-elf/lib\libc.a(lib_a-findfp.o)
 .comment       0x00000000       0x27 c:/altera/13.0sp1/nios2eds/bin/gnu/h-i686-mingw32/bin/../lib/gcc/nios2-elf/4.1.2/../../../../nios2-elf/lib\libc.a(lib_a-fopen.o)